2026-04-17 15:30:57,578 [Simulator] INFO: 鎴愬姛鍔犺浇閰嶇疆鏂囦欢: config/network_topology.json
2026-04-17 15:30:57,981 [Simulator] INFO: 鍒涘缓璺敱鍣? Router1 (ID=1)
2026-04-17 15:30:57,982 [Simulator] INFO: 鍒涘缓璺敱鍣? Router2 (ID=2)
2026-04-17 15:30:57,982 [Simulator] INFO: 鍒涘缓璺敱鍣? Router3 (ID=3)
2026-04-17 15:30:57,982 [Simulator] INFO: 鍒涘缓璺敱鍣? Router4 (ID=4)
2026-04-17 15:30:57,982 [Simulator] INFO: 鍒涘缓璺敱鍣? Router5 (ID=5)
2026-04-17 15:30:57,982 [Simulator] INFO: 鍒涘缓璺敱鍣? Router6 (ID=6)
2026-04-17 15:30:57,982 [Simulator] INFO: 鍒涘缓璺敱鍣? Router7 (ID=7)
2026-04-17 15:30:57,982 [Simulator] INFO: 鍒涘缓璺敱鍣? Router8 (ID=8)
2026-04-17 15:30:57,982 [Simulator] INFO: 鍒涘缓璺敱鍣? Router9 (ID=9)
2026-04-17 15:30:57,982 [Simulator] INFO: 鍒涘缓璺敱鍣? Router10 (ID=10)
2026-04-17 15:30:57,983 [Simulator] INFO: 鍒涘缓璺敱鍣? Router11 (ID=11)
2026-04-17 15:30:57,983 [Simulator] INFO: 鍒涘缓璺敱鍣? Router12 (ID=12)
2026-04-17 15:30:57,983 [Router1] INFO: 娣诲姞閭绘帴璺敱鍣?2 (127.0.0.1:21002), 閾捐矾寮€閿€=4
2026-04-17 15:30:57,983 [Router2] INFO: 娣诲姞閭绘帴璺敱鍣?1 (127.0.0.1:21001), 閾捐矾寮€閿€=4
2026-04-17 15:30:57,983 [Simulator] INFO: 閰嶇疆閾捐矾: 1 <-> 2, 鎴愭湰=4
2026-04-17 15:30:57,983 [Router1] INFO: 娣诲姞閭绘帴璺敱鍣?3 (127.0.0.1:21003), 閾捐矾寮€閿€=8
2026-04-17 15:30:57,983 [Router3] INFO: 娣诲姞閭绘帴璺敱鍣?1 (127.0.0.1:21001), 閾捐矾寮€閿€=8
2026-04-17 15:30:57,983 [Simulator] INFO: 閰嶇疆閾捐矾: 1 <-> 3, 鎴愭湰=8
2026-04-17 15:30:57,983 [Router2] INFO: 娣诲姞閭绘帴璺敱鍣?3 (127.0.0.1:21003), 閾捐矾寮€閿€=2
2026-04-17 15:30:57,983 [Router3] INFO: 娣诲姞閭绘帴璺敱鍣?2 (127.0.0.1:21002), 閾捐矾寮€閿€=2
2026-04-17 15:30:57,983 [Simulator] INFO: 閰嶇疆閾捐矾: 2 <-> 3, 鎴愭湰=2
2026-04-17 15:30:57,983 [Router2] INFO: 娣诲姞閭绘帴璺敱鍣?4 (127.0.0.1:21004), 閾捐矾寮€閿€=5
2026-04-17 15:30:57,983 [Router4] INFO: 娣诲姞閭绘帴璺敱鍣?2 (127.0.0.1:21002), 閾捐矾寮€閿€=5
2026-04-17 15:30:57,983 [Simulator] INFO: 閰嶇疆閾捐矾: 2 <-> 4, 鎴愭湰=5
2026-04-17 15:30:57,983 [Router3] INFO: 娣诲姞閭绘帴璺敱鍣?5 (127.0.0.1:21005), 閾捐矾寮€閿€=3
2026-04-17 15:30:57,983 [Router5] INFO: 娣诲姞閭绘帴璺敱鍣?3 (127.0.0.1:21003), 閾捐矾寮€閿€=3
2026-04-17 15:30:57,983 [Simulator] INFO: 閰嶇疆閾捐矾: 3 <-> 5, 鎴愭湰=3
2026-04-17 15:30:57,983 [Router4] INFO: 娣诲姞閭绘帴璺敱鍣?5 (127.0.0.1:21005), 閾捐矾寮€閿€=1
2026-04-17 15:30:57,983 [Router5] INFO: 娣诲姞閭绘帴璺敱鍣?4 (127.0.0.1:21004), 閾捐矾寮€閿€=1
2026-04-17 15:30:57,983 [Simulator] INFO: 閰嶇疆閾捐矾: 4 <-> 5, 鎴愭湰=1
2026-04-17 15:30:57,984 [Router4] INFO: 娣诲姞閭绘帴璺敱鍣?6 (127.0.0.1:21006), 閾捐矾寮€閿€=7
2026-04-17 15:30:57,984 [Router6] INFO: 娣诲姞閭绘帴璺敱鍣?4 (127.0.0.1:21004), 閾捐矾寮€閿€=7
2026-04-17 15:30:57,984 [Simulator] INFO: 閰嶇疆閾捐矾: 4 <-> 6, 鎴愭湰=7
2026-04-17 15:30:57,984 [Router5] INFO: 娣诲姞閭绘帴璺敱鍣?7 (127.0.0.1:21007), 閾捐矾寮€閿€=4
2026-04-17 15:30:57,984 [Router7] INFO: 娣诲姞閭绘帴璺敱鍣?5 (127.0.0.1:21005), 閾捐矾寮€閿€=4
2026-04-17 15:30:57,984 [Simulator] INFO: 閰嶇疆閾捐矾: 5 <-> 7, 鎴愭湰=4
2026-04-17 15:30:57,984 [Router6] INFO: 娣诲姞閭绘帴璺敱鍣?7 (127.0.0.1:21007), 閾捐矾寮€閿€=2
2026-04-17 15:30:57,984 [Router7] INFO: 娣诲姞閭绘帴璺敱鍣?6 (127.0.0.1:21006), 閾捐矾寮€閿€=2
2026-04-17 15:30:57,984 [Simulator] INFO: 閰嶇疆閾捐矾: 6 <-> 7, 鎴愭湰=2
2026-04-17 15:30:57,984 [Router6] INFO: 娣诲姞閭绘帴璺敱鍣?8 (127.0.0.1:21008), 閾捐矾寮€閿€=6
2026-04-17 15:30:57,984 [Router8] INFO: 娣诲姞閭绘帴璺敱鍣?6 (127.0.0.1:21006), 閾捐矾寮€閿€=6
2026-04-17 15:30:57,984 [Simulator] INFO: 閰嶇疆閾捐矾: 6 <-> 8, 鎴愭湰=6
2026-04-17 15:30:57,984 [Router7] INFO: 娣诲姞閭绘帴璺敱鍣?9 (127.0.0.1:21009), 閾捐矾寮€閿€=5
2026-04-17 15:30:57,984 [Router9] INFO: 娣诲姞閭绘帴璺敱鍣?7 (127.0.0.1:21007), 閾捐矾寮€閿€=5
2026-04-17 15:30:57,984 [Simulator] INFO: 閰嶇疆閾捐矾: 7 <-> 9, 鎴愭湰=5
2026-04-17 15:30:57,984 [Router8] INFO: 娣诲姞閭绘帴璺敱鍣?9 (127.0.0.1:21009), 閾捐矾寮€閿€=1
2026-04-17 15:30:57,984 [Router9] INFO: 娣诲姞閭绘帴璺敱鍣?8 (127.0.0.1:21008), 閾捐矾寮€閿€=1
2026-04-17 15:30:57,984 [Simulator] INFO: 閰嶇疆閾捐矾: 8 <-> 9, 鎴愭湰=1
2026-04-17 15:30:57,984 [Router8] INFO: 娣诲姞閭绘帴璺敱鍣?10 (127.0.0.1:21010), 閾捐矾寮€閿€=3
2026-04-17 15:30:57,984 [Router10] INFO: 娣诲姞閭绘帴璺敱鍣?8 (127.0.0.1:21008), 閾捐矾寮€閿€=3
2026-04-17 15:30:57,984 [Simulator] INFO: 閰嶇疆閾捐矾: 8 <-> 10, 鎴愭湰=3
2026-04-17 15:30:57,985 [Router9] INFO: 娣诲姞閭绘帴璺敱鍣?11 (127.0.0.1:21011), 閾捐矾寮€閿€=4
2026-04-17 15:30:57,985 [Router11] INFO: 娣诲姞閭绘帴璺敱鍣?9 (127.0.0.1:21009), 閾捐矾寮€閿€=4
2026-04-17 15:30:57,985 [Simulator] INFO: 閰嶇疆閾捐矾: 9 <-> 11, 鎴愭湰=4
2026-04-17 15:30:57,985 [Router10] INFO: 娣诲姞閭绘帴璺敱鍣?11 (127.0.0.1:21011), 閾捐矾寮€閿€=2
2026-04-17 15:30:57,985 [Router11] INFO: 娣诲姞閭绘帴璺敱鍣?10 (127.0.0.1:21010), 閾捐矾寮€閿€=2
2026-04-17 15:30:57,985 [Simulator] INFO: 閰嶇疆閾捐矾: 10 <-> 11, 鎴愭湰=2
2026-04-17 15:30:57,985 [Router10] INFO: 娣诲姞閭绘帴璺敱鍣?12 (127.0.0.1:21012), 閾捐矾寮€閿€=6
2026-04-17 15:30:57,985 [Router12] INFO: 娣诲姞閭绘帴璺敱鍣?10 (127.0.0.1:21010), 閾捐矾寮€閿€=6
2026-04-17 15:30:57,985 [Simulator] INFO: 閰嶇疆閾捐矾: 10 <-> 12, 鎴愭湰=6
2026-04-17 15:30:57,985 [Router11] INFO: 娣诲姞閭绘帴璺敱鍣?12 (127.0.0.1:21012), 閾捐矾寮€閿€=1
2026-04-17 15:30:57,985 [Router12] INFO: 娣诲姞閭绘帴璺敱鍣?11 (127.0.0.1:21011), 閾捐矾寮€閿€=1
2026-04-17 15:30:57,985 [Simulator] INFO: 閰嶇疆閾捐矾: 11 <-> 12, 鎴愭湰=1
2026-04-17 15:30:57,985 [Router1] INFO: 娣诲姞閭绘帴璺敱鍣?6 (127.0.0.1:21006), 閾捐矾寮€閿€=12
2026-04-17 15:30:57,985 [Router6] INFO: 娣诲姞閭绘帴璺敱鍣?1 (127.0.0.1:21001), 閾捐矾寮€閿€=12
2026-04-17 15:30:57,985 [Simulator] INFO: 閰嶇疆閾捐矾: 1 <-> 6, 鎴愭湰=12
2026-04-17 15:30:57,985 [Router3] INFO: 娣诲姞閭绘帴璺敱鍣?8 (127.0.0.1:21008), 閾捐矾寮€閿€=9
2026-04-17 15:30:57,985 [Router8] INFO: 娣诲姞閭绘帴璺敱鍣?3 (127.0.0.1:21003), 閾捐矾寮€閿€=9
2026-04-17 15:30:57,985 [Simulator] INFO: 閰嶇疆閾捐矾: 3 <-> 8, 鎴愭湰=9
2026-04-17 15:30:57,985 [Router2] INFO: 娣诲姞閭绘帴璺敱鍣?7 (127.0.0.1:21007), 閾捐矾寮€閿€=10
2026-04-17 15:30:57,985 [Router7] INFO: 娣诲姞閭绘帴璺敱鍣?2 (127.0.0.1:21002), 閾捐矾寮€閿€=10
2026-04-17 15:30:57,985 [Simulator] INFO: 閰嶇疆閾捐矾: 2 <-> 7, 鎴愭湰=10
2026-04-17 15:30:57,985 [Router5] INFO: 娣诲姞閭绘帴璺敱鍣?10 (127.0.0.1:21010), 閾捐矾寮€閿€=7
2026-04-17 15:30:57,986 [Router10] INFO: 娣诲姞閭绘帴璺敱鍣?5 (127.0.0.1:21005), 閾捐矾寮€閿€=7
2026-04-17 15:30:57,986 [Simulator] INFO: 閰嶇疆閾捐矾: 5 <-> 10, 鎴愭湰=7
2026-04-17 15:30:57,986 [Router4] INFO: 娣诲姞閭绘帴璺敱鍣?9 (127.0.0.1:21009), 閾捐矾寮€閿€=8
2026-04-17 15:30:57,986 [Router9] INFO: 娣诲姞閭绘帴璺敱鍣?4 (127.0.0.1:21004), 閾捐矾寮€閿€=8
2026-04-17 15:30:57,986 [Simulator] INFO: 閰嶇疆閾捐矾: 4 <-> 9, 鎴愭湰=8
2026-04-17 15:30:57,986 [Router7] INFO: 娣诲姞閭绘帴璺敱鍣?12 (127.0.0.1:21012), 閾捐矾寮€閿€=11
2026-04-17 15:30:57,986 [Router12] INFO: 娣诲姞閭绘帴璺敱鍣?7 (127.0.0.1:21007), 閾捐矾寮€閿€=11
2026-04-17 15:30:57,986 [Simulator] INFO: 閰嶇疆閾捐矾: 7 <-> 12, 鎴愭湰=11
2026-04-17 15:30:57,986 [Simulator] INFO: 缃戠粶鎷撴墤鏋勫缓瀹屾垚锛屽叡12涓矾鐢卞櫒
2026-04-17 15:30:57,986 [Simulator] INFO: 鍚姩璺敱浠跨湡绯荤粺...
2026-04-17 15:30:57,986 [Router1] INFO: 鍚姩璺敱鍣?Router1 (ID=1) 鍦?127.0.0.1:21001
2026-04-17 15:30:57,987 [Router1] INFO: UDP濂楁帴瀛楀凡缁戝畾鍒?127.0.0.1:21001
2026-04-17 15:30:57,990 [Simulator] INFO: 璺敱鍣?1 宸插惎鍔?
2026-04-17 15:30:57,990 [Router2] INFO: 鍚姩璺敱鍣?Router2 (ID=2) 鍦?127.0.0.1:21002
2026-04-17 15:30:57,990 [Router2] INFO: UDP濂楁帴瀛楀凡缁戝畾鍒?127.0.0.1:21002
2026-04-17 15:30:57,991 [Simulator] INFO: 璺敱鍣?2 宸插惎鍔?
2026-04-17 15:30:57,991 [Router3] INFO: 鍚姩璺敱鍣?Router3 (ID=3) 鍦?127.0.0.1:21003
2026-04-17 15:30:57,992 [Router3] INFO: UDP濂楁帴瀛楀凡缁戝畾鍒?127.0.0.1:21003
2026-04-17 15:30:57,993 [Simulator] INFO: 璺敱鍣?3 宸插惎鍔?
2026-04-17 15:30:57,993 [Router4] INFO: 鍚姩璺敱鍣?Router4 (ID=4) 鍦?127.0.0.1:21004
2026-04-17 15:30:57,993 [Router4] INFO: UDP濂楁帴瀛楀凡缁戝畾鍒?127.0.0.1:21004
2026-04-17 15:30:57,994 [Simulator] INFO: 璺敱鍣?4 宸插惎鍔?
2026-04-17 15:30:57,995 [Router5] INFO: 鍚姩璺敱鍣?Router5 (ID=5) 鍦?127.0.0.1:21005
2026-04-17 15:30:57,995 [Router5] INFO: UDP濂楁帴瀛楀凡缁戝畾鍒?127.0.0.1:21005
2026-04-17 15:30:57,996 [Simulator] INFO: 璺敱鍣?5 宸插惎鍔?
2026-04-17 15:30:57,996 [Router6] INFO: 鍚姩璺敱鍣?Router6 (ID=6) 鍦?127.0.0.1:21006
2026-04-17 15:30:57,996 [Router6] INFO: UDP濂楁帴瀛楀凡缁戝畾鍒?127.0.0.1:21006
2026-04-17 15:30:57,997 [Simulator] INFO: 璺敱鍣?6 宸插惎鍔?
2026-04-17 15:30:57,997 [Router7] INFO: 鍚姩璺敱鍣?Router7 (ID=7) 鍦?127.0.0.1:21007
2026-04-17 15:30:57,998 [Router7] INFO: UDP濂楁帴瀛楀凡缁戝畾鍒?127.0.0.1:21007
2026-04-17 15:30:58,000 [Simulator] INFO: 璺敱鍣?7 宸插惎鍔?
2026-04-17 15:30:58,000 [Router8] INFO: 鍚姩璺敱鍣?Router8 (ID=8) 鍦?127.0.0.1:21008
2026-04-17 15:30:58,000 [Router8] INFO: UDP濂楁帴瀛楀凡缁戝畾鍒?127.0.0.1:21008
2026-04-17 15:30:58,001 [Simulator] INFO: 璺敱鍣?8 宸插惎鍔?
2026-04-17 15:30:58,001 [Router9] INFO: 鍚姩璺敱鍣?Router9 (ID=9) 鍦?127.0.0.1:21009
2026-04-17 15:30:58,002 [Router9] INFO: UDP濂楁帴瀛楀凡缁戝畾鍒?127.0.0.1:21009
2026-04-17 15:30:58,003 [Simulator] INFO: 璺敱鍣?9 宸插惎鍔?
2026-04-17 15:30:58,004 [Router10] INFO: 鍚姩璺敱鍣?Router10 (ID=10) 鍦?127.0.0.1:21010
2026-04-17 15:30:58,004 [Router10] INFO: UDP濂楁帴瀛楀凡缁戝畾鍒?127.0.0.1:21010
2026-04-17 15:30:58,006 [Simulator] INFO: 璺敱鍣?10 宸插惎鍔?
2026-04-17 15:30:58,006 [Router11] INFO: 鍚姩璺敱鍣?Router11 (ID=11) 鍦?127.0.0.1:21011
2026-04-17 15:30:58,007 [Router11] INFO: UDP濂楁帴瀛楀凡缁戝畾鍒?127.0.0.1:21011
2026-04-17 15:30:58,010 [Simulator] INFO: 璺敱鍣?11 宸插惎鍔?
2026-04-17 15:30:58,010 [Router12] INFO: 鍚姩璺敱鍣?Router12 (ID=12) 鍦?127.0.0.1:21012
2026-04-17 15:30:58,010 [Router12] INFO: UDP濂楁帴瀛楀凡缁戝畾鍒?127.0.0.1:21012
2026-04-17 15:30:58,013 [Simulator] INFO: 璺敱鍣?12 宸插惎鍔?
2026-04-17 15:30:58,013 [Simulator] INFO: 浠跨湡绯荤粺宸插惎鍔?
2026-04-17 15:30:58,013 [Simulator] INFO: 绛夊緟LSA鍚屾 2.0s...
2026-04-17 15:30:58,795 [Router1] INFO: 閭绘帴璺敱鍣?2 宸叉仮澶?
2026-04-17 15:30:58,795 [Router1] INFO: 閭绘帴璺敱鍣?2 Up浜嬩欢
2026-04-17 15:30:58,795 [Router1] INFO: Dijkstra璁＄畻瀹屾垚锛岃绠楁椂闂?0.015ms
2026-04-17 15:30:58,795 [Router3] INFO: 閭绘帴璺敱鍣?1 宸叉仮澶?
2026-04-17 15:30:58,796 [Router3] INFO: 閭绘帴璺敱鍣?1 Up浜嬩欢
2026-04-17 15:30:58,796 [Router2] INFO: 閭绘帴璺敱鍣?1 宸叉仮澶?
2026-04-17 15:30:58,797 [Router2] INFO: 閭绘帴璺敱鍣?1 Up浜嬩欢
2026-04-17 15:30:58,796 [Router6] INFO: 閭绘帴璺敱鍣?1 宸叉仮澶?
2026-04-17 15:30:58,797 [Router7] INFO: 閭绘帴璺敱鍣?2 宸叉仮澶?
2026-04-17 15:30:58,797 [Router4] INFO: 閭绘帴璺敱鍣?2 宸叉仮澶?
2026-04-17 15:30:58,797 [Router3] INFO: Dijkstra璁＄畻瀹屾垚锛岃绠楁椂闂?0.014ms
2026-04-17 15:30:58,796 [Router1] INFO: 閭绘帴璺敱鍣?3 宸叉仮澶?
2026-04-17 15:30:58,797 [Router2] INFO: Dijkstra璁＄畻瀹屾垚锛岃绠楁椂闂?0.012ms
2026-04-17 15:30:58,797 [Router6] INFO: 閭绘帴璺敱鍣?1 Up浜嬩欢
2026-04-17 15:30:58,797 [Router5] INFO: 閭绘帴璺敱鍣?3 宸叉仮澶?
2026-04-17 15:30:58,798 [Router7] INFO: 閭绘帴璺敱鍣?2 Up浜嬩欢
2026-04-17 15:30:58,798 [Router4] INFO: 閭绘帴璺敱鍣?2 Up浜嬩欢
2026-04-17 15:30:58,798 [Router8] INFO: 閭绘帴璺敱鍣?3 宸叉仮澶?
2026-04-17 15:30:58,798 [Router3] INFO: 閭绘帴璺敱鍣?2 宸叉仮澶?
2026-04-17 15:30:58,798 [Router1] INFO: 閭绘帴璺敱鍣?3 Up浜嬩欢
2026-04-17 15:30:58,798 [Router2] INFO: 閭绘帴璺敱鍣?3 宸叉仮澶?
2026-04-17 15:30:58,798 [Router6] INFO: Dijkstra璁＄畻瀹屾垚锛岃绠楁椂闂?0.014ms
2026-04-17 15:30:58,799 [Router5] INFO: 閭绘帴璺敱鍣?3 Up浜嬩欢
2026-04-17 15:30:58,799 [Router7] INFO: Dijkstra璁＄畻瀹屾垚锛岃绠楁椂闂?0.015ms
2026-04-17 15:30:58,799 [Router4] INFO: Dijkstra璁＄畻瀹屾垚锛岃绠楁椂闂?0.011ms
2026-04-17 15:30:58,799 [Router8] INFO: 閭绘帴璺敱鍣?3 Up浜嬩欢
2026-04-17 15:30:58,799 [Router3] INFO: 閭绘帴璺敱鍣?2 Up浜嬩欢
2026-04-17 15:30:58,800 [Router1] INFO: 鏀跺埌鏂扮殑LSA锛屾簮=2, 搴忓垪鍙?0
2026-04-17 15:30:58,800 [Router2] INFO: 閭绘帴璺敱鍣?3 Up浜嬩欢
2026-04-17 15:30:58,800 [Router5] INFO: Dijkstra璁＄畻瀹屾垚锛岃绠楁椂闂?0.014ms
2026-04-17 15:30:58,801 [Router8] INFO: Dijkstra璁＄畻瀹屾垚锛岃绠楁椂闂?0.012ms
2026-04-17 15:30:58,801 [Router3] INFO: 鏀跺埌鏂扮殑LSA锛屾簮=1, 搴忓垪鍙?1
2026-04-17 15:30:58,801 [Router1] INFO: 鏀跺埌鏂扮殑LSA锛屾簮=3, 搴忓垪鍙?0
2026-04-17 15:30:58,802 [Router2] INFO: 鏀跺埌鏂扮殑LSA锛屾簮=1, 搴忓垪鍙?0
2026-04-17 15:30:58,803 [Router3] INFO: 鏀跺埌鏂扮殑LSA锛屾簮=5, 搴忓垪鍙?0
2026-04-17 15:30:58,803 [Router1] INFO: 鏀跺埌鏂扮殑LSA锛屾簮=6, 搴忓垪鍙?0
2026-04-17 15:30:58,804 [Router2] INFO: 鏀跺埌鏂扮殑LSA锛屾簮=7, 搴忓垪鍙?0
2026-04-17 15:30:58,804 [Router9] INFO: 閭绘帴璺敱鍣?8 宸叉仮澶?
2026-04-17 15:30:58,804 [Router5] INFO: 閭绘帴璺敱鍣?4 宸叉仮澶?
2026-04-17 15:30:58,804 [Router6] INFO: 閭绘帴璺敱鍣?8 宸叉仮澶?
2026-04-17 15:30:58,805 [Router3] INFO: 鏀跺埌鏂扮殑LSA锛屾簮=8, 搴忓垪鍙?0
2026-04-17 15:30:58,805 [Router4] INFO: 閭绘帴璺敱鍣?5 宸叉仮澶?
2026-04-17 15:30:58,805 [Router7] INFO: 閭绘帴璺敱鍣?5 宸叉仮澶?
2026-04-17 15:30:58,805 [Router8] INFO: 閭绘帴璺敱鍣?6 宸叉仮澶?
2026-04-17 15:30:58,805 [Router1] INFO: 鏀跺埌鏂扮殑LSA锛屾簮=3, 搴忓垪鍙?1
2026-04-17 15:30:58,806 [Router10] INFO: 閭绘帴璺敱鍣?8 宸叉仮澶?
2026-04-17 15:30:58,806 [Router2] INFO: 鏀跺埌鏂扮殑LSA锛屾簮=4, 搴忓垪鍙?0
2026-04-17 15:30:58,807 [Router9] INFO: 閭绘帴璺敱鍣?8 Up浜嬩欢
2026-04-17 15:30:58,807 [Router12] INFO: 閭绘帴璺敱鍣?7 宸叉仮澶?
2026-04-17 15:30:58,807 [Router5] INFO: 閭绘帴璺敱鍣?4 Up浜嬩欢
2026-04-17 15:30:58,807 [Router6] INFO: 閭绘帴璺敱鍣?8 Up浜嬩欢
2026-04-17 15:30:58,807 [Router3] INFO: 鏀跺埌鏂扮殑LSA锛屾簮=2, 搴忓垪鍙?0
2026-04-17 15:30:58,807 [Router4] INFO: 閭绘帴璺敱鍣?5 Up浜嬩欢
2026-04-17 15:30:58,808 [Router7] INFO: 閭绘帴璺敱鍣?5 Up浜嬩欢
2026-04-17 15:30:58,808 [Router8] INFO: 閭绘帴璺敱鍣?6 Up浜嬩欢
2026-04-17 15:30:58,808 [Router1] INFO: 鏀跺埌鏂扮殑LSA锛屾簮=2, 搴忓垪鍙?1
2026-04-17 15:30:58,808 [Router10] INFO: 閭绘帴璺敱鍣?8 Up浜嬩欢
2026-04-17 15:30:58,808 [Router2] INFO: 鏀跺埌鏂扮殑LSA锛屾簮=1, 搴忓垪鍙?1
2026-04-17 15:30:58,809 [Router9] INFO: Dijkstra璁＄畻瀹屾垚锛岃绠楁椂闂?0.013ms
2026-04-17 15:30:58,809 [Router12] INFO: 閭绘帴璺敱鍣?7 Up浜嬩欢
2026-04-17 15:30:58,809 [Router5] INFO: 閭绘帴璺敱鍣?7 宸叉仮澶?
2026-04-17 15:30:58,809 [Router6] INFO: 閭绘帴璺敱鍣?7 宸叉仮澶?
2026-04-17 15:30:58,810 [Router3] INFO: 鏀跺埌鏂扮殑LSA锛屾簮=2, 搴忓垪鍙?1
2026-04-17 15:30:58,810 [Router4] INFO: 閭绘帴璺敱鍣?6 宸叉仮澶?
2026-04-17 15:30:58,810 [Router7] INFO: 閭绘帴璺敱鍣?6 宸叉仮澶?
2026-04-17 15:30:58,810 [Router8] INFO: 鏀跺埌鏂扮殑LSA锛屾簮=9, 搴忓垪鍙?0
2026-04-17 15:30:58,811 [Router1] INFO: 閭绘帴璺敱鍣?6 宸叉仮澶?
2026-04-17 15:30:58,811 [Router10] INFO: Dijkstra璁＄畻瀹屾垚锛岃绠楁椂闂?0.013ms
2026-04-17 15:30:58,811 [Router2] INFO: 鏀跺埌鏂扮殑LSA锛屾簮=3, 搴忓垪鍙?1
2026-04-17 15:30:58,812 [Router9] INFO: 閭绘帴璺敱鍣?7 宸叉仮澶?
2026-04-17 15:30:58,812 [Router12] INFO: Dijkstra璁＄畻瀹屾垚锛岃绠楁椂闂?0.011ms
2026-04-17 15:30:58,812 [Router5] INFO: 閭绘帴璺敱鍣?7 Up浜嬩欢
2026-04-17 15:30:58,812 [Router6] INFO: 閭绘帴璺敱鍣?7 Up浜嬩欢
2026-04-17 15:30:58,812 [Router3] INFO: 閭绘帴璺敱鍣?5 宸叉仮澶?
2026-04-17 15:30:58,813 [Router4] INFO: 閭绘帴璺敱鍣?6 Up浜嬩欢
2026-04-17 15:30:58,813 [Router7] INFO: 閭绘帴璺敱鍣?6 Up浜嬩欢
2026-04-17 15:30:58,813 [Router8] INFO: 鏀跺埌鏂扮殑LSA锛屾簮=6, 搴忓垪鍙?1
2026-04-17 15:30:58,813 [Router1] INFO: 閭绘帴璺敱鍣?6 Up浜嬩欢
2026-04-17 15:30:58,813 [Router10] INFO: 閭绘帴璺敱鍣?5 宸叉仮澶?
2026-04-17 15:30:58,813 [Router2] INFO: 閭绘帴璺敱鍣?4 宸叉仮澶?
2026-04-17 15:30:58,815 [Router9] INFO: 閭绘帴璺敱鍣?7 Up浜嬩欢
2026-04-17 15:30:58,815 [Router5] INFO: 鏀跺埌鏂扮殑LSA锛屾簮=7, 搴忓垪鍙?1
2026-04-17 15:30:58,815 [Router6] INFO: 閭绘帴璺敱鍣?4 宸叉仮澶?
2026-04-17 15:30:58,815 [Router3] INFO: 閭绘帴璺敱鍣?5 Up浜嬩欢
2026-04-17 15:30:58,816 [Router4] INFO: 鏀跺埌鏂扮殑LSA锛屾簮=5, 搴忓垪鍙?1
2026-04-17 15:30:58,816 [Router7] INFO: 鏀跺埌鏂扮殑LSA锛屾簮=12, 搴忓垪鍙?0
2026-04-17 15:30:58,816 [Router8] INFO: 鏀跺埌鏂扮殑LSA锛屾簮=10, 搴忓垪鍙?0
2026-04-17 15:30:58,817 [Router1] INFO: 鏀跺埌鏂扮殑LSA锛屾簮=5, 搴忓垪鍙?0
2026-04-17 15:30:58,817 [Router10] INFO: 閭绘帴璺敱鍣?5 Up浜嬩欢
2026-04-17 15:30:58,817 [Router2] INFO: 閭绘帴璺敱鍣?4 Up浜嬩欢
2026-04-17 15:30:58,817 [Router9] INFO: 閭绘帴璺敱鍣?4 宸叉仮澶?
2026-04-17 15:30:58,818 [Router5] INFO: 鏀跺埌鏂扮殑LSA锛屾簮=4, 搴忓垪鍙?1
2026-04-17 15:30:58,818 [Router6] INFO: 閭绘帴璺敱鍣?4 Up浜嬩欢
2026-04-17 15:30:58,818 [Router3] INFO: 閭绘帴璺敱鍣?8 宸叉仮澶?
2026-04-17 15:30:58,818 [Router4] INFO: 鏀跺埌鏂扮殑LSA锛屾簮=5, 搴忓垪鍙?2
2026-04-17 15:30:58,819 [Router7] INFO: 鏀跺埌鏂扮殑LSA锛屾簮=5, 搴忓垪鍙?2
2026-04-17 15:30:58,819 [Router8] INFO: 鏀跺埌鏂扮殑LSA锛屾簮=6, 搴忓垪鍙?2
2026-04-17 15:30:58,819 [Router11] INFO: 閭绘帴璺敱鍣?12 宸叉仮澶?
2026-04-17 15:30:58,819 [Router12] INFO: 閭绘帴璺敱鍣?11 宸叉仮澶?
2026-04-17 15:30:58,820 [Router1] INFO: 鏀跺埌鏂扮殑LSA锛屾簮=7, 搴忓垪鍙?0
2026-04-17 15:30:58,820 [Router10] INFO: 閭绘帴璺敱鍣?12 宸叉仮澶?
2026-04-17 15:30:58,821 [Router9] INFO: 閭绘帴璺敱鍣?4 Up浜嬩欢
2026-04-17 15:30:58,821 [Router2] INFO: 閭绘帴璺敱鍣?7 宸叉仮澶?
2026-04-17 15:30:58,821 [Router5] INFO: 鏀跺埌鏂扮殑LSA锛屾簮=4, 搴忓垪鍙?2
2026-04-17 15:30:58,822 [Router3] INFO: 閭绘帴璺敱鍣?8 Up浜嬩欢
2026-04-17 15:30:58,822 [Router6] INFO: 鏀跺埌鏂扮殑LSA锛屾簮=8, 搴忓垪鍙?1
2026-04-17 15:30:58,823 [Router7] INFO: 鏀跺埌鏂扮殑LSA锛屾簮=6, 搴忓垪鍙?2
2026-04-17 15:30:58,823 [Router4] INFO: 鏀跺埌鏂扮殑LSA锛屾簮=7, 搴忓垪鍙?1
2026-04-17 15:30:58,823 [Router8] INFO: 鏀跺埌鏂扮殑LSA锛屾簮=9, 搴忓垪鍙?1
2026-04-17 15:30:58,823 [Router11] INFO: 閭绘帴璺敱鍣?12 Up浜嬩欢
2026-04-17 15:30:58,824 [Router12] INFO: 閭绘帴璺敱鍣?11 Up浜嬩欢
2026-04-17 15:30:58,824 [Router1] INFO: 鏀跺埌鏂扮殑LSA锛屾簮=8, 搴忓垪鍙?0
2026-04-17 15:30:58,824 [Router10] INFO: 閭绘帴璺敱鍣?12 Up浜嬩欢
2026-04-17 15:30:58,824 [Router9] INFO: 閭绘帴璺敱鍣?11 宸叉仮澶?
2026-04-17 15:30:58,824 [Router2] INFO: 閭绘帴璺敱鍣?7 Up浜嬩欢
2026-04-17 15:30:58,824 [Router5] INFO: 鏀跺埌鏂扮殑LSA锛屾簮=7, 搴忓垪鍙?2
2026-04-17 15:30:58,825 [Router3] INFO: 鏀跺埌鏂扮殑LSA锛屾簮=6, 搴忓垪鍙?0
2026-04-17 15:30:58,825 [Router6] INFO: 鏀跺埌鏂扮殑LSA锛屾簮=9, 搴忓垪鍙?0
2026-04-17 15:30:58,826 [Router7] INFO: 鏀跺埌鏂扮殑LSA锛屾簮=9, 搴忓垪鍙?1
2026-04-17 15:30:58,826 [Router4] INFO: 鏀跺埌鏂扮殑LSA锛屾簮=2, 搴忓垪鍙?2
2026-04-17 15:30:58,827 [Router8] INFO: 鏀跺埌鏂扮殑LSA锛屾簮=10, 搴忓垪鍙?1
2026-04-17 15:30:58,827 [Router11] INFO: Dijkstra璁＄畻瀹屾垚锛岃绠楁椂闂?0.014ms
2026-04-17 15:30:58,827 [Router12] INFO: 閭绘帴璺敱鍣?10 宸叉仮澶?
2026-04-17 15:30:58,828 [Router1] INFO: 鏀跺埌鏂扮殑LSA锛屾簮=4, 搴忓垪鍙?0
2026-04-17 15:30:58,828 [Router10] INFO: 閭绘帴璺敱鍣?11 宸叉仮澶?
2026-04-17 15:30:58,828 [Router9] INFO: 閭绘帴璺敱鍣?11 Up浜嬩欢
2026-04-17 15:30:58,830 [Router2] INFO: 鏀跺埌鏂扮殑LSA锛屾簮=6, 搴忓垪鍙?0
2026-04-17 15:30:58,830 [Router5] INFO: 鏀跺埌鏂扮殑LSA锛屾簮=3, 搴忓垪鍙?2
2026-04-17 15:30:58,830 [Router3] INFO: 鏀跺埌鏂扮殑LSA锛屾簮=7, 搴忓垪鍙?0
2026-04-17 15:30:58,830 [Router6] INFO: 鏀跺埌鏂扮殑LSA锛屾簮=4, 搴忓垪鍙?2
2026-04-17 15:30:58,830 [Router7] INFO: 閭绘帴璺敱鍣?12 宸叉仮澶?
2026-04-17 15:30:58,830 [Router4] INFO: 鏀跺埌鏂扮殑LSA锛屾簮=6, 搴忓垪鍙?3
2026-04-17 15:30:58,830 [Router8] INFO: 閭绘帴璺敱鍣?10 宸叉仮澶?
2026-04-17 15:30:58,830 [Router11] INFO: 閭绘帴璺敱鍣?10 宸叉仮澶?
2026-04-17 15:30:58,830 [Router12] INFO: 閭绘帴璺敱鍣?10 Up浜嬩欢
2026-04-17 15:30:58,830 [Router1] INFO: 鏀跺埌鏂扮殑LSA锛屾簮=6, 搴忓垪鍙?1
2026-04-17 15:30:58,830 [Router10] INFO: 閭绘帴璺敱鍣?11 Up浜嬩欢
2026-04-17 15:30:58,830 [Router2] INFO: 鏀跺埌鏂扮殑LSA锛屾簮=5, 搴忓垪鍙?0
2026-04-17 15:30:58,830 [Router5] INFO: 鏀跺埌鏂扮殑LSA锛屾簮=12, 搴忓垪鍙?0
2026-04-17 15:30:58,830 [Router3] INFO: 鏀跺埌鏂扮殑LSA锛屾簮=4, 搴忓垪鍙?0
2026-04-17 15:30:58,830 [Router6] INFO: 鏀跺埌鏂扮殑LSA锛屾簮=7, 搴忓垪鍙?2
2026-04-17 15:30:58,830 [Router7] INFO: 閭绘帴璺敱鍣?12 Up浜嬩欢
2026-04-17 15:30:58,830 [Router4] INFO: 鏀跺埌鏂扮殑LSA锛屾簮=9, 搴忓垪鍙?2
2026-04-17 15:30:58,830 [Router8] INFO: 閭绘帴璺敱鍣?10 Up浜嬩欢
2026-04-17 15:30:58,830 [Router11] INFO: 閭绘帴璺敱鍣?10 Up浜嬩欢
2026-04-17 15:30:58,837 [Router12] INFO: 鏀跺埌鏂扮殑LSA锛屾簮=11, 搴忓垪鍙?0
2026-04-17 15:30:58,837 [Router1] INFO: 鏀跺埌鏂扮殑LSA锛屾簮=6, 搴忓垪鍙?2
2026-04-17 15:30:58,838 [Router10] INFO: 鏀跺埌鏂扮殑LSA锛屾簮=12, 搴忓垪鍙?2
2026-04-17 15:30:58,838 [Router2] INFO: 鏀跺埌鏂扮殑LSA锛屾簮=8, 搴忓垪鍙?0
2026-04-17 15:30:58,839 [Router5] INFO: 鏀跺埌鏂扮殑LSA锛屾簮=10, 搴忓垪鍙?1
2026-04-17 15:30:58,839 [Router3] INFO: 鏀跺埌鏂扮殑LSA锛屾簮=5, 搴忓垪鍙?1
2026-04-17 15:30:58,840 [Router6] INFO: 鏀跺埌鏂扮殑LSA锛屾簮=1, 搴忓垪鍙?2
2026-04-17 15:30:58,840 [Router7] INFO: 鏀跺埌鏂扮殑LSA锛屾簮=4, 搴忓垪鍙?1
2026-04-17 15:30:58,841 [Router4] INFO: 鏀跺埌鏂扮殑LSA锛屾簮=8, 搴忓垪鍙?1
2026-04-17 15:30:58,841 [Router8] INFO: 鏀跺埌鏂扮殑LSA锛屾簮=6, 搴忓垪鍙?3
2026-04-17 15:30:58,842 [Router11] INFO: 鏀跺埌鏂扮殑LSA锛屾簮=12, 搴忓垪鍙?1
2026-04-17 15:30:58,842 [Router12] INFO: 鏀跺埌鏂扮殑LSA锛屾簮=10, 搴忓垪鍙?2
2026-04-17 15:30:58,842 [Router1] INFO: 鏀跺埌鏂扮殑LSA锛屾簮=3, 搴忓垪鍙?2
2026-04-17 15:30:58,842 [Router10] INFO: 鏀跺埌鏂扮殑LSA锛屾簮=8, 搴忓垪鍙?2
2026-04-17 15:30:58,843 [Router2] INFO: 鏀跺埌鏂扮殑LSA锛屾簮=4, 搴忓垪鍙?1
2026-04-17 15:30:58,843 [Router5] INFO: 閭绘帴璺敱鍣?10 宸叉仮澶?
2026-04-17 15:30:58,844 [Router3] INFO: 鏀跺埌鏂扮殑LSA锛屾簮=8, 搴忓垪鍙?1
2026-04-17 15:30:58,844 [Router6] INFO: 鏀跺埌鏂扮殑LSA锛屾簮=12, 搴忓垪鍙?0
2026-04-17 15:30:58,845 [Router7] INFO: 鏀跺埌鏂扮殑LSA锛屾簮=6, 搴忓垪鍙?3
2026-04-17 15:30:58,845 [Router4] INFO: 鏀跺埌鏂扮殑LSA锛屾簮=2, 搴忓垪鍙?3
2026-04-17 15:30:58,846 [Router8] INFO: 鏀跺埌鏂扮殑LSA锛屾簮=9, 搴忓垪鍙?2
2026-04-17 15:30:58,846 [Router11] INFO: 鏀跺埌鏂扮殑LSA锛屾簮=9, 搴忓垪鍙?3
2026-04-17 15:30:58,847 [Router12] INFO: 鏀跺埌鏂扮殑LSA锛屾簮=10, 搴忓垪鍙?3
2026-04-17 15:30:58,847 [Router1] INFO: 鏀跺埌鏂扮殑LSA锛屾簮=2, 搴忓垪鍙?2
2026-04-17 15:30:58,847 [Router10] INFO: 鏀跺埌鏂扮殑LSA锛屾簮=11, 搴忓垪鍙?0
2026-04-17 15:30:58,847 [Router2] INFO: 鏀跺埌鏂扮殑LSA锛屾簮=7, 搴忓垪鍙?1
2026-04-17 15:30:58,848 [Router5] INFO: 閭绘帴璺敱鍣?10 Up浜嬩欢
2026-04-17 15:30:58,848 [Router3] INFO: 鏀跺埌鏂扮殑LSA锛屾簮=9, 搴忓垪鍙?0
2026-04-17 15:30:58,848 [Router6] INFO: 鏀跺埌鏂扮殑LSA锛屾簮=10, 搴忓垪鍙?0
2026-04-17 15:30:58,849 [Router7] INFO: 鏀跺埌鏂扮殑LSA锛屾簮=9, 搴忓垪鍙?2
2026-04-17 15:30:58,849 [Router4] INFO: 鏀跺埌鏂扮殑LSA锛屾簮=7, 搴忓垪鍙?2
2026-04-17 15:30:58,850 [Router8] INFO: 鏀跺埌鏂扮殑LSA锛屾簮=3, 搴忓垪鍙?3
2026-04-17 15:30:58,850 [Router11] INFO: 閭绘帴璺敱鍣?9 宸叉仮澶?
2026-04-17 15:30:58,850 [Router12] INFO: 鏀跺埌鏂扮殑LSA锛屾簮=7, 搴忓垪鍙?3
2026-04-17 15:30:58,851 [Router1] INFO: 鏀跺埌鏂扮殑LSA锛屾簮=6, 搴忓垪鍙?3
2026-04-17 15:30:58,851 [Router10] INFO: 鏀跺埌鏂扮殑LSA锛屾簮=11, 搴忓垪鍙?1
2026-04-17 15:30:58,851 [Router2] INFO: 鏀跺埌鏂扮殑LSA锛屾簮=4, 搴忓垪鍙?2
2026-04-17 15:30:58,852 [Router5] INFO: 鏀跺埌鏂扮殑LSA锛屾簮=3, 搴忓垪鍙?3
2026-04-17 15:30:58,852 [Router3] INFO: 鏀跺埌鏂扮殑LSA锛屾簮=5, 搴忓垪鍙?2
2026-04-17 15:30:58,853 [Router6] INFO: 鏀跺埌鏂扮殑LSA锛屾簮=5, 搴忓垪鍙?1
2026-04-17 15:30:58,853 [Router7] INFO: 鏀跺埌鏂扮殑LSA锛屾簮=4, 搴忓垪鍙?2
2026-04-17 15:30:58,854 [Router4] INFO: 鏀跺埌鏂扮殑LSA锛屾簮=3, 搴忓垪鍙?2
2026-04-17 15:30:58,854 [Router11] INFO: 閭绘帴璺敱鍣?9 Up浜嬩欢
2026-04-17 15:30:58,854 [Router12] INFO: 鏀跺埌鏂扮殑LSA锛屾簮=11, 搴忓垪鍙?1
2026-04-17 15:30:58,855 [Router8] INFO: 鏀跺埌鏂扮殑LSA锛屾簮=10, 搴忓垪鍙?2
2026-04-17 15:30:58,855 [Router1] INFO: 鏀跺埌鏂扮殑LSA锛屾簮=3, 搴忓垪鍙?3
2026-04-17 15:30:58,856 [Router2] INFO: 鏀跺埌鏂扮殑LSA锛屾簮=1, 搴忓垪鍙?2
2026-04-17 15:30:58,856 [Router10] INFO: 鏀跺埌鏂扮殑LSA锛屾簮=6, 搴忓垪鍙?3
2026-04-17 15:30:58,856 [Router5] INFO: 鏀跺埌鏂扮殑LSA锛屾簮=6, 搴忓垪鍙?2
2026-04-17 15:30:58,856 [Router3] INFO: 鏀跺埌鏂扮殑LSA锛屾簮=1, 搴忓垪鍙?2
2026-04-17 15:30:58,857 [Router6] INFO: 鏀跺埌鏂扮殑LSA锛屾簮=5, 搴忓垪鍙?2
2026-04-17 15:30:58,857 [Router7] INFO: 鏀跺埌鏂扮殑LSA锛屾簮=8, 搴忓垪鍙?1
2026-04-17 15:30:58,857 [Router4] INFO: 鏀跺埌鏂扮殑LSA锛屾簮=9, 搴忓垪鍙?3
2026-04-17 15:30:58,858 [Router12] INFO: 鏀跺埌鏂扮殑LSA锛屾簮=4, 搴忓垪鍙?1
2026-04-17 15:30:58,859 [Router11] INFO: 鏀跺埌鏂扮殑LSA锛屾簮=12, 搴忓垪鍙?2
2026-04-17 15:30:58,859 [Router9] INFO: 鏀跺埌鏂扮殑LSA锛屾簮=11, 搴忓垪鍙?2
2026-04-17 15:30:58,859 [Router8] INFO: 鏀跺埌鏂扮殑LSA锛屾簮=9, 搴忓垪鍙?3
2026-04-17 15:30:58,860 [Router1] INFO: 鏀跺埌鏂扮殑LSA锛屾簮=8, 搴忓垪鍙?1
2026-04-17 15:30:58,860 [Router2] INFO: 鏀跺埌鏂扮殑LSA锛屾簮=7, 搴忓垪鍙?2
2026-04-17 15:30:58,860 [Router10] INFO: 鏀跺埌鏂扮殑LSA锛屾簮=9, 搴忓垪鍙?2
2026-04-17 15:30:58,861 [Router5] INFO: 鏀跺埌鏂扮殑LSA锛屾簮=10, 搴忓垪鍙?2
2026-04-17 15:30:58,862 [Router3] INFO: 鏀跺埌鏂扮殑LSA锛屾簮=6, 搴忓垪鍙?1
2026-04-17 15:30:58,862 [Router6] INFO: 鏀跺埌鏂扮殑LSA锛屾簮=9, 搴忓垪鍙?1
2026-04-17 15:30:58,862 [Router7] INFO: 鏀跺埌鏂扮殑LSA锛屾簮=12, 搴忓垪鍙?1
2026-04-17 15:30:58,863 [Router4] INFO: 閭绘帴璺敱鍣?9 宸叉仮澶?
2026-04-17 15:30:58,863 [Router11] INFO: 鏀跺埌鏂扮殑LSA锛屾簮=10, 搴忓垪鍙?3
2026-04-17 15:30:58,863 [Router12] INFO: 鏀跺埌鏂扮殑LSA锛屾簮=8, 搴忓垪鍙?2
2026-04-17 15:30:58,863 [Router9] INFO: 鏀跺埌鏂扮殑LSA锛屾簮=12, 搴忓垪鍙?2
2026-04-17 15:30:58,863 [Router8] INFO: 閭绘帴璺敱鍣?9 宸叉仮澶?
2026-04-17 15:30:58,863 [Router1] INFO: 鏀跺埌鏂扮殑LSA锛屾簮=2, 搴忓垪鍙?3
2026-04-17 15:30:58,863 [Router2] INFO: 鏀跺埌鏂扮殑LSA锛屾簮=3, 搴忓垪鍙?2
2026-04-17 15:30:58,863 [Router10] INFO: 鏀跺埌鏂扮殑LSA锛屾簮=9, 搴忓垪鍙?3
2026-04-17 15:30:58,863 [Router5] INFO: 鏀跺埌鏂扮殑LSA锛屾簮=9, 搴忓垪鍙?1
2026-04-17 15:30:58,863 [Router3] INFO: 鏀跺埌鏂扮殑LSA锛屾簮=7, 搴忓垪鍙?1
2026-04-17 15:30:58,863 [Router6] INFO: 鏀跺埌鏂扮殑LSA锛屾簮=2, 搴忓垪鍙?2
2026-04-17 15:30:58,863 [Router7] INFO: 鏀跺埌鏂扮殑LSA锛屾簮=2, 搴忓垪鍙?3
2026-04-17 15:30:58,863 [Router4] INFO: 閭绘帴璺敱鍣?9 Up浜嬩欢
2026-04-17 15:30:58,863 [Router11] INFO: 鏀跺埌鏂扮殑LSA锛屾簮=8, 搴忓垪鍙?2
2026-04-17 15:30:58,863 [Router12] INFO: 鏀跺埌鏂扮殑LSA锛屾簮=6, 搴忓垪鍙?3
2026-04-17 15:30:58,863 [Router9] INFO: 鏀跺埌鏂扮殑LSA锛屾簮=10, 搴忓垪鍙?3
2026-04-17 15:30:58,870 [Router8] INFO: 閭绘帴璺敱鍣?9 Up浜嬩欢
2026-04-17 15:30:58,870 [Router1] INFO: 鏀跺埌鏂扮殑LSA锛屾簮=9, 搴忓垪鍙?0
2026-04-17 15:30:58,870 [Router2] INFO: 鏀跺埌鏂扮殑LSA锛屾簮=5, 搴忓垪鍙?1
2026-04-17 15:30:58,871 [Router10] INFO: 鏀跺埌鏂扮殑LSA锛屾簮=5, 搴忓垪鍙?3
2026-04-17 15:30:58,871 [Router5] INFO: 鏀跺埌鏂扮殑LSA锛屾簮=2, 搴忓垪鍙?2
2026-04-17 15:30:58,871 [Router3] INFO: 鏀跺埌鏂扮殑LSA锛屾簮=10, 搴忓垪鍙?0
2026-04-17 15:30:58,872 [Router6] INFO: 鏀跺埌鏂扮殑LSA锛屾簮=10, 搴忓垪鍙?1
2026-04-17 15:30:58,872 [Router7] INFO: 鏀跺埌鏂扮殑LSA锛屾簮=9, 搴忓垪鍙?3
2026-04-17 15:30:58,873 [Router4] INFO: 鏀跺埌鏂扮殑LSA锛屾簮=12, 搴忓垪鍙?0
2026-04-17 15:30:58,873 [Router11] INFO: 鏀跺埌鏂扮殑LSA锛屾簮=7, 搴忓垪鍙?3
2026-04-17 15:30:58,874 [Router12] INFO: 鏀跺埌鏂扮殑LSA锛屾簮=9, 搴忓垪鍙?3
2026-04-17 15:30:58,874 [Router9] INFO: 鏀跺埌鏂扮殑LSA锛屾簮=8, 搴忓垪鍙?2
2026-04-17 15:30:58,875 [Router8] INFO: 鏀跺埌鏂扮殑LSA锛屾簮=4, 搴忓垪鍙?2
2026-04-17 15:30:58,875 [Router1] INFO: 鏀跺埌鏂扮殑LSA锛屾簮=4, 搴忓垪鍙?2
2026-04-17 15:30:58,876 [Router2] INFO: 鏀跺埌鏂扮殑LSA锛屾簮=12, 搴忓垪鍙?0
2026-04-17 15:30:58,876 [Router10] INFO: 鏀跺埌鏂扮殑LSA锛屾簮=7, 搴忓垪鍙?3
2026-04-17 15:30:58,876 [Router5] INFO: 鏀跺埌鏂扮殑LSA锛屾簮=6, 搴忓垪鍙?3
2026-04-17 15:30:58,877 [Router3] INFO: 鏀跺埌鏂扮殑LSA锛屾簮=2, 搴忓垪鍙?2
2026-04-17 15:30:58,878 [Router7] INFO: 鏀跺埌鏂扮殑LSA锛屾簮=3, 搴忓垪鍙?2
2026-04-17 15:30:58,879 [Router6] INFO: 鏀跺埌鏂扮殑LSA锛屾簮=7, 搴忓垪鍙?3
2026-04-17 15:30:58,879 [Router11] INFO: 鏀跺埌鏂扮殑LSA锛屾簮=6, 搴忓垪鍙?3
2026-04-17 15:30:58,879 [Router4] INFO: 鏀跺埌鏂扮殑LSA锛屾簮=10, 搴忓垪鍙?1
2026-04-17 15:30:58,879 [Router12] INFO: 鏀跺埌鏂扮殑LSA锛屾簮=4, 搴忓垪鍙?2
2026-04-17 15:30:58,880 [Router9] INFO: 鏀跺埌鏂扮殑LSA锛屾簮=4, 搴忓垪鍙?3
2026-04-17 15:30:58,881 [Router8] INFO: 鏀跺埌鏂扮殑LSA锛屾簮=7, 搴忓垪鍙?0
2026-04-17 15:30:58,882 [Router1] INFO: 鏀跺埌鏂扮殑LSA锛屾簮=7, 搴忓垪鍙?2
2026-04-17 15:30:58,882 [Router2] INFO: 鏀跺埌鏂扮殑LSA锛屾簮=5, 搴忓垪鍙?2
2026-04-17 15:30:58,883 [Router10] INFO: 鏀跺埌鏂扮殑LSA锛屾簮=3, 搴忓垪鍙?3
2026-04-17 15:30:58,883 [Router3] INFO: 鏀跺埌鏂扮殑LSA锛屾簮=4, 搴忓垪鍙?1
2026-04-17 15:30:58,883 [Router5] INFO: 鏀跺埌鏂扮殑LSA锛屾簮=10, 搴忓垪鍙?3
2026-04-17 15:30:58,884 [Router7] INFO: 閭绘帴璺敱鍣?9 宸叉仮澶?
2026-04-17 15:30:58,884 [Router6] INFO: 鏀跺埌鏂扮殑LSA锛屾簮=8, 搴忓垪鍙?2
2026-04-17 15:30:58,885 [Router11] INFO: 鏀跺埌鏂扮殑LSA锛屾簮=4, 搴忓垪鍙?1
2026-04-17 15:30:58,885 [Router4] INFO: 鏀跺埌鏂扮殑LSA锛屾簮=1, 搴忓垪鍙?2
2026-04-17 15:30:58,886 [Router12] INFO: 鏀跺埌鏂扮殑LSA锛屾簮=11, 搴忓垪鍙?2
2026-04-17 15:30:58,886 [Router9] INFO: 鏀跺埌鏂扮殑LSA锛屾簮=8, 搴忓垪鍙?3
2026-04-17 15:30:58,887 [Router8] INFO: 鏀跺埌鏂扮殑LSA锛屾簮=10, 搴忓垪鍙?3
2026-04-17 15:30:58,887 [Router1] INFO: 鏀跺埌鏂扮殑LSA锛屾簮=5, 搴忓垪鍙?1
2026-04-17 15:30:58,887 [Router2] INFO: 鏀跺埌鏂扮殑LSA锛屾簮=3, 搴忓垪鍙?3
2026-04-17 15:30:58,888 [Router10] INFO: 鏀跺埌鏂扮殑LSA锛屾簮=11, 搴忓垪鍙?2
2026-04-17 15:30:58,888 [Router3] INFO: 鏀跺埌鏂扮殑LSA锛屾簮=6, 搴忓垪鍙?2
2026-04-17 15:30:58,889 [Router5] INFO: 鏀跺埌鏂扮殑LSA锛屾簮=7, 搴忓垪鍙?3
2026-04-17 15:30:58,889 [Router7] INFO: 閭绘帴璺敱鍣?9 Up浜嬩欢
2026-04-17 15:30:58,889 [Router6] INFO: 鏀跺埌鏂扮殑LSA锛屾簮=9, 搴忓垪鍙?2
2026-04-17 15:30:58,890 [Router11] INFO: 鏀跺埌鏂扮殑LSA锛屾簮=5, 搴忓垪鍙?3
2026-04-17 15:30:58,891 [Router4] INFO: 鏀跺埌鏂扮殑LSA锛屾簮=5, 搴忓垪鍙?3
2026-04-17 15:30:58,892 [Router12] INFO: 鏀跺埌鏂扮殑LSA锛屾簮=2, 搴忓垪鍙?3
2026-04-17 15:30:58,892 [Router9] INFO: 鏀跺埌鏂扮殑LSA锛屾簮=7, 搴忓垪鍙?3
2026-04-17 15:30:58,892 [Router8] INFO: 鏀跺埌鏂扮殑LSA锛屾簮=7, 搴忓垪鍙?2
2026-04-17 15:30:58,893 [Router1] INFO: 鏀跺埌鏂扮殑LSA锛屾簮=12, 搴忓垪鍙?0
2026-04-17 15:30:58,893 [Router2] INFO: 鏀跺埌鏂扮殑LSA锛屾簮=6, 搴忓垪鍙?2
2026-04-17 15:30:58,894 [Router10] INFO: 鏀跺埌鏂扮殑LSA锛屾簮=4, 搴忓垪鍙?1
2026-04-17 15:30:58,894 [Router3] INFO: 鏀跺埌鏂扮殑LSA锛屾簮=4, 搴忓垪鍙?2
2026-04-17 15:30:58,894 [Router5] INFO: 鏀跺埌鏂扮殑LSA锛屾簮=9, 搴忓垪鍙?2
2026-04-17 15:30:58,895 [Router7] INFO: 鏀跺埌鏂扮殑LSA锛屾簮=12, 搴忓垪鍙?2
2026-04-17 15:30:58,896 [Router6] INFO: 鏀跺埌鏂扮殑LSA锛屾簮=3, 搴忓垪鍙?2
2026-04-17 15:30:58,896 [Router11] INFO: 鏀跺埌鏂扮殑LSA锛屾簮=4, 搴忓垪鍙?2
2026-04-17 15:30:58,896 [Router4] INFO: 鏀跺埌鏂扮殑LSA锛屾簮=3, 搴忓垪鍙?3
2026-04-17 15:30:58,897 [Router12] INFO: 鏀跺埌鏂扮殑LSA锛屾簮=5, 搴忓垪鍙?3
2026-04-17 15:30:58,898 [Router9] INFO: 鏀跺埌鏂扮殑LSA锛屾簮=6, 搴忓垪鍙?3
2026-04-17 15:30:58,898 [Router8] INFO: 鏀跺埌鏂扮殑LSA锛屾簮=12, 搴忓垪鍙?2
2026-04-17 15:30:58,899 [Router1] INFO: 鏀跺埌鏂扮殑LSA锛屾簮=10, 搴忓垪鍙?0
2026-04-17 15:30:58,899 [Router2] INFO: 鏀跺埌鏂扮殑LSA锛屾簮=9, 搴忓垪鍙?1
2026-04-17 15:30:58,900 [Router10] INFO: 鏀跺埌鏂扮殑LSA锛屾簮=8, 搴忓垪鍙?3
2026-04-17 15:30:58,900 [Router3] INFO: 鏀跺埌鏂扮殑LSA锛屾簮=9, 搴忓垪鍙?1
2026-04-17 15:30:58,900 [Router5] INFO: 鏀跺埌鏂扮殑LSA锛屾簮=12, 搴忓垪鍙?2
2026-04-17 15:30:58,900 [Router7] INFO: 鏀跺埌鏂扮殑LSA锛屾簮=11, 搴忓垪鍙?0
2026-04-17 15:30:58,902 [Router6] INFO: 鏀跺埌鏂扮殑LSA锛屾簮=2, 搴忓垪鍙?3
2026-04-17 15:30:58,902 [Router11] INFO: 鏀跺埌鏂扮殑LSA锛屾簮=4, 搴忓垪鍙?3
2026-04-17 15:30:58,903 [Router4] INFO: 鏀跺埌鏂扮殑LSA锛屾簮=11, 搴忓垪鍙?2
2026-04-17 15:30:58,903 [Router12] INFO: 鏀跺埌鏂扮殑LSA锛屾簮=3, 搴忓垪鍙?2
2026-04-17 15:30:58,904 [Router9] INFO: 鏀跺埌鏂扮殑LSA锛屾簮=1, 搴忓垪鍙?2
2026-04-17 15:30:58,904 [Router8] INFO: 鏀跺埌鏂扮殑LSA锛屾簮=5, 搴忓垪鍙?1
2026-04-17 15:30:58,904 [Router1] INFO: 鏀跺埌鏂扮殑LSA锛屾簮=5, 搴忓垪鍙?2
2026-04-17 15:30:58,905 [Router2] INFO: 鏀跺埌鏂扮殑LSA锛屾簮=6, 搴忓垪鍙?3
2026-04-17 15:30:58,905 [Router10] INFO: 鏀跺埌鏂扮殑LSA锛屾簮=2, 搴忓垪鍙?2
2026-04-17 15:30:58,906 [Router3] INFO: 鏀跺埌鏂扮殑LSA锛屾簮=7, 搴忓垪鍙?2
2026-04-17 15:30:58,907 [Router5] INFO: 鏀跺埌鏂扮殑LSA锛屾簮=8, 搴忓垪鍙?1
2026-04-17 15:30:58,907 [Router7] INFO: 鏀跺埌鏂扮殑LSA锛屾簮=10, 搴忓垪鍙?1
2026-04-17 15:30:58,907 [Router6] INFO: 鏀跺埌鏂扮殑LSA锛屾簮=3, 搴忓垪鍙?3
2026-04-17 15:30:58,908 [Router11] INFO: 鏀跺埌鏂扮殑LSA锛屾簮=3, 搴忓垪鍙?3
2026-04-17 15:30:58,909 [Router4] INFO: 鏀跺埌鏂扮殑LSA锛屾簮=10, 搴忓垪鍙?2
2026-04-17 15:30:58,909 [Router12] INFO: 鏀跺埌鏂扮殑LSA锛屾簮=3, 搴忓垪鍙?3
2026-04-17 15:30:58,910 [Router9] INFO: 鏀跺埌鏂扮殑LSA锛屾簮=7, 搴忓垪鍙?4
2026-04-17 15:30:58,910 [Router8] INFO: 鏀跺埌鏂扮殑LSA锛屾簮=1, 搴忓垪鍙?2
2026-04-17 15:30:58,911 [Router1] INFO: 鏀跺埌鏂扮殑LSA锛屾簮=9, 搴忓垪鍙?1
2026-04-17 15:30:58,911 [Router2] INFO: 鏀跺埌鏂扮殑LSA锛屾簮=7, 搴忓垪鍙?3
2026-04-17 15:30:58,911 [Router10] INFO: 鏀跺埌鏂扮殑LSA锛屾簮=4, 搴忓垪鍙?2
2026-04-17 15:30:58,912 [Router3] INFO: 鏀跺埌鏂扮殑LSA锛屾簮=2, 搴忓垪鍙?3
2026-04-17 15:30:58,912 [Router5] INFO: 鏀跺埌鏂扮殑LSA锛屾簮=8, 搴忓垪鍙?2
2026-04-17 15:30:58,913 [Router7] INFO: 鏀跺埌鏂扮殑LSA锛屾簮=1, 搴忓垪鍙?2
2026-04-17 15:30:58,913 [Router6] INFO: 鏀跺埌鏂扮殑LSA锛屾簮=10, 搴忓垪鍙?2
2026-04-17 15:30:58,914 [Router11] INFO: 鏀跺埌鏂扮殑LSA锛屾簮=8, 搴忓垪鍙?3
2026-04-17 15:30:58,914 [Router4] INFO: 鏀跺埌鏂扮殑LSA锛屾簮=12, 搴忓垪鍙?2
2026-04-17 15:30:58,915 [Router12] INFO: 鏀跺埌鏂扮殑LSA锛屾簮=7, 搴忓垪鍙?4
2026-04-17 15:30:58,915 [Router9] INFO: 鏀跺埌鏂扮殑LSA锛屾簮=5, 搴忓垪鍙?3
2026-04-17 15:30:58,915 [Router8] INFO: 鏀跺埌鏂扮殑LSA锛屾簮=11, 搴忓垪鍙?0
2026-04-17 15:30:58,916 [Router1] INFO: 鏀跺埌鏂扮殑LSA锛屾簮=10, 搴忓垪鍙?1
2026-04-17 15:30:58,917 [Router2] INFO: 鏀跺埌鏂扮殑LSA锛屾簮=9, 搴忓垪鍙?2
2026-04-17 15:30:58,918 [Router10] INFO: 鏀跺埌鏂扮殑LSA锛屾簮=2, 搴忓垪鍙?3
2026-04-17 15:30:58,918 [Router3] INFO: 鏀跺埌鏂扮殑LSA锛屾簮=10, 搴忓垪鍙?1
2026-04-17 15:30:58,918 [Router5] INFO: 鏀跺埌鏂扮殑LSA锛屾簮=2, 搴忓垪鍙?3
2026-04-17 15:30:58,918 [Router7] INFO: 鏀跺埌鏂扮殑LSA锛屾簮=10, 搴忓垪鍙?2
2026-04-17 15:30:58,919 [Router6] INFO: 鏀跺埌鏂扮殑LSA锛屾簮=9, 搴忓垪鍙?3
2026-04-17 15:30:58,919 [Router11] INFO: 鏀跺埌鏂扮殑LSA锛屾簮=2, 搴忓垪鍙?3
2026-04-17 15:30:58,920 [Router4] INFO: 鏀跺埌鏂扮殑LSA锛屾簮=10, 搴忓垪鍙?3
2026-04-17 15:30:58,921 [Router12] INFO: 鏀跺埌鏂扮殑LSA锛屾簮=8, 搴忓垪鍙?3
2026-04-17 15:30:58,921 [Router9] INFO: 鏀跺埌鏂扮殑LSA锛屾簮=3, 搴忓垪鍙?3
2026-04-17 15:30:58,922 [Router8] INFO: 鏀跺埌鏂扮殑LSA锛屾簮=11, 搴忓垪鍙?1
2026-04-17 15:30:58,922 [Router1] INFO: 鏀跺埌鏂扮殑LSA锛屾簮=7, 搴忓垪鍙?3
2026-04-17 15:30:58,923 [Router2] INFO: 鏀跺埌鏂扮殑LSA锛屾簮=8, 搴忓垪鍙?1
2026-04-17 15:30:58,924 [Router3] INFO: 鏀跺埌鏂扮殑LSA锛屾簮=12, 搴忓垪鍙?0
2026-04-17 15:30:58,924 [Router5] INFO: 鏀跺埌鏂扮殑LSA锛屾簮=11, 搴忓垪鍙?0
2026-04-17 15:30:58,925 [Router10] INFO: 鏀跺埌鏂扮殑LSA锛屾簮=4, 搴忓垪鍙?3
2026-04-17 15:30:58,925 [Router7] INFO: 鏀跺埌鏂扮殑LSA锛屾簮=10, 搴忓垪鍙?3
2026-04-17 15:30:58,926 [Router6] INFO: 鏀跺埌鏂扮殑LSA锛屾簮=12, 搴忓垪鍙?1
2026-04-17 15:30:58,926 [Router11] INFO: 鏀跺埌鏂扮殑LSA锛屾簮=1, 搴忓垪鍙?2
2026-04-17 15:30:58,927 [Router4] INFO: 鏀跺埌鏂扮殑LSA锛屾簮=8, 搴忓垪鍙?2
2026-04-17 15:30:58,927 [Router12] INFO: 鏀跺埌鏂扮殑LSA锛屾簮=4, 搴忓垪鍙?3
2026-04-17 15:30:58,928 [Router9] INFO: 鏀跺埌鏂扮殑LSA锛屾簮=2, 搴忓垪鍙?3
2026-04-17 15:30:58,929 [Router8] INFO: 鏀跺埌鏂扮殑LSA锛屾簮=5, 搴忓垪鍙?2
2026-04-17 15:30:58,929 [Router1] INFO: 鏀跺埌鏂扮殑LSA锛屾簮=8, 搴忓垪鍙?2
2026-04-17 15:30:58,929 [Router2] INFO: 鏀跺埌鏂扮殑LSA锛屾簮=9, 搴忓垪鍙?3
2026-04-17 15:30:58,929 [Router5] INFO: 鏀跺埌鏂扮殑LSA锛屾簮=11, 搴忓垪鍙?1
2026-04-17 15:30:58,929 [Router3] INFO: 鏀跺埌鏂扮殑LSA锛屾簮=8, 搴忓垪鍙?2
2026-04-17 15:30:58,929 [Router10] INFO: 鏀跺埌鏂扮殑LSA锛屾簮=1, 搴忓垪鍙?2
2026-04-17 15:30:58,929 [Router6] INFO: 鏀跺埌鏂扮殑LSA锛屾簮=4, 搴忓垪鍙?3
2026-04-17 15:30:58,929 [Router7] INFO: 鏀跺埌鏂扮殑LSA锛屾簮=5, 搴忓垪鍙?3
2026-04-17 15:30:58,929 [Router11] INFO: 鏀跺埌鏂扮殑LSA锛屾簮=7, 搴忓垪鍙?4
2026-04-17 15:30:58,929 [Router4] INFO: 鏀跺埌鏂扮殑LSA锛屾簮=7, 搴忓垪鍙?3
2026-04-17 15:30:58,929 [Router12] INFO: 鏀跺埌鏂扮殑LSA锛屾簮=1, 搴忓垪鍙?2
2026-04-17 15:30:58,929 [Router8] INFO: 鏀跺埌鏂扮殑LSA锛屾簮=11, 搴忓垪鍙?2
2026-04-17 15:30:58,937 [Router1] INFO: 鏀跺埌鏂扮殑LSA锛屾簮=9, 搴忓垪鍙?2
2026-04-17 15:30:58,938 [Router2] INFO: 鏀跺埌鏂扮殑LSA锛屾簮=12, 搴忓垪鍙?1
2026-04-17 15:30:58,939 [Router5] INFO: 鏀跺埌鏂扮殑LSA锛屾簮=1, 搴忓垪鍙?2
2026-04-17 15:30:58,939 [Router3] INFO: 鏀跺埌鏂扮殑LSA锛屾簮=6, 搴忓垪鍙?3
2026-04-17 15:30:58,940 [Router10] INFO: 鏀跺埌鏂扮殑LSA锛屾簮=7, 搴忓垪鍙?4
2026-04-17 15:30:58,940 [Router6] INFO: 鏀跺埌鏂扮殑LSA锛屾簮=8, 搴忓垪鍙?3
2026-04-17 15:30:58,941 [Router7] INFO: 鏀跺埌鏂扮殑LSA锛屾簮=3, 搴忓垪鍙?3
2026-04-17 15:30:58,941 [Router4] INFO: 鏀跺埌鏂扮殑LSA锛屾簮=8, 搴忓垪鍙?3
2026-04-17 15:30:58,943 [Router8] INFO: 鏀跺埌鏂扮殑LSA锛屾簮=2, 搴忓垪鍙?2
2026-04-17 15:30:58,944 [Router1] INFO: 鏀跺埌鏂扮殑LSA锛屾簮=10, 搴忓垪鍙?2
2026-04-17 15:30:58,946 [Router5] INFO: 鏀跺埌鏂扮殑LSA锛屾簮=9, 搴忓垪鍙?3
2026-04-17 15:30:58,946 [Router3] INFO: 鏀跺埌鏂扮殑LSA锛屾簮=9, 搴忓垪鍙?2
2026-04-17 15:30:58,946 [Router2] INFO: 鏀跺埌鏂扮殑LSA锛屾簮=4, 搴忓垪鍙?3
2026-04-17 15:30:58,947 [Router7] INFO: 鏀跺埌鏂扮殑LSA锛屾簮=11, 搴忓垪鍙?1
2026-04-17 15:30:58,948 [Router6] INFO: 鏀跺埌鏂扮殑LSA锛屾簮=10, 搴忓垪鍙?3
2026-04-17 15:30:58,949 [Router8] INFO: 鏀跺埌鏂扮殑LSA锛屾簮=5, 搴忓垪鍙?3
2026-04-17 15:30:58,950 [Router4] INFO: 鏀跺埌鏂扮殑LSA锛屾簮=7, 搴忓垪鍙?4
2026-04-17 15:30:58,950 [Router5] INFO: 鏀跺埌鏂扮殑LSA锛屾簮=4, 搴忓垪鍙?3
2026-04-17 15:30:58,951 [Router3] INFO: 鏀跺埌鏂扮殑LSA锛屾簮=5, 搴忓垪鍙?3
2026-04-17 15:30:58,952 [Router1] INFO: 鏀跺埌鏂扮殑LSA锛屾簮=9, 搴忓垪鍙?3
2026-04-17 15:30:58,952 [Router2] INFO: 鏀跺埌鏂扮殑LSA锛屾簮=10, 搴忓垪鍙?0
2026-04-17 15:30:58,953 [Router7] INFO: 鏀跺埌鏂扮殑LSA锛屾簮=11, 搴忓垪鍙?2
2026-04-17 15:30:58,954 [Router6] INFO: 鏀跺埌鏂扮殑LSA锛屾簮=7, 搴忓垪鍙?4
2026-04-17 15:30:58,954 [Router8] INFO: 鏀跺埌鏂扮殑LSA锛屾簮=7, 搴忓垪鍙?3
2026-04-17 15:30:58,955 [Router5] INFO: 鏀跺埌鏂扮殑LSA锛屾簮=7, 搴忓垪鍙?4
2026-04-17 15:30:58,956 [Router3] INFO: 鏀跺埌鏂扮殑LSA锛屾簮=10, 搴忓垪鍙?2
2026-04-17 15:30:58,957 [Router1] INFO: 鏀跺埌鏂扮殑LSA锛屾簮=12, 搴忓垪鍙?1
2026-04-17 15:30:58,957 [Router2] INFO: 鏀跺埌鏂扮殑LSA锛屾簮=10, 搴忓垪鍙?1
2026-04-17 15:30:58,958 [Router7] INFO: 鏀跺埌鏂扮殑LSA锛屾簮=8, 搴忓垪鍙?2
2026-04-17 15:30:58,958 [Router6] INFO: 鏀跺埌鏂扮殑LSA锛屾簮=5, 搴忓垪鍙?3
2026-04-17 15:30:58,959 [Router8] INFO: 鏀跺埌鏂扮殑LSA锛屾簮=4, 搴忓垪鍙?3
2026-04-17 15:30:58,960 [Router5] INFO: 鏀跺埌鏂扮殑LSA锛屾簮=11, 搴忓垪鍙?2
2026-04-17 15:30:58,960 [Router3] INFO: 鏀跺埌鏂扮殑LSA锛屾簮=9, 搴忓垪鍙?3
2026-04-17 15:30:58,960 [Router1] INFO: 鏀跺埌鏂扮殑LSA锛屾簮=4, 搴忓垪鍙?3
2026-04-17 15:30:58,961 [Router2] INFO: 鏀跺埌鏂扮殑LSA锛屾簮=7, 搴忓垪鍙?4
2026-04-17 15:30:58,962 [Router7] INFO: 鏀跺埌鏂扮殑LSA锛屾簮=4, 搴忓垪鍙?3
2026-04-17 15:30:58,962 [Router6] INFO: 鏀跺埌鏂扮殑LSA锛屾簮=12, 搴忓垪鍙?2
2026-04-17 15:30:58,962 [Router8] INFO: 鏀跺埌鏂扮殑LSA锛屾簮=2, 搴忓垪鍙?3
2026-04-17 15:30:58,962 [Router5] INFO: 鏀跺埌鏂扮殑LSA锛屾簮=8, 搴忓垪鍙?3
2026-04-17 15:30:58,962 [Router3] INFO: 鏀跺埌鏂扮殑LSA锛屾簮=8, 搴忓垪鍙?3
2026-04-17 15:30:58,962 [Router1] INFO: 鏀跺埌鏂扮殑LSA锛屾簮=8, 搴忓垪鍙?3
2026-04-17 15:30:58,962 [Router2] INFO: 鏀跺埌鏂扮殑LSA锛屾簮=5, 搴忓垪鍙?3
2026-04-17 15:30:58,962 [Router7] INFO: 鏀跺埌鏂扮殑LSA锛屾簮=8, 搴忓垪鍙?3
2026-04-17 15:30:58,962 [Router6] INFO: 鏀跺埌鏂扮殑LSA锛屾簮=11, 搴忓垪鍙?0
2026-04-17 15:30:58,962 [Router8] INFO: 鏀跺埌鏂扮殑LSA锛屾簮=7, 搴忓垪鍙?4
2026-04-17 15:30:58,970 [Router3] INFO: 鏀跺埌鏂扮殑LSA锛屾簮=10, 搴忓垪鍙?3
2026-04-17 15:30:58,970 [Router1] INFO: 鏀跺埌鏂扮殑LSA锛屾簮=10, 搴忓垪鍙?3
2026-04-17 15:30:58,971 [Router2] INFO: 鏀跺埌鏂扮殑LSA锛屾簮=12, 搴忓垪鍙?2
2026-04-17 15:30:58,973 [Router6] INFO: 鏀跺埌鏂扮殑LSA锛屾簮=11, 搴忓垪鍙?2
2026-04-17 15:30:58,975 [Router3] INFO: 鏀跺埌鏂扮殑LSA锛屾簮=7, 搴忓垪鍙?3
2026-04-17 15:30:58,975 [Router1] INFO: 鏀跺埌鏂扮殑LSA锛屾簮=5, 搴忓垪鍙?3
2026-04-17 15:30:58,976 [Router2] INFO: 鏀跺埌鏂扮殑LSA锛屾簮=11, 搴忓垪鍙?0
2026-04-17 15:30:58,978 [Router3] INFO: 鏀跺埌鏂扮殑LSA锛屾簮=12, 搴忓垪鍙?2
2026-04-17 15:30:58,979 [Router1] INFO: 鏀跺埌鏂扮殑LSA锛屾簮=7, 搴忓垪鍙?4
2026-04-17 15:30:58,979 [Router2] INFO: 鏀跺埌鏂扮殑LSA锛屾簮=11, 搴忓垪鍙?2
2026-04-17 15:30:58,981 [Router3] INFO: 鏀跺埌鏂扮殑LSA锛屾簮=11, 搴忓垪鍙?0
2026-04-17 15:30:58,982 [Router1] INFO: 鏀跺埌鏂扮殑LSA锛屾簮=12, 搴忓垪鍙?2
2026-04-17 15:30:58,982 [Router2] INFO: 鏀跺埌鏂扮殑LSA锛屾簮=10, 搴忓垪鍙?2
2026-04-17 15:30:58,983 [Router3] INFO: 鏀跺埌鏂扮殑LSA锛屾簮=11, 搴忓垪鍙?1
2026-04-17 15:30:58,983 [Router1] INFO: 鏀跺埌鏂扮殑LSA锛屾簮=11, 搴忓垪鍙?0
2026-04-17 15:30:58,984 [Router2] INFO: 鏀跺埌鏂扮殑LSA锛屾簮=10, 搴忓垪鍙?3
2026-04-17 15:30:58,984 [Router3] INFO: 鏀跺埌鏂扮殑LSA锛屾簮=11, 搴忓垪鍙?2
2026-04-17 15:30:58,985 [Router1] INFO: 鏀跺埌鏂扮殑LSA锛屾簮=11, 搴忓垪鍙?2
2026-04-17 15:30:58,985 [Router2] INFO: 鏀跺埌鏂扮殑LSA锛屾簮=8, 搴忓垪鍙?2
2026-04-17 15:30:58,986 [Router3] INFO: 鏀跺埌鏂扮殑LSA锛屾簮=4, 搴忓垪鍙?3
2026-04-17 15:30:58,987 [Router2] INFO: 鏀跺埌鏂扮殑LSA锛屾簮=8, 搴忓垪鍙?3
2026-04-17 15:30:58,989 [Router3] INFO: 鏀跺埌鏂扮殑LSA锛屾簮=7, 搴忓垪鍙?4
2026-04-17 15:30:59,003 [Router2] INFO: Dijkstra璁＄畻瀹屾垚锛岃绠楁椂闂?0.171ms
2026-04-17 15:30:59,003 [Router6] INFO: Dijkstra璁＄畻瀹屾垚锛岃绠楁椂闂?0.036ms
2026-04-17 15:30:59,003 [Router4] INFO: Dijkstra璁＄畻瀹屾垚锛岃绠楁椂闂?0.037ms
2026-04-17 15:30:59,003 [Router5] INFO: Dijkstra璁＄畻瀹屾垚锛岃绠楁椂闂?0.034ms
2026-04-17 15:30:59,004 [Router1] INFO: Dijkstra璁＄畻瀹屾垚锛岃绠楁椂闂?0.033ms
2026-04-17 15:30:59,018 [Router9] INFO: Dijkstra璁＄畻瀹屾垚锛岃绠楁椂闂?0.047ms
2026-04-17 15:30:59,029 [Router8] INFO: Dijkstra璁＄畻瀹屾垚锛岃绠楁椂闂?0.034ms
2026-04-17 15:30:59,029 [Router12] INFO: Dijkstra璁＄畻瀹屾垚锛岃绠楁椂闂?0.056ms
2026-04-17 15:30:59,029 [Router11] INFO: Dijkstra璁＄畻瀹屾垚锛岃绠楁椂闂?0.035ms
2026-04-17 15:30:59,044 [Router7] INFO: Dijkstra璁＄畻瀹屾垚锛岃绠楁椂闂?0.041ms
2026-04-17 15:30:59,044 [Router10] INFO: Dijkstra璁＄畻瀹屾垚锛岃绠楁椂闂?0.039ms
2026-04-17 15:30:59,045 [Router3] INFO: Dijkstra璁＄畻瀹屾垚锛岃绠楁椂闂?0.034ms
2026-04-17 15:31:02,993 [Router2] INFO: 鏀跺埌鏂扮殑LSA锛屾簮=1, 搴忓垪鍙?3
2026-04-17 15:31:02,993 [Router2] INFO: Dijkstra璁＄畻瀹屾垚锛岃绠楁椂闂?0.036ms
2026-04-17 15:31:02,993 [Router4] INFO: 鏀跺埌鏂扮殑LSA锛屾簮=2, 搴忓垪鍙?4
2026-04-17 15:31:02,993 [Router1] INFO: 鏀跺埌鏂扮殑LSA锛屾簮=2, 搴忓垪鍙?4
2026-04-17 15:31:02,994 [Router4] INFO: Dijkstra璁＄畻瀹屾垚锛岃绠楁椂闂?0.045ms
2026-04-17 15:31:02,994 [Router1] INFO: Dijkstra璁＄畻瀹屾垚锛岃绠楁椂闂?0.033ms
2026-04-17 15:31:02,995 [Router6] INFO: 鏀跺埌鏂扮殑LSA锛屾簮=1, 搴忓垪鍙?3
2026-04-17 15:31:02,995 [Router5] INFO: 鏀跺埌鏂扮殑LSA锛屾簮=2, 搴忓垪鍙?4
2026-04-17 15:31:02,995 [Router7] INFO: 鏀跺埌鏂扮殑LSA锛屾簮=2, 搴忓垪鍙?4
2026-04-17 15:31:02,996 [Router6] INFO: Dijkstra璁＄畻瀹屾垚锛岃绠楁椂闂?0.038ms
2026-04-17 15:31:02,996 [Router4] INFO: 鏀跺埌鏂扮殑LSA锛屾簮=1, 搴忓垪鍙?3
2026-04-17 15:31:02,996 [Router3] INFO: 鏀跺埌鏂扮殑LSA锛屾簮=1, 搴忓垪鍙?3
2026-04-17 15:31:02,996 [Router5] INFO: Dijkstra璁＄畻瀹屾垚锛岃绠楁椂闂?0.031ms
2026-04-17 15:31:02,997 [Router7] INFO: Dijkstra璁＄畻瀹屾垚锛岃绠楁椂闂?0.037ms
2026-04-17 15:31:02,997 [Router6] INFO: 鏀跺埌鏂扮殑LSA锛屾簮=2, 搴忓垪鍙?4
2026-04-17 15:31:02,998 [Router8] INFO: 鏀跺埌鏂扮殑LSA锛屾簮=1, 搴忓垪鍙?3
2026-04-17 15:31:02,998 [Router3] INFO: Dijkstra璁＄畻瀹屾垚锛岃绠楁椂闂?0.036ms
2026-04-17 15:31:02,999 [Router9] INFO: 鏀跺埌鏂扮殑LSA锛屾簮=2, 搴忓垪鍙?4
2026-04-17 15:31:02,999 [Router12] INFO: 鏀跺埌鏂扮殑LSA锛屾簮=2, 搴忓垪鍙?4
2026-04-17 15:31:02,999 [Router5] INFO: 鏀跺埌鏂扮殑LSA锛屾簮=1, 搴忓垪鍙?3
2026-04-17 15:31:02,999 [Router10] INFO: 鏀跺埌鏂扮殑LSA锛屾簮=2, 搴忓垪鍙?4
2026-04-17 15:31:03,000 [Router7] INFO: 鏀跺埌鏂扮殑LSA锛屾簮=1, 搴忓垪鍙?3
2026-04-17 15:31:03,000 [Router8] INFO: Dijkstra璁＄畻瀹屾垚锛岃绠楁椂闂?0.031ms
2026-04-17 15:31:03,001 [Router3] INFO: 鏀跺埌鏂扮殑LSA锛屾簮=2, 搴忓垪鍙?4
2026-04-17 15:31:03,002 [Router9] INFO: Dijkstra璁＄畻瀹屾垚锛岃绠楁椂闂?0.033ms
2026-04-17 15:31:03,002 [Router12] INFO: Dijkstra璁＄畻瀹屾垚锛岃绠楁椂闂?0.033ms
2026-04-17 15:31:03,002 [Router10] INFO: Dijkstra璁＄畻瀹屾垚锛岃绠楁椂闂?0.035ms
2026-04-17 15:31:03,002 [Router11] INFO: 鏀跺埌鏂扮殑LSA锛屾簮=2, 搴忓垪鍙?4
2026-04-17 15:31:03,002 [Router8] INFO: 鏀跺埌鏂扮殑LSA锛屾簮=2, 搴忓垪鍙?4
2026-04-17 15:31:03,002 [Router9] INFO: 鏀跺埌鏂扮殑LSA锛屾簮=1, 搴忓垪鍙?3
2026-04-17 15:31:03,002 [Router12] INFO: 鏀跺埌鏂扮殑LSA锛屾簮=1, 搴忓垪鍙?3
2026-04-17 15:31:03,002 [Router10] INFO: 鏀跺埌鏂扮殑LSA锛屾簮=1, 搴忓垪鍙?3
2026-04-17 15:31:03,002 [Router11] INFO: Dijkstra璁＄畻瀹屾垚锛岃绠楁椂闂?0.034ms
2026-04-17 15:31:03,002 [Router11] INFO: 鏀跺埌鏂扮殑LSA锛屾簮=1, 搴忓垪鍙?3
2026-04-17 15:31:03,011 [Router3] INFO: 鏀跺埌鏂扮殑LSA锛屾簮=5, 搴忓垪鍙?4
2026-04-17 15:31:03,011 [Router2] INFO: 鏀跺埌鏂扮殑LSA锛屾簮=4, 搴忓垪鍙?4
2026-04-17 15:31:03,011 [Router10] INFO: 鏀跺埌鏂扮殑LSA锛屾簮=8, 搴忓垪鍙?4
2026-04-17 15:31:03,012 [Router3] INFO: 鏀跺埌鏂扮殑LSA锛屾簮=8, 搴忓垪鍙?4
2026-04-17 15:31:03,012 [Router9] INFO: 鏀跺埌鏂扮殑LSA锛屾簮=8, 搴忓垪鍙?4
2026-04-17 15:31:03,012 [Router6] INFO: 鏀跺埌鏂扮殑LSA锛屾簮=8, 搴忓垪鍙?4
2026-04-17 15:31:03,012 [Router5] INFO: 鏀跺埌鏂扮殑LSA锛屾簮=7, 搴忓垪鍙?5
2026-04-17 15:31:03,013 [Router8] INFO: 鏀跺埌鏂扮殑LSA锛屾簮=10, 搴忓垪鍙?4
2026-04-17 15:31:03,013 [Router1] INFO: 鏀跺埌鏂扮殑LSA锛屾簮=3, 搴忓垪鍙?4
2026-04-17 15:31:03,013 [Router4] INFO: 鏀跺埌鏂扮殑LSA锛屾簮=6, 搴忓垪鍙?4
2026-04-17 15:31:03,014 [Router7] INFO: 鏀跺埌鏂扮殑LSA锛屾簮=6, 搴忓垪鍙?4
2026-04-17 15:31:03,014 [Router2] INFO: 鏀跺埌鏂扮殑LSA锛屾簮=7, 搴忓垪鍙?5
2026-04-17 15:31:03,014 [Router11] INFO: 鏀跺埌鏂扮殑LSA锛屾簮=10, 搴忓垪鍙?4
2026-04-17 15:31:03,014 [Router12] INFO: 鏀跺埌鏂扮殑LSA锛屾簮=7, 搴忓垪鍙?5
2026-04-17 15:31:03,015 [Router10] INFO: 鏀跺埌鏂扮殑LSA锛屾簮=5, 搴忓垪鍙?4
2026-04-17 15:31:03,015 [Router3] INFO: 鏀跺埌鏂扮殑LSA锛屾簮=4, 搴忓垪鍙?4
2026-04-17 15:31:03,016 [Router9] INFO: 鏀跺埌鏂扮殑LSA锛屾簮=7, 搴忓垪鍙?5
2026-04-17 15:31:03,016 [Router6] INFO: 鏀跺埌鏂扮殑LSA锛屾簮=7, 搴忓垪鍙?5
2026-04-17 15:31:03,017 [Router5] INFO: 鏀跺埌鏂扮殑LSA锛屾簮=4, 搴忓垪鍙?4
2026-04-17 15:31:03,017 [Router8] INFO: 鏀跺埌鏂扮殑LSA锛屾簮=6, 搴忓垪鍙?4
2026-04-17 15:31:03,017 [Router1] INFO: 鏀跺埌鏂扮殑LSA锛屾簮=6, 搴忓垪鍙?4
2026-04-17 15:31:03,018 [Router4] INFO: 鏀跺埌鏂扮殑LSA锛屾簮=5, 搴忓垪鍙?4
2026-04-17 15:31:03,018 [Router7] INFO: 鏀跺埌鏂扮殑LSA锛屾簮=5, 搴忓垪鍙?4
2026-04-17 15:31:03,018 [Router2] INFO: 鏀跺埌鏂扮殑LSA锛屾簮=3, 搴忓垪鍙?4
2026-04-17 15:31:03,019 [Router11] INFO: 鏀跺埌鏂扮殑LSA锛屾簮=9, 搴忓垪鍙?4
2026-04-17 15:31:03,019 [Router12] INFO: 鏀跺埌鏂扮殑LSA锛屾簮=10, 搴忓垪鍙?4
2026-04-17 15:31:03,020 [Router10] INFO: 鏀跺埌鏂扮殑LSA锛屾簮=11, 搴忓垪鍙?3
2026-04-17 15:31:03,020 [Router3] INFO: 鏀跺埌鏂扮殑LSA锛屾簮=7, 搴忓垪鍙?5
2026-04-17 15:31:03,021 [Router9] INFO: 鏀跺埌鏂扮殑LSA锛屾簮=11, 搴忓垪鍙?3
2026-04-17 15:31:03,021 [Router6] INFO: 鏀跺埌鏂扮殑LSA锛屾簮=4, 搴忓垪鍙?4
2026-04-17 15:31:03,021 [Router5] INFO: 鏀跺埌鏂扮殑LSA锛屾簮=10, 搴忓垪鍙?4
2026-04-17 15:31:03,022 [Router8] INFO: 鏀跺埌鏂扮殑LSA锛屾簮=9, 搴忓垪鍙?4
2026-04-17 15:31:03,023 [Router1] INFO: 鏀跺埌鏂扮殑LSA锛屾簮=4, 搴忓垪鍙?4
2026-04-17 15:31:03,023 [Router4] INFO: 鏀跺埌鏂扮殑LSA锛屾簮=9, 搴忓垪鍙?4
2026-04-17 15:31:03,023 [Router7] INFO: 鏀跺埌鏂扮殑LSA锛屾簮=9, 搴忓垪鍙?4
2026-04-17 15:31:03,023 [Router2] INFO: 鏀跺埌鏂扮殑LSA锛屾簮=5, 搴忓垪鍙?4
2026-04-17 15:31:03,024 [Router11] INFO: 鏀跺埌鏂扮殑LSA锛屾簮=8, 搴忓垪鍙?4
2026-04-17 15:31:03,024 [Router12] INFO: 鏀跺埌鏂扮殑LSA锛屾簮=8, 搴忓垪鍙?4
2026-04-17 15:31:03,025 [Router10] INFO: 鏀跺埌鏂扮殑LSA锛屾簮=7, 搴忓垪鍙?5
2026-04-17 15:31:03,025 [Router3] INFO: 鏀跺埌鏂扮殑LSA锛屾簮=10, 搴忓垪鍙?4
2026-04-17 15:31:03,025 [Router9] INFO: 鏀跺埌鏂扮殑LSA锛屾簮=4, 搴忓垪鍙?4
2026-04-17 15:31:03,026 [Router6] INFO: 鏀跺埌鏂扮殑LSA锛屾簮=10, 搴忓垪鍙?4
2026-04-17 15:31:03,027 [Router5] INFO: 鏀跺埌鏂扮殑LSA锛屾簮=8, 搴忓垪鍙?4
2026-04-17 15:31:03,027 [Router8] INFO: 鏀跺埌鏂扮殑LSA锛屾簮=3, 搴忓垪鍙?4
2026-04-17 15:31:03,027 [Router1] INFO: 鏀跺埌鏂扮殑LSA锛屾簮=5, 搴忓垪鍙?4
2026-04-17 15:31:03,027 [Router4] INFO: 鏀跺埌鏂扮殑LSA锛屾簮=8, 搴忓垪鍙?4
2026-04-17 15:31:03,028 [Router7] INFO: 鏀跺埌鏂扮殑LSA锛屾簮=4, 搴忓垪鍙?4
2026-04-17 15:31:03,028 [Router2] INFO: 鏀跺埌鏂扮殑LSA锛屾簮=8, 搴忓垪鍙?4
2026-04-17 15:31:03,029 [Router11] INFO: 鏀跺埌鏂扮殑LSA锛屾簮=5, 搴忓垪鍙?4
2026-04-17 15:31:03,030 [Router12] INFO: 鏀跺埌鏂扮殑LSA锛屾簮=11, 搴忓垪鍙?3
2026-04-17 15:31:03,030 [Router10] INFO: 鏀跺埌鏂扮殑LSA锛屾簮=4, 搴忓垪鍙?4
2026-04-17 15:31:03,030 [Router3] INFO: 鏀跺埌鏂扮殑LSA锛屾簮=6, 搴忓垪鍙?4
2026-04-17 15:31:03,031 [Router9] INFO: 鏀跺埌鏂扮殑LSA锛屾簮=10, 搴忓垪鍙?4
2026-04-17 15:31:03,031 [Router6] INFO: 鏀跺埌鏂扮殑LSA锛屾簮=3, 搴忓垪鍙?4
2026-04-17 15:31:03,031 [Router5] INFO: 鏀跺埌鏂扮殑LSA锛屾簮=3, 搴忓垪鍙?4
2026-04-17 15:31:03,032 [Router8] INFO: 鏀跺埌鏂扮殑LSA锛屾簮=5, 搴忓垪鍙?4
2026-04-17 15:31:03,032 [Router1] INFO: 鏀跺埌鏂扮殑LSA锛屾簮=8, 搴忓垪鍙?4
2026-04-17 15:31:03,033 [Router4] INFO: 鏀跺埌鏂扮殑LSA锛屾簮=7, 搴忓垪鍙?5
2026-04-17 15:31:03,034 [Router7] INFO: 鏀跺埌鏂扮殑LSA锛屾簮=8, 搴忓垪鍙?4
2026-04-17 15:31:03,034 [Router2] INFO: 鏀跺埌鏂扮殑LSA锛屾簮=6, 搴忓垪鍙?4
2026-04-17 15:31:03,034 [Router11] INFO: 鏀跺埌鏂扮殑LSA锛屾簮=7, 搴忓垪鍙?5
2026-04-17 15:31:03,035 [Router12] INFO: 鏀跺埌鏂扮殑LSA锛屾簮=6, 搴忓垪鍙?4
2026-04-17 15:31:03,035 [Router10] INFO: 鏀跺埌鏂扮殑LSA锛屾簮=6, 搴忓垪鍙?4
2026-04-17 15:31:03,036 [Router3] INFO: 鏀跺埌鏂扮殑LSA锛屾簮=9, 搴忓垪鍙?4
2026-04-17 15:31:03,036 [Router9] INFO: 鏀跺埌鏂扮殑LSA锛屾簮=6, 搴忓垪鍙?4
2026-04-17 15:31:03,037 [Router6] INFO: 鏀跺埌鏂扮殑LSA锛屾簮=5, 搴忓垪鍙?4
2026-04-17 15:31:03,037 [Router5] INFO: 鏀跺埌鏂扮殑LSA锛屾簮=6, 搴忓垪鍙?4
2026-04-17 15:31:03,038 [Router8] INFO: 鏀跺埌鏂扮殑LSA锛屾簮=7, 搴忓垪鍙?5
2026-04-17 15:31:03,038 [Router1] INFO: 鏀跺埌鏂扮殑LSA锛屾簮=7, 搴忓垪鍙?5
2026-04-17 15:31:03,039 [Router4] INFO: 鏀跺埌鏂扮殑LSA锛屾簮=3, 搴忓垪鍙?4
2026-04-17 15:31:03,040 [Router7] INFO: 鏀跺埌鏂扮殑LSA锛屾簮=3, 搴忓垪鍙?4
2026-04-17 15:31:03,040 [Router2] INFO: 鏀跺埌鏂扮殑LSA锛屾簮=9, 搴忓垪鍙?4
2026-04-17 15:31:03,041 [Router11] INFO: 鏀跺埌鏂扮殑LSA锛屾簮=12, 搴忓垪鍙?3
2026-04-17 15:31:03,041 [Router12] INFO: 鏀跺埌鏂扮殑LSA锛屾簮=5, 搴忓垪鍙?4
2026-04-17 15:31:03,042 [Router10] INFO: 鏀跺埌鏂扮殑LSA锛屾簮=9, 搴忓垪鍙?4
2026-04-17 15:31:03,043 [Router9] INFO: 鏀跺埌鏂扮殑LSA锛屾簮=5, 搴忓垪鍙?4
2026-04-17 15:31:03,044 [Router6] INFO: 鏀跺埌鏂扮殑LSA锛屾簮=9, 搴忓垪鍙?4
2026-04-17 15:31:03,044 [Router5] INFO: 鏀跺埌鏂扮殑LSA锛屾簮=11, 搴忓垪鍙?3
2026-04-17 15:31:03,045 [Router8] INFO: 鏀跺埌鏂扮殑LSA锛屾簮=4, 搴忓垪鍙?4
2026-04-17 15:31:03,046 [Router4] INFO: 鏀跺埌鏂扮殑LSA锛屾簮=11, 搴忓垪鍙?3
2026-04-17 15:31:03,047 [Router2] INFO: 鏀跺埌鏂扮殑LSA锛屾簮=10, 搴忓垪鍙?4
2026-04-17 15:31:03,047 [Router1] INFO: 鏀跺埌鏂扮殑LSA锛屾簮=10, 搴忓垪鍙?4
2026-04-17 15:31:03,047 [Router12] INFO: 鏀跺埌鏂扮殑LSA锛屾簮=9, 搴忓垪鍙?4
2026-04-17 15:31:03,048 [Router11] INFO: 鏀跺埌鏂扮殑LSA锛屾簮=4, 搴忓垪鍙?4
2026-04-17 15:31:03,048 [Router10] INFO: 鏀跺埌鏂扮殑LSA锛屾簮=12, 搴忓垪鍙?3
2026-04-17 15:31:03,048 [Router7] INFO: 鏀跺埌鏂扮殑LSA锛屾簮=10, 搴忓垪鍙?4
2026-04-17 15:31:03,049 [Router9] INFO: 鏀跺埌鏂扮殑LSA锛屾簮=3, 搴忓垪鍙?4
2026-04-17 15:31:03,050 [Router5] INFO: 鏀跺埌鏂扮殑LSA锛屾簮=9, 搴忓垪鍙?4
2026-04-17 15:31:03,051 [Router8] INFO: 鏀跺埌鏂扮殑LSA锛屾簮=11, 搴忓垪鍙?3
2026-04-17 15:31:03,051 [Router4] INFO: 鏀跺埌鏂扮殑LSA锛屾簮=10, 搴忓垪鍙?4
2026-04-17 15:31:03,052 [Router3] INFO: 鏀跺埌鏂扮殑LSA锛屾簮=11, 搴忓垪鍙?3
2026-04-17 15:31:03,053 [Router6] INFO: 鏀跺埌鏂扮殑LSA锛屾簮=11, 搴忓垪鍙?3
2026-04-17 15:31:03,053 [Router2] INFO: 鏀跺埌鏂扮殑LSA锛屾簮=11, 搴忓垪鍙?3
2026-04-17 15:31:03,053 [Router1] INFO: 鏀跺埌鏂扮殑LSA锛屾簮=9, 搴忓垪鍙?4
2026-04-17 15:31:03,054 [Router12] INFO: 鏀跺埌鏂扮殑LSA锛屾簮=4, 搴忓垪鍙?4
2026-04-17 15:31:03,055 [Router11] INFO: 鏀跺埌鏂扮殑LSA锛屾簮=6, 搴忓垪鍙?4
2026-04-17 15:31:03,055 [Router10] INFO: 鏀跺埌鏂扮殑LSA锛屾簮=3, 搴忓垪鍙?4
2026-04-17 15:31:03,055 [Router7] INFO: 鏀跺埌鏂扮殑LSA锛屾簮=11, 搴忓垪鍙?3
2026-04-17 15:31:03,055 [Router9] INFO: 鏀跺埌鏂扮殑LSA锛屾簮=12, 搴忓垪鍙?3
2026-04-17 15:31:03,058 [Router5] INFO: 鏀跺埌鏂扮殑LSA锛屾簮=12, 搴忓垪鍙?3
2026-04-17 15:31:03,058 [Router8] INFO: 鏀跺埌鏂扮殑LSA锛屾簮=12, 搴忓垪鍙?3
2026-04-17 15:31:03,061 [Router1] INFO: 鏀跺埌鏂扮殑LSA锛屾簮=11, 搴忓垪鍙?3
2026-04-17 15:31:03,062 [Router12] INFO: 鏀跺埌鏂扮殑LSA锛屾簮=3, 搴忓垪鍙?4
2026-04-17 15:31:03,062 [Router11] INFO: 鏀跺埌鏂扮殑LSA锛屾簮=3, 搴忓垪鍙?4
2026-04-17 15:31:03,064 [Router7] INFO: 鏀跺埌鏂扮殑LSA锛屾簮=12, 搴忓垪鍙?3
2026-04-17 15:31:03,066 [Router3] INFO: 鏀跺埌鏂扮殑LSA锛屾簮=12, 搴忓垪鍙?3
2026-04-17 15:31:03,066 [Router4] INFO: 鏀跺埌鏂扮殑LSA锛屾簮=12, 搴忓垪鍙?3
2026-04-17 15:31:03,069 [Router6] INFO: 鏀跺埌鏂扮殑LSA锛屾簮=12, 搴忓垪鍙?3
2026-04-17 15:31:03,069 [Router1] INFO: 鏀跺埌鏂扮殑LSA锛屾簮=12, 搴忓垪鍙?3
2026-04-17 15:31:03,069 [Router2] INFO: 鏀跺埌鏂扮殑LSA锛屾簮=12, 搴忓垪鍙?3
2026-04-17 15:31:03,214 [Router9] INFO: Dijkstra璁＄畻瀹屾垚锛岃绠楁椂闂?0.044ms
2026-04-17 15:31:03,214 [Router10] INFO: Dijkstra璁＄畻瀹屾垚锛岃绠楁椂闂?0.040ms
2026-04-17 15:31:03,214 [Router3] INFO: Dijkstra璁＄畻瀹屾垚锛岃绠楁椂闂?0.037ms
2026-04-17 15:31:03,214 [Router5] INFO: Dijkstra璁＄畻瀹屾垚锛岃绠楁椂闂?0.037ms
2026-04-17 15:31:03,214 [Router4] INFO: Dijkstra璁＄畻瀹屾垚锛岃绠楁椂闂?0.031ms
2026-04-17 15:31:03,214 [Router6] INFO: Dijkstra璁＄畻瀹屾垚锛岃绠楁椂闂?0.030ms
2026-04-17 15:31:03,214 [Router11] INFO: Dijkstra璁＄畻瀹屾垚锛岃绠楁椂闂?0.033ms
2026-04-17 15:31:03,214 [Router8] INFO: Dijkstra璁＄畻瀹屾垚锛岃绠楁椂闂?0.037ms
2026-04-17 15:31:03,214 [Router1] INFO: Dijkstra璁＄畻瀹屾垚锛岃绠楁椂闂?0.032ms
2026-04-17 15:31:03,214 [Router7] INFO: Dijkstra璁＄畻瀹屾垚锛岃绠楁椂闂?0.036ms
2026-04-17 15:31:03,244 [Router2] INFO: Dijkstra璁＄畻瀹屾垚锛岃绠楁椂闂?0.052ms
2026-04-17 15:31:03,244 [Router12] INFO: Dijkstra璁＄畻瀹屾垚锛岃绠楁椂闂?0.041ms
2026-04-17 15:31:08,001 [Router1] INFO: 鏀跺埌鏂扮殑LSA锛屾簮=2, 搴忓垪鍙?5
2026-04-17 15:31:08,001 [Router1] INFO: Dijkstra璁＄畻瀹屾垚锛岃绠楁椂闂?0.072ms
2026-04-17 15:31:08,002 [Router2] INFO: 鏀跺埌鏂扮殑LSA锛屾簮=1, 搴忓垪鍙?4
2026-04-17 15:31:08,002 [Router2] INFO: Dijkstra璁＄畻瀹屾垚锛岃绠楁椂闂?0.033ms
2026-04-17 15:31:08,003 [Router7] INFO: 鏀跺埌鏂扮殑LSA锛屾簮=2, 搴忓垪鍙?5
2026-04-17 15:31:08,003 [Router7] INFO: Dijkstra璁＄畻瀹屾垚锛岃绠楁椂闂?0.035ms
2026-04-17 15:31:08,003 [Router3] INFO: 鏀跺埌鏂扮殑LSA锛屾簮=2, 搴忓垪鍙?5
2026-04-17 15:31:08,004 [Router4] INFO: 鏀跺埌鏂扮殑LSA锛屾簮=2, 搴忓垪鍙?5
2026-04-17 15:31:08,004 [Router6] INFO: 鏀跺埌鏂扮殑LSA锛屾簮=1, 搴忓垪鍙?4
2026-04-17 15:31:08,004 [Router3] INFO: Dijkstra璁＄畻瀹屾垚锛岃绠楁椂闂?0.036ms
2026-04-17 15:31:08,005 [Router5] INFO: 鏀跺埌鏂扮殑LSA锛屾簮=2, 搴忓垪鍙?5
2026-04-17 15:31:08,005 [Router7] INFO: 鏀跺埌鏂扮殑LSA锛屾簮=1, 搴忓垪鍙?4
2026-04-17 15:31:08,005 [Router4] INFO: Dijkstra璁＄畻瀹屾垚锛岃绠楁椂闂?0.032ms
2026-04-17 15:31:08,006 [Router6] INFO: Dijkstra璁＄畻瀹屾垚锛岃绠楁椂闂?0.030ms
2026-04-17 15:31:08,006 [Router3] INFO: 鏀跺埌鏂扮殑LSA锛屾簮=1, 搴忓垪鍙?4
2026-04-17 15:31:08,006 [Router9] INFO: 鏀跺埌鏂扮殑LSA锛屾簮=2, 搴忓垪鍙?5
2026-04-17 15:31:08,006 [Router8] INFO: 鏀跺埌鏂扮殑LSA锛屾簮=2, 搴忓垪鍙?5
2026-04-17 15:31:08,007 [Router5] INFO: Dijkstra璁＄畻瀹屾垚锛岃绠楁椂闂?0.033ms
2026-04-17 15:31:08,007 [Router12] INFO: 鏀跺埌鏂扮殑LSA锛屾簮=2, 搴忓垪鍙?5
2026-04-17 15:31:08,008 [Router10] INFO: 鏀跺埌鏂扮殑LSA锛屾簮=2, 搴忓垪鍙?5
2026-04-17 15:31:08,008 [Router4] INFO: 鏀跺埌鏂扮殑LSA锛屾簮=1, 搴忓垪鍙?4
2026-04-17 15:31:08,009 [Router6] INFO: 鏀跺埌鏂扮殑LSA锛屾簮=2, 搴忓垪鍙?5
2026-04-17 15:31:08,009 [Router9] INFO: Dijkstra璁＄畻瀹屾垚锛岃绠楁椂闂?0.043ms
2026-04-17 15:31:08,009 [Router8] INFO: Dijkstra璁＄畻瀹屾垚锛岃绠楁椂闂?0.030ms
2026-04-17 15:31:08,009 [Router5] INFO: 鏀跺埌鏂扮殑LSA锛屾簮=1, 搴忓垪鍙?4
2026-04-17 15:31:08,009 [Router12] INFO: Dijkstra璁＄畻瀹屾垚锛岃绠楁椂闂?0.036ms
2026-04-17 15:31:08,009 [Router10] INFO: Dijkstra璁＄畻瀹屾垚锛岃绠楁椂闂?0.032ms
2026-04-17 15:31:08,009 [Router11] INFO: 鏀跺埌鏂扮殑LSA锛屾簮=2, 搴忓垪鍙?5
2026-04-17 15:31:08,009 [Router9] INFO: 鏀跺埌鏂扮殑LSA锛屾簮=1, 搴忓垪鍙?4
2026-04-17 15:31:08,009 [Router8] INFO: 鏀跺埌鏂扮殑LSA锛屾簮=1, 搴忓垪鍙?4
2026-04-17 15:31:08,009 [Router12] INFO: 鏀跺埌鏂扮殑LSA锛屾簮=1, 搴忓垪鍙?4
2026-04-17 15:31:08,009 [Router11] INFO: Dijkstra璁＄畻瀹屾垚锛岃绠楁椂闂?0.043ms
2026-04-17 15:31:08,016 [Router10] INFO: 鏀跺埌鏂扮殑LSA锛屾簮=1, 搴忓垪鍙?4
2026-04-17 15:31:08,017 [Router11] INFO: 鏀跺埌鏂扮殑LSA锛屾簮=1, 搴忓垪鍙?4
2026-04-17 15:31:08,024 [Router6] INFO: 鏀跺埌鏂扮殑LSA锛屾簮=8, 搴忓垪鍙?5
2026-04-17 15:31:08,024 [Router7] INFO: 鏀跺埌鏂扮殑LSA锛屾簮=9, 搴忓垪鍙?5
2026-04-17 15:31:08,025 [Router1] INFO: 鏀跺埌鏂扮殑LSA锛屾簮=3, 搴忓垪鍙?5
2026-04-17 15:31:08,025 [Router11] INFO: 鏀跺埌鏂扮殑LSA锛屾簮=10, 搴忓垪鍙?5
2026-04-17 15:31:08,025 [Router5] INFO: 鏀跺埌鏂扮殑LSA锛屾簮=7, 搴忓垪鍙?6
2026-04-17 15:31:08,025 [Router12] INFO: 鏀跺埌鏂扮殑LSA锛屾簮=10, 搴忓垪鍙?5
2026-04-17 15:31:08,025 [Router6] INFO: 鏀跺埌鏂扮殑LSA锛屾簮=7, 搴忓垪鍙?6
2026-04-17 15:31:08,025 [Router9] INFO: 鏀跺埌鏂扮殑LSA锛屾簮=8, 搴忓垪鍙?5
2026-04-17 15:31:08,026 [Router10] INFO: 鏀跺埌鏂扮殑LSA锛屾簮=11, 搴忓垪鍙?4
2026-04-17 15:31:08,026 [Router4] INFO: 鏀跺埌鏂扮殑LSA锛屾簮=6, 搴忓垪鍙?5
2026-04-17 15:31:08,026 [Router8] INFO: 鏀跺埌鏂扮殑LSA锛屾簮=10, 搴忓垪鍙?5
2026-04-17 15:31:08,026 [Router7] INFO: 鏀跺埌鏂扮殑LSA锛屾簮=6, 搴忓垪鍙?5
2026-04-17 15:31:08,027 [Router3] INFO: 鏀跺埌鏂扮殑LSA锛屾簮=5, 搴忓垪鍙?5
2026-04-17 15:31:08,027 [Router2] INFO: 鏀跺埌鏂扮殑LSA锛屾簮=4, 搴忓垪鍙?5
2026-04-17 15:31:08,027 [Router11] INFO: 鏀跺埌鏂扮殑LSA锛屾簮=9, 搴忓垪鍙?5
2026-04-17 15:31:08,028 [Router1] INFO: 鏀跺埌鏂扮殑LSA锛屾簮=6, 搴忓垪鍙?5
2026-04-17 15:31:08,028 [Router5] INFO: 鏀跺埌鏂扮殑LSA锛屾簮=4, 搴忓垪鍙?5
2026-04-17 15:31:08,029 [Router12] INFO: 鏀跺埌鏂扮殑LSA锛屾簮=11, 搴忓垪鍙?4
2026-04-17 15:31:08,029 [Router6] INFO: 鏀跺埌鏂扮殑LSA锛屾簮=4, 搴忓垪鍙?5
2026-04-17 15:31:08,030 [Router9] INFO: 鏀跺埌鏂扮殑LSA锛屾簮=11, 搴忓垪鍙?4
2026-04-17 15:31:08,030 [Router10] INFO: 鏀跺埌鏂扮殑LSA锛屾簮=8, 搴忓垪鍙?5
2026-04-17 15:31:08,030 [Router4] INFO: 鏀跺埌鏂扮殑LSA锛屾簮=9, 搴忓垪鍙?5
2026-04-17 15:31:08,031 [Router8] INFO: 鏀跺埌鏂扮殑LSA锛屾簮=9, 搴忓垪鍙?5
2026-04-17 15:31:08,031 [Router7] INFO: 鏀跺埌鏂扮殑LSA锛屾簮=8, 搴忓垪鍙?5
2026-04-17 15:31:08,032 [Router3] INFO: 鏀跺埌鏂扮殑LSA锛屾簮=8, 搴忓垪鍙?5
2026-04-17 15:31:08,032 [Router2] INFO: 鏀跺埌鏂扮殑LSA锛屾簮=3, 搴忓垪鍙?5
2026-04-17 15:31:08,032 [Router11] INFO: 鏀跺埌鏂扮殑LSA锛屾簮=8, 搴忓垪鍙?5
2026-04-17 15:31:08,033 [Router1] INFO: 鏀跺埌鏂扮殑LSA锛屾簮=8, 搴忓垪鍙?5
2026-04-17 15:31:08,034 [Router5] INFO: 鏀跺埌鏂扮殑LSA锛屾簮=3, 搴忓垪鍙?5
2026-04-17 15:31:08,034 [Router6] INFO: 鏀跺埌鏂扮殑LSA锛屾簮=9, 搴忓垪鍙?5
2026-04-17 15:31:08,035 [Router12] INFO: 鏀跺埌鏂扮殑LSA锛屾簮=7, 搴忓垪鍙?6
2026-04-17 15:31:08,035 [Router9] INFO: 鏀跺埌鏂扮殑LSA锛屾簮=4, 搴忓垪鍙?5
2026-04-17 15:31:08,036 [Router10] INFO: 鏀跺埌鏂扮殑LSA锛屾簮=5, 搴忓垪鍙?5
2026-04-17 15:31:08,036 [Router4] INFO: 鏀跺埌鏂扮殑LSA锛屾簮=5, 搴忓垪鍙?5
2026-04-17 15:31:08,036 [Router8] INFO: 鏀跺埌鏂扮殑LSA锛屾簮=6, 搴忓垪鍙?5
2026-04-17 15:31:08,037 [Router7] INFO: 鏀跺埌鏂扮殑LSA锛屾簮=5, 搴忓垪鍙?5
2026-04-17 15:31:08,037 [Router3] INFO: 鏀跺埌鏂扮殑LSA锛屾簮=7, 搴忓垪鍙?6
2026-04-17 15:31:08,038 [Router2] INFO: 鏀跺埌鏂扮殑LSA锛屾簮=7, 搴忓垪鍙?6
2026-04-17 15:31:08,038 [Router11] INFO: 鏀跺埌鏂扮殑LSA锛屾簮=12, 搴忓垪鍙?4
2026-04-17 15:31:08,039 [Router1] INFO: 鏀跺埌鏂扮殑LSA锛屾簮=7, 搴忓垪鍙?6
2026-04-17 15:31:08,039 [Router5] INFO: 鏀跺埌鏂扮殑LSA锛屾簮=10, 搴忓垪鍙?5
2026-04-17 15:31:08,040 [Router6] INFO: 鏀跺埌鏂扮殑LSA锛屾簮=3, 搴忓垪鍙?5
2026-04-17 15:31:08,040 [Router12] INFO: 鏀跺埌鏂扮殑LSA锛屾簮=9, 搴忓垪鍙?5
2026-04-17 15:31:08,040 [Router9] INFO: 鏀跺埌鏂扮殑LSA锛屾簮=7, 搴忓垪鍙?6
2026-04-17 15:31:08,040 [Router10] INFO: 鏀跺埌鏂扮殑LSA锛屾簮=7, 搴忓垪鍙?6
2026-04-17 15:31:08,041 [Router4] INFO: 鏀跺埌鏂扮殑LSA锛屾簮=8, 搴忓垪鍙?5
2026-04-17 15:31:08,042 [Router8] INFO: 鏀跺埌鏂扮殑LSA锛屾簮=3, 搴忓垪鍙?5
2026-04-17 15:31:08,042 [Router7] INFO: 鏀跺埌鏂扮殑LSA锛屾簮=10, 搴忓垪鍙?5
2026-04-17 15:31:08,042 [Router3] INFO: 鏀跺埌鏂扮殑LSA锛屾簮=10, 搴忓垪鍙?5
2026-04-17 15:31:08,042 [Router2] INFO: 鏀跺埌鏂扮殑LSA锛屾簮=9, 搴忓垪鍙?5
2026-04-17 15:31:08,043 [Router11] INFO: 鏀跺埌鏂扮殑LSA锛屾簮=7, 搴忓垪鍙?6
2026-04-17 15:31:08,043 [Router1] INFO: 鏀跺埌鏂扮殑LSA锛屾簮=4, 搴忓垪鍙?5
2026-04-17 15:31:08,044 [Router5] INFO: 鏀跺埌鏂扮殑LSA锛屾簮=9, 搴忓垪鍙?5
2026-04-17 15:31:08,044 [Router6] INFO: 鏀跺埌鏂扮殑LSA锛屾簮=10, 搴忓垪鍙?5
2026-04-17 15:31:08,045 [Router12] INFO: 鏀跺埌鏂扮殑LSA锛屾簮=6, 搴忓垪鍙?5
2026-04-17 15:31:08,045 [Router9] INFO: 鏀跺埌鏂扮殑LSA锛屾簮=10, 搴忓垪鍙?5
2026-04-17 15:31:08,045 [Router10] INFO: 鏀跺埌鏂扮殑LSA锛屾簮=9, 搴忓垪鍙?5
2026-04-17 15:31:08,046 [Router4] INFO: 鏀跺埌鏂扮殑LSA锛屾簮=7, 搴忓垪鍙?6
2026-04-17 15:31:08,046 [Router8] INFO: 鏀跺埌鏂扮殑LSA锛屾簮=7, 搴忓垪鍙?6
2026-04-17 15:31:08,047 [Router7] INFO: 鏀跺埌鏂扮殑LSA锛屾簮=4, 搴忓垪鍙?5
2026-04-17 15:31:08,047 [Router3] INFO: 鏀跺埌鏂扮殑LSA锛屾簮=4, 搴忓垪鍙?5
2026-04-17 15:31:08,047 [Router2] INFO: 鏀跺埌鏂扮殑LSA锛屾簮=6, 搴忓垪鍙?5
2026-04-17 15:31:08,048 [Router11] INFO: 鏀跺埌鏂扮殑LSA锛屾簮=5, 搴忓垪鍙?5
2026-04-17 15:31:08,048 [Router1] INFO: 鏀跺埌鏂扮殑LSA锛屾簮=5, 搴忓垪鍙?5
2026-04-17 15:31:08,049 [Router5] INFO: 鏀跺埌鏂扮殑LSA锛屾簮=6, 搴忓垪鍙?5
2026-04-17 15:31:08,050 [Router6] INFO: 鏀跺埌鏂扮殑LSA锛屾簮=5, 搴忓垪鍙?5
2026-04-17 15:31:08,050 [Router12] INFO: 鏀跺埌鏂扮殑LSA锛屾簮=8, 搴忓垪鍙?5
2026-04-17 15:31:08,050 [Router9] INFO: 鏀跺埌鏂扮殑LSA锛屾簮=6, 搴忓垪鍙?5
2026-04-17 15:31:08,050 [Router10] INFO: 鏀跺埌鏂扮殑LSA锛屾簮=12, 搴忓垪鍙?4
2026-04-17 15:31:08,050 [Router4] INFO: 鏀跺埌鏂扮殑LSA锛屾簮=11, 搴忓垪鍙?4
2026-04-17 15:31:08,050 [Router8] INFO: 鏀跺埌鏂扮殑LSA锛屾簮=11, 搴忓垪鍙?4
2026-04-17 15:31:08,050 [Router7] INFO: 鏀跺埌鏂扮殑LSA锛屾簮=11, 搴忓垪鍙?4
2026-04-17 15:31:08,050 [Router3] INFO: 鏀跺埌鏂扮殑LSA锛屾簮=6, 搴忓垪鍙?5
2026-04-17 15:31:08,050 [Router2] INFO: 鏀跺埌鏂扮殑LSA锛屾簮=5, 搴忓垪鍙?5
2026-04-17 15:31:08,050 [Router11] INFO: 鏀跺埌鏂扮殑LSA锛屾簮=4, 搴忓垪鍙?5
2026-04-17 15:31:08,050 [Router1] INFO: 鏀跺埌鏂扮殑LSA锛屾簮=9, 搴忓垪鍙?5
2026-04-17 15:31:08,050 [Router5] INFO: 鏀跺埌鏂扮殑LSA锛屾簮=11, 搴忓垪鍙?4
2026-04-17 15:31:08,050 [Router12] INFO: 鏀跺埌鏂扮殑LSA锛屾簮=5, 搴忓垪鍙?5
2026-04-17 15:31:08,050 [Router9] INFO: 鏀跺埌鏂扮殑LSA锛屾簮=5, 搴忓垪鍙?5
2026-04-17 15:31:08,050 [Router10] INFO: 鏀跺埌鏂扮殑LSA锛屾簮=4, 搴忓垪鍙?5
2026-04-17 15:31:08,058 [Router4] INFO: 鏀跺埌鏂扮殑LSA锛屾簮=3, 搴忓垪鍙?5
2026-04-17 15:31:08,058 [Router8] INFO: 鏀跺埌鏂扮殑LSA锛屾簮=5, 搴忓垪鍙?5
2026-04-17 15:31:08,059 [Router7] INFO: 鏀跺埌鏂扮殑LSA锛屾簮=12, 搴忓垪鍙?4
2026-04-17 15:31:08,059 [Router6] INFO: 鏀跺埌鏂扮殑LSA锛屾簮=11, 搴忓垪鍙?4
2026-04-17 15:31:08,059 [Router3] INFO: 鏀跺埌鏂扮殑LSA锛屾簮=9, 搴忓垪鍙?5
2026-04-17 15:31:08,060 [Router2] INFO: 鏀跺埌鏂扮殑LSA锛屾簮=8, 搴忓垪鍙?5
2026-04-17 15:31:08,060 [Router11] INFO: 鏀跺埌鏂扮殑LSA锛屾簮=6, 搴忓垪鍙?5
2026-04-17 15:31:08,061 [Router1] INFO: 鏀跺埌鏂扮殑LSA锛屾簮=10, 搴忓垪鍙?5
2026-04-17 15:31:08,061 [Router5] INFO: 鏀跺埌鏂扮殑LSA锛屾簮=8, 搴忓垪鍙?5
2026-04-17 15:31:08,062 [Router12] INFO: 鏀跺埌鏂扮殑LSA锛屾簮=4, 搴忓垪鍙?5
2026-04-17 15:31:08,063 [Router9] INFO: 鏀跺埌鏂扮殑LSA锛屾簮=12, 搴忓垪鍙?4
2026-04-17 15:31:08,063 [Router10] INFO: 鏀跺埌鏂扮殑LSA锛屾簮=3, 搴忓垪鍙?5
2026-04-17 15:31:08,063 [Router4] INFO: 鏀跺埌鏂扮殑LSA锛屾簮=10, 搴忓垪鍙?5
2026-04-17 15:31:08,064 [Router8] INFO: 鏀跺埌鏂扮殑LSA锛屾簮=4, 搴忓垪鍙?5
2026-04-17 15:31:08,064 [Router7] INFO: 鏀跺埌鏂扮殑LSA锛屾簮=3, 搴忓垪鍙?5
2026-04-17 15:31:08,065 [Router6] INFO: 鏀跺埌鏂扮殑LSA锛屾簮=12, 搴忓垪鍙?4
2026-04-17 15:31:08,066 [Router3] INFO: 鏀跺埌鏂扮殑LSA锛屾簮=11, 搴忓垪鍙?4
2026-04-17 15:31:08,066 [Router2] INFO: 鏀跺埌鏂扮殑LSA锛屾簮=10, 搴忓垪鍙?5
2026-04-17 15:31:08,068 [Router1] INFO: 鏀跺埌鏂扮殑LSA锛屾簮=11, 搴忓垪鍙?4
2026-04-17 15:31:08,068 [Router5] INFO: 鏀跺埌鏂扮殑LSA锛屾簮=12, 搴忓垪鍙?4
2026-04-17 15:31:08,070 [Router9] INFO: 鏀跺埌鏂扮殑LSA锛屾簮=3, 搴忓垪鍙?5
2026-04-17 15:31:08,070 [Router10] INFO: 鏀跺埌鏂扮殑LSA锛屾簮=6, 搴忓垪鍙?5
2026-04-17 15:31:08,071 [Router8] INFO: 鏀跺埌鏂扮殑LSA锛屾簮=12, 搴忓垪鍙?4
2026-04-17 15:31:08,072 [Router11] INFO: 鏀跺埌鏂扮殑LSA锛屾簮=3, 搴忓垪鍙?5
2026-04-17 15:31:08,073 [Router12] INFO: 鏀跺埌鏂扮殑LSA锛屾簮=3, 搴忓垪鍙?5
2026-04-17 15:31:08,074 [Router4] INFO: 鏀跺埌鏂扮殑LSA锛屾簮=12, 搴忓垪鍙?4
2026-04-17 15:31:08,074 [Router2] INFO: 鏀跺埌鏂扮殑LSA锛屾簮=11, 搴忓垪鍙?4
2026-04-17 15:31:08,077 [Router1] INFO: 鏀跺埌鏂扮殑LSA锛屾簮=12, 搴忓垪鍙?4
2026-04-17 15:31:08,078 [Router3] INFO: 鏀跺埌鏂扮殑LSA锛屾簮=12, 搴忓垪鍙?4
2026-04-17 15:31:08,082 [Router2] INFO: 鏀跺埌鏂扮殑LSA锛屾簮=12, 搴忓垪鍙?4
2026-04-17 15:31:08,247 [Router6] INFO: Dijkstra璁＄畻瀹屾垚锛岃绠楁椂闂?0.042ms
2026-04-17 15:31:08,247 [Router3] INFO: Dijkstra璁＄畻瀹屾垚锛岃绠楁椂闂?0.041ms
2026-04-17 15:31:08,248 [Router12] INFO: Dijkstra璁＄畻瀹屾垚锛岃绠楁椂闂?0.036ms
2026-04-17 15:31:08,248 [Router7] INFO: Dijkstra璁＄畻瀹屾垚锛岃绠楁椂闂?0.034ms
2026-04-17 15:31:08,248 [Router1] INFO: Dijkstra璁＄畻瀹屾垚锛岃绠楁椂闂?0.033ms
2026-04-17 15:31:08,248 [Router4] INFO: Dijkstra璁＄畻瀹屾垚锛岃绠楁椂闂?0.037ms
2026-04-17 15:31:08,249 [Router10] INFO: Dijkstra璁＄畻瀹屾垚锛岃绠楁椂闂?0.032ms
2026-04-17 15:31:08,249 [Router8] INFO: Dijkstra璁＄畻瀹屾垚锛岃绠楁椂闂?0.039ms
2026-04-17 15:31:08,249 [Router9] INFO: Dijkstra璁＄畻瀹屾垚锛岃绠楁椂闂?0.035ms
2026-04-17 15:31:08,250 [Router11] INFO: Dijkstra璁＄畻瀹屾垚锛岃绠楁椂闂?0.036ms
2026-04-17 15:31:08,250 [Router2] INFO: Dijkstra璁＄畻瀹屾垚锛岃绠楁椂闂?0.038ms
2026-04-17 15:31:08,250 [Router5] INFO: Dijkstra璁＄畻瀹屾垚锛岃绠楁椂闂?0.034ms
2026-04-17 15:31:10,063 [Simulator] INFO: 鍋滄浠跨湡绯荤粺...
2026-04-17 15:31:10,064 [Router1] INFO: 鍋滄璺敱鍣?Router1
2026-04-17 15:31:12,112 [Simulator] INFO: 璺敱鍣?1 宸插仠姝?
2026-04-17 15:31:12,112 [Router2] INFO: 鍋滄璺敱鍣?Router2
2026-04-17 15:31:12,546 [Router3] ERROR: 鎺ユ敹娑堟伅寮傚父: [WinError 10054] 杩滅▼涓绘満寮鸿揩鍏抽棴浜嗕竴涓幇鏈夌殑杩炴帴銆?
2026-04-17 15:31:12,548 [Router6] ERROR: 鎺ユ敹娑堟伅寮傚父: [WinError 10054] 杩滅▼涓绘満寮鸿揩鍏抽棴浜嗕竴涓幇鏈夌殑杩炴帴銆?
2026-04-17 15:31:13,004 [Simulator] INFO: 璺敱鍣?2 宸插仠姝?
2026-04-17 15:31:13,004 [Router3] INFO: 鍋滄璺敱鍣?Router3
2026-04-17 15:31:13,032 [Router4] INFO: 鏀跺埌鏂扮殑LSA锛屾簮=6, 搴忓垪鍙?6
2026-04-17 15:31:13,032 [Router4] INFO: Dijkstra璁＄畻瀹屾垚锛岃绠楁椂闂?0.035ms
2026-04-17 15:31:13,032 [Router9] INFO: 鏀跺埌鏂扮殑LSA锛屾簮=11, 搴忓垪鍙?5
2026-04-17 15:31:13,033 [Router9] INFO: Dijkstra璁＄畻瀹屾垚锛岃绠楁椂闂?0.034ms
2026-04-17 15:31:13,033 [Router5] INFO: 鏀跺埌鏂扮殑LSA锛屾簮=4, 搴忓垪鍙?6
2026-04-17 15:31:13,033 [Router5] INFO: Dijkstra璁＄畻瀹屾垚锛岃绠楁椂闂?0.031ms
2026-04-17 15:31:13,033 [Router8] INFO: 鏀跺埌鏂扮殑LSA锛屾簮=9, 搴忓垪鍙?6
2026-04-17 15:31:13,034 [Router4] ERROR: 鎺ユ敹娑堟伅寮傚父: [WinError 10054] 杩滅▼涓绘満寮鸿揩鍏抽棴浜嗕竴涓幇鏈夌殑杩炴帴銆?
2026-04-17 15:31:13,034 [Router10] INFO: 鏀跺埌鏂扮殑LSA锛屾簮=8, 搴忓垪鍙?6
2026-04-17 15:31:13,034 [Router8] INFO: Dijkstra璁＄畻瀹屾垚锛岃绠楁椂闂?0.031ms
2026-04-17 15:31:13,035 [Router6] INFO: 鏀跺埌鏂扮殑LSA锛屾簮=8, 搴忓垪鍙?6
2026-04-17 15:31:13,035 [Router5] INFO: 鏀跺埌鏂扮殑LSA锛屾簮=7, 搴忓垪鍙?7
2026-04-17 15:31:13,035 [Router7] INFO: 鏀跺埌鏂扮殑LSA锛屾簮=6, 搴忓垪鍙?6
2026-04-17 15:31:13,035 [Router11] INFO: 鏀跺埌鏂扮殑LSA锛屾簮=9, 搴忓垪鍙?6
2026-04-17 15:31:13,035 [Router12] INFO: 鏀跺埌鏂扮殑LSA锛屾簮=11, 搴忓垪鍙?5
2026-04-17 15:31:13,036 [Router10] INFO: Dijkstra璁＄畻瀹屾垚锛岃绠楁椂闂?0.035ms
2026-04-17 15:31:13,036 [Router4] INFO: 鏀跺埌鏂扮殑LSA锛屾簮=9, 搴忓垪鍙?6
2026-04-17 15:31:13,037 [Router9] INFO: 鏀跺埌鏂扮殑LSA锛屾簮=8, 搴忓垪鍙?6
2026-04-17 15:31:13,037 [Router8] INFO: 鏀跺埌鏂扮殑LSA锛屾簮=10, 搴忓垪鍙?6
2026-04-17 15:31:13,037 [Router7] ERROR: 鎺ユ敹娑堟伅寮傚父: [WinError 10054] 杩滅▼涓绘満寮鸿揩鍏抽棴浜嗕竴涓幇鏈夌殑杩炴帴銆?
2026-04-17 15:31:13,038 [Router6] INFO: Dijkstra璁＄畻瀹屾垚锛岃绠楁椂闂?0.029ms
2026-04-17 15:31:13,038 [Router4] ERROR: 鎺ユ敹娑堟伅寮傚父: [WinError 10054] 杩滅▼涓绘満寮鸿揩鍏抽棴浜嗕竴涓幇鏈夌殑杩炴帴銆?
2026-04-17 15:31:13,038 [Router5] INFO: 鏀跺埌鏂扮殑LSA锛屾簮=6, 搴忓垪鍙?6
2026-04-17 15:31:13,039 [Router7] INFO: Dijkstra璁＄畻瀹屾垚锛岃绠楁椂闂?0.033ms
2026-04-17 15:31:13,039 [Router11] INFO: Dijkstra璁＄畻瀹屾垚锛岃绠楁椂闂?0.033ms
2026-04-17 15:31:13,039 [Router6] ERROR: 鎺ユ敹娑堟伅寮傚父: [WinError 10054] 杩滅▼涓绘満寮鸿揩鍏抽棴浜嗕竴涓幇鏈夌殑杩炴帴銆?
2026-04-17 15:31:13,040 [Router12] INFO: Dijkstra璁＄畻瀹屾垚锛岃绠楁椂闂?0.034ms
2026-04-17 15:31:13,040 [Router10] INFO: 鏀跺埌鏂扮殑LSA锛屾簮=11, 搴忓垪鍙?5
2026-04-17 15:31:13,040 [Router4] INFO: 鏀跺埌鏂扮殑LSA锛屾簮=11, 搴忓垪鍙?5
2026-04-17 15:31:13,040 [Router9] INFO: 鏀跺埌鏂扮殑LSA锛屾簮=7, 搴忓垪鍙?7
2026-04-17 15:31:13,041 [Router8] INFO: 鏀跺埌鏂扮殑LSA锛屾簮=11, 搴忓垪鍙?5
2026-04-17 15:31:13,041 [Router6] INFO: 鏀跺埌鏂扮殑LSA锛屾簮=7, 搴忓垪鍙?7
2026-04-17 15:31:13,042 [Router5] INFO: 鏀跺埌鏂扮殑LSA锛屾簮=10, 搴忓垪鍙?6
2026-04-17 15:31:13,042 [Router7] ERROR: 鎺ユ敹娑堟伅寮傚父: [WinError 10054] 杩滅▼涓绘満寮鸿揩鍏抽棴浜嗕竴涓幇鏈夌殑杩炴帴銆?
2026-04-17 15:31:13,042 [Router7] INFO: 鏀跺埌鏂扮殑LSA锛屾簮=9, 搴忓垪鍙?6
2026-04-17 15:31:13,042 [Router4] ERROR: 鎺ユ敹娑堟伅寮傚父: [WinError 10054] 杩滅▼涓绘満寮鸿揩鍏抽棴浜嗕竴涓幇鏈夌殑杩炴帴銆?
2026-04-17 15:31:13,042 [Router11] INFO: 鏀跺埌鏂扮殑LSA锛屾簮=10, 搴忓垪鍙?6
2026-04-17 15:31:13,043 [Router12] INFO: 鏀跺埌鏂扮殑LSA锛屾簮=7, 搴忓垪鍙?7
2026-04-17 15:31:13,043 [Router6] ERROR: 鎺ユ敹娑堟伅寮傚父: [WinError 10054] 杩滅▼涓绘満寮鸿揩鍏抽棴浜嗕竴涓幇鏈夌殑杩炴帴銆?
2026-04-17 15:31:13,043 [Router10] INFO: 鏀跺埌鏂扮殑LSA锛屾簮=9, 搴忓垪鍙?6
2026-04-17 15:31:13,043 [Router4] INFO: 鏀跺埌鏂扮殑LSA锛屾簮=5, 搴忓垪鍙?6
2026-04-17 15:31:13,044 [Router9] INFO: 鏀跺埌鏂扮殑LSA锛屾簮=4, 搴忓垪鍙?6
2026-04-17 15:31:13,044 [Router8] INFO: 鏀跺埌鏂扮殑LSA锛屾簮=6, 搴忓垪鍙?6
2026-04-17 15:31:13,044 [Router6] INFO: 鏀跺埌鏂扮殑LSA锛屾簮=9, 搴忓垪鍙?6
2026-04-17 15:31:13,045 [Router5] INFO: 鏀跺埌鏂扮殑LSA锛屾簮=8, 搴忓垪鍙?6
2026-04-17 15:31:13,045 [Router7] INFO: 鏀跺埌鏂扮殑LSA锛屾簮=11, 搴忓垪鍙?5
2026-04-17 15:31:13,045 [Router11] INFO: 鏀跺埌鏂扮殑LSA锛屾簮=8, 搴忓垪鍙?6
2026-04-17 15:31:13,046 [Router12] INFO: 鏀跺埌鏂扮殑LSA锛屾簮=10, 搴忓垪鍙?6
2026-04-17 15:31:13,046 [Router4] ERROR: 鎺ユ敹娑堟伅寮傚父: [WinError 10054] 杩滅▼涓绘満寮鸿揩鍏抽棴浜嗕竴涓幇鏈夌殑杩炴帴銆?
2026-04-17 15:31:13,047 [Router10] INFO: 鏀跺埌鏂扮殑LSA锛屾簮=5, 搴忓垪鍙?6
2026-04-17 15:31:13,047 [Router7] ERROR: 鎺ユ敹娑堟伅寮傚父: [WinError 10054] 杩滅▼涓绘満寮鸿揩鍏抽棴浜嗕竴涓幇鏈夌殑杩炴帴銆?
2026-04-17 15:31:13,047 [Router4] INFO: 鏀跺埌鏂扮殑LSA锛屾簮=8, 搴忓垪鍙?6
2026-04-17 15:31:13,048 [Router9] INFO: 鏀跺埌鏂扮殑LSA锛屾簮=6, 搴忓垪鍙?6
2026-04-17 15:31:13,048 [Router8] INFO: 鏀跺埌鏂扮殑LSA锛屾簮=7, 搴忓垪鍙?7
2026-04-17 15:31:13,048 [Router6] ERROR: 鎺ユ敹娑堟伅寮傚父: [WinError 10054] 杩滅▼涓绘満寮鸿揩鍏抽棴浜嗕竴涓幇鏈夌殑杩炴帴銆?
2026-04-17 15:31:13,048 [Router6] INFO: 鏀跺埌鏂扮殑LSA锛屾簮=4, 搴忓垪鍙?6
2026-04-17 15:31:13,048 [Router5] INFO: 鏀跺埌鏂扮殑LSA锛屾簮=9, 搴忓垪鍙?6
2026-04-17 15:31:13,048 [Router7] INFO: 鏀跺埌鏂扮殑LSA锛屾簮=5, 搴忓垪鍙?6
2026-04-17 15:31:13,048 [Router11] INFO: 鏀跺埌鏂扮殑LSA锛屾簮=7, 搴忓垪鍙?7
2026-04-17 15:31:13,048 [Router12] INFO: 鏀跺埌鏂扮殑LSA锛屾簮=8, 搴忓垪鍙?6
2026-04-17 15:31:13,048 [Router10] INFO: 鏀跺埌鏂扮殑LSA锛屾簮=4, 搴忓垪鍙?6
2026-04-17 15:31:13,048 [Router4] INFO: 鏀跺埌鏂扮殑LSA锛屾簮=7, 搴忓垪鍙?7
2026-04-17 15:31:13,048 [Router9] INFO: 鏀跺埌鏂扮殑LSA锛屾簮=10, 搴忓垪鍙?6
2026-04-17 15:31:13,048 [Router8] INFO: 鏀跺埌鏂扮殑LSA锛屾簮=4, 搴忓垪鍙?6
2026-04-17 15:31:13,048 [Router4] ERROR: 鎺ユ敹娑堟伅寮傚父: [WinError 10054] 杩滅▼涓绘満寮鸿揩鍏抽棴浜嗕竴涓幇鏈夌殑杩炴帴銆?
2026-04-17 15:31:13,048 [Router7] ERROR: 鎺ユ敹娑堟伅寮傚父: [WinError 10054] 杩滅▼涓绘満寮鸿揩鍏抽棴浜嗕竴涓幇鏈夌殑杩炴帴銆?
2026-04-17 15:31:13,048 [Router6] INFO: 鏀跺埌鏂扮殑LSA锛屾簮=10, 搴忓垪鍙?6
2026-04-17 15:31:13,048 [Router5] INFO: 鏀跺埌鏂扮殑LSA锛屾簮=11, 搴忓垪鍙?5
2026-04-17 15:31:13,048 [Router6] ERROR: 鎺ユ敹娑堟伅寮傚父: [WinError 10054] 杩滅▼涓绘満寮鸿揩鍏抽棴浜嗕竴涓幇鏈夌殑杩炴帴銆?
2026-04-17 15:31:13,048 [Router7] INFO: 鏀跺埌鏂扮殑LSA锛屾簮=4, 搴忓垪鍙?6
2026-04-17 15:31:13,048 [Router11] INFO: 鏀跺埌鏂扮殑LSA锛屾簮=4, 搴忓垪鍙?6
2026-04-17 15:31:13,048 [Router12] INFO: 鏀跺埌鏂扮殑LSA锛屾簮=9, 搴忓垪鍙?6
2026-04-17 15:31:13,056 [Router10] INFO: 鏀跺埌鏂扮殑LSA锛屾簮=7, 搴忓垪鍙?7
2026-04-17 15:31:13,056 [Router4] INFO: 鏀跺埌鏂扮殑LSA锛屾簮=10, 搴忓垪鍙?6
2026-04-17 15:31:13,057 [Router9] INFO: 鏀跺埌鏂扮殑LSA锛屾簮=5, 搴忓垪鍙?6
2026-04-17 15:31:13,057 [Router8] INFO: 鏀跺埌鏂扮殑LSA锛屾簮=5, 搴忓垪鍙?6
2026-04-17 15:31:13,058 [Router6] INFO: 鏀跺埌鏂扮殑LSA锛屾簮=11, 搴忓垪鍙?5
2026-04-17 15:31:13,059 [Router4] ERROR: 鎺ユ敹娑堟伅寮傚父: [WinError 10054] 杩滅▼涓绘満寮鸿揩鍏抽棴浜嗕竴涓幇鏈夌殑杩炴帴銆?
2026-04-17 15:31:13,059 [Router6] ERROR: 鎺ユ敹娑堟伅寮傚父: [WinError 10054] 杩滅▼涓绘満寮鸿揩鍏抽棴浜嗕竴涓幇鏈夌殑杩炴帴銆?
2026-04-17 15:31:13,059 [Router7] INFO: 鏀跺埌鏂扮殑LSA锛屾簮=8, 搴忓垪鍙?6
2026-04-17 15:31:13,059 [Router11] INFO: 鏀跺埌鏂扮殑LSA锛屾簮=5, 搴忓垪鍙?6
2026-04-17 15:31:13,060 [Router12] INFO: 鏀跺埌鏂扮殑LSA锛屾簮=6, 搴忓垪鍙?6
2026-04-17 15:31:13,060 [Router10] INFO: 鏀跺埌鏂扮殑LSA锛屾簮=6, 搴忓垪鍙?6
2026-04-17 15:31:13,060 [Router7] ERROR: 鎺ユ敹娑堟伅寮傚父: [WinError 10054] 杩滅▼涓绘満寮鸿揩鍏抽棴浜嗕竴涓幇鏈夌殑杩炴帴銆?
2026-04-17 15:31:13,062 [Router6] INFO: 鏀跺埌鏂扮殑LSA锛屾簮=5, 搴忓垪鍙?6
2026-04-17 15:31:13,065 [Router11] INFO: 鏀跺埌鏂扮殑LSA锛屾簮=12, 搴忓垪鍙?5
2026-04-17 15:31:13,065 [Router4] ERROR: 鎺ユ敹娑堟伅寮傚父: [WinError 10054] 杩滅▼涓绘満寮鸿揩鍏抽棴浜嗕竴涓幇鏈夌殑杩炴帴銆?
2026-04-17 15:31:13,065 [Router7] INFO: 鏀跺埌鏂扮殑LSA锛屾簮=10, 搴忓垪鍙?6
2026-04-17 15:31:13,065 [Router6] ERROR: 鎺ユ敹娑堟伅寮傚父: [WinError 10054] 杩滅▼涓绘満寮鸿揩鍏抽棴浜嗕竴涓幇鏈夌殑杩炴帴銆?
2026-04-17 15:31:13,066 [Router12] INFO: 鏀跺埌鏂扮殑LSA锛屾簮=5, 搴忓垪鍙?6
2026-04-17 15:31:13,067 [Router10] INFO: 鏀跺埌鏂扮殑LSA锛屾簮=12, 搴忓垪鍙?5
2026-04-17 15:31:13,067 [Router11] INFO: 鏀跺埌鏂扮殑LSA锛屾簮=6, 搴忓垪鍙?6
2026-04-17 15:31:13,068 [Router7] INFO: 鏀跺埌鏂扮殑LSA锛屾簮=12, 搴忓垪鍙?5
2026-04-17 15:31:13,069 [Router12] INFO: 鏀跺埌鏂扮殑LSA锛屾簮=4, 搴忓垪鍙?6
2026-04-17 15:31:13,070 [Router4] ERROR: 鎺ユ敹娑堟伅寮傚父: [WinError 10054] 杩滅▼涓绘満寮鸿揩鍏抽棴浜嗕竴涓幇鏈夌殑杩炴帴銆?
2026-04-17 15:31:13,071 [Router9] INFO: 鏀跺埌鏂扮殑LSA锛屾簮=12, 搴忓垪鍙?5
2026-04-17 15:31:13,072 [Router8] INFO: 鏀跺埌鏂扮殑LSA锛屾簮=12, 搴忓垪鍙?5
2026-04-17 15:31:13,072 [Router6] ERROR: 鎺ユ敹娑堟伅寮傚父: [WinError 10054] 杩滅▼涓绘満寮鸿揩鍏抽棴浜嗕竴涓幇鏈夌殑杩炴帴銆?
2026-04-17 15:31:13,073 [Router7] ERROR: 鎺ユ敹娑堟伅寮傚父: [WinError 10054] 杩滅▼涓绘満寮鸿揩鍏抽棴浜嗕竴涓幇鏈夌殑杩炴帴銆?
2026-04-17 15:31:13,073 [Router5] INFO: 鏀跺埌鏂扮殑LSA锛屾簮=12, 搴忓垪鍙?5
2026-04-17 15:31:13,075 [Router4] INFO: 鏀跺埌鏂扮殑LSA锛屾簮=12, 搴忓垪鍙?5
2026-04-17 15:31:13,075 [Router6] ERROR: 鎺ユ敹娑堟伅寮傚父: [WinError 10054] 杩滅▼涓绘満寮鸿揩鍏抽棴浜嗕竴涓幇鏈夌殑杩炴帴銆?
2026-04-17 15:31:13,076 [Router4] ERROR: 鎺ユ敹娑堟伅寮傚父: [WinError 10054] 杩滅▼涓绘満寮鸿揩鍏抽棴浜嗕竴涓幇鏈夌殑杩炴帴銆?
2026-04-17 15:31:13,076 [Router7] ERROR: 鎺ユ敹娑堟伅寮傚父: [WinError 10054] 杩滅▼涓绘満寮鸿揩鍏抽棴浜嗕竴涓幇鏈夌殑杩炴帴銆?
2026-04-17 15:31:13,077 [Router6] INFO: 鏀跺埌鏂扮殑LSA锛屾簮=12, 搴忓垪鍙?5
2026-04-17 15:31:13,077 [Router7] ERROR: 鎺ユ敹娑堟伅寮傚父: [WinError 10054] 杩滅▼涓绘満寮鸿揩鍏抽棴浜嗕竴涓幇鏈夌殑杩炴帴銆?
2026-04-17 15:31:13,078 [Router6] ERROR: 鎺ユ敹娑堟伅寮傚父: [WinError 10054] 杩滅▼涓绘満寮鸿揩鍏抽棴浜嗕竴涓幇鏈夌殑杩炴帴銆?
2026-04-17 15:31:13,078 [Router7] ERROR: 鎺ユ敹娑堟伅寮傚父: [WinError 10054] 杩滅▼涓绘満寮鸿揩鍏抽棴浜嗕竴涓幇鏈夌殑杩炴帴銆?
2026-04-17 15:31:13,238 [Router7] INFO: Dijkstra璁＄畻瀹屾垚锛岃绠楁椂闂?0.075ms
2026-04-17 15:31:13,239 [Router10] INFO: Dijkstra璁＄畻瀹屾垚锛岃绠楁椂闂?0.078ms
2026-04-17 15:31:13,240 [Router9] INFO: Dijkstra璁＄畻瀹屾垚锛岃绠楁椂闂?0.069ms
2026-04-17 15:31:13,248 [Router8] INFO: Dijkstra璁＄畻瀹屾垚锛岃绠楁椂闂?0.044ms
2026-04-17 15:31:13,264 [Router5] INFO: Dijkstra璁＄畻瀹屾垚锛岃绠楁椂闂?0.045ms
2026-04-17 15:31:13,264 [Router4] INFO: Dijkstra璁＄畻瀹屾垚锛岃绠楁椂闂?0.035ms
2026-04-17 15:31:13,265 [Router6] INFO: Dijkstra璁＄畻瀹屾垚锛岃绠楁椂闂?0.035ms
2026-04-17 15:31:13,265 [Router11] INFO: Dijkstra璁＄畻瀹屾垚锛岃绠楁椂闂?0.036ms
2026-04-17 15:31:13,265 [Router12] INFO: Dijkstra璁＄畻瀹屾垚锛岃绠楁椂闂?0.036ms
2026-04-17 15:31:13,348 [Router4] ERROR: 鎺ユ敹娑堟伅寮傚父: [WinError 10054] 杩滅▼涓绘満寮鸿揩鍏抽棴浜嗕竴涓幇鏈夌殑杩炴帴銆?
2026-04-17 15:31:13,348 [Router6] ERROR: 鎺ユ敹娑堟伅寮傚父: [WinError 10054] 杩滅▼涓绘満寮鸿揩鍏抽棴浜嗕竴涓幇鏈夌殑杩炴帴銆?
2026-04-17 15:31:13,348 [Router7] ERROR: 鎺ユ敹娑堟伅寮傚父: [WinError 10054] 杩滅▼涓绘満寮鸿揩鍏抽棴浜嗕竴涓幇鏈夌殑杩炴帴銆?
2026-04-17 15:31:13,563 [Simulator] INFO: 璺敱鍣?3 宸插仠姝?
2026-04-17 15:31:13,563 [Router4] INFO: 鍋滄璺敱鍣?Router4
2026-04-17 15:31:14,160 [Router6] WARNING: 閭绘帴璺敱鍣?1 宸叉晠闅?
2026-04-17 15:31:14,160 [Router6] INFO: 閭绘帴璺敱鍣?1 Down浜嬩欢
2026-04-17 15:31:14,161 [Router6] INFO: Dijkstra璁＄畻瀹屾垚锛岃绠楁椂闂?0.041ms
2026-04-17 15:31:14,162 [Router8] ERROR: 鎺ユ敹娑堟伅寮傚父: [WinError 10054] 杩滅▼涓绘満寮鸿揩鍏抽棴浜嗕竴涓幇鏈夌殑杩炴帴銆?
2026-04-17 15:31:14,163 [Router6] ERROR: 鎺ユ敹娑堟伅寮傚父: [WinError 10054] 杩滅▼涓绘満寮鸿揩鍏抽棴浜嗕竴涓幇鏈夌殑杩炴帴銆?
2026-04-17 15:31:14,163 [Router7] ERROR: 鎺ユ敹娑堟伅寮傚父: [WinError 10054] 杩滅▼涓绘満寮鸿揩鍏抽棴浜嗕竴涓幇鏈夌殑杩炴帴銆?
2026-04-17 15:31:14,163 [Router7] INFO: 鏀跺埌鏂扮殑LSA锛屾簮=6, 搴忓垪鍙?7
2026-04-17 15:31:14,164 [Router7] INFO: Dijkstra璁＄畻瀹屾垚锛岃绠楁椂闂?0.036ms
2026-04-17 15:31:14,164 [Router8] INFO: 鏀跺埌鏂扮殑LSA锛屾簮=6, 搴忓垪鍙?7
2026-04-17 15:31:14,164 [Router5] INFO: 鏀跺埌鏂扮殑LSA锛屾簮=6, 搴忓垪鍙?7
2026-04-17 15:31:14,164 [Router9] INFO: 鏀跺埌鏂扮殑LSA锛屾簮=6, 搴忓垪鍙?7
2026-04-17 15:31:14,164 [Router8] INFO: Dijkstra璁＄畻瀹屾垚锛岃绠楁椂闂?0.031ms
2026-04-17 15:31:14,165 [Router5] INFO: Dijkstra璁＄畻瀹屾垚锛岃绠楁椂闂?0.035ms
2026-04-17 15:31:14,165 [Router7] ERROR: 鎺ユ敹娑堟伅寮傚父: [WinError 10054] 杩滅▼涓绘満寮鸿揩鍏抽棴浜嗕竴涓幇鏈夌殑杩炴帴銆?
2026-04-17 15:31:14,166 [Router12] INFO: 鏀跺埌鏂扮殑LSA锛屾簮=6, 搴忓垪鍙?7
2026-04-17 15:31:14,166 [Router9] INFO: Dijkstra璁＄畻瀹屾垚锛岃绠楁椂闂?0.033ms
2026-04-17 15:31:14,166 [Router8] ERROR: 鎺ユ敹娑堟伅寮傚父: [WinError 10054] 杩滅▼涓绘満寮鸿揩鍏抽棴浜嗕竴涓幇鏈夌殑杩炴帴銆?
2026-04-17 15:31:14,167 [Router10] INFO: 鏀跺埌鏂扮殑LSA锛屾簮=6, 搴忓垪鍙?7
2026-04-17 15:31:14,167 [Router5] ERROR: 鎺ユ敹娑堟伅寮傚父: [WinError 10054] 杩滅▼涓绘満寮鸿揩鍏抽棴浜嗕竴涓幇鏈夌殑杩炴帴銆?
2026-04-17 15:31:14,167 [Router11] INFO: 鏀跺埌鏂扮殑LSA锛屾簮=6, 搴忓垪鍙?7
2026-04-17 15:31:14,167 [Router12] INFO: Dijkstra璁＄畻瀹屾垚锛岃绠楁椂闂?0.035ms
2026-04-17 15:31:14,168 [Router10] INFO: Dijkstra璁＄畻瀹屾垚锛岃绠楁椂闂?0.033ms
2026-04-17 15:31:14,169 [Router11] INFO: Dijkstra璁＄畻瀹屾垚锛岃绠楁椂闂?0.032ms
2026-04-17 15:31:14,172 [Router5] ERROR: 鎺ユ敹娑堟伅寮傚父: [WinError 10054] 杩滅▼涓绘満寮鸿揩鍏抽棴浜嗕竴涓幇鏈夌殑杩炴帴銆?
2026-04-17 15:31:14,968 [Router8] ERROR: 鎺ユ敹娑堟伅寮傚父: [WinError 10054] 杩滅▼涓绘満寮鸿揩鍏抽棴浜嗕竴涓幇鏈夌殑杩炴帴銆?
2026-04-17 15:31:14,968 [Router7] ERROR: 鎺ユ敹娑堟伅寮傚父: [WinError 10054] 杩滅▼涓绘満寮鸿揩鍏抽棴浜嗕竴涓幇鏈夌殑杩炴帴銆?
2026-04-17 15:31:14,969 [Router6] ERROR: 鎺ユ敹娑堟伅寮傚父: [WinError 10054] 杩滅▼涓绘満寮鸿揩鍏抽棴浜嗕竴涓幇鏈夌殑杩炴帴銆?
2026-04-17 15:31:14,983 [Router5] ERROR: 鎺ユ敹娑堟伅寮傚父: [WinError 10054] 杩滅▼涓绘満寮鸿揩鍏抽棴浜嗕竴涓幇鏈夌殑杩炴帴銆?
2026-04-17 15:31:15,782 [Router8] ERROR: 鎺ユ敹娑堟伅寮傚父: [WinError 10054] 杩滅▼涓绘満寮鸿揩鍏抽棴浜嗕竴涓幇鏈夌殑杩炴帴銆?
2026-04-17 15:31:15,782 [Router6] ERROR: 鎺ユ敹娑堟伅寮傚父: [WinError 10054] 杩滅▼涓绘満寮鸿揩鍏抽棴浜嗕竴涓幇鏈夌殑杩炴帴銆?
2026-04-17 15:31:15,782 [Router7] ERROR: 鎺ユ敹娑堟伅寮傚父: [WinError 10054] 杩滅▼涓绘満寮鸿揩鍏抽棴浜嗕竴涓幇鏈夌殑杩炴帴銆?
2026-04-17 15:31:15,795 [Router5] ERROR: 鎺ユ敹娑堟伅寮傚父: [WinError 10054] 杩滅▼涓绘満寮鸿揩鍏抽棴浜嗕竴涓幇鏈夌殑杩炴帴銆?
2026-04-17 15:31:16,163 [Simulator] INFO: 璺敱鍣?4 宸插仠姝?
2026-04-17 15:31:16,163 [Router5] INFO: 鍋滄璺敱鍣?Router5
2026-04-17 15:31:16,595 [Router7] WARNING: 閭绘帴璺敱鍣?2 宸叉晠闅?
2026-04-17 15:31:16,596 [Router7] INFO: 閭绘帴璺敱鍣?2 Down浜嬩欢
2026-04-17 15:31:16,596 [Router6] ERROR: 鎺ユ敹娑堟伅寮傚父: [WinError 10054] 杩滅▼涓绘満寮鸿揩鍏抽棴浜嗕竴涓幇鏈夌殑杩炴帴銆?
2026-04-17 15:31:16,597 [Router7] INFO: Dijkstra璁＄畻瀹屾垚锛岃绠楁椂闂?0.037ms
2026-04-17 15:31:16,598 [Router9] ERROR: 鎺ユ敹娑堟伅寮傚父: [WinError 10054] 杩滅▼涓绘満寮鸿揩鍏抽棴浜嗕竴涓幇鏈夌殑杩炴帴銆?
2026-04-17 15:31:16,599 [Router7] ERROR: 鎺ユ敹娑堟伅寮傚父: [WinError 10054] 杩滅▼涓绘満寮鸿揩鍏抽棴浜嗕竴涓幇鏈夌殑杩炴帴銆?
2026-04-17 15:31:16,599 [Router6] ERROR: 鎺ユ敹娑堟伅寮傚父: [WinError 10054] 杩滅▼涓绘満寮鸿揩鍏抽棴浜嗕竴涓幇鏈夌殑杩炴帴銆?
2026-04-17 15:31:16,599 [Router8] ERROR: 鎺ユ敹娑堟伅寮傚父: [WinError 10054] 杩滅▼涓绘満寮鸿揩鍏抽棴浜嗕竴涓幇鏈夌殑杩炴帴銆?
2026-04-17 15:31:16,600 [Router9] INFO: 鏀跺埌鏂扮殑LSA锛屾簮=7, 搴忓垪鍙?8
2026-04-17 15:31:16,600 [Router12] INFO: 鏀跺埌鏂扮殑LSA锛屾簮=7, 搴忓垪鍙?8
2026-04-17 15:31:16,600 [Router9] INFO: Dijkstra璁＄畻瀹屾垚锛岃绠楁椂闂?0.033ms
2026-04-17 15:31:16,600 [Router6] INFO: 鏀跺埌鏂扮殑LSA锛屾簮=7, 搴忓垪鍙?8
2026-04-17 15:31:16,601 [Router12] INFO: Dijkstra璁＄畻瀹屾垚锛岃绠楁椂闂?0.032ms
2026-04-17 15:31:16,601 [Router11] INFO: 鏀跺埌鏂扮殑LSA锛屾簮=7, 搴忓垪鍙?8
2026-04-17 15:31:16,601 [Router8] INFO: 鏀跺埌鏂扮殑LSA锛屾簮=7, 搴忓垪鍙?8
2026-04-17 15:31:16,602 [Router10] INFO: 鏀跺埌鏂扮殑LSA锛屾簮=7, 搴忓垪鍙?8
2026-04-17 15:31:16,602 [Router6] INFO: Dijkstra璁＄畻瀹屾垚锛岃绠楁椂闂?0.032ms
2026-04-17 15:31:16,602 [Router9] ERROR: 鎺ユ敹娑堟伅寮傚父: [WinError 10054] 杩滅▼涓绘満寮鸿揩鍏抽棴浜嗕竴涓幇鏈夌殑杩炴帴銆?
2026-04-17 15:31:16,602 [Router11] INFO: Dijkstra璁＄畻瀹屾垚锛岃绠楁椂闂?0.036ms
2026-04-17 15:31:16,603 [Router8] INFO: Dijkstra璁＄畻瀹屾垚锛岃绠楁椂闂?0.034ms
2026-04-17 15:31:16,603 [Router6] ERROR: 鎺ユ敹娑堟伅寮傚父: [WinError 10054] 杩滅▼涓绘満寮鸿揩鍏抽棴浜嗕竴涓幇鏈夌殑杩炴帴銆?
2026-04-17 15:31:16,604 [Router10] INFO: Dijkstra璁＄畻瀹屾垚锛岃绠楁椂闂?0.035ms
2026-04-17 15:31:16,605 [Router8] ERROR: 鎺ユ敹娑堟伅寮傚父: [WinError 10054] 杩滅▼涓绘満寮鸿揩鍏抽棴浜嗕竴涓幇鏈夌殑杩炴帴銆?
2026-04-17 15:31:17,402 [Router8] WARNING: 閭绘帴璺敱鍣?3 宸叉晠闅?
2026-04-17 15:31:17,402 [Router8] INFO: 閭绘帴璺敱鍣?3 Down浜嬩欢
2026-04-17 15:31:17,403 [Router8] INFO: Dijkstra璁＄畻瀹屾垚锛岃绠楁椂闂?0.032ms
2026-04-17 15:31:17,404 [Router6] ERROR: 鎺ユ敹娑堟伅寮傚父: [WinError 10054] 杩滅▼涓绘満寮鸿揩鍏抽棴浜嗕竴涓幇鏈夌殑杩炴帴銆?
2026-04-17 15:31:17,404 [Router6] ERROR: 鎺ユ敹娑堟伅寮傚父: [WinError 10054] 杩滅▼涓绘満寮鸿揩鍏抽棴浜嗕竴涓幇鏈夌殑杩炴帴銆?
2026-04-17 15:31:17,404 [Router8] ERROR: 鎺ユ敹娑堟伅寮傚父: [WinError 10054] 杩滅▼涓绘満寮鸿揩鍏抽棴浜嗕竴涓幇鏈夌殑杩炴帴銆?
2026-04-17 15:31:17,404 [Router7] ERROR: 鎺ユ敹娑堟伅寮傚父: [WinError 10054] 杩滅▼涓绘満寮鸿揩鍏抽棴浜嗕竴涓幇鏈夌殑杩炴帴銆?
2026-04-17 15:31:17,404 [Router9] ERROR: 鎺ユ敹娑堟伅寮傚父: [WinError 10054] 杩滅▼涓绘満寮鸿揩鍏抽棴浜嗕竴涓幇鏈夌殑杩炴帴銆?
2026-04-17 15:31:17,404 [Router9] INFO: 鏀跺埌鏂扮殑LSA锛屾簮=8, 搴忓垪鍙?7
2026-04-17 15:31:17,404 [Router10] INFO: 鏀跺埌鏂扮殑LSA锛屾簮=8, 搴忓垪鍙?7
2026-04-17 15:31:17,404 [Router6] INFO: 鏀跺埌鏂扮殑LSA锛屾簮=8, 搴忓垪鍙?7
2026-04-17 15:31:17,404 [Router9] INFO: Dijkstra璁＄畻瀹屾垚锛岃绠楁椂闂?0.034ms
2026-04-17 15:31:17,404 [Router10] INFO: Dijkstra璁＄畻瀹屾垚锛岃绠楁椂闂?0.034ms
2026-04-17 15:31:17,404 [Router6] INFO: Dijkstra璁＄畻瀹屾垚锛岃绠楁椂闂?0.029ms
2026-04-17 15:31:17,404 [Router11] INFO: 鏀跺埌鏂扮殑LSA锛屾簮=8, 搴忓垪鍙?7
2026-04-17 15:31:17,404 [Router12] INFO: 鏀跺埌鏂扮殑LSA锛屾簮=8, 搴忓垪鍙?7
2026-04-17 15:31:17,404 [Router7] INFO: 鏀跺埌鏂扮殑LSA锛屾簮=8, 搴忓垪鍙?7
2026-04-17 15:31:17,404 [Router9] ERROR: 鎺ユ敹娑堟伅寮傚父: [WinError 10054] 杩滅▼涓绘満寮鸿揩鍏抽棴浜嗕竴涓幇鏈夌殑杩炴帴銆?
2026-04-17 15:31:17,404 [Router6] ERROR: 鎺ユ敹娑堟伅寮傚父: [WinError 10054] 杩滅▼涓绘満寮鸿揩鍏抽棴浜嗕竴涓幇鏈夌殑杩炴帴銆?
2026-04-17 15:31:17,404 [Router11] INFO: Dijkstra璁＄畻瀹屾垚锛岃绠楁椂闂?0.034ms
2026-04-17 15:31:17,404 [Router12] INFO: Dijkstra璁＄畻瀹屾垚锛岃绠楁椂闂?0.031ms
2026-04-17 15:31:17,404 [Router7] INFO: Dijkstra璁＄畻瀹屾垚锛岃绠楁椂闂?0.036ms
2026-04-17 15:31:18,044 [Simulator] INFO: 璺敱鍣?5 宸插仠姝?
2026-04-17 15:31:18,044 [Router8] INFO: 鏀跺埌鏂扮殑LSA锛屾簮=10, 搴忓垪鍙?7
2026-04-17 15:31:18,044 [Router7] ERROR: 鎺ユ敹娑堟伅寮傚父: [WinError 10054] 杩滅▼涓绘満寮鸿揩鍏抽棴浜嗕竴涓幇鏈夌殑杩炴帴銆?
2026-04-17 15:31:18,045 [Router6] INFO: 鏀跺埌鏂扮殑LSA锛屾簮=8, 搴忓垪鍙?8
2026-04-17 15:31:18,045 [Router9] INFO: 鏀跺埌鏂扮殑LSA锛屾簮=11, 搴忓垪鍙?6
2026-04-17 15:31:18,045 [Router6] INFO: 鍋滄璺敱鍣?Router6
2026-04-17 15:31:18,045 [Router8] INFO: Dijkstra璁＄畻瀹屾垚锛岃绠楁椂闂?0.032ms
2026-04-17 15:31:18,046 [Router10] INFO: 鏀跺埌鏂扮殑LSA锛屾簮=11, 搴忓垪鍙?6
2026-04-17 15:31:18,046 [Router12] INFO: 鏀跺埌鏂扮殑LSA锛屾簮=7, 搴忓垪鍙?9
2026-04-17 15:31:18,046 [Router11] INFO: 鏀跺埌鏂扮殑LSA锛屾簮=10, 搴忓垪鍙?7
2026-04-17 15:31:18,046 [Router10] ERROR: 鎺ユ敹娑堟伅寮傚父: [WinError 10054] 杩滅▼涓绘満寮鸿揩鍏抽棴浜嗕竴涓幇鏈夌殑杩炴帴銆?
2026-04-17 15:31:18,047 [Router6] INFO: Dijkstra璁＄畻瀹屾垚锛岃绠楁椂闂?0.034ms
2026-04-17 15:31:18,047 [Router9] ERROR: 鎺ユ敹娑堟伅寮傚父: [WinError 10054] 杩滅▼涓绘満寮鸿揩鍏抽棴浜嗕竴涓幇鏈夌殑杩炴帴銆?
2026-04-17 15:31:18,047 [Router7] INFO: 鏀跺埌鏂扮殑LSA锛屾簮=9, 搴忓垪鍙?7
2026-04-17 15:31:18,048 [Router9] INFO: Dijkstra璁＄畻瀹屾垚锛岃绠楁椂闂?0.038ms
2026-04-17 15:31:18,048 [Router8] INFO: 鏀跺埌鏂扮殑LSA锛屾簮=9, 搴忓垪鍙?7
2026-04-17 15:31:18,048 [Router10] INFO: Dijkstra璁＄畻瀹屾垚锛岃绠楁椂闂?0.032ms
2026-04-17 15:31:18,049 [Router12] INFO: Dijkstra璁＄畻瀹屾垚锛岃绠楁椂闂?0.030ms
2026-04-17 15:31:18,049 [Router11] INFO: Dijkstra璁＄畻瀹屾垚锛岃绠楁椂闂?0.029ms
2026-04-17 15:31:18,050 [Router7] INFO: Dijkstra璁＄畻瀹屾垚锛岃绠楁椂闂?0.031ms
2026-04-17 15:31:18,050 [Router9] ERROR: 鎺ユ敹娑堟伅寮傚父: [WinError 10054] 杩滅▼涓绘満寮鸿揩鍏抽棴浜嗕竴涓幇鏈夌殑杩炴帴銆?
2026-04-17 15:31:18,050 [Router10] ERROR: 鎺ユ敹娑堟伅寮傚父: [WinError 10054] 杩滅▼涓绘満寮鸿揩鍏抽棴浜嗕竴涓幇鏈夌殑杩炴帴銆?
2026-04-17 15:31:18,050 [Router9] INFO: 鏀跺埌鏂扮殑LSA锛屾簮=8, 搴忓垪鍙?8
2026-04-17 15:31:18,050 [Router8] INFO: 鏀跺埌鏂扮殑LSA锛屾簮=11, 搴忓垪鍙?6
2026-04-17 15:31:18,051 [Router7] ERROR: 鎺ユ敹娑堟伅寮傚父: [WinError 10054] 杩滅▼涓绘満寮鸿揩鍏抽棴浜嗕竴涓幇鏈夌殑杩炴帴銆?
2026-04-17 15:31:18,051 [Router10] INFO: 鏀跺埌鏂扮殑LSA锛屾簮=8, 搴忓垪鍙?8
2026-04-17 15:31:18,051 [Router12] INFO: 鏀跺埌鏂扮殑LSA锛屾簮=10, 搴忓垪鍙?7
2026-04-17 15:31:18,051 [Router11] INFO: 鏀跺埌鏂扮殑LSA锛屾簮=9, 搴忓垪鍙?7
2026-04-17 15:31:18,051 [Router7] INFO: 鏀跺埌鏂扮殑LSA锛屾簮=6, 搴忓垪鍙?8
2026-04-17 15:31:18,052 [Router9] INFO: 鏀跺埌鏂扮殑LSA锛屾簮=7, 搴忓垪鍙?9
2026-04-17 15:31:18,052 [Router10] INFO: 鏀跺埌鏂扮殑LSA锛屾簮=7, 搴忓垪鍙?9
2026-04-17 15:31:18,053 [Router12] INFO: 鏀跺埌鏂扮殑LSA锛屾簮=11, 搴忓垪鍙?6
2026-04-17 15:31:18,053 [Router9] ERROR: 鎺ユ敹娑堟伅寮傚父: [WinError 10054] 杩滅▼涓绘満寮鸿揩鍏抽棴浜嗕竴涓幇鏈夌殑杩炴帴銆?
2026-04-17 15:31:18,053 [Router11] INFO: 鏀跺埌鏂扮殑LSA锛屾簮=7, 搴忓垪鍙?9
2026-04-17 15:31:18,053 [Router7] INFO: 鏀跺埌鏂扮殑LSA锛屾簮=11, 搴忓垪鍙?6
2026-04-17 15:31:18,054 [Router9] INFO: 鏀跺埌鏂扮殑LSA锛屾簮=10, 搴忓垪鍙?7
2026-04-17 15:31:18,054 [Router10] INFO: 鏀跺埌鏂扮殑LSA锛屾簮=9, 搴忓垪鍙?7
2026-04-17 15:31:18,054 [Router8] INFO: 鏀跺埌鏂扮殑LSA锛屾簮=7, 搴忓垪鍙?9
2026-04-17 15:31:18,055 [Router12] INFO: 鏀跺埌鏂扮殑LSA锛屾簮=9, 搴忓垪鍙?7
2026-04-17 15:31:18,055 [Router10] ERROR: 鎺ユ敹娑堟伅寮傚父: [WinError 10054] 杩滅▼涓绘満寮鸿揩鍏抽棴浜嗕竴涓幇鏈夌殑杩炴帴銆?
2026-04-17 15:31:18,055 [Router11] INFO: 鏀跺埌鏂扮殑LSA锛屾簮=8, 搴忓垪鍙?8
2026-04-17 15:31:18,055 [Router7] ERROR: 鎺ユ敹娑堟伅寮傚父: [WinError 10054] 杩滅▼涓绘満寮鸿揩鍏抽棴浜嗕竴涓幇鏈夌殑杩炴帴銆?
2026-04-17 15:31:18,056 [Router7] INFO: 鏀跺埌鏂扮殑LSA锛屾簮=8, 搴忓垪鍙?8
2026-04-17 15:31:18,056 [Router9] INFO: 鏀跺埌鏂扮殑LSA锛屾簮=6, 搴忓垪鍙?8
2026-04-17 15:31:18,056 [Router9] ERROR: 鎺ユ敹娑堟伅寮傚父: [WinError 10054] 杩滅▼涓绘満寮鸿揩鍏抽棴浜嗕竴涓幇鏈夌殑杩炴帴銆?
2026-04-17 15:31:18,057 [Router12] INFO: 鏀跺埌鏂扮殑LSA锛屾簮=8, 搴忓垪鍙?8
2026-04-17 15:31:18,059 [Router7] INFO: 鏀跺埌鏂扮殑LSA锛屾簮=10, 搴忓垪鍙?7
2026-04-17 15:31:18,059 [Router7] ERROR: 鎺ユ敹娑堟伅寮傚父: [WinError 10054] 杩滅▼涓绘満寮鸿揩鍏抽棴浜嗕竴涓幇鏈夌殑杩炴帴銆?
2026-04-17 15:31:18,059 [Router10] ERROR: 鎺ユ敹娑堟伅寮傚父: [WinError 10054] 杩滅▼涓绘満寮鸿揩鍏抽棴浜嗕竴涓幇鏈夌殑杩炴帴銆?
2026-04-17 15:31:18,060 [Router12] INFO: 鏀跺埌鏂扮殑LSA锛屾簮=6, 搴忓垪鍙?8
2026-04-17 15:31:18,060 [Router8] INFO: 鏀跺埌鏂扮殑LSA锛屾簮=6, 搴忓垪鍙?8
2026-04-17 15:31:18,061 [Router9] ERROR: 鎺ユ敹娑堟伅寮傚父: [WinError 10054] 杩滅▼涓绘満寮鸿揩鍏抽棴浜嗕竴涓幇鏈夌殑杩炴帴銆?
2026-04-17 15:31:18,062 [Router11] INFO: 鏀跺埌鏂扮殑LSA锛屾簮=6, 搴忓垪鍙?8
2026-04-17 15:31:18,062 [Router7] ERROR: 鎺ユ敹娑堟伅寮傚父: [WinError 10054] 杩滅▼涓绘満寮鸿揩鍏抽棴浜嗕竴涓幇鏈夌殑杩炴帴銆?
2026-04-17 15:31:18,063 [Router11] INFO: 鏀跺埌鏂扮殑LSA锛屾簮=12, 搴忓垪鍙?6
2026-04-17 15:31:18,063 [Router10] ERROR: 鎺ユ敹娑堟伅寮傚父: [WinError 10054] 杩滅▼涓绘満寮鸿揩鍏抽棴浜嗕竴涓幇鏈夌殑杩炴帴銆?
2026-04-17 15:31:18,064 [Router9] ERROR: 鎺ユ敹娑堟伅寮傚父: [WinError 10054] 杩滅▼涓绘満寮鸿揩鍏抽棴浜嗕竴涓幇鏈夌殑杩炴帴銆?
2026-04-17 15:31:18,064 [Router7] ERROR: 鎺ユ敹娑堟伅寮傚父: [WinError 10054] 杩滅▼涓绘満寮鸿揩鍏抽棴浜嗕竴涓幇鏈夌殑杩炴帴銆?
2026-04-17 15:31:18,065 [Router7] INFO: 鏀跺埌鏂扮殑LSA锛屾簮=12, 搴忓垪鍙?6
2026-04-17 15:31:18,065 [Router10] INFO: 鏀跺埌鏂扮殑LSA锛屾簮=12, 搴忓垪鍙?6
2026-04-17 15:31:18,066 [Router10] INFO: 鏀跺埌鏂扮殑LSA锛屾簮=6, 搴忓垪鍙?8
2026-04-17 15:31:18,066 [Router9] INFO: 鏀跺埌鏂扮殑LSA锛屾簮=12, 搴忓垪鍙?6
2026-04-17 15:31:18,066 [Router8] INFO: 鏀跺埌鏂扮殑LSA锛屾簮=12, 搴忓垪鍙?6
2026-04-17 15:31:18,067 [Router7] ERROR: 鎺ユ敹娑堟伅寮傚父: [WinError 10054] 杩滅▼涓绘満寮鸿揩鍏抽棴浜嗕竴涓幇鏈夌殑杩炴帴銆?
2026-04-17 15:31:18,067 [Router10] ERROR: 鎺ユ敹娑堟伅寮傚父: [WinError 10054] 杩滅▼涓绘満寮鸿揩鍏抽棴浜嗕竴涓幇鏈夌殑杩炴帴銆?
2026-04-17 15:31:18,068 [Router10] ERROR: 鎺ユ敹娑堟伅寮傚父: [WinError 10054] 杩滅▼涓绘満寮鸿揩鍏抽棴浜嗕竴涓幇鏈夌殑杩炴帴銆?
2026-04-17 15:31:18,068 [Router9] ERROR: 鎺ユ敹娑堟伅寮傚父: [WinError 10054] 杩滅▼涓绘満寮鸿揩鍏抽棴浜嗕竴涓幇鏈夌殑杩炴帴銆?
2026-04-17 15:31:18,171 [Router10] ERROR: 鎺ユ敹娑堟伅寮傚父: [WinError 10054] 杩滅▼涓绘満寮鸿揩鍏抽棴浜嗕竴涓幇鏈夌殑杩炴帴銆?
2026-04-17 15:31:18,217 [Router6] WARNING: 閭绘帴璺敱鍣?4 宸叉晠闅?
2026-04-17 15:31:18,217 [Router6] INFO: 閭绘帴璺敱鍣?4 Down浜嬩欢
2026-04-17 15:31:18,218 [Router9] WARNING: 閭绘帴璺敱鍣?4 宸叉晠闅?
2026-04-17 15:31:18,218 [Router9] INFO: 閭绘帴璺敱鍣?4 Down浜嬩欢
2026-04-17 15:31:18,218 [Router7] ERROR: 鎺ユ敹娑堟伅寮傚父: [WinError 10054] 杩滅▼涓绘満寮鸿揩鍏抽棴浜嗕竴涓幇鏈夌殑杩炴帴銆?
2026-04-17 15:31:18,219 [Router8] ERROR: 鎺ユ敹娑堟伅寮傚父: [WinError 10054] 杩滅▼涓绘満寮鸿揩鍏抽棴浜嗕竴涓幇鏈夌殑杩炴帴銆?
2026-04-17 15:31:18,219 [Router7] ERROR: 鎺ユ敹娑堟伅寮傚父: [WinError 10054] 杩滅▼涓绘満寮鸿揩鍏抽棴浜嗕竴涓幇鏈夌殑杩炴帴銆?
2026-04-17 15:31:18,220 [Router9] ERROR: 鎺ユ敹娑堟伅寮傚父: [WinError 10054] 杩滅▼涓绘満寮鸿揩鍏抽棴浜嗕竴涓幇鏈夌殑杩炴帴銆?
2026-04-17 15:31:18,220 [Router8] INFO: 鏀跺埌鏂扮殑LSA锛屾簮=9, 搴忓垪鍙?8
2026-04-17 15:31:18,220 [Router7] INFO: 鏀跺埌鏂扮殑LSA锛屾簮=9, 搴忓垪鍙?8
2026-04-17 15:31:18,221 [Router11] INFO: 鏀跺埌鏂扮殑LSA锛屾簮=9, 搴忓垪鍙?8
2026-04-17 15:31:18,221 [Router7] ERROR: 鎺ユ敹娑堟伅寮傚父: [WinError 10054] 杩滅▼涓绘満寮鸿揩鍏抽棴浜嗕竴涓幇鏈夌殑杩炴帴銆?
2026-04-17 15:31:18,221 [Router12] INFO: 鏀跺埌鏂扮殑LSA锛屾簮=9, 搴忓垪鍙?8
2026-04-17 15:31:18,221 [Router10] INFO: 鏀跺埌鏂扮殑LSA锛屾簮=9, 搴忓垪鍙?8
2026-04-17 15:31:18,222 [Router10] ERROR: 鎺ユ敹娑堟伅寮傚父: [WinError 10054] 杩滅▼涓绘満寮鸿揩鍏抽棴浜嗕竴涓幇鏈夌殑杩炴帴銆?
2026-04-17 15:31:18,286 [Router11] INFO: Dijkstra璁＄畻瀹屾垚锛岃绠楁椂闂?0.041ms
2026-04-17 15:31:18,286 [Router9] INFO: Dijkstra璁＄畻瀹屾垚锛岃绠楁椂闂?0.036ms
2026-04-17 15:31:18,286 [Router7] INFO: Dijkstra璁＄畻瀹屾垚锛岃绠楁椂闂?0.037ms
2026-04-17 15:31:18,287 [Router10] INFO: Dijkstra璁＄畻瀹屾垚锛岃绠楁椂闂?0.035ms
2026-04-17 15:31:18,287 [Router12] INFO: Dijkstra璁＄畻瀹屾垚锛岃绠楁椂闂?0.030ms
2026-04-17 15:31:18,287 [Router8] INFO: Dijkstra璁＄畻瀹屾垚锛岃绠楁椂闂?0.033ms
2026-04-17 15:31:18,987 [Router10] ERROR: 鎺ユ敹娑堟伅寮傚父: [WinError 10054] 杩滅▼涓绘満寮鸿揩鍏抽棴浜嗕竴涓幇鏈夌殑杩炴帴銆?
2026-04-17 15:31:19,021 [Router9] ERROR: 鎺ユ敹娑堟伅寮傚父: [WinError 10054] 杩滅▼涓绘満寮鸿揩鍏抽棴浜嗕竴涓幇鏈夌殑杩炴帴銆?
2026-04-17 15:31:19,021 [Router7] ERROR: 鎺ユ敹娑堟伅寮傚父: [WinError 10054] 杩滅▼涓绘満寮鸿揩鍏抽棴浜嗕竴涓幇鏈夌殑杩炴帴銆?
2026-04-17 15:31:19,022 [Router8] ERROR: 鎺ユ敹娑堟伅寮傚父: [WinError 10054] 杩滅▼涓绘満寮鸿揩鍏抽棴浜嗕竴涓幇鏈夌殑杩炴帴銆?
2026-04-17 15:31:19,022 [Router7] ERROR: 鎺ユ敹娑堟伅寮傚父: [WinError 10054] 杩滅▼涓绘満寮鸿揩鍏抽棴浜嗕竴涓幇鏈夌殑杩炴帴銆?
2026-04-17 15:31:19,796 [Router10] ERROR: 鎺ユ敹娑堟伅寮傚父: [WinError 10054] 杩滅▼涓绘満寮鸿揩鍏抽棴浜嗕竴涓幇鏈夌殑杩炴帴銆?
2026-04-17 15:31:19,835 [Router7] ERROR: 鎺ユ敹娑堟伅寮傚父: [WinError 10054] 杩滅▼涓绘満寮鸿揩鍏抽棴浜嗕竴涓幇鏈夌殑杩炴帴銆?
2026-04-17 15:31:19,836 [Router7] ERROR: 鎺ユ敹娑堟伅寮傚父: [WinError 10054] 杩滅▼涓绘満寮鸿揩鍏抽棴浜嗕竴涓幇鏈夌殑杩炴帴銆?
2026-04-17 15:31:19,837 [Router8] ERROR: 鎺ユ敹娑堟伅寮傚父: [WinError 10054] 杩滅▼涓绘満寮鸿揩鍏抽棴浜嗕竴涓幇鏈夌殑杩炴帴銆?
2026-04-17 15:31:19,837 [Router9] ERROR: 鎺ユ敹娑堟伅寮傚父: [WinError 10054] 杩滅▼涓绘満寮鸿揩鍏抽棴浜嗕竴涓幇鏈夌殑杩炴帴銆?
2026-04-17 15:31:20,050 [Simulator] INFO: 璺敱鍣?6 宸插仠姝?
2026-04-17 15:31:20,050 [Router7] INFO: 鍋滄璺敱鍣?Router7
2026-04-17 15:31:20,609 [Router10] ERROR: 鎺ユ敹娑堟伅寮傚父: [WinError 10054] 杩滅▼涓绘満寮鸿揩鍏抽棴浜嗕竴涓幇鏈夌殑杩炴帴銆?
2026-04-17 15:31:20,644 [Router7] WARNING: 閭绘帴璺敱鍣?5 宸叉晠闅?
2026-04-17 15:31:20,646 [Router7] INFO: 閭绘帴璺敱鍣?5 Down浜嬩欢
2026-04-17 15:31:20,646 [Router7] INFO: Dijkstra璁＄畻瀹屾垚锛岃绠楁椂闂?0.061ms
2026-04-17 15:31:20,647 [Router9] ERROR: 鎺ユ敹娑堟伅寮傚父: [WinError 10054] 杩滅▼涓绘満寮鸿揩鍏抽棴浜嗕竴涓幇鏈夌殑杩炴帴銆?
2026-04-17 15:31:20,647 [Router8] ERROR: 鎺ユ敹娑堟伅寮傚父: [WinError 10054] 杩滅▼涓绘満寮鸿揩鍏抽棴浜嗕竴涓幇鏈夌殑杩炴帴銆?
2026-04-17 15:31:20,648 [Router8] ERROR: 鎺ユ敹娑堟伅寮傚父: [WinError 10054] 杩滅▼涓绘満寮鸿揩鍏抽棴浜嗕竴涓幇鏈夌殑杩炴帴銆?
2026-04-17 15:31:21,418 [Router10] WARNING: 閭绘帴璺敱鍣?5 宸叉晠闅?
2026-04-17 15:31:21,418 [Router10] INFO: 閭绘帴璺敱鍣?5 Down浜嬩欢
2026-04-17 15:31:21,418 [Router10] INFO: Dijkstra璁＄畻瀹屾垚锛岃绠楁椂闂?0.041ms
2026-04-17 15:31:21,420 [Router10] ERROR: 鎺ユ敹娑堟伅寮傚父: [WinError 10054] 杩滅▼涓绘満寮鸿揩鍏抽棴浜嗕竴涓幇鏈夌殑杩炴帴銆?
2026-04-17 15:31:21,420 [Router11] INFO: 鏀跺埌鏂扮殑LSA锛屾簮=10, 搴忓垪鍙?8
2026-04-17 15:31:21,420 [Router11] INFO: Dijkstra璁＄畻瀹屾垚锛岃绠楁椂闂?0.031ms
2026-04-17 15:31:21,421 [Router8] INFO: 鏀跺埌鏂扮殑LSA锛屾簮=10, 搴忓垪鍙?8
2026-04-17 15:31:21,421 [Router8] INFO: Dijkstra璁＄畻瀹屾垚锛岃绠楁椂闂?0.027ms
2026-04-17 15:31:21,421 [Router9] INFO: 鏀跺埌鏂扮殑LSA锛屾簮=10, 搴忓垪鍙?8
2026-04-17 15:31:21,421 [Router9] INFO: Dijkstra璁＄畻瀹屾垚锛岃绠楁椂闂?0.028ms
2026-04-17 15:31:21,421 [Router12] INFO: 鏀跺埌鏂扮殑LSA锛屾簮=10, 搴忓垪鍙?8
2026-04-17 15:31:21,422 [Router12] INFO: Dijkstra璁＄畻瀹屾垚锛岃绠楁椂闂?0.028ms
2026-04-17 15:31:21,422 [Router8] ERROR: 鎺ユ敹娑堟伅寮傚父: [WinError 10054] 杩滅▼涓绘満寮鸿揩鍏抽棴浜嗕竴涓幇鏈夌殑杩炴帴銆?
2026-04-17 15:31:21,458 [Router8] ERROR: 鎺ユ敹娑堟伅寮傚父: [WinError 10054] 杩滅▼涓绘満寮鸿揩鍏抽棴浜嗕竴涓幇鏈夌殑杩炴帴銆?
2026-04-17 15:31:21,459 [Router8] ERROR: 鎺ユ敹娑堟伅寮傚父: [WinError 10054] 杩滅▼涓绘満寮鸿揩鍏抽棴浜嗕竴涓幇鏈夌殑杩炴帴銆?
2026-04-17 15:31:21,459 [Router9] ERROR: 鎺ユ敹娑堟伅寮傚父: [WinError 10054] 杩滅▼涓绘満寮鸿揩鍏抽棴浜嗕竴涓幇鏈夌殑杩炴帴銆?
2026-04-17 15:31:22,228 [Router10] ERROR: 鎺ユ敹娑堟伅寮傚父: [WinError 10054] 杩滅▼涓绘満寮鸿揩鍏抽棴浜嗕竴涓幇鏈夌殑杩炴帴銆?
2026-04-17 15:31:22,261 [Router8] WARNING: 閭绘帴璺敱鍣?6 宸叉晠闅?
2026-04-17 15:31:22,261 [Router8] INFO: 閭绘帴璺敱鍣?6 Down浜嬩欢
2026-04-17 15:31:22,261 [Router8] INFO: Dijkstra璁＄畻瀹屾垚锛岃绠楁椂闂?0.033ms
2026-04-17 15:31:22,262 [Router8] ERROR: 鎺ユ敹娑堟伅寮傚父: [WinError 10054] 杩滅▼涓绘満寮鸿揩鍏抽棴浜嗕竴涓幇鏈夌殑杩炴帴銆?
2026-04-17 15:31:22,262 [Router8] ERROR: 鎺ユ敹娑堟伅寮傚父: [WinError 10054] 杩滅▼涓绘満寮鸿揩鍏抽棴浜嗕竴涓幇鏈夌殑杩炴帴銆?
2026-04-17 15:31:22,262 [Router9] INFO: 鏀跺埌鏂扮殑LSA锛屾簮=8, 搴忓垪鍙?9
2026-04-17 15:31:22,263 [Router9] INFO: Dijkstra璁＄畻瀹屾垚锛岃绠楁椂闂?0.029ms
2026-04-17 15:31:22,263 [Router10] INFO: 鏀跺埌鏂扮殑LSA锛屾簮=8, 搴忓垪鍙?9
2026-04-17 15:31:22,263 [Router10] INFO: Dijkstra璁＄畻瀹屾垚锛岃绠楁椂闂?0.031ms
2026-04-17 15:31:22,264 [Router12] INFO: 鏀跺埌鏂扮殑LSA锛屾簮=8, 搴忓垪鍙?9
2026-04-17 15:31:22,264 [Router12] INFO: Dijkstra璁＄畻瀹屾垚锛岃绠楁椂闂?0.030ms
2026-04-17 15:31:22,264 [Router11] INFO: 鏀跺埌鏂扮殑LSA锛屾簮=8, 搴忓垪鍙?9
2026-04-17 15:31:22,265 [Router11] INFO: Dijkstra璁＄畻瀹屾垚锛岃绠楁椂闂?0.032ms
2026-04-17 15:31:22,265 [Router9] ERROR: 鎺ユ敹娑堟伅寮傚父: [WinError 10054] 杩滅▼涓绘満寮鸿揩鍏抽棴浜嗕竴涓幇鏈夌殑杩炴帴銆?
2026-04-17 15:31:22,652 [Simulator] INFO: 璺敱鍣?7 宸插仠姝?
2026-04-17 15:31:22,652 [Router8] INFO: 鍋滄璺敱鍣?Router8
2026-04-17 15:31:23,028 [Router10] ERROR: 鎺ユ敹娑堟伅寮傚父: [WinError 10054] 杩滅▼涓绘満寮鸿揩鍏抽棴浜嗕竴涓幇鏈夌殑杩炴帴銆?
2026-04-17 15:31:23,028 [Router12] ERROR: 鎺ユ敹娑堟伅寮傚父: [WinError 10054] 杩滅▼涓绘満寮鸿揩鍏抽棴浜嗕竴涓幇鏈夌殑杩炴帴銆?
2026-04-17 15:31:23,052 [Router12] INFO: 鏀跺埌鏂扮殑LSA锛屾簮=10, 搴忓垪鍙?9
2026-04-17 15:31:23,052 [Router12] INFO: Dijkstra璁＄畻瀹屾垚锛岃绠楁椂闂?0.051ms
2026-04-17 15:31:23,052 [Router11] INFO: 鏀跺埌鏂扮殑LSA锛屾簮=10, 搴忓垪鍙?9
2026-04-17 15:31:23,052 [Router11] INFO: Dijkstra璁＄畻瀹屾垚锛岃绠楁椂闂?0.028ms
2026-04-17 15:31:23,053 [Router11] INFO: 鏀跺埌鏂扮殑LSA锛屾簮=9, 搴忓垪鍙?9
2026-04-17 15:31:23,053 [Router9] ERROR: 鎺ユ敹娑堟伅寮傚父: [WinError 10054] 杩滅▼涓绘満寮鸿揩鍏抽棴浜嗕竴涓幇鏈夌殑杩炴帴銆?
2026-04-17 15:31:23,053 [Router9] INFO: 鏀跺埌鏂扮殑LSA锛屾簮=11, 搴忓垪鍙?7
2026-04-17 15:31:23,054 [Router10] INFO: 鏀跺埌鏂扮殑LSA锛屾簮=11, 搴忓垪鍙?7
2026-04-17 15:31:23,054 [Router9] INFO: Dijkstra璁＄畻瀹屾垚锛岃绠楁椂闂?0.036ms
2026-04-17 15:31:23,054 [Router12] ERROR: 鎺ユ敹娑堟伅寮傚父: [WinError 10054] 杩滅▼涓绘満寮鸿揩鍏抽棴浜嗕竴涓幇鏈夌殑杩炴帴銆?
2026-04-17 15:31:23,054 [Router10] INFO: Dijkstra璁＄畻瀹屾垚锛岃绠楁椂闂?0.034ms
2026-04-17 15:31:23,055 [Router9] ERROR: 鎺ユ敹娑堟伅寮傚父: [WinError 10054] 杩滅▼涓绘満寮鸿揩鍏抽棴浜嗕竴涓幇鏈夌殑杩炴帴銆?
2026-04-17 15:31:23,055 [Router9] INFO: 鏀跺埌鏂扮殑LSA锛屾簮=8, 搴忓垪鍙?10
2026-04-17 15:31:23,055 [Router10] INFO: 鏀跺埌鏂扮殑LSA锛屾簮=9, 搴忓垪鍙?9
2026-04-17 15:31:23,055 [Router12] INFO: 鏀跺埌鏂扮殑LSA锛屾簮=11, 搴忓垪鍙?7
2026-04-17 15:31:23,056 [Router9] INFO: 鏀跺埌鏂扮殑LSA锛屾簮=10, 搴忓垪鍙?9
2026-04-17 15:31:23,056 [Router12] INFO: 鏀跺埌鏂扮殑LSA锛屾簮=9, 搴忓垪鍙?9
2026-04-17 15:31:23,056 [Router9] ERROR: 鎺ユ敹娑堟伅寮傚父: [WinError 10054] 杩滅▼涓绘満寮鸿揩鍏抽棴浜嗕竴涓幇鏈夌殑杩炴帴銆?
2026-04-17 15:31:23,057 [Router11] INFO: 鏀跺埌鏂扮殑LSA锛屾簮=8, 搴忓垪鍙?10
2026-04-17 15:31:23,057 [Router12] ERROR: 鎺ユ敹娑堟伅寮傚父: [WinError 10054] 杩滅▼涓绘満寮鸿揩鍏抽棴浜嗕竴涓幇鏈夌殑杩炴帴銆?
2026-04-17 15:31:23,058 [Router9] ERROR: 鎺ユ敹娑堟伅寮傚父: [WinError 10054] 杩滅▼涓绘満寮鸿揩鍏抽棴浜嗕竴涓幇鏈夌殑杩炴帴銆?
2026-04-17 15:31:23,058 [Router12] ERROR: 鎺ユ敹娑堟伅寮傚父: [WinError 10054] 杩滅▼涓绘満寮鸿揩鍏抽棴浜嗕竴涓幇鏈夌殑杩炴帴銆?
2026-04-17 15:31:23,059 [Router10] INFO: 鏀跺埌鏂扮殑LSA锛屾簮=8, 搴忓垪鍙?10
2026-04-17 15:31:23,059 [Router12] INFO: 鏀跺埌鏂扮殑LSA锛屾簮=8, 搴忓垪鍙?10
2026-04-17 15:31:23,060 [Router12] ERROR: 鎺ユ敹娑堟伅寮傚父: [WinError 10054] 杩滅▼涓绘満寮鸿揩鍏抽棴浜嗕竴涓幇鏈夌殑杩炴帴銆?
2026-04-17 15:31:23,075 [Router11] INFO: 鏀跺埌鏂扮殑LSA锛屾簮=12, 搴忓垪鍙?7
2026-04-17 15:31:23,076 [Router10] INFO: 鏀跺埌鏂扮殑LSA锛屾簮=12, 搴忓垪鍙?7
2026-04-17 15:31:23,076 [Simulator] INFO: 璺敱鍣?8 宸插仠姝?
2026-04-17 15:31:23,076 [Router9] ERROR: 鎺ユ敹娑堟伅寮傚父: [WinError 10054] 杩滅▼涓绘満寮鸿揩鍏抽棴浜嗕竴涓幇鏈夌殑杩炴帴銆?
2026-04-17 15:31:23,076 [Router12] ERROR: 鎺ユ敹娑堟伅寮傚父: [WinError 10054] 杩滅▼涓绘満寮鸿揩鍏抽棴浜嗕竴涓幇鏈夌殑杩炴帴銆?
2026-04-17 15:31:23,077 [Router9] INFO: 鍋滄璺敱鍣?Router9
2026-04-17 15:31:23,077 [Router10] ERROR: 鎺ユ敹娑堟伅寮傚父: [WinError 10054] 杩滅▼涓绘満寮鸿揩鍏抽棴浜嗕竴涓幇鏈夌殑杩炴帴銆?
2026-04-17 15:31:23,298 [Router12] INFO: Dijkstra璁＄畻瀹屾垚锛岃绠楁椂闂?0.056ms
2026-04-17 15:31:23,298 [Router10] INFO: Dijkstra璁＄畻瀹屾垚锛岃绠楁椂闂?0.037ms
2026-04-17 15:31:23,299 [Router11] INFO: Dijkstra璁＄畻瀹屾垚锛岃绠楁椂闂?0.031ms
2026-04-17 15:31:23,832 [Router10] ERROR: 鎺ユ敹娑堟伅寮傚父: [WinError 10054] 杩滅▼涓绘満寮鸿揩鍏抽棴浜嗕竴涓幇鏈夌殑杩炴帴銆?
2026-04-17 15:31:23,833 [Router12] ERROR: 鎺ユ敹娑堟伅寮傚父: [WinError 10054] 杩滅▼涓绘満寮鸿揩鍏抽棴浜嗕竴涓幇鏈夌殑杩炴帴銆?
2026-04-17 15:31:23,833 [Router10] ERROR: 鎺ユ敹娑堟伅寮傚父: [WinError 10054] 杩滅▼涓绘満寮鸿揩鍏抽棴浜嗕竴涓幇鏈夌殑杩炴帴銆?
2026-04-17 15:31:24,640 [Router10] ERROR: 鎺ユ敹娑堟伅寮傚父: [WinError 10054] 杩滅▼涓绘満寮鸿揩鍏抽棴浜嗕竴涓幇鏈夌殑杩炴帴銆?
2026-04-17 15:31:24,641 [Router10] ERROR: 鎺ユ敹娑堟伅寮傚父: [WinError 10054] 杩滅▼涓绘満寮鸿揩鍏抽棴浜嗕竴涓幇鏈夌殑杩炴帴銆?
2026-04-17 15:31:24,641 [Router12] ERROR: 鎺ユ敹娑堟伅寮傚父: [WinError 10054] 杩滅▼涓绘満寮鸿揩鍏抽棴浜嗕竴涓幇鏈夌殑杩炴帴銆?
2026-04-17 15:31:25,450 [Router12] WARNING: 閭绘帴璺敱鍣?7 宸叉晠闅?
2026-04-17 15:31:25,451 [Router12] INFO: 閭绘帴璺敱鍣?7 Down浜嬩欢
2026-04-17 15:31:25,451 [Router12] INFO: Dijkstra璁＄畻瀹屾垚锛岃绠楁椂闂?0.033ms
2026-04-17 15:31:25,451 [Router10] ERROR: 鎺ユ敹娑堟伅寮傚父: [WinError 10054] 杩滅▼涓绘満寮鸿揩鍏抽棴浜嗕竴涓幇鏈夌殑杩炴帴銆?
2026-04-17 15:31:25,451 [Router12] ERROR: 鎺ユ敹娑堟伅寮傚父: [WinError 10054] 杩滅▼涓绘満寮鸿揩鍏抽棴浜嗕竴涓幇鏈夌殑杩炴帴銆?
2026-04-17 15:31:25,452 [Router10] INFO: 鏀跺埌鏂扮殑LSA锛屾簮=12, 搴忓垪鍙?8
2026-04-17 15:31:25,452 [Router10] ERROR: 鎺ユ敹娑堟伅寮傚父: [WinError 10054] 杩滅▼涓绘満寮鸿揩鍏抽棴浜嗕竴涓幇鏈夌殑杩炴帴銆?
2026-04-17 15:31:25,452 [Router10] INFO: Dijkstra璁＄畻瀹屾垚锛岃绠楁椂闂?0.030ms
2026-04-17 15:31:25,453 [Router10] ERROR: 鎺ユ敹娑堟伅寮傚父: [WinError 10054] 杩滅▼涓绘満寮鸿揩鍏抽棴浜嗕竴涓幇鏈夌殑杩炴帴銆?
2026-04-17 15:31:25,453 [Router11] INFO: 鏀跺埌鏂扮殑LSA锛屾簮=12, 搴忓垪鍙?8
2026-04-17 15:31:25,453 [Router11] INFO: Dijkstra璁＄畻瀹屾垚锛岃绠楁椂闂?0.028ms
2026-04-17 15:31:26,067 [Simulator] INFO: 璺敱鍣?9 宸插仠姝?
2026-04-17 15:31:26,067 [Router10] INFO: 鍋滄璺敱鍣?Router10
2026-04-17 15:31:26,259 [Router12] ERROR: 鎺ユ敹娑堟伅寮傚父: [WinError 10054] 杩滅▼涓绘満寮鸿揩鍏抽棴浜嗕竴涓幇鏈夌殑杩炴帴銆?
2026-04-17 15:31:26,298 [Router11] ERROR: 鎺ユ敹娑堟伅寮傚父: [WinError 10054] 杩滅▼涓绘満寮鸿揩鍏抽棴浜嗕竴涓幇鏈夌殑杩炴帴銆?
2026-04-17 15:31:27,065 [Router12] ERROR: 鎺ユ敹娑堟伅寮傚父: [WinError 10054] 杩滅▼涓绘満寮鸿揩鍏抽棴浜嗕竴涓幇鏈夌殑杩炴帴銆?
2026-04-17 15:31:27,101 [Router11] ERROR: 鎺ユ敹娑堟伅寮傚父: [WinError 10054] 杩滅▼涓绘満寮鸿揩鍏抽棴浜嗕竴涓幇鏈夌殑杩炴帴銆?
2026-04-17 15:31:27,866 [Router12] ERROR: 鎺ユ敹娑堟伅寮傚父: [WinError 10054] 杩滅▼涓绘満寮鸿揩鍏抽棴浜嗕竴涓幇鏈夌殑杩炴帴銆?
2026-04-17 15:31:27,907 [Router11] WARNING: 閭绘帴璺敱鍣?9 宸叉晠闅?
2026-04-17 15:31:27,907 [Router11] INFO: 閭绘帴璺敱鍣?9 Down浜嬩欢
2026-04-17 15:31:27,908 [Router11] INFO: Dijkstra璁＄畻瀹屾垚锛岃绠楁椂闂?0.034ms
2026-04-17 15:31:27,908 [Router11] ERROR: 鎺ユ敹娑堟伅寮傚父: [WinError 10054] 杩滅▼涓绘満寮鸿揩鍏抽棴浜嗕竴涓幇鏈夌殑杩炴帴銆?
2026-04-17 15:31:27,908 [Router12] INFO: 鏀跺埌鏂扮殑LSA锛屾簮=11, 搴忓垪鍙?8
2026-04-17 15:31:27,908 [Router12] INFO: Dijkstra璁＄畻瀹屾垚锛岃绠楁椂闂?0.030ms
2026-04-17 15:31:28,053 [Simulator] INFO: 璺敱鍣?10 宸插仠姝?
2026-04-17 15:31:28,053 [Router11] INFO: 鍋滄璺敱鍣?Router11
2026-04-17 15:31:28,081 [Router12] ERROR: 鎺ユ敹娑堟伅寮傚父: [WinError 10054] 杩滅▼涓绘満寮鸿揩鍏抽棴浜嗕竴涓幇鏈夌殑杩炴帴銆?
2026-04-17 15:31:28,675 [Router12] ERROR: 鎺ユ敹娑堟伅寮傚父: [WinError 10054] 杩滅▼涓绘満寮鸿揩鍏抽棴浜嗕竴涓幇鏈夌殑杩炴帴銆?
2026-04-17 15:31:28,675 [Router12] ERROR: 鎺ユ敹娑堟伅寮傚父: [WinError 10054] 杩滅▼涓绘満寮鸿揩鍏抽棴浜嗕竴涓幇鏈夌殑杩炴帴銆?
2026-04-17 15:31:29,481 [Router12] ERROR: 鎺ユ敹娑堟伅寮傚父: [WinError 10054] 杩滅▼涓绘満寮鸿揩鍏抽棴浜嗕竴涓幇鏈夌殑杩炴帴銆?
2026-04-17 15:31:29,482 [Router12] ERROR: 鎺ユ敹娑堟伅寮傚父: [WinError 10054] 杩滅▼涓绘満寮鸿揩鍏抽棴浜嗕竴涓幇鏈夌殑杩炴帴銆?
2026-04-17 15:31:30,292 [Router12] WARNING: 閭绘帴璺敱鍣?10 宸叉晠闅?
2026-04-17 15:31:30,292 [Router12] INFO: 閭绘帴璺敱鍣?10 Down浜嬩欢
2026-04-17 15:31:30,292 [Router12] INFO: Dijkstra璁＄畻瀹屾垚锛岃绠楁椂闂?0.033ms
2026-04-17 15:31:30,293 [Router12] ERROR: 鎺ユ敹娑堟伅寮傚父: [WinError 10054] 杩滅▼涓绘満寮鸿揩鍏抽棴浜嗕竴涓幇鏈夌殑杩炴帴銆?
2026-04-17 15:31:30,293 [Router12] ERROR: 鎺ユ敹娑堟伅寮傚父: [WinError 10054] 杩滅▼涓绘満寮鸿揩鍏抽棴浜嗕竴涓幇鏈夌殑杩炴帴銆?
2026-04-17 15:31:30,873 [Simulator] INFO: 璺敱鍣?11 宸插仠姝?
2026-04-17 15:31:30,873 [Router12] INFO: 鍋滄璺敱鍣?Router12
2026-04-17 15:31:33,089 [Simulator] INFO: 璺敱鍣?12 宸插仠姝?
2026-04-17 15:31:33,089 [Simulator] INFO: 浠跨湡绯荤粺宸插仠姝?
2026-04-17 15:31:35,097 [Simulator] INFO: 鎴愬姛鍔犺浇閰嶇疆鏂囦欢: config/test_topology2.json
2026-04-17 15:31:35,097 [Simulator] INFO: 鍒涘缓璺敱鍣? Router1 (ID=1)
2026-04-17 15:31:35,097 [Simulator] INFO: 鍒涘缓璺敱鍣? Router2 (ID=2)
2026-04-17 15:31:35,097 [Simulator] INFO: 鍒涘缓璺敱鍣? Router3 (ID=3)
2026-04-17 15:31:35,097 [Simulator] INFO: 鍒涘缓璺敱鍣? Router4 (ID=4)
2026-04-17 15:31:35,097 [Simulator] INFO: 鍒涘缓璺敱鍣? Router5 (ID=5)
2026-04-17 15:31:35,097 [Simulator] INFO: 鍒涘缓璺敱鍣? Router6 (ID=6)
2026-04-17 15:31:35,097 [Simulator] INFO: 鍒涘缓璺敱鍣? Router7 (ID=7)
2026-04-17 15:31:35,097 [Simulator] INFO: 鍒涘缓璺敱鍣? Router8 (ID=8)
2026-04-17 15:31:35,097 [Simulator] INFO: 鍒涘缓璺敱鍣? Router9 (ID=9)
2026-04-17 15:31:35,097 [Simulator] INFO: 鍒涘缓璺敱鍣? Router10 (ID=10)
2026-04-17 15:31:35,097 [Router1] INFO: 娣诲姞閭绘帴璺敱鍣?2 (127.0.0.1:10002), 閾捐矾寮€閿€=7
2026-04-17 15:31:35,097 [Router2] INFO: 娣诲姞閭绘帴璺敱鍣?1 (127.0.0.1:10001), 閾捐矾寮€閿€=7
2026-04-17 15:31:35,097 [Simulator] INFO: 閰嶇疆閾捐矾: 1 <-> 2, 鎴愭湰=7
2026-04-17 15:31:35,097 [Router1] INFO: 娣诲姞閭绘帴璺敱鍣?3 (127.0.0.1:10003), 閾捐矾寮€閿€=4
2026-04-17 15:31:35,097 [Router3] INFO: 娣诲姞閭绘帴璺敱鍣?1 (127.0.0.1:10001), 閾捐矾寮€閿€=4
2026-04-17 15:31:35,097 [Simulator] INFO: 閰嶇疆閾捐矾: 1 <-> 3, 鎴愭湰=4
2026-04-17 15:31:35,097 [Router2] INFO: 娣诲姞閭绘帴璺敱鍣?4 (127.0.0.1:10004), 閾捐矾寮€閿€=3
2026-04-17 15:31:35,097 [Router4] INFO: 娣诲姞閭绘帴璺敱鍣?2 (127.0.0.1:10002), 閾捐矾寮€閿€=3
2026-04-17 15:31:35,097 [Simulator] INFO: 閰嶇疆閾捐矾: 2 <-> 4, 鎴愭湰=3
2026-04-17 15:31:35,097 [Router2] INFO: 娣诲姞閭绘帴璺敱鍣?5 (127.0.0.1:10005), 閾捐矾寮€閿€=6
2026-04-17 15:31:35,097 [Router5] INFO: 娣诲姞閭绘帴璺敱鍣?2 (127.0.0.1:10002), 閾捐矾寮€閿€=6
2026-04-17 15:31:35,097 [Simulator] INFO: 閰嶇疆閾捐矾: 2 <-> 5, 鎴愭湰=6
2026-04-17 15:31:35,097 [Router3] INFO: 娣诲姞閭绘帴璺敱鍣?4 (127.0.0.1:10004), 閾捐矾寮€閿€=8
2026-04-17 15:31:35,097 [Router4] INFO: 娣诲姞閭绘帴璺敱鍣?3 (127.0.0.1:10003), 閾捐矾寮€閿€=8
2026-04-17 15:31:35,097 [Simulator] INFO: 閰嶇疆閾捐矾: 3 <-> 4, 鎴愭湰=8
2026-04-17 15:31:35,097 [Router3] INFO: 娣诲姞閭绘帴璺敱鍣?6 (127.0.0.1:10006), 閾捐矾寮€閿€=5
2026-04-17 15:31:35,097 [Router6] INFO: 娣诲姞閭绘帴璺敱鍣?3 (127.0.0.1:10003), 閾捐矾寮€閿€=5
2026-04-17 15:31:35,097 [Simulator] INFO: 閰嶇疆閾捐矾: 3 <-> 6, 鎴愭湰=5
2026-04-17 15:31:35,097 [Router4] INFO: 娣诲姞閭绘帴璺敱鍣?7 (127.0.0.1:10007), 閾捐矾寮€閿€=2
2026-04-17 15:31:35,097 [Router7] INFO: 娣诲姞閭绘帴璺敱鍣?4 (127.0.0.1:10004), 閾捐矾寮€閿€=2
2026-04-17 15:31:35,097 [Simulator] INFO: 閰嶇疆閾捐矾: 4 <-> 7, 鎴愭湰=2
2026-04-17 15:31:35,097 [Router5] INFO: 娣诲姞閭绘帴璺敱鍣?8 (127.0.0.1:10008), 閾捐矾寮€閿€=4
2026-04-17 15:31:35,097 [Router8] INFO: 娣诲姞閭绘帴璺敱鍣?5 (127.0.0.1:10005), 閾捐矾寮€閿€=4
2026-04-17 15:31:35,097 [Simulator] INFO: 閰嶇疆閾捐矾: 5 <-> 8, 鎴愭湰=4
2026-04-17 15:31:35,097 [Router6] INFO: 娣诲姞閭绘帴璺敱鍣?9 (127.0.0.1:10009), 閾捐矾寮€閿€=3
2026-04-17 15:31:35,097 [Router9] INFO: 娣诲姞閭绘帴璺敱鍣?6 (127.0.0.1:10006), 閾捐矾寮€閿€=3
2026-04-17 15:31:35,097 [Simulator] INFO: 閰嶇疆閾捐矾: 6 <-> 9, 鎴愭湰=3
2026-04-17 15:31:35,097 [Router7] INFO: 娣诲姞閭绘帴璺敱鍣?8 (127.0.0.1:10008), 閾捐矾寮€閿€=5
2026-04-17 15:31:35,097 [Router8] INFO: 娣诲姞閭绘帴璺敱鍣?7 (127.0.0.1:10007), 閾捐矾寮€閿€=5
2026-04-17 15:31:35,097 [Simulator] INFO: 閰嶇疆閾捐矾: 7 <-> 8, 鎴愭湰=5
2026-04-17 15:31:35,097 [Router7] INFO: 娣诲姞閭绘帴璺敱鍣?10 (127.0.0.1:10010), 閾捐矾寮€閿€=7
2026-04-17 15:31:35,097 [Router10] INFO: 娣诲姞閭绘帴璺敱鍣?7 (127.0.0.1:10007), 閾捐矾寮€閿€=7
2026-04-17 15:31:35,097 [Simulator] INFO: 閰嶇疆閾捐矾: 7 <-> 10, 鎴愭湰=7
2026-04-17 15:31:35,097 [Router8] INFO: 娣诲姞閭绘帴璺敱鍣?9 (127.0.0.1:10009), 閾捐矾寮€閿€=6
2026-04-17 15:31:35,097 [Router9] INFO: 娣诲姞閭绘帴璺敱鍣?8 (127.0.0.1:10008), 閾捐矾寮€閿€=6
2026-04-17 15:31:35,097 [Simulator] INFO: 閰嶇疆閾捐矾: 8 <-> 9, 鎴愭湰=6
2026-04-17 15:31:35,097 [Router9] INFO: 娣诲姞閭绘帴璺敱鍣?10 (127.0.0.1:10010), 閾捐矾寮€閿€=2
2026-04-17 15:31:35,097 [Router10] INFO: 娣诲姞閭绘帴璺敱鍣?9 (127.0.0.1:10009), 閾捐矾寮€閿€=2
2026-04-17 15:31:35,097 [Simulator] INFO: 閰嶇疆閾捐矾: 9 <-> 10, 鎴愭湰=2
2026-04-17 15:31:35,097 [Simulator] INFO: 缃戠粶鎷撴墤鏋勫缓瀹屾垚锛屽叡10涓矾鐢卞櫒
2026-04-17 15:31:35,097 [Simulator] INFO: 鍚姩璺敱浠跨湡绯荤粺...
2026-04-17 15:31:35,097 [Router1] INFO: 鍚姩璺敱鍣?Router1 (ID=1) 鍦?127.0.0.1:10001
2026-04-17 15:31:35,097 [Router1] INFO: UDP濂楁帴瀛楀凡缁戝畾鍒?127.0.0.1:10001
2026-04-17 15:31:35,097 [Simulator] INFO: 璺敱鍣?1 宸插惎鍔?
2026-04-17 15:31:35,097 [Router2] INFO: 鍚姩璺敱鍣?Router2 (ID=2) 鍦?127.0.0.1:10002
2026-04-17 15:31:35,097 [Router2] INFO: UDP濂楁帴瀛楀凡缁戝畾鍒?127.0.0.1:10002
2026-04-17 15:31:35,105 [Simulator] INFO: 璺敱鍣?2 宸插惎鍔?
2026-04-17 15:31:35,105 [Router3] INFO: 鍚姩璺敱鍣?Router3 (ID=3) 鍦?127.0.0.1:10003
2026-04-17 15:31:35,106 [Router3] INFO: UDP濂楁帴瀛楀凡缁戝畾鍒?127.0.0.1:10003
2026-04-17 15:31:35,107 [Simulator] INFO: 璺敱鍣?3 宸插惎鍔?
2026-04-17 15:31:35,107 [Router4] INFO: 鍚姩璺敱鍣?Router4 (ID=4) 鍦?127.0.0.1:10004
2026-04-17 15:31:35,107 [Router4] INFO: UDP濂楁帴瀛楀凡缁戝畾鍒?127.0.0.1:10004
2026-04-17 15:31:35,109 [Simulator] INFO: 璺敱鍣?4 宸插惎鍔?
2026-04-17 15:31:35,109 [Router5] INFO: 鍚姩璺敱鍣?Router5 (ID=5) 鍦?127.0.0.1:10005
2026-04-17 15:31:35,109 [Router5] INFO: UDP濂楁帴瀛楀凡缁戝畾鍒?127.0.0.1:10005
2026-04-17 15:31:35,110 [Simulator] INFO: 璺敱鍣?5 宸插惎鍔?
2026-04-17 15:31:35,110 [Router6] INFO: 鍚姩璺敱鍣?Router6 (ID=6) 鍦?127.0.0.1:10006
2026-04-17 15:31:35,110 [Router6] INFO: UDP濂楁帴瀛楀凡缁戝畾鍒?127.0.0.1:10006
2026-04-17 15:31:35,111 [Simulator] INFO: 璺敱鍣?6 宸插惎鍔?
2026-04-17 15:31:35,112 [Router7] INFO: 鍚姩璺敱鍣?Router7 (ID=7) 鍦?127.0.0.1:10007
2026-04-17 15:31:35,112 [Router7] INFO: UDP濂楁帴瀛楀凡缁戝畾鍒?127.0.0.1:10007
2026-04-17 15:31:35,113 [Simulator] INFO: 璺敱鍣?7 宸插惎鍔?
2026-04-17 15:31:35,113 [Router8] INFO: 鍚姩璺敱鍣?Router8 (ID=8) 鍦?127.0.0.1:10008
2026-04-17 15:31:35,113 [Router8] INFO: UDP濂楁帴瀛楀凡缁戝畾鍒?127.0.0.1:10008
2026-04-17 15:31:35,114 [Simulator] INFO: 璺敱鍣?8 宸插惎鍔?
2026-04-17 15:31:35,114 [Router9] INFO: 鍚姩璺敱鍣?Router9 (ID=9) 鍦?127.0.0.1:10009
2026-04-17 15:31:35,115 [Router9] INFO: UDP濂楁帴瀛楀凡缁戝畾鍒?127.0.0.1:10009
2026-04-17 15:31:35,116 [Simulator] INFO: 璺敱鍣?9 宸插惎鍔?
2026-04-17 15:31:35,116 [Router10] INFO: 鍚姩璺敱鍣?Router10 (ID=10) 鍦?127.0.0.1:10010
2026-04-17 15:31:35,116 [Router10] INFO: UDP濂楁帴瀛楀凡缁戝畾鍒?127.0.0.1:10010
2026-04-17 15:31:35,117 [Simulator] INFO: 璺敱鍣?10 宸插惎鍔?
2026-04-17 15:31:35,117 [Simulator] INFO: 浠跨湡绯荤粺宸插惎鍔?
2026-04-17 15:31:35,117 [Simulator] INFO: 绛夊緟LSA鍚屾 2.0s...
2026-04-17 15:31:35,910 [Router1] INFO: 閭绘帴璺敱鍣?2 宸叉仮澶?
2026-04-17 15:31:35,910 [Router2] INFO: 閭绘帴璺敱鍣?1 宸叉仮澶?
2026-04-17 15:31:35,910 [Router1] INFO: 閭绘帴璺敱鍣?2 Up浜嬩欢
2026-04-17 15:31:35,910 [Router4] INFO: 閭绘帴璺敱鍣?3 宸叉仮澶?
2026-04-17 15:31:35,910 [Router2] INFO: 閭绘帴璺敱鍣?1 Up浜嬩欢
2026-04-17 15:31:35,910 [Router6] INFO: 閭绘帴璺敱鍣?3 宸叉仮澶?
2026-04-17 15:31:35,911 [Router7] INFO: 閭绘帴璺敱鍣?4 宸叉仮澶?
2026-04-17 15:31:35,911 [Router5] INFO: 閭绘帴璺敱鍣?2 宸叉仮澶?
2026-04-17 15:31:35,911 [Router3] INFO: 閭绘帴璺敱鍣?1 宸叉仮澶?
2026-04-17 15:31:35,911 [Router1] INFO: Dijkstra璁＄畻瀹屾垚锛岃绠楁椂闂?0.013ms
2026-04-17 15:31:35,911 [Router4] INFO: 閭绘帴璺敱鍣?3 Up浜嬩欢
2026-04-17 15:31:35,912 [Router2] INFO: Dijkstra璁＄畻瀹屾垚锛岃绠楁椂闂?0.013ms
2026-04-17 15:31:35,912 [Router6] INFO: 閭绘帴璺敱鍣?3 Up浜嬩欢
2026-04-17 15:31:35,912 [Router7] INFO: 閭绘帴璺敱鍣?4 Up浜嬩欢
2026-04-17 15:31:35,912 [Router5] INFO: 閭绘帴璺敱鍣?2 Up浜嬩欢
2026-04-17 15:31:35,912 [Router3] INFO: 閭绘帴璺敱鍣?1 Up浜嬩欢
2026-04-17 15:31:35,912 [Router1] INFO: 閭绘帴璺敱鍣?3 宸叉仮澶?
2026-04-17 15:31:35,912 [Router4] INFO: Dijkstra璁＄畻瀹屾垚锛岃绠楁椂闂?0.011ms
2026-04-17 15:31:35,913 [Router2] INFO: 閭绘帴璺敱鍣?4 宸叉仮澶?
2026-04-17 15:31:35,913 [Router6] INFO: Dijkstra璁＄畻瀹屾垚锛岃绠楁椂闂?0.010ms
2026-04-17 15:31:35,913 [Router7] INFO: Dijkstra璁＄畻瀹屾垚锛岃绠楁椂闂?0.010ms
2026-04-17 15:31:35,913 [Router5] INFO: Dijkstra璁＄畻瀹屾垚锛岃绠楁椂闂?0.009ms
2026-04-17 15:31:35,914 [Router3] INFO: Dijkstra璁＄畻瀹屾垚锛岃绠楁椂闂?0.009ms
2026-04-17 15:31:35,914 [Router1] INFO: 閭绘帴璺敱鍣?3 Up浜嬩欢
2026-04-17 15:31:35,914 [Router4] INFO: 閭绘帴璺敱鍣?2 宸叉仮澶?
2026-04-17 15:31:35,914 [Router2] INFO: 閭绘帴璺敱鍣?4 Up浜嬩欢
2026-04-17 15:31:35,914 [Router3] INFO: 閭绘帴璺敱鍣?4 宸叉仮澶?
2026-04-17 15:31:35,915 [Router1] INFO: 鏀跺埌鏂扮殑LSA锛屾簮=2, 搴忓垪鍙?0
2026-04-17 15:31:35,915 [Router4] INFO: 閭绘帴璺敱鍣?2 Up浜嬩欢
2026-04-17 15:31:35,915 [Router2] INFO: 鏀跺埌鏂扮殑LSA锛屾簮=1, 搴忓垪鍙?0
2026-04-17 15:31:35,915 [Router3] INFO: 閭绘帴璺敱鍣?4 Up浜嬩欢
2026-04-17 15:31:35,915 [Router1] INFO: 鏀跺埌鏂扮殑LSA锛屾簮=3, 搴忓垪鍙?0
2026-04-17 15:31:35,916 [Router4] INFO: 鏀跺埌鏂扮殑LSA锛屾簮=7, 搴忓垪鍙?0
2026-04-17 15:31:35,916 [Router2] INFO: 鏀跺埌鏂扮殑LSA锛屾簮=5, 搴忓垪鍙?0
2026-04-17 15:31:35,916 [Router3] INFO: 鏀跺埌鏂扮殑LSA锛屾簮=4, 搴忓垪鍙?0
2026-04-17 15:31:35,916 [Router1] INFO: 鏀跺埌鏂扮殑LSA锛屾簮=2, 搴忓垪鍙?1
2026-04-17 15:31:35,917 [Router4] INFO: 鏀跺埌鏂扮殑LSA锛屾簮=2, 搴忓垪鍙?1
2026-04-17 15:31:35,917 [Router2] INFO: 鏀跺埌鏂扮殑LSA锛屾簮=1, 搴忓垪鍙?1
2026-04-17 15:31:35,917 [Router3] INFO: 鏀跺埌鏂扮殑LSA锛屾簮=6, 搴忓垪鍙?0
2026-04-17 15:31:35,918 [Router1] INFO: 鏀跺埌鏂扮殑LSA锛屾簮=3, 搴忓垪鍙?1
2026-04-17 15:31:35,918 [Router4] INFO: 鏀跺埌鏂扮殑LSA锛屾簮=1, 搴忓垪鍙?0
2026-04-17 15:31:35,918 [Router2] INFO: 鏀跺埌鏂扮殑LSA锛屾簮=4, 搴忓垪鍙?1
2026-04-17 15:31:35,919 [Router3] INFO: 鏀跺埌鏂扮殑LSA锛屾簮=1, 搴忓垪鍙?1
2026-04-17 15:31:35,919 [Router1] INFO: 鏀跺埌鏂扮殑LSA锛屾簮=5, 搴忓垪鍙?0
2026-04-17 15:31:35,919 [Router4] INFO: 鏀跺埌鏂扮殑LSA锛屾簮=3, 搴忓垪鍙?1
2026-04-17 15:31:35,919 [Router2] INFO: 鏀跺埌鏂扮殑LSA锛屾簮=3, 搴忓垪鍙?0
2026-04-17 15:31:35,920 [Router3] INFO: 鏀跺埌鏂扮殑LSA锛屾簮=2, 搴忓垪鍙?0
2026-04-17 15:31:35,920 [Router1] INFO: 鏀跺埌鏂扮殑LSA锛屾簮=4, 搴忓垪鍙?0
2026-04-17 15:31:35,921 [Router4] INFO: 鏀跺埌鏂扮殑LSA锛屾簮=5, 搴忓垪鍙?0
2026-04-17 15:31:35,921 [Router2] INFO: 鏀跺埌鏂扮殑LSA锛屾簮=7, 搴忓垪鍙?0
2026-04-17 15:31:35,921 [Router3] INFO: 鏀跺埌鏂扮殑LSA锛屾簮=4, 搴忓垪鍙?1
2026-04-17 15:31:35,922 [Router6] INFO: 閭绘帴璺敱鍣?9 宸叉仮澶?
2026-04-17 15:31:35,922 [Router7] INFO: 閭绘帴璺敱鍣?10 宸叉仮澶?
2026-04-17 15:31:35,922 [Router5] INFO: 閭绘帴璺敱鍣?8 宸叉仮澶?
2026-04-17 15:31:35,923 [Router9] INFO: 閭绘帴璺敱鍣?6 宸叉仮澶?
2026-04-17 15:31:35,923 [Router1] INFO: 鏀跺埌鏂扮殑LSA锛屾簮=6, 搴忓垪鍙?0
2026-04-17 15:31:35,923 [Router10] INFO: 閭绘帴璺敱鍣?9 宸叉仮澶?
2026-04-17 15:31:35,924 [Router4] INFO: 鏀跺埌鏂扮殑LSA锛屾簮=1, 搴忓垪鍙?1
2026-04-17 15:31:35,924 [Router2] INFO: 鏀跺埌鏂扮殑LSA锛屾簮=3, 搴忓垪鍙?1
2026-04-17 15:31:35,924 [Router8] INFO: 閭绘帴璺敱鍣?9 宸叉仮澶?
2026-04-17 15:31:35,924 [Router3] INFO: 鏀跺埌鏂扮殑LSA锛屾簮=7, 搴忓垪鍙?0
2026-04-17 15:31:35,925 [Router6] INFO: 閭绘帴璺敱鍣?9 Up浜嬩欢
2026-04-17 15:31:35,925 [Router7] INFO: 閭绘帴璺敱鍣?10 Up浜嬩欢
2026-04-17 15:31:35,925 [Router5] INFO: 閭绘帴璺敱鍣?8 Up浜嬩欢
2026-04-17 15:31:35,925 [Router9] INFO: 閭绘帴璺敱鍣?6 Up浜嬩欢
2026-04-17 15:31:35,925 [Router1] INFO: 鏀跺埌鏂扮殑LSA锛屾簮=4, 搴忓垪鍙?1
2026-04-17 15:31:35,925 [Router10] INFO: 閭绘帴璺敱鍣?9 Up浜嬩欢
2026-04-17 15:31:35,926 [Router4] INFO: 鏀跺埌鏂扮殑LSA锛屾簮=6, 搴忓垪鍙?0
2026-04-17 15:31:35,926 [Router2] INFO: 閭绘帴璺敱鍣?5 宸叉仮澶?
2026-04-17 15:31:35,926 [Router8] INFO: 閭绘帴璺敱鍣?9 Up浜嬩欢
2026-04-17 15:31:35,927 [Router3] INFO: 鏀跺埌鏂扮殑LSA锛屾簮=2, 搴忓垪鍙?1
2026-04-17 15:31:35,927 [Router7] INFO: 閭绘帴璺敱鍣?8 宸叉仮澶?
2026-04-17 15:31:35,927 [Router9] INFO: Dijkstra璁＄畻瀹屾垚锛岃绠楁椂闂?0.013ms
2026-04-17 15:31:35,928 [Router1] INFO: 鏀跺埌鏂扮殑LSA锛屾簮=7, 搴忓垪鍙?0
2026-04-17 15:31:35,928 [Router10] INFO: Dijkstra璁＄畻瀹屾垚锛岃绠楁椂闂?0.012ms
2026-04-17 15:31:35,929 [Router4] INFO: 閭绘帴璺敱鍣?7 宸叉仮澶?
2026-04-17 15:31:35,930 [Router6] INFO: 鏀跺埌鏂扮殑LSA锛屾簮=9, 搴忓垪鍙?0
2026-04-17 15:31:35,930 [Router2] INFO: 閭绘帴璺敱鍣?5 Up浜嬩欢
2026-04-17 15:31:35,930 [Router8] INFO: Dijkstra璁＄畻瀹屾垚锛岃绠楁椂闂?0.016ms
2026-04-17 15:31:35,931 [Router3] INFO: 鏀跺埌鏂扮殑LSA锛屾簮=5, 搴忓垪鍙?0
2026-04-17 15:31:35,931 [Router7] INFO: 閭绘帴璺敱鍣?8 Up浜嬩欢
2026-04-17 15:31:35,931 [Router9] INFO: 閭绘帴璺敱鍣?10 宸叉仮澶?
2026-04-17 15:31:35,931 [Router10] INFO: 閭绘帴璺敱鍣?7 宸叉仮澶?
2026-04-17 15:31:35,931 [Router4] INFO: 閭绘帴璺敱鍣?7 Up浜嬩欢
2026-04-17 15:31:35,932 [Router2] INFO: 鏀跺埌鏂扮殑LSA锛屾簮=6, 搴忓垪鍙?0
2026-04-17 15:31:35,932 [Router1] INFO: 鏀跺埌鏂扮殑LSA锛屾簮=2, 搴忓垪鍙?2
2026-04-17 15:31:35,932 [Router8] INFO: 閭绘帴璺敱鍣?5 宸叉仮澶?
2026-04-17 15:31:35,933 [Router5] INFO: 鏀跺埌鏂扮殑LSA锛屾簮=2, 搴忓垪鍙?2
2026-04-17 15:31:35,933 [Router3] INFO: 閭绘帴璺敱鍣?6 宸叉仮澶?
2026-04-17 15:31:35,933 [Router9] INFO: 閭绘帴璺敱鍣?10 Up浜嬩欢
2026-04-17 15:31:35,933 [Router10] INFO: 閭绘帴璺敱鍣?7 Up浜嬩欢
2026-04-17 15:31:35,933 [Router4] INFO: 鏀跺埌鏂扮殑LSA锛屾簮=7, 搴忓垪鍙?1
2026-04-17 15:31:35,934 [Router2] INFO: 鏀跺埌鏂扮殑LSA锛屾簮=5, 搴忓垪鍙?1
2026-04-17 15:31:35,934 [Router8] INFO: 閭绘帴璺敱鍣?5 Up浜嬩欢
2026-04-17 15:31:35,935 [Router5] INFO: 鏀跺埌鏂扮殑LSA锛屾簮=6, 搴忓垪鍙?0
2026-04-17 15:31:35,935 [Router3] INFO: 閭绘帴璺敱鍣?6 Up浜嬩欢
2026-04-17 15:31:35,935 [Router7] INFO: 鏀跺埌鏂扮殑LSA锛屾簮=4, 搴忓垪鍙?2
2026-04-17 15:31:35,935 [Router9] INFO: 閭绘帴璺敱鍣?8 宸叉仮澶?
2026-04-17 15:31:35,935 [Router10] INFO: 鏀跺埌鏂扮殑LSA锛屾簮=7, 搴忓垪鍙?1
2026-04-17 15:31:35,936 [Router6] INFO: 鏀跺埌鏂扮殑LSA锛屾簮=9, 搴忓垪鍙?1
2026-04-17 15:31:35,936 [Router4] INFO: 鏀跺埌鏂扮殑LSA锛屾簮=2, 搴忓垪鍙?2
2026-04-17 15:31:35,936 [Router2] INFO: 鏀跺埌鏂扮殑LSA锛屾簮=4, 搴忓垪鍙?2
2026-04-17 15:31:35,937 [Router8] INFO: 閭绘帴璺敱鍣?7 宸叉仮澶?
2026-04-17 15:31:35,937 [Router1] INFO: 鏀跺埌鏂扮殑LSA锛屾簮=5, 搴忓垪鍙?1
2026-04-17 15:31:35,937 [Router5] INFO: 鏀跺埌鏂扮殑LSA锛屾簮=8, 搴忓垪鍙?1
2026-04-17 15:31:35,937 [Router3] INFO: 鏀跺埌鏂扮殑LSA锛屾簮=6, 搴忓垪鍙?1
2026-04-17 15:31:35,938 [Router7] INFO: 鏀跺埌鏂扮殑LSA锛屾簮=10, 搴忓垪鍙?1
2026-04-17 15:31:35,938 [Router9] INFO: 閭绘帴璺敱鍣?8 Up浜嬩欢
2026-04-17 15:31:35,938 [Router10] INFO: 鏀跺埌鏂扮殑LSA锛屾簮=7, 搴忓垪鍙?2
2026-04-17 15:31:35,939 [Router6] INFO: 鏀跺埌鏂扮殑LSA锛屾簮=3, 搴忓垪鍙?2
2026-04-17 15:31:35,939 [Router4] INFO: 鏀跺埌鏂扮殑LSA锛屾簮=7, 搴忓垪鍙?2
2026-04-17 15:31:35,939 [Router2] INFO: 鏀跺埌鏂扮殑LSA锛屾簮=7, 搴忓垪鍙?1
2026-04-17 15:31:35,939 [Router8] INFO: 閭绘帴璺敱鍣?7 Up浜嬩欢
2026-04-17 15:31:35,940 [Router1] INFO: 鏀跺埌鏂扮殑LSA锛屾簮=3, 搴忓垪鍙?2
2026-04-17 15:31:35,940 [Router5] INFO: 鏀跺埌鏂扮殑LSA锛屾簮=4, 搴忓垪鍙?2
2026-04-17 15:31:35,940 [Router3] INFO: 鏀跺埌鏂扮殑LSA锛屾簮=9, 搴忓垪鍙?0
2026-04-17 15:31:35,941 [Router7] INFO: 鏀跺埌鏂扮殑LSA锛屾簮=2, 搴忓垪鍙?2
2026-04-17 15:31:35,941 [Router9] INFO: 鏀跺埌鏂扮殑LSA锛屾簮=6, 搴忓垪鍙?1
2026-04-17 15:31:35,941 [Router10] INFO: 鏀跺埌鏂扮殑LSA锛屾簮=9, 搴忓垪鍙?1
2026-04-17 15:31:35,942 [Router6] INFO: 鏀跺埌鏂扮殑LSA锛屾簮=9, 搴忓垪鍙?2
2026-04-17 15:31:35,942 [Router4] INFO: 鏀跺埌鏂扮殑LSA锛屾簮=5, 搴忓垪鍙?1
2026-04-17 15:31:35,942 [Router2] INFO: 鏀跺埌鏂扮殑LSA锛屾簮=8, 搴忓垪鍙?1
2026-04-17 15:31:35,942 [Router8] INFO: 鏀跺埌鏂扮殑LSA锛屾簮=5, 搴忓垪鍙?1
2026-04-17 15:31:35,943 [Router1] INFO: 鏀跺埌鏂扮殑LSA锛屾簮=4, 搴忓垪鍙?2
2026-04-17 15:31:35,943 [Router5] INFO: 鏀跺埌鏂扮殑LSA锛屾簮=7, 搴忓垪鍙?1
2026-04-17 15:31:35,943 [Router3] INFO: 鏀跺埌鏂扮殑LSA锛屾簮=4, 搴忓垪鍙?2
2026-04-17 15:31:35,944 [Router7] INFO: 鏀跺埌鏂扮殑LSA锛屾簮=8, 搴忓垪鍙?2
2026-04-17 15:31:35,944 [Router9] INFO: 鏀跺埌鏂扮殑LSA锛屾簮=10, 搴忓垪鍙?0
2026-04-17 15:31:35,944 [Router10] INFO: 鏀跺埌鏂扮殑LSA锛屾簮=4, 搴忓垪鍙?2
2026-04-17 15:31:35,945 [Router4] INFO: 鏀跺埌鏂扮殑LSA锛屾簮=3, 搴忓垪鍙?2
2026-04-17 15:31:35,945 [Router2] INFO: 鏀跺埌鏂扮殑LSA锛屾簮=7, 搴忓垪鍙?2
2026-04-17 15:31:35,945 [Router8] INFO: 鏀跺埌鏂扮殑LSA锛屾簮=7, 搴忓垪鍙?2
2026-04-17 15:31:35,946 [Router1] INFO: 鏀跺埌鏂扮殑LSA锛屾簮=6, 搴忓垪鍙?1
2026-04-17 15:31:35,946 [Router5] INFO: 鏀跺埌鏂扮殑LSA锛屾簮=8, 搴忓垪鍙?2
2026-04-17 15:31:35,947 [Router3] INFO: 鏀跺埌鏂扮殑LSA锛屾簮=2, 搴忓垪鍙?2
2026-04-17 15:31:35,947 [Router7] INFO: 鏀跺埌鏂扮殑LSA锛屾簮=9, 搴忓垪鍙?1
2026-04-17 15:31:35,947 [Router9] INFO: 鏀跺埌鏂扮殑LSA锛屾簮=8, 搴忓垪鍙?0
2026-04-17 15:31:35,947 [Router10] INFO: 鏀跺埌鏂扮殑LSA锛屾簮=9, 搴忓垪鍙?2
2026-04-17 15:31:35,947 [Router4] INFO: 鏀跺埌鏂扮殑LSA锛屾簮=6, 搴忓垪鍙?1
2026-04-17 15:31:35,948 [Router2] INFO: 鏀跺埌鏂扮殑LSA锛屾簮=3, 搴忓垪鍙?2
2026-04-17 15:31:35,948 [Router8] INFO: 鏀跺埌鏂扮殑LSA锛屾簮=2, 搴忓垪鍙?2
2026-04-17 15:31:35,948 [Router6] INFO: 鏀跺埌鏂扮殑LSA锛屾簮=4, 搴忓垪鍙?2
2026-04-17 15:31:35,949 [Router1] INFO: 鏀跺埌鏂扮殑LSA锛屾簮=7, 搴忓垪鍙?1
2026-04-17 15:31:35,949 [Router5] INFO: 鏀跺埌鏂扮殑LSA锛屾簮=7, 搴忓垪鍙?2
2026-04-17 15:31:35,950 [Router3] INFO: 鏀跺埌鏂扮殑LSA锛屾簮=7, 搴忓垪鍙?1
2026-04-17 15:31:35,950 [Router7] INFO: 鏀跺埌鏂扮殑LSA锛屾簮=5, 搴忓垪鍙?1
2026-04-17 15:31:35,950 [Router9] INFO: 鏀跺埌鏂扮殑LSA锛屾簮=10, 搴忓垪鍙?1
2026-04-17 15:31:35,951 [Router10] INFO: 鏀跺埌鏂扮殑LSA锛屾簮=6, 搴忓垪鍙?1
2026-04-17 15:31:35,951 [Router4] INFO: 鏀跺埌鏂扮殑LSA锛屾簮=10, 搴忓垪鍙?1
2026-04-17 15:31:35,951 [Router2] INFO: 鏀跺埌鏂扮殑LSA锛屾簮=6, 搴忓垪鍙?1
2026-04-17 15:31:35,952 [Router8] INFO: 鏀跺埌鏂扮殑LSA锛屾簮=6, 搴忓垪鍙?0
2026-04-17 15:31:35,952 [Router6] INFO: 鏀跺埌鏂扮殑LSA锛屾簮=10, 搴忓垪鍙?0
2026-04-17 15:31:35,952 [Router1] INFO: 鏀跺埌鏂扮殑LSA锛屾簮=9, 搴忓垪鍙?0
2026-04-17 15:31:35,953 [Router3] INFO: 鏀跺埌鏂扮殑LSA锛屾簮=9, 搴忓垪鍙?1
2026-04-17 15:31:35,953 [Router7] INFO: 鏀跺埌鏂扮殑LSA锛屾簮=3, 搴忓垪鍙?2
2026-04-17 15:31:35,954 [Router5] INFO: 鏀跺埌鏂扮殑LSA锛屾簮=3, 搴忓垪鍙?2
2026-04-17 15:31:35,954 [Router9] INFO: 鏀跺埌鏂扮殑LSA锛屾簮=8, 搴忓垪鍙?1
2026-04-17 15:31:35,955 [Router10] INFO: 鏀跺埌鏂扮殑LSA锛屾簮=2, 搴忓垪鍙?2
2026-04-17 15:31:35,955 [Router4] INFO: 鏀跺埌鏂扮殑LSA锛屾簮=9, 搴忓垪鍙?0
2026-04-17 15:31:35,955 [Router2] INFO: 鏀跺埌鏂扮殑LSA锛屾簮=8, 搴忓垪鍙?2
2026-04-17 15:31:35,956 [Router8] INFO: 鏀跺埌鏂扮殑LSA锛屾簮=4, 搴忓垪鍙?2
2026-04-17 15:31:35,956 [Router6] INFO: 鏀跺埌鏂扮殑LSA锛屾簮=8, 搴忓垪鍙?0
2026-04-17 15:31:35,956 [Router1] INFO: 鏀跺埌鏂扮殑LSA锛屾簮=8, 搴忓垪鍙?1
2026-04-17 15:31:35,957 [Router3] INFO: 鏀跺埌鏂扮殑LSA锛屾簮=5, 搴忓垪鍙?1
2026-04-17 15:31:35,957 [Router7] INFO: 鏀跺埌鏂扮殑LSA锛屾簮=9, 搴忓垪鍙?2
2026-04-17 15:31:35,957 [Router5] INFO: 鏀跺埌鏂扮殑LSA锛屾簮=6, 搴忓垪鍙?1
2026-04-17 15:31:35,958 [Router9] INFO: 鏀跺埌鏂扮殑LSA锛屾簮=7, 搴忓垪鍙?1
2026-04-17 15:31:35,958 [Router10] INFO: 鏀跺埌鏂扮殑LSA锛屾簮=8, 搴忓垪鍙?2
2026-04-17 15:31:35,958 [Router4] INFO: 鏀跺埌鏂扮殑LSA锛屾簮=8, 搴忓垪鍙?1
2026-04-17 15:31:35,959 [Router2] INFO: 鏀跺埌鏂扮殑LSA锛屾簮=10, 搴忓垪鍙?1
2026-04-17 15:31:35,959 [Router8] INFO: 鏀跺埌鏂扮殑LSA锛屾簮=10, 搴忓垪鍙?1
2026-04-17 15:31:35,960 [Router6] INFO: 鏀跺埌鏂扮殑LSA锛屾簮=2, 搴忓垪鍙?2
2026-04-17 15:31:35,960 [Router1] INFO: 鏀跺埌鏂扮殑LSA锛屾簮=7, 搴忓垪鍙?2
2026-04-17 15:31:35,960 [Router3] INFO: 鏀跺埌鏂扮殑LSA锛屾簮=7, 搴忓垪鍙?2
2026-04-17 15:31:35,961 [Router7] INFO: 鏀跺埌鏂扮殑LSA锛屾簮=6, 搴忓垪鍙?1
2026-04-17 15:31:35,961 [Router9] INFO: 鏀跺埌鏂扮殑LSA锛屾簮=7, 搴忓垪鍙?2
2026-04-17 15:31:35,962 [Router10] INFO: 鏀跺埌鏂扮殑LSA锛屾簮=5, 搴忓垪鍙?1
2026-04-17 15:31:35,962 [Router4] INFO: 鏀跺埌鏂扮殑LSA锛屾簮=8, 搴忓垪鍙?2
2026-04-17 15:31:35,963 [Router2] INFO: 鏀跺埌鏂扮殑LSA锛屾簮=9, 搴忓垪鍙?0
2026-04-17 15:31:35,963 [Router8] INFO: 鏀跺埌鏂扮殑LSA锛屾簮=9, 搴忓垪鍙?2
2026-04-17 15:31:35,963 [Router5] INFO: 鏀跺埌鏂扮殑LSA锛屾簮=10, 搴忓垪鍙?1
2026-04-17 15:31:35,963 [Router6] INFO: 鏀跺埌鏂扮殑LSA锛屾簮=7, 搴忓垪鍙?1
2026-04-17 15:31:35,963 [Router1] INFO: 鏀跺埌鏂扮殑LSA锛屾簮=9, 搴忓垪鍙?1
2026-04-17 15:31:35,963 [Router3] INFO: 鏀跺埌鏂扮殑LSA锛屾簮=9, 搴忓垪鍙?2
2026-04-17 15:31:35,963 [Router10] INFO: 鏀跺埌鏂扮殑LSA锛屾簮=3, 搴忓垪鍙?2
2026-04-17 15:31:35,963 [Router9] INFO: 鏀跺埌鏂扮殑LSA锛屾簮=3, 搴忓垪鍙?2
2026-04-17 15:31:35,963 [Router4] INFO: 鏀跺埌鏂扮殑LSA锛屾簮=9, 搴忓垪鍙?1
2026-04-17 15:31:35,963 [Router8] INFO: 鏀跺埌鏂扮殑LSA锛屾簮=6, 搴忓垪鍙?1
2026-04-17 15:31:35,963 [Router5] INFO: 鏀跺埌鏂扮殑LSA锛屾簮=9, 搴忓垪鍙?0
2026-04-17 15:31:35,963 [Router6] INFO: 鏀跺埌鏂扮殑LSA锛屾簮=10, 搴忓垪鍙?1
2026-04-17 15:31:35,963 [Router1] INFO: 鏀跺埌鏂扮殑LSA锛屾簮=8, 搴忓垪鍙?2
2026-04-17 15:31:35,963 [Router2] INFO: 鏀跺埌鏂扮殑LSA锛屾簮=9, 搴忓垪鍙?1
2026-04-17 15:31:35,963 [Router3] INFO: 鏀跺埌鏂扮殑LSA锛屾簮=10, 搴忓垪鍙?1
2026-04-17 15:31:35,963 [Router9] INFO: 鏀跺埌鏂扮殑LSA锛屾簮=8, 搴忓垪鍙?2
2026-04-17 15:31:35,971 [Router4] INFO: 鏀跺埌鏂扮殑LSA锛屾簮=9, 搴忓垪鍙?2
2026-04-17 15:31:35,971 [Router8] INFO: 鏀跺埌鏂扮殑LSA锛屾簮=3, 搴忓垪鍙?2
2026-04-17 15:31:35,972 [Router5] INFO: 鏀跺埌鏂扮殑LSA锛屾簮=9, 搴忓垪鍙?2
2026-04-17 15:31:35,972 [Router6] INFO: 鏀跺埌鏂扮殑LSA锛屾簮=8, 搴忓垪鍙?1
2026-04-17 15:31:35,973 [Router1] INFO: 鏀跺埌鏂扮殑LSA锛屾簮=10, 搴忓垪鍙?1
2026-04-17 15:31:35,974 [Router3] INFO: 鏀跺埌鏂扮殑LSA锛屾簮=8, 搴忓垪鍙?0
2026-04-17 15:31:35,974 [Router9] INFO: 鏀跺埌鏂扮殑LSA锛屾簮=5, 搴忓垪鍙?1
2026-04-17 15:31:35,976 [Router2] INFO: 鏀跺埌鏂扮殑LSA锛屾簮=9, 搴忓垪鍙?2
2026-04-17 15:31:35,976 [Router6] INFO: 鏀跺埌鏂扮殑LSA锛屾簮=5, 搴忓垪鍙?1
2026-04-17 15:31:35,977 [Router1] INFO: 鏀跺埌鏂扮殑LSA锛屾簮=9, 搴忓垪鍙?2
2026-04-17 15:31:35,977 [Router3] INFO: 鏀跺埌鏂扮殑LSA锛屾簮=8, 搴忓垪鍙?1
2026-04-17 15:31:35,977 [Router9] INFO: 鏀跺埌鏂扮殑LSA锛屾簮=4, 搴忓垪鍙?2
2026-04-17 15:31:35,978 [Router6] INFO: 鏀跺埌鏂扮殑LSA锛屾簮=7, 搴忓垪鍙?2
2026-04-17 15:31:35,979 [Router3] INFO: 鏀跺埌鏂扮殑LSA锛屾簮=8, 搴忓垪鍙?2
2026-04-17 15:31:35,980 [Router9] INFO: 鏀跺埌鏂扮殑LSA锛屾簮=2, 搴忓垪鍙?2
2026-04-17 15:31:35,980 [Router6] INFO: 鏀跺埌鏂扮殑LSA锛屾簮=8, 搴忓垪鍙?2
2026-04-17 15:31:36,138 [Router6] INFO: Dijkstra璁＄畻瀹屾垚锛岃绠楁椂闂?0.036ms
2026-04-17 15:31:36,138 [Router7] INFO: Dijkstra璁＄畻瀹屾垚锛岃绠楁椂闂?0.029ms
2026-04-17 15:31:36,138 [Router1] INFO: Dijkstra璁＄畻瀹屾垚锛岃绠楁椂闂?0.026ms
2026-04-17 15:31:36,139 [Router4] INFO: Dijkstra璁＄畻瀹屾垚锛岃绠楁椂闂?0.038ms
2026-04-17 15:31:36,139 [Router9] INFO: Dijkstra璁＄畻瀹屾垚锛岃绠楁椂闂?0.025ms
2026-04-17 15:31:36,139 [Router2] INFO: Dijkstra璁＄畻瀹屾垚锛岃绠楁椂闂?0.038ms
2026-04-17 15:31:36,140 [Router5] INFO: Dijkstra璁＄畻瀹屾垚锛岃绠楁椂闂?0.029ms
2026-04-17 15:31:36,140 [Router3] INFO: Dijkstra璁＄畻瀹屾垚锛岃绠楁椂闂?0.022ms
2026-04-17 15:31:36,153 [Router10] INFO: Dijkstra璁＄畻瀹屾垚锛岃绠楁椂闂?0.051ms
2026-04-17 15:31:36,154 [Router8] INFO: Dijkstra璁＄畻瀹屾垚锛岃绠楁椂闂?0.054ms
2026-04-17 15:31:40,103 [Router2] INFO: 鏀跺埌鏂扮殑LSA锛屾簮=1, 搴忓垪鍙?2
2026-04-17 15:31:40,103 [Router2] INFO: Dijkstra璁＄畻瀹屾垚锛岃绠楁椂闂?0.028ms
2026-04-17 15:31:40,104 [Router3] INFO: 鏀跺埌鏂扮殑LSA锛屾簮=1, 搴忓垪鍙?2
2026-04-17 15:31:40,104 [Router3] INFO: Dijkstra璁＄畻瀹屾垚锛岃绠楁椂闂?0.024ms
2026-04-17 15:31:40,104 [Router4] INFO: 鏀跺埌鏂扮殑LSA锛屾簮=1, 搴忓垪鍙?2
2026-04-17 15:31:40,104 [Router5] INFO: 鏀跺埌鏂扮殑LSA锛屾簮=1, 搴忓垪鍙?2
2026-04-17 15:31:40,105 [Router4] INFO: Dijkstra璁＄畻瀹屾垚锛岃绠楁椂闂?0.028ms
2026-04-17 15:31:40,105 [Router5] INFO: Dijkstra璁＄畻瀹屾垚锛岃绠楁椂闂?0.025ms
2026-04-17 15:31:40,105 [Router8] INFO: 鏀跺埌鏂扮殑LSA锛屾簮=1, 搴忓垪鍙?2
2026-04-17 15:31:40,106 [Router7] INFO: 鏀跺埌鏂扮殑LSA锛屾簮=1, 搴忓垪鍙?2
2026-04-17 15:31:40,106 [Router6] INFO: 鏀跺埌鏂扮殑LSA锛屾簮=1, 搴忓垪鍙?2
2026-04-17 15:31:40,106 [Router8] INFO: Dijkstra璁＄畻瀹屾垚锛岃绠楁椂闂?0.024ms
2026-04-17 15:31:40,107 [Router7] INFO: Dijkstra璁＄畻瀹屾垚锛岃绠楁椂闂?0.023ms
2026-04-17 15:31:40,107 [Router6] INFO: Dijkstra璁＄畻瀹屾垚锛岃绠楁椂闂?0.019ms
2026-04-17 15:31:40,108 [Router10] INFO: 鏀跺埌鏂扮殑LSA锛屾簮=1, 搴忓垪鍙?2
2026-04-17 15:31:40,108 [Router9] INFO: 鏀跺埌鏂扮殑LSA锛屾簮=1, 搴忓垪鍙?2
2026-04-17 15:31:40,108 [Router10] INFO: Dijkstra璁＄畻瀹屾垚锛岃绠楁椂闂?0.021ms
2026-04-17 15:31:40,109 [Router9] INFO: Dijkstra璁＄畻瀹屾垚锛岃绠楁椂闂?0.020ms
2026-04-17 15:31:40,120 [Router7] INFO: 鏀跺埌鏂扮殑LSA锛屾簮=10, 搴忓垪鍙?2
2026-04-17 15:31:40,120 [Router2] INFO: 鏀跺埌鏂扮殑LSA锛屾簮=5, 搴忓垪鍙?2
2026-04-17 15:31:40,120 [Router1] INFO: 鏀跺埌鏂扮殑LSA锛屾簮=3, 搴忓垪鍙?3
2026-04-17 15:31:40,120 [Router4] INFO: 鏀跺埌鏂扮殑LSA锛屾簮=7, 搴忓垪鍙?3
2026-04-17 15:31:40,121 [Router5] INFO: 鏀跺埌鏂扮殑LSA锛屾簮=8, 搴忓垪鍙?3
2026-04-17 15:31:40,121 [Router6] INFO: 鏀跺埌鏂扮殑LSA锛屾簮=9, 搴忓垪鍙?3
2026-04-17 15:31:40,121 [Router10] INFO: 鏀跺埌鏂扮殑LSA锛屾簮=9, 搴忓垪鍙?3
2026-04-17 15:31:40,121 [Router3] INFO: 鏀跺埌鏂扮殑LSA锛屾簮=6, 搴忓垪鍙?2
2026-04-17 15:31:40,121 [Router8] INFO: 鏀跺埌鏂扮殑LSA锛屾簮=5, 搴忓垪鍙?2
2026-04-17 15:31:40,121 [Router9] INFO: 鏀跺埌鏂扮殑LSA锛屾簮=6, 搴忓垪鍙?2
2026-04-17 15:31:40,122 [Router7] INFO: 鏀跺埌鏂扮殑LSA锛屾簮=8, 搴忓垪鍙?3
2026-04-17 15:31:40,122 [Router2] INFO: 鏀跺埌鏂扮殑LSA锛屾簮=4, 搴忓垪鍙?3
2026-04-17 15:31:40,123 [Router1] INFO: Dijkstra璁＄畻瀹屾垚锛岃绠楁椂闂?0.026ms
2026-04-17 15:31:40,123 [Router4] INFO: 鏀跺埌鏂扮殑LSA锛屾簮=3, 搴忓垪鍙?3
2026-04-17 15:31:40,124 [Router5] INFO: 鏀跺埌鏂扮殑LSA锛屾簮=2, 搴忓垪鍙?3
2026-04-17 15:31:40,124 [Router6] INFO: 鏀跺埌鏂扮殑LSA锛屾簮=3, 搴忓垪鍙?3
2026-04-17 15:31:40,124 [Router10] INFO: 鏀跺埌鏂扮殑LSA锛屾簮=7, 搴忓垪鍙?3
2026-04-17 15:31:40,125 [Router3] INFO: 鏀跺埌鏂扮殑LSA锛屾簮=4, 搴忓垪鍙?3
2026-04-17 15:31:40,125 [Router8] INFO: 鏀跺埌鏂扮殑LSA锛屾簮=9, 搴忓垪鍙?3
2026-04-17 15:31:40,125 [Router9] INFO: 鏀跺埌鏂扮殑LSA锛屾簮=10, 搴忓垪鍙?2
2026-04-17 15:31:40,126 [Router7] INFO: 鏀跺埌鏂扮殑LSA锛屾簮=4, 搴忓垪鍙?3
2026-04-17 15:31:40,126 [Router2] INFO: 鏀跺埌鏂扮殑LSA锛屾簮=3, 搴忓垪鍙?3
2026-04-17 15:31:40,126 [Router1] INFO: 鏀跺埌鏂扮殑LSA锛屾簮=2, 搴忓垪鍙?3
2026-04-17 15:31:40,126 [Router4] INFO: 鏀跺埌鏂扮殑LSA锛屾簮=10, 搴忓垪鍙?2
2026-04-17 15:31:40,127 [Router5] INFO: 鏀跺埌鏂扮殑LSA锛屾簮=4, 搴忓垪鍙?3
2026-04-17 15:31:40,127 [Router10] INFO: 鏀跺埌鏂扮殑LSA锛屾簮=6, 搴忓垪鍙?2
2026-04-17 15:31:40,128 [Router3] INFO: 鏀跺埌鏂扮殑LSA锛屾簮=7, 搴忓垪鍙?3
2026-04-17 15:31:40,128 [Router8] INFO: 鏀跺埌鏂扮殑LSA锛屾簮=7, 搴忓垪鍙?3
2026-04-17 15:31:40,128 [Router9] INFO: 鏀跺埌鏂扮殑LSA锛屾簮=8, 搴忓垪鍙?3
2026-04-17 15:31:40,128 [Router7] INFO: 鏀跺埌鏂扮殑LSA锛屾簮=9, 搴忓垪鍙?3
2026-04-17 15:31:40,129 [Router6] INFO: 鏀跺埌鏂扮殑LSA锛屾簮=4, 搴忓垪鍙?3
2026-04-17 15:31:40,129 [Router2] INFO: 鏀跺埌鏂扮殑LSA锛屾簮=7, 搴忓垪鍙?3
2026-04-17 15:31:40,129 [Router1] INFO: 鏀跺埌鏂扮殑LSA锛屾簮=5, 搴忓垪鍙?2
2026-04-17 15:31:40,130 [Router4] INFO: 鏀跺埌鏂扮殑LSA锛屾簮=2, 搴忓垪鍙?3
2026-04-17 15:31:40,130 [Router5] INFO: 鏀跺埌鏂扮殑LSA锛屾簮=9, 搴忓垪鍙?3
2026-04-17 15:31:40,131 [Router10] INFO: 鏀跺埌鏂扮殑LSA锛屾簮=8, 搴忓垪鍙?3
2026-04-17 15:31:40,131 [Router3] INFO: 鏀跺埌鏂扮殑LSA锛屾簮=9, 搴忓垪鍙?3
2026-04-17 15:31:40,131 [Router8] INFO: 鏀跺埌鏂扮殑LSA锛屾簮=10, 搴忓垪鍙?2
2026-04-17 15:31:40,132 [Router9] INFO: 鏀跺埌鏂扮殑LSA锛屾簮=5, 搴忓垪鍙?2
2026-04-17 15:31:40,132 [Router7] INFO: 鏀跺埌鏂扮殑LSA锛屾簮=5, 搴忓垪鍙?2
2026-04-17 15:31:40,132 [Router6] INFO: 鏀跺埌鏂扮殑LSA锛屾簮=10, 搴忓垪鍙?2
2026-04-17 15:31:40,132 [Router2] INFO: 鏀跺埌鏂扮殑LSA锛屾簮=8, 搴忓垪鍙?3
2026-04-17 15:31:40,133 [Router1] INFO: 鏀跺埌鏂扮殑LSA锛屾簮=6, 搴忓垪鍙?2
2026-04-17 15:31:40,133 [Router4] INFO: 鏀跺埌鏂扮殑LSA锛屾簮=5, 搴忓垪鍙?2
2026-04-17 15:31:40,134 [Router5] INFO: 鏀跺埌鏂扮殑LSA锛屾簮=3, 搴忓垪鍙?3
2026-04-17 15:31:40,134 [Router10] INFO: 鏀跺埌鏂扮殑LSA锛屾簮=4, 搴忓垪鍙?3
2026-04-17 15:31:40,134 [Router3] INFO: 鏀跺埌鏂扮殑LSA锛屾簮=2, 搴忓垪鍙?3
2026-04-17 15:31:40,135 [Router8] INFO: 鏀跺埌鏂扮殑LSA锛屾簮=6, 搴忓垪鍙?2
2026-04-17 15:31:40,135 [Router9] INFO: 鏀跺埌鏂扮殑LSA锛屾簮=3, 搴忓垪鍙?3
2026-04-17 15:31:40,136 [Router7] INFO: 鏀跺埌鏂扮殑LSA锛屾簮=3, 搴忓垪鍙?3
2026-04-17 15:31:40,136 [Router6] INFO: 鏀跺埌鏂扮殑LSA锛屾簮=7, 搴忓垪鍙?3
2026-04-17 15:31:40,136 [Router2] INFO: 鏀跺埌鏂扮殑LSA锛屾簮=10, 搴忓垪鍙?2
2026-04-17 15:31:40,136 [Router1] INFO: 鏀跺埌鏂扮殑LSA锛屾簮=4, 搴忓垪鍙?3
2026-04-17 15:31:40,137 [Router4] INFO: 鏀跺埌鏂扮殑LSA锛屾簮=6, 搴忓垪鍙?2
2026-04-17 15:31:40,137 [Router5] INFO: 鏀跺埌鏂扮殑LSA锛屾簮=7, 搴忓垪鍙?3
2026-04-17 15:31:40,138 [Router10] INFO: 鏀跺埌鏂扮殑LSA锛屾簮=5, 搴忓垪鍙?2
2026-04-17 15:31:40,138 [Router3] INFO: 鏀跺埌鏂扮殑LSA锛屾簮=10, 搴忓垪鍙?2
2026-04-17 15:31:40,138 [Router8] INFO: 鏀跺埌鏂扮殑LSA锛屾簮=2, 搴忓垪鍙?3
2026-04-17 15:31:40,139 [Router9] INFO: 鏀跺埌鏂扮殑LSA锛屾簮=7, 搴忓垪鍙?3
2026-04-17 15:31:40,139 [Router7] INFO: 鏀跺埌鏂扮殑LSA锛屾簮=6, 搴忓垪鍙?2
2026-04-17 15:31:40,140 [Router6] INFO: 鏀跺埌鏂扮殑LSA锛屾簮=8, 搴忓垪鍙?3
2026-04-17 15:31:40,140 [Router2] INFO: 鏀跺埌鏂扮殑LSA锛屾簮=9, 搴忓垪鍙?3
2026-04-17 15:31:40,141 [Router1] INFO: 鏀跺埌鏂扮殑LSA锛屾簮=7, 搴忓垪鍙?3
2026-04-17 15:31:40,141 [Router4] INFO: 鏀跺埌鏂扮殑LSA锛屾簮=8, 搴忓垪鍙?3
2026-04-17 15:31:40,141 [Router5] INFO: 鏀跺埌鏂扮殑LSA锛屾簮=10, 搴忓垪鍙?2
2026-04-17 15:31:40,141 [Router10] INFO: 鏀跺埌鏂扮殑LSA锛屾簮=3, 搴忓垪鍙?3
2026-04-17 15:31:40,142 [Router3] INFO: 鏀跺埌鏂扮殑LSA锛屾簮=5, 搴忓垪鍙?2
2026-04-17 15:31:40,142 [Router8] INFO: 鏀跺埌鏂扮殑LSA锛屾簮=4, 搴忓垪鍙?3
2026-04-17 15:31:40,143 [Router9] INFO: 鏀跺埌鏂扮殑LSA锛屾簮=4, 搴忓垪鍙?3
2026-04-17 15:31:40,143 [Router7] INFO: 鏀跺埌鏂扮殑LSA锛屾簮=2, 搴忓垪鍙?3
2026-04-17 15:31:40,143 [Router6] INFO: 鏀跺埌鏂扮殑LSA锛屾簮=5, 搴忓垪鍙?2
2026-04-17 15:31:40,144 [Router2] INFO: 鏀跺埌鏂扮殑LSA锛屾簮=6, 搴忓垪鍙?2
2026-04-17 15:31:40,144 [Router1] INFO: 鏀跺埌鏂扮殑LSA锛屾簮=9, 搴忓垪鍙?3
2026-04-17 15:31:40,144 [Router4] INFO: 鏀跺埌鏂扮殑LSA锛屾簮=9, 搴忓垪鍙?3
2026-04-17 15:31:40,145 [Router5] INFO: 鏀跺埌鏂扮殑LSA锛屾簮=6, 搴忓垪鍙?2
2026-04-17 15:31:40,146 [Router3] INFO: 鏀跺埌鏂扮殑LSA锛屾簮=8, 搴忓垪鍙?3
2026-04-17 15:31:40,147 [Router8] INFO: 鏀跺埌鏂扮殑LSA锛屾簮=3, 搴忓垪鍙?3
2026-04-17 15:31:40,147 [Router9] INFO: 鏀跺埌鏂扮殑LSA锛屾簮=2, 搴忓垪鍙?3
2026-04-17 15:31:40,148 [Router6] INFO: 鏀跺埌鏂扮殑LSA锛屾簮=2, 搴忓垪鍙?3
2026-04-17 15:31:40,149 [Router1] INFO: 鏀跺埌鏂扮殑LSA锛屾簮=8, 搴忓垪鍙?3
2026-04-17 15:31:40,150 [Router10] INFO: 鏀跺埌鏂扮殑LSA锛屾簮=2, 搴忓垪鍙?3
2026-04-17 15:31:40,154 [Router1] INFO: 鏀跺埌鏂扮殑LSA锛屾簮=10, 搴忓垪鍙?2
2026-04-17 15:31:40,332 [Router5] INFO: Dijkstra璁＄畻瀹屾垚锛岃绠楁椂闂?0.033ms
2026-04-17 15:31:40,332 [Router10] INFO: Dijkstra璁＄畻瀹屾垚锛岃绠楁椂闂?0.026ms
2026-04-17 15:31:40,332 [Router8] INFO: Dijkstra璁＄畻瀹屾垚锛岃绠楁椂闂?0.026ms
2026-04-17 15:31:40,333 [Router7] INFO: Dijkstra璁＄畻瀹屾垚锛岃绠楁椂闂?0.026ms
2026-04-17 15:31:40,333 [Router3] INFO: Dijkstra璁＄畻瀹屾垚锛岃绠楁椂闂?0.023ms
2026-04-17 15:31:40,333 [Router1] INFO: Dijkstra璁＄畻瀹屾垚锛岃绠楁椂闂?0.025ms
2026-04-17 15:31:40,333 [Router4] INFO: Dijkstra璁＄畻瀹屾垚锛岃绠楁椂闂?0.025ms
2026-04-17 15:31:40,347 [Router2] INFO: Dijkstra璁＄畻瀹屾垚锛岃绠楁椂闂?0.032ms
2026-04-17 15:31:40,347 [Router9] INFO: Dijkstra璁＄畻瀹屾垚锛岃绠楁椂闂?0.025ms
2026-04-17 15:31:40,347 [Router6] INFO: Dijkstra璁＄畻瀹屾垚锛岃绠楁椂闂?0.030ms
2026-04-17 15:31:45,115 [Router2] INFO: 鏀跺埌鏂扮殑LSA锛屾簮=1, 搴忓垪鍙?3
2026-04-17 15:31:45,115 [Router2] INFO: Dijkstra璁＄畻瀹屾垚锛岃绠楁椂闂?0.027ms
2026-04-17 15:31:45,116 [Router3] INFO: 鏀跺埌鏂扮殑LSA锛屾簮=1, 搴忓垪鍙?3
2026-04-17 15:31:45,116 [Router3] INFO: Dijkstra璁＄畻瀹屾垚锛岃绠楁椂闂?0.021ms
2026-04-17 15:31:45,116 [Router4] INFO: 鏀跺埌鏂扮殑LSA锛屾簮=1, 搴忓垪鍙?3
2026-04-17 15:31:45,116 [Router4] INFO: Dijkstra璁＄畻瀹屾垚锛岃绠楁椂闂?0.022ms
2026-04-17 15:31:45,117 [Router6] INFO: 鏀跺埌鏂扮殑LSA锛屾簮=1, 搴忓垪鍙?3
2026-04-17 15:31:45,117 [Router6] INFO: Dijkstra璁＄畻瀹屾垚锛岃绠楁椂闂?0.020ms
2026-04-17 15:31:45,117 [Router5] INFO: 鏀跺埌鏂扮殑LSA锛屾簮=1, 搴忓垪鍙?3
2026-04-17 15:31:45,118 [Router5] INFO: Dijkstra璁＄畻瀹屾垚锛岃绠楁椂闂?0.026ms
2026-04-17 15:31:45,118 [Router9] INFO: 鏀跺埌鏂扮殑LSA锛屾簮=1, 搴忓垪鍙?3
2026-04-17 15:31:45,118 [Router7] INFO: 鏀跺埌鏂扮殑LSA锛屾簮=1, 搴忓垪鍙?3
2026-04-17 15:31:45,118 [Router8] INFO: 鏀跺埌鏂扮殑LSA锛屾簮=1, 搴忓垪鍙?3
2026-04-17 15:31:45,119 [Router9] INFO: Dijkstra璁＄畻瀹屾垚锛岃绠楁椂闂?0.025ms
2026-04-17 15:31:45,119 [Router7] INFO: Dijkstra璁＄畻瀹屾垚锛岃绠楁椂闂?0.025ms
2026-04-17 15:31:45,120 [Router10] INFO: 鏀跺埌鏂扮殑LSA锛屾簮=1, 搴忓垪鍙?3
2026-04-17 15:31:45,120 [Router8] INFO: Dijkstra璁＄畻瀹屾垚锛岃绠楁椂闂?0.022ms
2026-04-17 15:31:45,121 [Router10] INFO: Dijkstra璁＄畻瀹屾垚锛岃绠楁椂闂?0.021ms
2026-04-17 15:31:45,131 [Router5] INFO: 鏀跺埌鏂扮殑LSA锛屾簮=8, 搴忓垪鍙?4
2026-04-17 15:31:45,132 [Router1] INFO: 鏀跺埌鏂扮殑LSA锛屾簮=3, 搴忓垪鍙?4
2026-04-17 15:31:45,132 [Router8] INFO: 鏀跺埌鏂扮殑LSA锛屾簮=5, 搴忓垪鍙?3
2026-04-17 15:31:45,132 [Router7] INFO: 鏀跺埌鏂扮殑LSA锛屾簮=10, 搴忓垪鍙?3
2026-04-17 15:31:45,132 [Router4] INFO: 鏀跺埌鏂扮殑LSA锛屾簮=7, 搴忓垪鍙?4
2026-04-17 15:31:45,133 [Router9] INFO: 鏀跺埌鏂扮殑LSA锛屾簮=6, 搴忓垪鍙?3
2026-04-17 15:31:45,133 [Router1] INFO: Dijkstra璁＄畻瀹屾垚锛岃绠楁椂闂?0.027ms
2026-04-17 15:31:45,133 [Router3] INFO: 鏀跺埌鏂扮殑LSA锛屾簮=6, 搴忓垪鍙?3
2026-04-17 15:31:45,133 [Router2] INFO: 鏀跺埌鏂扮殑LSA锛屾簮=5, 搴忓垪鍙?3
2026-04-17 15:31:45,134 [Router6] INFO: 鏀跺埌鏂扮殑LSA锛屾簮=9, 搴忓垪鍙?4
2026-04-17 15:31:45,134 [Router10] INFO: 鏀跺埌鏂扮殑LSA锛屾簮=7, 搴忓垪鍙?4
2026-04-17 15:31:45,134 [Router8] INFO: 鏀跺埌鏂扮殑LSA锛屾簮=9, 搴忓垪鍙?4
2026-04-17 15:31:45,135 [Router7] INFO: 鏀跺埌鏂扮殑LSA锛屾簮=8, 搴忓垪鍙?4
2026-04-17 15:31:45,135 [Router5] INFO: 鏀跺埌鏂扮殑LSA锛屾簮=2, 搴忓垪鍙?4
2026-04-17 15:31:45,136 [Router9] INFO: 鏀跺埌鏂扮殑LSA锛屾簮=8, 搴忓垪鍙?4
2026-04-17 15:31:45,136 [Router4] INFO: 鏀跺埌鏂扮殑LSA锛屾簮=3, 搴忓垪鍙?4
2026-04-17 15:31:45,136 [Router1] INFO: 鏀跺埌鏂扮殑LSA锛屾簮=2, 搴忓垪鍙?4
2026-04-17 15:31:45,136 [Router3] INFO: 鏀跺埌鏂扮殑LSA锛屾簮=7, 搴忓垪鍙?4
2026-04-17 15:31:45,137 [Router2] INFO: 鏀跺埌鏂扮殑LSA锛屾簮=8, 搴忓垪鍙?4
2026-04-17 15:31:45,137 [Router6] INFO: 鏀跺埌鏂扮殑LSA锛屾簮=3, 搴忓垪鍙?4
2026-04-17 15:31:45,137 [Router10] INFO: 鏀跺埌鏂扮殑LSA锛屾簮=9, 搴忓垪鍙?4
2026-04-17 15:31:45,138 [Router8] INFO: 鏀跺埌鏂扮殑LSA锛屾簮=7, 搴忓垪鍙?4
2026-04-17 15:31:45,138 [Router7] INFO: 鏀跺埌鏂扮殑LSA锛屾簮=5, 搴忓垪鍙?3
2026-04-17 15:31:45,138 [Router5] INFO: 鏀跺埌鏂扮殑LSA锛屾簮=9, 搴忓垪鍙?4
2026-04-17 15:31:45,139 [Router9] INFO: 鏀跺埌鏂扮殑LSA锛屾簮=10, 搴忓垪鍙?3
2026-04-17 15:31:45,139 [Router4] INFO: 鏀跺埌鏂扮殑LSA锛屾簮=2, 搴忓垪鍙?4
2026-04-17 15:31:45,139 [Router1] INFO: 鏀跺埌鏂扮殑LSA锛屾簮=6, 搴忓垪鍙?3
2026-04-17 15:31:45,140 [Router3] INFO: 鏀跺埌鏂扮殑LSA锛屾簮=4, 搴忓垪鍙?4
2026-04-17 15:31:45,140 [Router2] INFO: 鏀跺埌鏂扮殑LSA锛屾簮=3, 搴忓垪鍙?4
2026-04-17 15:31:45,140 [Router6] INFO: 鏀跺埌鏂扮殑LSA锛屾簮=8, 搴忓垪鍙?4
2026-04-17 15:31:45,140 [Router10] INFO: 鏀跺埌鏂扮殑LSA锛屾簮=6, 搴忓垪鍙?3
2026-04-17 15:31:45,141 [Router8] INFO: 鏀跺埌鏂扮殑LSA锛屾簮=10, 搴忓垪鍙?3
2026-04-17 15:31:45,141 [Router7] INFO: 鏀跺埌鏂扮殑LSA锛屾簮=4, 搴忓垪鍙?4
2026-04-17 15:31:45,141 [Router5] INFO: 鏀跺埌鏂扮殑LSA锛屾簮=7, 搴忓垪鍙?4
2026-04-17 15:31:45,142 [Router9] INFO: 鏀跺埌鏂扮殑LSA锛屾簮=5, 搴忓垪鍙?3
2026-04-17 15:31:45,142 [Router4] INFO: 鏀跺埌鏂扮殑LSA锛屾簮=10, 搴忓垪鍙?3
2026-04-17 15:31:45,142 [Router1] INFO: 鏀跺埌鏂扮殑LSA锛屾簮=5, 搴忓垪鍙?3
2026-04-17 15:31:45,143 [Router3] INFO: 鏀跺埌鏂扮殑LSA锛屾簮=9, 搴忓垪鍙?4
2026-04-17 15:31:45,143 [Router2] INFO: 鏀跺埌鏂扮殑LSA锛屾簮=7, 搴忓垪鍙?4
2026-04-17 15:31:45,144 [Router6] INFO: 鏀跺埌鏂扮殑LSA锛屾簮=7, 搴忓垪鍙?4
2026-04-17 15:31:45,144 [Router10] INFO: 鏀跺埌鏂扮殑LSA锛屾簮=8, 搴忓垪鍙?4
2026-04-17 15:31:45,144 [Router8] INFO: 鏀跺埌鏂扮殑LSA锛屾簮=6, 搴忓垪鍙?3
2026-04-17 15:31:45,144 [Router7] INFO: 鏀跺埌鏂扮殑LSA锛屾簮=9, 搴忓垪鍙?4
2026-04-17 15:31:45,145 [Router5] INFO: 鏀跺埌鏂扮殑LSA锛屾簮=3, 搴忓垪鍙?4
2026-04-17 15:31:45,145 [Router9] INFO: 鏀跺埌鏂扮殑LSA锛屾簮=7, 搴忓垪鍙?4
2026-04-17 15:31:45,146 [Router4] INFO: 鏀跺埌鏂扮殑LSA锛屾簮=6, 搴忓垪鍙?3
2026-04-17 15:31:45,146 [Router1] INFO: 鏀跺埌鏂扮殑LSA锛屾簮=7, 搴忓垪鍙?4
2026-04-17 15:31:45,147 [Router3] INFO: 鏀跺埌鏂扮殑LSA锛屾簮=2, 搴忓垪鍙?4
2026-04-17 15:31:45,147 [Router2] INFO: 鏀跺埌鏂扮殑LSA锛屾簮=4, 搴忓垪鍙?4
2026-04-17 15:31:45,147 [Router6] INFO: 鏀跺埌鏂扮殑LSA锛屾簮=10, 搴忓垪鍙?3
2026-04-17 15:31:45,148 [Router10] INFO: 鏀跺埌鏂扮殑LSA锛屾簮=5, 搴忓垪鍙?3
2026-04-17 15:31:45,148 [Router8] INFO: 鏀跺埌鏂扮殑LSA锛屾簮=2, 搴忓垪鍙?4
2026-04-17 15:31:45,148 [Router7] INFO: 鏀跺埌鏂扮殑LSA锛屾簮=3, 搴忓垪鍙?4
2026-04-17 15:31:45,149 [Router5] INFO: 鏀跺埌鏂扮殑LSA锛屾簮=10, 搴忓垪鍙?3
2026-04-17 15:31:45,149 [Router9] INFO: 鏀跺埌鏂扮殑LSA锛屾簮=3, 搴忓垪鍙?4
2026-04-17 15:31:45,150 [Router4] INFO: 鏀跺埌鏂扮殑LSA锛屾簮=5, 搴忓垪鍙?3
2026-04-17 15:31:45,150 [Router1] INFO: 鏀跺埌鏂扮殑LSA锛屾簮=8, 搴忓垪鍙?4
2026-04-17 15:31:45,151 [Router3] INFO: 鏀跺埌鏂扮殑LSA锛屾簮=8, 搴忓垪鍙?4
2026-04-17 15:31:45,151 [Router2] INFO: 鏀跺埌鏂扮殑LSA锛屾簮=9, 搴忓垪鍙?4
2026-04-17 15:31:45,151 [Router6] INFO: 鏀跺埌鏂扮殑LSA锛屾簮=4, 搴忓垪鍙?4
2026-04-17 15:31:45,152 [Router10] INFO: 鏀跺埌鏂扮殑LSA锛屾簮=4, 搴忓垪鍙?4
2026-04-17 15:31:45,152 [Router8] INFO: 鏀跺埌鏂扮殑LSA锛屾簮=4, 搴忓垪鍙?4
2026-04-17 15:31:45,152 [Router7] INFO: 鏀跺埌鏂扮殑LSA锛屾簮=2, 搴忓垪鍙?4
2026-04-17 15:31:45,153 [Router5] INFO: 鏀跺埌鏂扮殑LSA锛屾簮=6, 搴忓垪鍙?3
2026-04-17 15:31:45,154 [Router9] INFO: 鏀跺埌鏂扮殑LSA锛屾簮=2, 搴忓垪鍙?4
2026-04-17 15:31:45,154 [Router4] INFO: 鏀跺埌鏂扮殑LSA锛屾簮=8, 搴忓垪鍙?4
2026-04-17 15:31:45,154 [Router1] INFO: 鏀跺埌鏂扮殑LSA锛屾簮=4, 搴忓垪鍙?4
2026-04-17 15:31:45,155 [Router3] INFO: 鏀跺埌鏂扮殑LSA锛屾簮=10, 搴忓垪鍙?3
2026-04-17 15:31:45,155 [Router2] INFO: 鏀跺埌鏂扮殑LSA锛屾簮=6, 搴忓垪鍙?3
2026-04-17 15:31:45,155 [Router6] INFO: 鏀跺埌鏂扮殑LSA锛屾簮=5, 搴忓垪鍙?3
2026-04-17 15:31:45,156 [Router10] INFO: 鏀跺埌鏂扮殑LSA锛屾簮=3, 搴忓垪鍙?4
2026-04-17 15:31:45,156 [Router8] INFO: 鏀跺埌鏂扮殑LSA锛屾簮=3, 搴忓垪鍙?4
2026-04-17 15:31:45,157 [Router7] INFO: 鏀跺埌鏂扮殑LSA锛屾簮=6, 搴忓垪鍙?3
2026-04-17 15:31:45,157 [Router5] INFO: 鏀跺埌鏂扮殑LSA锛屾簮=4, 搴忓垪鍙?4
2026-04-17 15:31:45,157 [Router9] INFO: 鏀跺埌鏂扮殑LSA锛屾簮=4, 搴忓垪鍙?4
2026-04-17 15:31:45,158 [Router4] INFO: 鏀跺埌鏂扮殑LSA锛屾簮=9, 搴忓垪鍙?4
2026-04-17 15:31:45,159 [Router1] INFO: 鏀跺埌鏂扮殑LSA锛屾簮=9, 搴忓垪鍙?4
2026-04-17 15:31:45,159 [Router3] INFO: 鏀跺埌鏂扮殑LSA锛屾簮=5, 搴忓垪鍙?3
2026-04-17 15:31:45,159 [Router2] INFO: 鏀跺埌鏂扮殑LSA锛屾簮=10, 搴忓垪鍙?3
2026-04-17 15:31:45,159 [Router6] INFO: 鏀跺埌鏂扮殑LSA锛屾簮=2, 搴忓垪鍙?4
2026-04-17 15:31:45,160 [Router10] INFO: 鏀跺埌鏂扮殑LSA锛屾簮=2, 搴忓垪鍙?4
2026-04-17 15:31:45,162 [Router1] INFO: 鏀跺埌鏂扮殑LSA锛屾簮=10, 搴忓垪鍙?3
2026-04-17 15:31:45,345 [Router4] INFO: Dijkstra璁＄畻瀹屾垚锛岃绠楁椂闂?0.035ms
2026-04-17 15:31:45,345 [Router2] INFO: Dijkstra璁＄畻瀹屾垚锛岃绠楁椂闂?0.033ms
2026-04-17 15:31:45,345 [Router10] INFO: Dijkstra璁＄畻瀹屾垚锛岃绠楁椂闂?0.021ms
2026-04-17 15:31:45,345 [Router9] INFO: Dijkstra璁＄畻瀹屾垚锛岃绠楁椂闂?0.022ms
2026-04-17 15:31:45,346 [Router7] INFO: Dijkstra璁＄畻瀹屾垚锛岃绠楁椂闂?0.032ms
2026-04-17 15:31:45,346 [Router5] INFO: Dijkstra璁＄畻瀹屾垚锛岃绠楁椂闂?0.022ms
2026-04-17 15:31:45,359 [Router1] INFO: Dijkstra璁＄畻瀹屾垚锛岃绠楁椂闂?0.031ms
2026-04-17 15:31:45,359 [Router6] INFO: Dijkstra璁＄畻瀹屾垚锛岃绠楁椂闂?0.023ms
2026-04-17 15:31:45,359 [Router8] INFO: Dijkstra璁＄畻瀹屾垚锛岃绠楁椂闂?0.027ms
2026-04-17 15:31:45,359 [Router3] INFO: Dijkstra璁＄畻瀹屾垚锛岃绠楁椂闂?0.024ms
2026-04-17 15:31:47,180 [Router1] INFO: 绉婚櫎閭绘帴璺敱鍣?2
2026-04-17 15:31:47,180 [Router2] INFO: 绉婚櫎閭绘帴璺敱鍣?1
2026-04-17 15:31:47,180 [Simulator] WARNING: 妯℃嫙閾捐矾鏁呴殰: 1 <-> 2
2026-04-17 15:31:50,124 [Router3] INFO: 鏀跺埌鏂扮殑LSA锛屾簮=1, 搴忓垪鍙?4
2026-04-17 15:31:50,124 [Router3] INFO: Dijkstra璁＄畻瀹屾垚锛岃绠楁椂闂?0.026ms
2026-04-17 15:31:50,125 [Router6] INFO: 鏀跺埌鏂扮殑LSA锛屾簮=1, 搴忓垪鍙?4
2026-04-17 15:31:50,125 [Router6] INFO: Dijkstra璁＄畻瀹屾垚锛岃绠楁椂闂?0.025ms
2026-04-17 15:31:50,126 [Router4] INFO: 鏀跺埌鏂扮殑LSA锛屾簮=1, 搴忓垪鍙?4
2026-04-17 15:31:50,126 [Router9] INFO: 鏀跺埌鏂扮殑LSA锛屾簮=1, 搴忓垪鍙?4
2026-04-17 15:31:50,126 [Router4] INFO: Dijkstra璁＄畻瀹屾垚锛岃绠楁椂闂?0.025ms
2026-04-17 15:31:50,127 [Router9] INFO: Dijkstra璁＄畻瀹屾垚锛岃绠楁椂闂?0.025ms
2026-04-17 15:31:50,127 [Router2] INFO: 鏀跺埌鏂扮殑LSA锛屾簮=1, 搴忓垪鍙?4
2026-04-17 15:31:50,127 [Router2] INFO: Dijkstra璁＄畻瀹屾垚锛岃绠楁椂闂?0.021ms
2026-04-17 15:31:50,128 [Router8] INFO: 鏀跺埌鏂扮殑LSA锛屾簮=1, 搴忓垪鍙?4
2026-04-17 15:31:50,128 [Router8] INFO: Dijkstra璁＄畻瀹屾垚锛岃绠楁椂闂?0.026ms
2026-04-17 15:31:50,128 [Router7] INFO: 鏀跺埌鏂扮殑LSA锛屾簮=1, 搴忓垪鍙?4
2026-04-17 15:31:50,128 [Router10] INFO: 鏀跺埌鏂扮殑LSA锛屾簮=1, 搴忓垪鍙?4
2026-04-17 15:31:50,129 [Router5] INFO: 鏀跺埌鏂扮殑LSA锛屾簮=1, 搴忓垪鍙?4
2026-04-17 15:31:50,129 [Router7] INFO: Dijkstra璁＄畻瀹屾垚锛岃绠楁椂闂?0.025ms
2026-04-17 15:31:50,129 [Router10] INFO: Dijkstra璁＄畻瀹屾垚锛岃绠楁椂闂?0.021ms
2026-04-17 15:31:50,130 [Router5] INFO: Dijkstra璁＄畻瀹屾垚锛岃绠楁椂闂?0.022ms
2026-04-17 15:31:50,141 [Router5] INFO: 鏀跺埌鏂扮殑LSA锛屾簮=8, 搴忓垪鍙?5
2026-04-17 15:31:50,141 [Router3] INFO: 鏀跺埌鏂扮殑LSA锛屾簮=6, 搴忓垪鍙?4
2026-04-17 15:31:50,141 [Router4] INFO: 鏀跺埌鏂扮殑LSA锛屾簮=7, 搴忓垪鍙?5
2026-04-17 15:31:50,142 [Router8] INFO: 鏀跺埌鏂扮殑LSA锛屾簮=9, 搴忓垪鍙?5
2026-04-17 15:31:50,142 [Router7] INFO: 鏀跺埌鏂扮殑LSA锛屾簮=8, 搴忓垪鍙?5
2026-04-17 15:31:50,142 [Router5] INFO: 鏀跺埌鏂扮殑LSA锛屾簮=2, 搴忓垪鍙?5
2026-04-17 15:31:50,142 [Router9] INFO: 鏀跺埌鏂扮殑LSA锛屾簮=6, 搴忓垪鍙?4
2026-04-17 15:31:50,142 [Router6] INFO: 鏀跺埌鏂扮殑LSA锛屾簮=9, 搴忓垪鍙?5
2026-04-17 15:31:50,143 [Router10] INFO: 鏀跺埌鏂扮殑LSA锛屾簮=7, 搴忓垪鍙?5
2026-04-17 15:31:50,143 [Router1] INFO: 鏀跺埌鏂扮殑LSA锛屾簮=3, 搴忓垪鍙?5
2026-04-17 15:31:50,143 [Router3] INFO: 鏀跺埌鏂扮殑LSA锛屾簮=4, 搴忓垪鍙?5
2026-04-17 15:31:50,143 [Router2] INFO: 鏀跺埌鏂扮殑LSA锛屾簮=4, 搴忓垪鍙?5
2026-04-17 15:31:50,144 [Router8] INFO: 鏀跺埌鏂扮殑LSA锛屾簮=7, 搴忓垪鍙?5
2026-04-17 15:31:50,144 [Router7] INFO: 鏀跺埌鏂扮殑LSA锛屾簮=10, 搴忓垪鍙?4
2026-04-17 15:31:50,144 [Router4] INFO: 鏀跺埌鏂扮殑LSA锛屾簮=2, 搴忓垪鍙?5
2026-04-17 15:31:50,145 [Router5] INFO: 鏀跺埌鏂扮殑LSA锛屾簮=9, 搴忓垪鍙?5
2026-04-17 15:31:50,145 [Router9] INFO: 鏀跺埌鏂扮殑LSA锛屾簮=10, 搴忓垪鍙?4
2026-04-17 15:31:50,145 [Router6] INFO: 鏀跺埌鏂扮殑LSA锛屾簮=3, 搴忓垪鍙?5
2026-04-17 15:31:50,146 [Router10] INFO: 鏀跺埌鏂扮殑LSA锛屾簮=9, 搴忓垪鍙?5
2026-04-17 15:31:50,146 [Router1] INFO: Dijkstra璁＄畻瀹屾垚锛岃绠楁椂闂?0.025ms
2026-04-17 15:31:50,146 [Router3] INFO: 鏀跺埌鏂扮殑LSA锛屾簮=7, 搴忓垪鍙?5
2026-04-17 15:31:50,147 [Router2] INFO: 鏀跺埌鏂扮殑LSA锛屾簮=5, 搴忓垪鍙?4
2026-04-17 15:31:50,147 [Router8] INFO: 鏀跺埌鏂扮殑LSA锛屾簮=5, 搴忓垪鍙?4
2026-04-17 15:31:50,147 [Router7] INFO: 鏀跺埌鏂扮殑LSA锛屾簮=4, 搴忓垪鍙?5
2026-04-17 15:31:50,147 [Router4] INFO: 鏀跺埌鏂扮殑LSA锛屾簮=3, 搴忓垪鍙?5
2026-04-17 15:31:50,148 [Router5] INFO: 鏀跺埌鏂扮殑LSA锛屾簮=4, 搴忓垪鍙?5
2026-04-17 15:31:50,148 [Router9] INFO: 鏀跺埌鏂扮殑LSA锛屾簮=8, 搴忓垪鍙?5
2026-04-17 15:31:50,148 [Router6] INFO: 鏀跺埌鏂扮殑LSA锛屾簮=4, 搴忓垪鍙?5
2026-04-17 15:31:50,149 [Router10] INFO: 鏀跺埌鏂扮殑LSA锛屾簮=8, 搴忓垪鍙?5
2026-04-17 15:31:50,149 [Router1] INFO: 鏀跺埌鏂扮殑LSA锛屾簮=6, 搴忓垪鍙?4
2026-04-17 15:31:50,149 [Router3] INFO: 鏀跺埌鏂扮殑LSA锛屾簮=9, 搴忓垪鍙?5
2026-04-17 15:31:50,149 [Router2] INFO: 鏀跺埌鏂扮殑LSA锛屾簮=8, 搴忓垪鍙?5
2026-04-17 15:31:50,150 [Router8] INFO: 鏀跺埌鏂扮殑LSA锛屾簮=2, 搴忓垪鍙?5
2026-04-17 15:31:50,150 [Router7] INFO: 鏀跺埌鏂扮殑LSA锛屾簮=9, 搴忓垪鍙?5
2026-04-17 15:31:50,150 [Router4] INFO: 鏀跺埌鏂扮殑LSA锛屾簮=6, 搴忓垪鍙?4
2026-04-17 15:31:50,151 [Router5] INFO: 鏀跺埌鏂扮殑LSA锛屾簮=7, 搴忓垪鍙?5
2026-04-17 15:31:50,151 [Router9] INFO: 鏀跺埌鏂扮殑LSA锛屾簮=7, 搴忓垪鍙?5
2026-04-17 15:31:50,151 [Router6] INFO: 鏀跺埌鏂扮殑LSA锛屾簮=10, 搴忓垪鍙?4
2026-04-17 15:31:50,152 [Router10] INFO: 鏀跺埌鏂扮殑LSA锛屾簮=6, 搴忓垪鍙?4
2026-04-17 15:31:50,152 [Router1] INFO: 鏀跺埌鏂扮殑LSA锛屾簮=4, 搴忓垪鍙?5
2026-04-17 15:31:50,152 [Router3] INFO: 鏀跺埌鏂扮殑LSA锛屾簮=2, 搴忓垪鍙?5
2026-04-17 15:31:50,153 [Router2] INFO: 鏀跺埌鏂扮殑LSA锛屾簮=7, 搴忓垪鍙?5
2026-04-17 15:31:50,153 [Router8] INFO: 鏀跺埌鏂扮殑LSA锛屾簮=6, 搴忓垪鍙?4
2026-04-17 15:31:50,153 [Router7] INFO: 鏀跺埌鏂扮殑LSA锛屾簮=2, 搴忓垪鍙?5
2026-04-17 15:31:50,153 [Router4] INFO: 鏀跺埌鏂扮殑LSA锛屾簮=8, 搴忓垪鍙?5
2026-04-17 15:31:50,154 [Router9] INFO: 鏀跺埌鏂扮殑LSA锛屾簮=3, 搴忓垪鍙?5
2026-04-17 15:31:50,154 [Router6] INFO: 鏀跺埌鏂扮殑LSA锛屾簮=7, 搴忓垪鍙?5
2026-04-17 15:31:50,155 [Router10] INFO: 鏀跺埌鏂扮殑LSA锛屾簮=4, 搴忓垪鍙?5
2026-04-17 15:31:50,156 [Router1] INFO: 鏀跺埌鏂扮殑LSA锛屾簮=7, 搴忓垪鍙?5
2026-04-17 15:31:50,156 [Router3] INFO: 鏀跺埌鏂扮殑LSA锛屾簮=10, 搴忓垪鍙?4
2026-04-17 15:31:50,157 [Router2] INFO: 鏀跺埌鏂扮殑LSA锛屾簮=9, 搴忓垪鍙?5
2026-04-17 15:31:50,157 [Router8] INFO: 鏀跺埌鏂扮殑LSA锛屾簮=10, 搴忓垪鍙?4
2026-04-17 15:31:50,157 [Router7] INFO: 鏀跺埌鏂扮殑LSA锛屾簮=5, 搴忓垪鍙?4
2026-04-17 15:31:50,158 [Router4] INFO: 鏀跺埌鏂扮殑LSA锛屾簮=10, 搴忓垪鍙?4
2026-04-17 15:31:50,158 [Router5] INFO: 鏀跺埌鏂扮殑LSA锛屾簮=6, 搴忓垪鍙?4
2026-04-17 15:31:50,158 [Router9] INFO: 鏀跺埌鏂扮殑LSA锛屾簮=5, 搴忓垪鍙?4
2026-04-17 15:31:50,159 [Router6] INFO: 鏀跺埌鏂扮殑LSA锛屾簮=8, 搴忓垪鍙?5
2026-04-17 15:31:50,159 [Router10] INFO: 鏀跺埌鏂扮殑LSA锛屾簮=2, 搴忓垪鍙?5
2026-04-17 15:31:50,159 [Router1] INFO: 鏀跺埌鏂扮殑LSA锛屾簮=9, 搴忓垪鍙?5
2026-04-17 15:31:50,160 [Router3] INFO: 鏀跺埌鏂扮殑LSA锛屾簮=8, 搴忓垪鍙?5
2026-04-17 15:31:50,160 [Router2] INFO: 鏀跺埌鏂扮殑LSA锛屾簮=3, 搴忓垪鍙?5
2026-04-17 15:31:50,160 [Router8] INFO: 鏀跺埌鏂扮殑LSA锛屾簮=4, 搴忓垪鍙?5
2026-04-17 15:31:50,161 [Router7] INFO: 鏀跺埌鏂扮殑LSA锛屾簮=3, 搴忓垪鍙?5
2026-04-17 15:31:50,161 [Router4] INFO: 鏀跺埌鏂扮殑LSA锛屾簮=5, 搴忓垪鍙?4
2026-04-17 15:31:50,162 [Router9] INFO: 鏀跺埌鏂扮殑LSA锛屾簮=4, 搴忓垪鍙?5
2026-04-17 15:31:50,162 [Router5] INFO: 鏀跺埌鏂扮殑LSA锛屾簮=10, 搴忓垪鍙?4
2026-04-17 15:31:50,162 [Router6] INFO: 鏀跺埌鏂扮殑LSA锛屾簮=2, 搴忓垪鍙?5
2026-04-17 15:31:50,162 [Router10] INFO: 鏀跺埌鏂扮殑LSA锛屾簮=3, 搴忓垪鍙?5
2026-04-17 15:31:50,163 [Router1] INFO: 鏀跺埌鏂扮殑LSA锛屾簮=2, 搴忓垪鍙?5
2026-04-17 15:31:50,164 [Router2] INFO: 鏀跺埌鏂扮殑LSA锛屾簮=6, 搴忓垪鍙?4
2026-04-17 15:31:50,164 [Router8] INFO: 鏀跺埌鏂扮殑LSA锛屾簮=3, 搴忓垪鍙?5
2026-04-17 15:31:50,165 [Router7] INFO: 鏀跺埌鏂扮殑LSA锛屾簮=6, 搴忓垪鍙?4
2026-04-17 15:31:50,165 [Router4] INFO: 鏀跺埌鏂扮殑LSA锛屾簮=9, 搴忓垪鍙?5
2026-04-17 15:31:50,165 [Router3] INFO: 鏀跺埌鏂扮殑LSA锛屾簮=5, 搴忓垪鍙?4
2026-04-17 15:31:50,165 [Router9] INFO: 鏀跺埌鏂扮殑LSA锛屾簮=2, 搴忓垪鍙?5
2026-04-17 15:31:50,165 [Router5] INFO: 鏀跺埌鏂扮殑LSA锛屾簮=3, 搴忓垪鍙?5
2026-04-17 15:31:50,165 [Router6] INFO: 鏀跺埌鏂扮殑LSA锛屾簮=5, 搴忓垪鍙?4
2026-04-17 15:31:50,165 [Router10] INFO: 鏀跺埌鏂扮殑LSA锛屾簮=5, 搴忓垪鍙?4
2026-04-17 15:31:50,165 [Router1] INFO: 鏀跺埌鏂扮殑LSA锛屾簮=10, 搴忓垪鍙?4
2026-04-17 15:31:50,165 [Router2] INFO: 鏀跺埌鏂扮殑LSA锛屾簮=10, 搴忓垪鍙?4
2026-04-17 15:31:50,165 [Router1] INFO: 鏀跺埌鏂扮殑LSA锛屾簮=8, 搴忓垪鍙?5
2026-04-17 15:31:50,173 [Router1] INFO: 鏀跺埌鏂扮殑LSA锛屾簮=5, 搴忓垪鍙?4
2026-04-17 15:31:50,355 [Router2] INFO: Dijkstra璁＄畻瀹屾垚锛岃绠楁椂闂?0.033ms
2026-04-17 15:31:50,365 [Router9] INFO: Dijkstra璁＄畻瀹屾垚锛岃绠楁椂闂?0.027ms
2026-04-17 15:31:50,365 [Router4] INFO: Dijkstra璁＄畻瀹屾垚锛岃绠楁椂闂?0.028ms
2026-04-17 15:31:50,365 [Router3] INFO: Dijkstra璁＄畻瀹屾垚锛岃绠楁椂闂?0.023ms
2026-04-17 15:31:50,365 [Router6] INFO: Dijkstra璁＄畻瀹屾垚锛岃绠楁椂闂?0.024ms
2026-04-17 15:31:50,366 [Router10] INFO: Dijkstra璁＄畻瀹屾垚锛岃绠楁椂闂?0.023ms
2026-04-17 15:31:50,366 [Router8] INFO: Dijkstra璁＄畻瀹屾垚锛岃绠楁椂闂?0.027ms
2026-04-17 15:31:50,366 [Router1] INFO: Dijkstra璁＄畻瀹屾垚锛岃绠楁椂闂?0.024ms
2026-04-17 15:31:50,366 [Router5] INFO: Dijkstra璁＄畻瀹屾垚锛岃绠楁椂闂?0.025ms
2026-04-17 15:31:50,367 [Router7] INFO: Dijkstra璁＄畻瀹屾垚锛岃绠楁椂闂?0.026ms
2026-04-17 15:31:52,181 [Router1] INFO: 娣诲姞閭绘帴璺敱鍣?2 (127.0.0.1:10002), 閾捐矾寮€閿€=7
2026-04-17 15:31:52,181 [Router2] INFO: 娣诲姞閭绘帴璺敱鍣?1 (127.0.0.1:10001), 閾捐矾寮€閿€=7
2026-04-17 15:31:52,181 [Simulator] WARNING: 妯℃嫙閾捐矾鎭㈠: 1 <-> 2
2026-04-17 15:31:52,849 [Router2] INFO: 閭绘帴璺敱鍣?1 宸叉仮澶?
2026-04-17 15:31:52,849 [Router2] INFO: 閭绘帴璺敱鍣?1 Up浜嬩欢
2026-04-17 15:31:52,850 [Router2] INFO: Dijkstra璁＄畻瀹屾垚锛岃绠楁椂闂?0.030ms
2026-04-17 15:31:52,850 [Router1] INFO: 閭绘帴璺敱鍣?2 宸叉仮澶?
2026-04-17 15:31:52,850 [Router1] INFO: 閭绘帴璺敱鍣?2 Up浜嬩欢
2026-04-17 15:31:52,850 [Router1] INFO: Dijkstra璁＄畻瀹屾垚锛岃绠楁椂闂?0.024ms
2026-04-17 15:31:52,850 [Router4] INFO: 鏀跺埌鏂扮殑LSA锛屾簮=2, 搴忓垪鍙?6
2026-04-17 15:31:52,851 [Router4] INFO: Dijkstra璁＄畻瀹屾垚锛岃绠楁椂闂?0.021ms
2026-04-17 15:31:52,851 [Router3] INFO: 鏀跺埌鏂扮殑LSA锛屾簮=1, 搴忓垪鍙?5
2026-04-17 15:31:52,851 [Router5] INFO: 鏀跺埌鏂扮殑LSA锛屾簮=2, 搴忓垪鍙?6
2026-04-17 15:31:52,851 [Router1] INFO: 鏀跺埌鏂扮殑LSA锛屾簮=2, 搴忓垪鍙?6
2026-04-17 15:31:52,852 [Router3] INFO: Dijkstra璁＄畻瀹屾垚锛岃绠楁椂闂?0.024ms
2026-04-17 15:31:52,852 [Router5] INFO: Dijkstra璁＄畻瀹屾垚锛岃绠楁椂闂?0.022ms
2026-04-17 15:31:52,852 [Router2] INFO: 鏀跺埌鏂扮殑LSA锛屾簮=1, 搴忓垪鍙?5
2026-04-17 15:31:52,852 [Router7] INFO: 鏀跺埌鏂扮殑LSA锛屾簮=2, 搴忓垪鍙?6
2026-04-17 15:31:52,853 [Router6] INFO: 鏀跺埌鏂扮殑LSA锛屾簮=1, 搴忓垪鍙?5
2026-04-17 15:31:52,853 [Router3] INFO: 鏀跺埌鏂扮殑LSA锛屾簮=2, 搴忓垪鍙?6
2026-04-17 15:31:52,853 [Router8] INFO: 鏀跺埌鏂扮殑LSA锛屾簮=2, 搴忓垪鍙?6
2026-04-17 15:31:52,853 [Router4] INFO: 鏀跺埌鏂扮殑LSA锛屾簮=1, 搴忓垪鍙?5
2026-04-17 15:31:52,854 [Router7] INFO: Dijkstra璁＄畻瀹屾垚锛岃绠楁椂闂?0.022ms
2026-04-17 15:31:52,854 [Router6] INFO: Dijkstra璁＄畻瀹屾垚锛岃绠楁椂闂?0.022ms
2026-04-17 15:31:52,854 [Router5] INFO: 鏀跺埌鏂扮殑LSA锛屾簮=1, 搴忓垪鍙?5
2026-04-17 15:31:52,855 [Router9] INFO: 鏀跺埌鏂扮殑LSA锛屾簮=1, 搴忓垪鍙?5
2026-04-17 15:31:52,855 [Router10] INFO: 鏀跺埌鏂扮殑LSA锛屾簮=2, 搴忓垪鍙?6
2026-04-17 15:31:52,855 [Router8] INFO: Dijkstra璁＄畻瀹屾垚锛岃绠楁椂闂?0.022ms
2026-04-17 15:31:52,856 [Router6] INFO: 鏀跺埌鏂扮殑LSA锛屾簮=2, 搴忓垪鍙?6
2026-04-17 15:31:52,857 [Router9] INFO: Dijkstra璁＄畻瀹屾垚锛岃绠楁椂闂?0.023ms
2026-04-17 15:31:52,857 [Router10] INFO: Dijkstra璁＄畻瀹屾垚锛岃绠楁椂闂?0.022ms
2026-04-17 15:31:52,858 [Router8] INFO: 鏀跺埌鏂扮殑LSA锛屾簮=1, 搴忓垪鍙?5
2026-04-17 15:31:52,858 [Router7] INFO: 鏀跺埌鏂扮殑LSA锛屾簮=1, 搴忓垪鍙?5
2026-04-17 15:31:52,858 [Router9] INFO: 鏀跺埌鏂扮殑LSA锛屾簮=2, 搴忓垪鍙?6
2026-04-17 15:31:52,860 [Router10] INFO: 鏀跺埌鏂扮殑LSA锛屾簮=1, 搴忓垪鍙?5
2026-04-17 15:31:53,103 [Router5] INFO: Dijkstra璁＄畻瀹屾垚锛岃绠楁椂闂?0.035ms
2026-04-17 15:31:53,103 [Router9] INFO: Dijkstra璁＄畻瀹屾垚锛岃绠楁椂闂?0.029ms
2026-04-17 15:31:53,103 [Router10] INFO: Dijkstra璁＄畻瀹屾垚锛岃绠楁椂闂?0.023ms
2026-04-17 15:31:53,104 [Router3] INFO: Dijkstra璁＄畻瀹屾垚锛岃绠楁椂闂?0.023ms
2026-04-17 15:31:53,104 [Router4] INFO: Dijkstra璁＄畻瀹屾垚锛岃绠楁椂闂?0.025ms
2026-04-17 15:31:53,104 [Router1] INFO: Dijkstra璁＄畻瀹屾垚锛岃绠楁椂闂?0.025ms
2026-04-17 15:31:53,104 [Router6] INFO: Dijkstra璁＄畻瀹屾垚锛岃绠楁椂闂?0.024ms
2026-04-17 15:31:53,105 [Router2] INFO: Dijkstra璁＄畻瀹屾垚锛岃绠楁椂闂?0.026ms
2026-04-17 15:31:53,106 [Router8] INFO: Dijkstra璁＄畻瀹屾垚锛岃绠楁椂闂?0.034ms
2026-04-17 15:31:53,106 [Router7] INFO: Dijkstra璁＄畻瀹屾垚锛岃绠楁椂闂?0.027ms
2026-04-17 15:31:55,137 [Router2] INFO: 鏀跺埌鏂扮殑LSA锛屾簮=1, 搴忓垪鍙?6
2026-04-17 15:31:55,137 [Router3] INFO: 鏀跺埌鏂扮殑LSA锛屾簮=1, 搴忓垪鍙?6
2026-04-17 15:31:55,138 [Router2] INFO: Dijkstra璁＄畻瀹屾垚锛岃绠楁椂闂?0.028ms
2026-04-17 15:31:55,138 [Router3] INFO: Dijkstra璁＄畻瀹屾垚锛岃绠楁椂闂?0.025ms
2026-04-17 15:31:55,138 [Router4] INFO: 鏀跺埌鏂扮殑LSA锛屾簮=1, 搴忓垪鍙?6
2026-04-17 15:31:55,139 [Router5] INFO: 鏀跺埌鏂扮殑LSA锛屾簮=1, 搴忓垪鍙?6
2026-04-17 15:31:55,139 [Router6] INFO: 鏀跺埌鏂扮殑LSA锛屾簮=1, 搴忓垪鍙?6
2026-04-17 15:31:55,139 [Router4] INFO: Dijkstra璁＄畻瀹屾垚锛岃绠楁椂闂?0.024ms
2026-04-17 15:31:55,139 [Router5] INFO: Dijkstra璁＄畻瀹屾垚锛岃绠楁椂闂?0.021ms
2026-04-17 15:31:55,140 [Router6] INFO: Dijkstra璁＄畻瀹屾垚锛岃绠楁椂闂?0.023ms
2026-04-17 15:31:55,140 [Router7] INFO: 鏀跺埌鏂扮殑LSA锛屾簮=1, 搴忓垪鍙?6
2026-04-17 15:31:55,141 [Router8] INFO: 鏀跺埌鏂扮殑LSA锛屾簮=1, 搴忓垪鍙?6
2026-04-17 15:31:55,141 [Router9] INFO: 鏀跺埌鏂扮殑LSA锛屾簮=1, 搴忓垪鍙?6
2026-04-17 15:31:55,141 [Router7] INFO: Dijkstra璁＄畻瀹屾垚锛岃绠楁椂闂?0.026ms
2026-04-17 15:31:55,142 [Router8] INFO: Dijkstra璁＄畻瀹屾垚锛岃绠楁椂闂?0.023ms
2026-04-17 15:31:55,142 [Router9] INFO: Dijkstra璁＄畻瀹屾垚锛岃绠楁椂闂?0.024ms
2026-04-17 15:31:55,143 [Router10] INFO: 鏀跺埌鏂扮殑LSA锛屾簮=1, 搴忓垪鍙?6
2026-04-17 15:31:55,143 [Router10] INFO: Dijkstra璁＄畻瀹屾垚锛岃绠楁椂闂?0.021ms
2026-04-17 15:31:55,153 [Router7] INFO: 鏀跺埌鏂扮殑LSA锛屾簮=10, 搴忓垪鍙?5
2026-04-17 15:31:55,153 [Router9] INFO: 鏀跺埌鏂扮殑LSA锛屾簮=10, 搴忓垪鍙?5
2026-04-17 15:31:55,154 [Router6] INFO: 鏀跺埌鏂扮殑LSA锛屾簮=9, 搴忓垪鍙?6
2026-04-17 15:31:55,154 [Router3] INFO: 鏀跺埌鏂扮殑LSA锛屾簮=6, 搴忓垪鍙?5
2026-04-17 15:31:55,154 [Router5] INFO: 鏀跺埌鏂扮殑LSA锛屾簮=8, 搴忓垪鍙?6
2026-04-17 15:31:55,155 [Router8] INFO: 鏀跺埌鏂扮殑LSA锛屾簮=5, 搴忓垪鍙?5
2026-04-17 15:31:55,155 [Router1] INFO: 鏀跺埌鏂扮殑LSA锛屾簮=2, 搴忓垪鍙?7
2026-04-17 15:31:55,155 [Router7] INFO: 鏀跺埌鏂扮殑LSA锛屾簮=4, 搴忓垪鍙?6
2026-04-17 15:31:55,155 [Router2] INFO: 鏀跺埌鏂扮殑LSA锛屾簮=4, 搴忓垪鍙?6
2026-04-17 15:31:55,155 [Router4] INFO: 鏀跺埌鏂扮殑LSA锛屾簮=2, 搴忓垪鍙?7
2026-04-17 15:31:55,155 [Router9] INFO: 鏀跺埌鏂扮殑LSA锛屾簮=6, 搴忓垪鍙?5
2026-04-17 15:31:55,155 [Router6] INFO: 鏀跺埌鏂扮殑LSA锛屾簮=3, 搴忓垪鍙?6
2026-04-17 15:31:55,155 [Router10] INFO: 鏀跺埌鏂扮殑LSA锛屾簮=9, 搴忓垪鍙?6
2026-04-17 15:31:55,155 [Router3] INFO: 鏀跺埌鏂扮殑LSA锛屾簮=4, 搴忓垪鍙?6
2026-04-17 15:31:55,155 [Router5] INFO: 鏀跺埌鏂扮殑LSA锛屾簮=2, 搴忓垪鍙?7
2026-04-17 15:31:55,155 [Router8] INFO: 鏀跺埌鏂扮殑LSA锛屾簮=9, 搴忓垪鍙?6
2026-04-17 15:31:55,155 [Router1] INFO: Dijkstra璁＄畻瀹屾垚锛岃绠楁椂闂?0.026ms
2026-04-17 15:31:55,155 [Router7] INFO: 鏀跺埌鏂扮殑LSA锛屾簮=8, 搴忓垪鍙?6
2026-04-17 15:31:55,155 [Router2] INFO: 鏀跺埌鏂扮殑LSA锛屾簮=5, 搴忓垪鍙?5
2026-04-17 15:31:55,155 [Router4] INFO: 鏀跺埌鏂扮殑LSA锛屾簮=3, 搴忓垪鍙?6
2026-04-17 15:31:55,155 [Router9] INFO: 鏀跺埌鏂扮殑LSA锛屾簮=8, 搴忓垪鍙?6
2026-04-17 15:31:55,155 [Router6] INFO: 鏀跺埌鏂扮殑LSA锛屾簮=10, 搴忓垪鍙?5
2026-04-17 15:31:55,155 [Router10] INFO: 鏀跺埌鏂扮殑LSA锛屾簮=4, 搴忓垪鍙?6
2026-04-17 15:31:55,155 [Router3] INFO: 鏀跺埌鏂扮殑LSA锛屾簮=9, 搴忓垪鍙?6
2026-04-17 15:31:55,155 [Router5] INFO: 鏀跺埌鏂扮殑LSA锛屾簮=4, 搴忓垪鍙?6
2026-04-17 15:31:55,155 [Router8] INFO: 鏀跺埌鏂扮殑LSA锛屾簮=10, 搴忓垪鍙?5
2026-04-17 15:31:55,155 [Router1] INFO: 鏀跺埌鏂扮殑LSA锛屾簮=3, 搴忓垪鍙?6
2026-04-17 15:31:55,155 [Router7] INFO: 鏀跺埌鏂扮殑LSA锛屾簮=5, 搴忓垪鍙?5
2026-04-17 15:31:55,155 [Router2] INFO: 鏀跺埌鏂扮殑LSA锛屾簮=8, 搴忓垪鍙?6
2026-04-17 15:31:55,155 [Router4] INFO: 鏀跺埌鏂扮殑LSA锛屾簮=10, 搴忓垪鍙?5
2026-04-17 15:31:55,155 [Router9] INFO: 鏀跺埌鏂扮殑LSA锛屾簮=5, 搴忓垪鍙?5
2026-04-17 15:31:55,163 [Router6] INFO: 鏀跺埌鏂扮殑LSA锛屾簮=4, 搴忓垪鍙?6
2026-04-17 15:31:55,163 [Router10] INFO: 鏀跺埌鏂扮殑LSA锛屾簮=7, 搴忓垪鍙?6
2026-04-17 15:31:55,164 [Router3] INFO: 鏀跺埌鏂扮殑LSA锛屾簮=2, 搴忓垪鍙?7
2026-04-17 15:31:55,164 [Router5] INFO: 鏀跺埌鏂扮殑LSA锛屾簮=9, 搴忓垪鍙?6
2026-04-17 15:31:55,164 [Router8] INFO: 鏀跺埌鏂扮殑LSA锛屾簮=4, 搴忓垪鍙?6
2026-04-17 15:31:55,165 [Router1] INFO: 鏀跺埌鏂扮殑LSA锛屾簮=6, 搴忓垪鍙?5
2026-04-17 15:31:55,165 [Router7] INFO: 鏀跺埌鏂扮殑LSA锛屾簮=2, 搴忓垪鍙?7
2026-04-17 15:31:55,165 [Router2] INFO: 鏀跺埌鏂扮殑LSA锛屾簮=3, 搴忓垪鍙?6
2026-04-17 15:31:55,166 [Router4] INFO: 鏀跺埌鏂扮殑LSA锛屾簮=6, 搴忓垪鍙?5
2026-04-17 15:31:55,166 [Router9] INFO: 鏀跺埌鏂扮殑LSA锛屾簮=3, 搴忓垪鍙?6
2026-04-17 15:31:55,166 [Router6] INFO: 鏀跺埌鏂扮殑LSA锛屾簮=8, 搴忓垪鍙?6
2026-04-17 15:31:55,167 [Router10] INFO: 鏀跺埌鏂扮殑LSA锛屾簮=6, 搴忓垪鍙?5
2026-04-17 15:31:55,167 [Router3] INFO: 鏀跺埌鏂扮殑LSA锛屾簮=10, 搴忓垪鍙?5
2026-04-17 15:31:55,167 [Router5] INFO: 鏀跺埌鏂扮殑LSA锛屾簮=10, 搴忓垪鍙?5
2026-04-17 15:31:55,168 [Router8] INFO: 鏀跺埌鏂扮殑LSA锛屾簮=7, 搴忓垪鍙?6
2026-04-17 15:31:55,168 [Router1] INFO: 鏀跺埌鏂扮殑LSA锛屾簮=4, 搴忓垪鍙?6
2026-04-17 15:31:55,169 [Router7] INFO: 鏀跺埌鏂扮殑LSA锛屾簮=9, 搴忓垪鍙?6
2026-04-17 15:31:55,169 [Router2] INFO: 鏀跺埌鏂扮殑LSA锛屾簮=10, 搴忓垪鍙?5
2026-04-17 15:31:55,170 [Router4] INFO: 鏀跺埌鏂扮殑LSA锛屾簮=7, 搴忓垪鍙?6
2026-04-17 15:31:55,170 [Router9] INFO: 鏀跺埌鏂扮殑LSA锛屾簮=4, 搴忓垪鍙?6
2026-04-17 15:31:55,170 [Router6] INFO: 鏀跺埌鏂扮殑LSA锛屾簮=5, 搴忓垪鍙?5
2026-04-17 15:31:55,171 [Router10] INFO: 鏀跺埌鏂扮殑LSA锛屾簮=8, 搴忓垪鍙?6
2026-04-17 15:31:55,172 [Router3] INFO: 鏀跺埌鏂扮殑LSA锛屾簮=8, 搴忓垪鍙?6
2026-04-17 15:31:55,172 [Router5] INFO: 鏀跺埌鏂扮殑LSA锛屾簮=3, 搴忓垪鍙?6
2026-04-17 15:31:55,173 [Router8] INFO: 鏀跺埌鏂扮殑LSA锛屾簮=6, 搴忓垪鍙?5
2026-04-17 15:31:55,173 [Router1] INFO: 鏀跺埌鏂扮殑LSA锛屾簮=5, 搴忓垪鍙?5
2026-04-17 15:31:55,173 [Router7] INFO: 鏀跺埌鏂扮殑LSA锛屾簮=3, 搴忓垪鍙?6
2026-04-17 15:31:55,174 [Router2] INFO: 鏀跺埌鏂扮殑LSA锛屾簮=9, 搴忓垪鍙?6
2026-04-17 15:31:55,174 [Router4] INFO: 鏀跺埌鏂扮殑LSA锛屾簮=8, 搴忓垪鍙?6
2026-04-17 15:31:55,174 [Router9] INFO: 鏀跺埌鏂扮殑LSA锛屾簮=7, 搴忓垪鍙?6
2026-04-17 15:31:55,175 [Router6] INFO: 鏀跺埌鏂扮殑LSA锛屾簮=2, 搴忓垪鍙?7
2026-04-17 15:31:55,175 [Router10] INFO: 鏀跺埌鏂扮殑LSA锛屾簮=5, 搴忓垪鍙?5
2026-04-17 15:31:55,176 [Router3] INFO: 鏀跺埌鏂扮殑LSA锛屾簮=7, 搴忓垪鍙?6
2026-04-17 15:31:55,176 [Router5] INFO: 鏀跺埌鏂扮殑LSA锛屾簮=7, 搴忓垪鍙?6
2026-04-17 15:31:55,176 [Router8] INFO: 鏀跺埌鏂扮殑LSA锛屾簮=2, 搴忓垪鍙?7
2026-04-17 15:31:55,177 [Router1] INFO: 鏀跺埌鏂扮殑LSA锛屾簮=9, 搴忓垪鍙?6
2026-04-17 15:31:55,177 [Router7] INFO: 鏀跺埌鏂扮殑LSA锛屾簮=6, 搴忓垪鍙?5
2026-04-17 15:31:55,177 [Router2] INFO: 鏀跺埌鏂扮殑LSA锛屾簮=6, 搴忓垪鍙?5
2026-04-17 15:31:55,178 [Router4] INFO: 鏀跺埌鏂扮殑LSA锛屾簮=5, 搴忓垪鍙?5
2026-04-17 15:31:55,179 [Router9] INFO: 鏀跺埌鏂扮殑LSA锛屾簮=2, 搴忓垪鍙?7
2026-04-17 15:31:55,179 [Router6] INFO: 鏀跺埌鏂扮殑LSA锛屾簮=7, 搴忓垪鍙?6
2026-04-17 15:31:55,180 [Router10] INFO: 鏀跺埌鏂扮殑LSA锛屾簮=2, 搴忓垪鍙?7
2026-04-17 15:31:55,180 [Router3] INFO: 鏀跺埌鏂扮殑LSA锛屾簮=5, 搴忓垪鍙?5
2026-04-17 15:31:55,180 [Router5] INFO: 鏀跺埌鏂扮殑LSA锛屾簮=6, 搴忓垪鍙?5
2026-04-17 15:31:55,180 [Router8] INFO: 鏀跺埌鏂扮殑LSA锛屾簮=3, 搴忓垪鍙?6
2026-04-17 15:31:55,180 [Router1] INFO: 鏀跺埌鏂扮殑LSA锛屾簮=8, 搴忓垪鍙?6
2026-04-17 15:31:55,181 [Router2] INFO: 鏀跺埌鏂扮殑LSA锛屾簮=7, 搴忓垪鍙?6
2026-04-17 15:31:55,182 [Router4] INFO: 鏀跺埌鏂扮殑LSA锛屾簮=9, 搴忓垪鍙?6
2026-04-17 15:31:55,183 [Router10] INFO: 鏀跺埌鏂扮殑LSA锛屾簮=3, 搴忓垪鍙?6
2026-04-17 15:31:55,185 [Router1] INFO: 鏀跺埌鏂扮殑LSA锛屾簮=10, 搴忓垪鍙?5
2026-04-17 15:31:55,188 [Router1] INFO: 鏀跺埌鏂扮殑LSA锛屾簮=7, 搴忓垪鍙?6
2026-04-17 15:31:55,345 [Router5] INFO: Dijkstra璁＄畻瀹屾垚锛岃绠楁椂闂?0.032ms
2026-04-17 15:31:55,345 [Router3] INFO: Dijkstra璁＄畻瀹屾垚锛岃绠楁椂闂?0.027ms
2026-04-17 15:31:55,345 [Router2] INFO: Dijkstra璁＄畻瀹屾垚锛岃绠楁椂闂?0.023ms
2026-04-17 15:31:55,346 [Router9] INFO: Dijkstra璁＄畻瀹屾垚锛岃绠楁椂闂?0.034ms
2026-04-17 15:31:55,346 [Router10] INFO: Dijkstra璁＄畻瀹屾垚锛岃绠楁椂闂?0.025ms
2026-04-17 15:31:55,346 [Router6] INFO: Dijkstra璁＄畻瀹屾垚锛岃绠楁椂闂?0.024ms
2026-04-17 15:31:55,346 [Router4] INFO: Dijkstra璁＄畻瀹屾垚锛岃绠楁椂闂?0.028ms
2026-04-17 15:31:55,363 [Router7] INFO: Dijkstra璁＄畻瀹屾垚锛岃绠楁椂闂?0.034ms
2026-04-17 15:31:55,363 [Router8] INFO: Dijkstra璁＄畻瀹屾垚锛岃绠楁椂闂?0.026ms
2026-04-17 15:31:55,396 [Router1] INFO: Dijkstra璁＄畻瀹屾垚锛岃绠楁椂闂?0.053ms
2026-04-17 15:31:57,190 [Simulator] INFO: 鍋滄浠跨湡绯荤粺...
2026-04-17 15:31:57,190 [Router1] INFO: 鍋滄璺敱鍣?Router1
2026-04-17 15:31:59,726 [Simulator] INFO: 璺敱鍣?1 宸插仠姝?
2026-04-17 15:31:59,726 [Router2] INFO: 鍋滄璺敱鍣?Router2
2026-04-17 15:32:00,159 [Router8] INFO: 鏀跺埌鏂扮殑LSA锛屾簮=9, 搴忓垪鍙?7
2026-04-17 15:32:00,159 [Router10] INFO: 鏀跺埌鏂扮殑LSA锛屾簮=9, 搴忓垪鍙?7
2026-04-17 15:32:00,159 [Router8] INFO: Dijkstra璁＄畻瀹屾垚锛岃绠楁椂闂?0.029ms
2026-04-17 15:32:00,160 [Router4] ERROR: 鎺ユ敹娑堟伅寮傚父: [WinError 10054] 杩滅▼涓绘満寮鸿揩鍏抽棴浜嗕竴涓幇鏈夌殑杩炴帴銆?
2026-04-17 15:32:00,160 [Simulator] INFO: 璺敱鍣?2 宸插仠姝?
2026-04-17 15:32:00,160 [Router6] INFO: 鏀跺埌鏂扮殑LSA锛屾簮=9, 搴忓垪鍙?7
2026-04-17 15:32:00,161 [Router5] ERROR: 鎺ユ敹娑堟伅寮傚父: [WinError 10054] 杩滅▼涓绘満寮鸿揩鍏抽棴浜嗕竴涓幇鏈夌殑杩炴帴銆?
2026-04-17 15:32:00,161 [Router3] ERROR: 鎺ユ敹娑堟伅寮傚父: [WinError 10054] 杩滅▼涓绘満寮鸿揩鍏抽棴浜嗕竴涓幇鏈夌殑杩炴帴銆?
2026-04-17 15:32:00,161 [Router10] INFO: Dijkstra璁＄畻瀹屾垚锛岃绠楁椂闂?0.024ms
2026-04-17 15:32:00,161 [Router9] INFO: 鏀跺埌鏂扮殑LSA锛屾簮=6, 搴忓垪鍙?6
2026-04-17 15:32:00,162 [Router7] INFO: 鏀跺埌鏂扮殑LSA锛屾簮=10, 搴忓垪鍙?6
2026-04-17 15:32:00,162 [Router8] INFO: 鏀跺埌鏂扮殑LSA锛屾簮=5, 搴忓垪鍙?6
2026-04-17 15:32:00,162 [Router3] INFO: 鍋滄璺敱鍣?Router3
2026-04-17 15:32:00,162 [Router4] INFO: 鏀跺埌鏂扮殑LSA锛屾簮=3, 搴忓垪鍙?7
2026-04-17 15:32:00,162 [Router6] INFO: Dijkstra璁＄畻瀹屾垚锛岃绠楁椂闂?0.024ms
2026-04-17 15:32:00,163 [Router5] INFO: 鏀跺埌鏂扮殑LSA锛屾簮=8, 搴忓垪鍙?7
2026-04-17 15:32:00,163 [Router9] INFO: Dijkstra璁＄畻瀹屾垚锛岃绠楁椂闂?0.026ms
2026-04-17 15:32:00,164 [Router7] INFO: Dijkstra璁＄畻瀹屾垚锛岃绠楁椂闂?0.026ms
2026-04-17 15:32:00,164 [Router10] INFO: 鏀跺埌鏂扮殑LSA锛屾簮=6, 搴忓垪鍙?6
2026-04-17 15:32:00,164 [Router4] INFO: Dijkstra璁＄畻瀹屾垚锛岃绠楁椂闂?0.024ms
2026-04-17 15:32:00,165 [Router8] INFO: 鏀跺埌鏂扮殑LSA锛屾簮=6, 搴忓垪鍙?6
2026-04-17 15:32:00,165 [Router6] INFO: 鏀跺埌鏂扮殑LSA锛屾簮=3, 搴忓垪鍙?7
2026-04-17 15:32:00,165 [Router5] INFO: Dijkstra璁＄畻瀹屾垚锛岃绠楁椂闂?0.023ms
2026-04-17 15:32:00,165 [Router9] INFO: 鏀跺埌鏂扮殑LSA锛屾簮=10, 搴忓垪鍙?6
2026-04-17 15:32:00,165 [Router7] INFO: 鏀跺埌鏂扮殑LSA锛屾簮=4, 搴忓垪鍙?7
2026-04-17 15:32:00,166 [Router4] INFO: 鏀跺埌鏂扮殑LSA锛屾簮=10, 搴忓垪鍙?6
2026-04-17 15:32:00,166 [Router5] ERROR: 鎺ユ敹娑堟伅寮傚父: [WinError 10054] 杩滅▼涓绘満寮鸿揩鍏抽棴浜嗕竴涓幇鏈夌殑杩炴帴銆?
2026-04-17 15:32:00,166 [Router8] INFO: 鏀跺埌鏂扮殑LSA锛屾簮=10, 搴忓垪鍙?6
2026-04-17 15:32:00,166 [Router4] ERROR: 鎺ユ敹娑堟伅寮傚父: [WinError 10054] 杩滅▼涓绘満寮鸿揩鍏抽棴浜嗕竴涓幇鏈夌殑杩炴帴銆?
2026-04-17 15:32:00,167 [Router5] INFO: 鏀跺埌鏂扮殑LSA锛屾簮=9, 搴忓垪鍙?7
2026-04-17 15:32:00,167 [Router9] INFO: 鏀跺埌鏂扮殑LSA锛屾簮=8, 搴忓垪鍙?7
2026-04-17 15:32:00,167 [Router7] INFO: 鏀跺埌鏂扮殑LSA锛屾簮=8, 搴忓垪鍙?7
2026-04-17 15:32:00,168 [Router6] INFO: 鏀跺埌鏂扮殑LSA锛屾簮=10, 搴忓垪鍙?6
2026-04-17 15:32:00,168 [Router8] INFO: 鏀跺埌鏂扮殑LSA锛屾簮=4, 搴忓垪鍙?7
2026-04-17 15:32:00,168 [Router10] INFO: 鏀跺埌鏂扮殑LSA锛屾簮=4, 搴忓垪鍙?7
2026-04-17 15:32:00,169 [Router5] INFO: 鏀跺埌鏂扮殑LSA锛屾簮=6, 搴忓垪鍙?6
2026-04-17 15:32:00,169 [Router4] ERROR: 鎺ユ敹娑堟伅寮傚父: [WinError 10054] 杩滅▼涓绘満寮鸿揩鍏抽棴浜嗕竴涓幇鏈夌殑杩炴帴銆?
2026-04-17 15:32:00,169 [Router5] ERROR: 鎺ユ敹娑堟伅寮傚父: [WinError 10054] 杩滅▼涓绘満寮鸿揩鍏抽棴浜嗕竴涓幇鏈夌殑杩炴帴銆?
2026-04-17 15:32:00,169 [Router7] INFO: 鏀跺埌鏂扮殑LSA锛屾簮=9, 搴忓垪鍙?7
2026-04-17 15:32:00,169 [Router9] INFO: 鏀跺埌鏂扮殑LSA锛屾簮=5, 搴忓垪鍙?6
2026-04-17 15:32:00,170 [Router6] INFO: 鏀跺埌鏂扮殑LSA锛屾簮=8, 搴忓垪鍙?7
2026-04-17 15:32:00,171 [Router5] INFO: 鏀跺埌鏂扮殑LSA锛屾簮=10, 搴忓垪鍙?6
2026-04-17 15:32:00,171 [Router10] INFO: 鏀跺埌鏂扮殑LSA锛屾簮=8, 搴忓垪鍙?7
2026-04-17 15:32:00,172 [Router4] INFO: 鏀跺埌鏂扮殑LSA锛屾簮=8, 搴忓垪鍙?7
2026-04-17 15:32:00,172 [Router9] INFO: 鏀跺埌鏂扮殑LSA锛屾簮=3, 搴忓垪鍙?7
2026-04-17 15:32:00,172 [Router5] ERROR: 鎺ユ敹娑堟伅寮傚父: [WinError 10054] 杩滅▼涓绘満寮鸿揩鍏抽棴浜嗕竴涓幇鏈夌殑杩炴帴銆?
2026-04-17 15:32:00,173 [Router7] INFO: 鏀跺埌鏂扮殑LSA锛屾簮=5, 搴忓垪鍙?6
2026-04-17 15:32:00,173 [Router5] INFO: 鏀跺埌鏂扮殑LSA锛屾簮=4, 搴忓垪鍙?7
2026-04-17 15:32:00,173 [Router6] INFO: 鏀跺埌鏂扮殑LSA锛屾簮=5, 搴忓垪鍙?6
2026-04-17 15:32:00,174 [Router8] INFO: 鏀跺埌鏂扮殑LSA锛屾簮=7, 搴忓垪鍙?7
2026-04-17 15:32:00,174 [Router4] INFO: 鏀跺埌鏂扮殑LSA锛屾簮=9, 搴忓垪鍙?7
2026-04-17 15:32:00,175 [Router10] INFO: 鏀跺埌鏂扮殑LSA锛屾簮=7, 搴忓垪鍙?7
2026-04-17 15:32:00,175 [Router9] INFO: 鏀跺埌鏂扮殑LSA锛屾簮=4, 搴忓垪鍙?7
2026-04-17 15:32:00,175 [Router4] ERROR: 鎺ユ敹娑堟伅寮傚父: [WinError 10054] 杩滅▼涓绘満寮鸿揩鍏抽棴浜嗕竴涓幇鏈夌殑杩炴帴銆?
2026-04-17 15:32:00,176 [Router5] ERROR: 鎺ユ敹娑堟伅寮傚父: [WinError 10054] 杩滅▼涓绘満寮鸿揩鍏抽棴浜嗕竴涓幇鏈夌殑杩炴帴銆?
2026-04-17 15:32:00,176 [Router7] INFO: 鏀跺埌鏂扮殑LSA锛屾簮=6, 搴忓垪鍙?6
2026-04-17 15:32:00,177 [Router8] INFO: 鏀跺埌鏂扮殑LSA锛屾簮=3, 搴忓垪鍙?7
2026-04-17 15:32:00,178 [Router4] INFO: 鏀跺埌鏂扮殑LSA锛屾簮=7, 搴忓垪鍙?7
2026-04-17 15:32:00,178 [Router10] INFO: 鏀跺埌鏂扮殑LSA锛屾簮=5, 搴忓垪鍙?6
2026-04-17 15:32:00,178 [Router9] INFO: 鏀跺埌鏂扮殑LSA锛屾簮=7, 搴忓垪鍙?7
2026-04-17 15:32:00,178 [Router6] INFO: 鏀跺埌鏂扮殑LSA锛屾簮=4, 搴忓垪鍙?7
2026-04-17 15:32:00,178 [Router4] ERROR: 鎺ユ敹娑堟伅寮傚父: [WinError 10054] 杩滅▼涓绘満寮鸿揩鍏抽棴浜嗕竴涓幇鏈夌殑杩炴帴銆?
2026-04-17 15:32:00,178 [Router5] ERROR: 鎺ユ敹娑堟伅寮傚父: [WinError 10054] 杩滅▼涓绘満寮鸿揩鍏抽棴浜嗕竴涓幇鏈夌殑杩炴帴銆?
2026-04-17 15:32:00,178 [Router7] INFO: 鏀跺埌鏂扮殑LSA锛屾簮=3, 搴忓垪鍙?7
2026-04-17 15:32:00,178 [Router4] INFO: 鏀跺埌鏂扮殑LSA锛屾簮=5, 搴忓垪鍙?6
2026-04-17 15:32:00,178 [Router10] INFO: 鏀跺埌鏂扮殑LSA锛屾簮=3, 搴忓垪鍙?7
2026-04-17 15:32:00,178 [Router6] INFO: 鏀跺埌鏂扮殑LSA锛屾簮=7, 搴忓垪鍙?7
2026-04-17 15:32:00,178 [Router4] INFO: 鏀跺埌鏂扮殑LSA锛屾簮=6, 搴忓垪鍙?6
2026-04-17 15:32:00,178 [Router5] INFO: 鏀跺埌鏂扮殑LSA锛屾簮=7, 搴忓垪鍙?7
2026-04-17 15:32:00,178 [Router4] ERROR: 鎺ユ敹娑堟伅寮傚父: [WinError 10054] 杩滅▼涓绘満寮鸿揩鍏抽棴浜嗕竴涓幇鏈夌殑杩炴帴銆?
2026-04-17 15:32:00,178 [Router5] INFO: 鏀跺埌鏂扮殑LSA锛屾簮=3, 搴忓垪鍙?7
2026-04-17 15:32:00,178 [Router5] ERROR: 鎺ユ敹娑堟伅寮傚父: [WinError 10054] 杩滅▼涓绘満寮鸿揩鍏抽棴浜嗕竴涓幇鏈夌殑杩炴帴銆?
2026-04-17 15:32:00,186 [Router4] ERROR: 鎺ユ敹娑堟伅寮傚父: [WinError 10054] 杩滅▼涓绘満寮鸿揩鍏抽棴浜嗕竴涓幇鏈夌殑杩炴帴銆?
2026-04-17 15:32:00,186 [Router5] ERROR: 鎺ユ敹娑堟伅寮傚父: [WinError 10054] 杩滅▼涓绘満寮鸿揩鍏抽棴浜嗕竴涓幇鏈夌殑杩炴帴銆?
2026-04-17 15:32:00,186 [Router4] ERROR: 鎺ユ敹娑堟伅寮傚父: [WinError 10054] 杩滅▼涓绘満寮鸿揩鍏抽棴浜嗕竴涓幇鏈夌殑杩炴帴銆?
2026-04-17 15:32:00,392 [Router5] INFO: Dijkstra璁＄畻瀹屾垚锛岃绠楁椂闂?0.035ms
2026-04-17 15:32:00,392 [Router10] INFO: Dijkstra璁＄畻瀹屾垚锛岃绠楁椂闂?0.023ms
2026-04-17 15:32:00,392 [Router7] INFO: Dijkstra璁＄畻瀹屾垚锛岃绠楁椂闂?0.028ms
2026-04-17 15:32:00,393 [Router9] INFO: Dijkstra璁＄畻瀹屾垚锛岃绠楁椂闂?0.028ms
2026-04-17 15:32:00,393 [Router8] INFO: Dijkstra璁＄畻瀹屾垚锛岃绠楁椂闂?0.023ms
2026-04-17 15:32:00,393 [Router4] INFO: Dijkstra璁＄畻瀹屾垚锛岃绠楁椂闂?0.031ms
2026-04-17 15:32:00,393 [Router6] INFO: Dijkstra璁＄畻瀹屾垚锛岃绠楁椂闂?0.025ms
2026-04-17 15:32:00,952 [Router5] ERROR: 鎺ユ敹娑堟伅寮傚父: [WinError 10054] 杩滅▼涓绘満寮鸿揩鍏抽棴浜嗕竴涓幇鏈夌殑杩炴帴銆?
2026-04-17 15:32:00,953 [Router4] ERROR: 鎺ユ敹娑堟伅寮傚父: [WinError 10054] 杩滅▼涓绘満寮鸿揩鍏抽棴浜嗕竴涓幇鏈夌殑杩炴帴銆?
2026-04-17 15:32:01,768 [Router5] ERROR: 鎺ユ敹娑堟伅寮傚父: [WinError 10054] 杩滅▼涓绘満寮鸿揩鍏抽棴浜嗕竴涓幇鏈夌殑杩炴帴銆?
2026-04-17 15:32:01,769 [Router4] ERROR: 鎺ユ敹娑堟伅寮傚父: [WinError 10054] 杩滅▼涓绘満寮鸿揩鍏抽棴浜嗕竴涓幇鏈夌殑杩炴帴銆?
2026-04-17 15:32:02,568 [Router4] ERROR: 鎺ユ敹娑堟伅寮傚父: [WinError 10054] 杩滅▼涓绘満寮鸿揩鍏抽棴浜嗕竴涓幇鏈夌殑杩炴帴銆?
2026-04-17 15:32:02,569 [Router5] ERROR: 鎺ユ敹娑堟伅寮傚父: [WinError 10054] 杩滅▼涓绘満寮鸿揩鍏抽棴浜嗕竴涓幇鏈夌殑杩炴帴銆?
2026-04-17 15:32:03,152 [Simulator] INFO: 璺敱鍣?3 宸插仠姝?
2026-04-17 15:32:03,152 [Router4] INFO: 鍋滄璺敱鍣?Router4
2026-04-17 15:32:03,380 [Router6] ERROR: 鎺ユ敹娑堟伅寮傚父: [WinError 10054] 杩滅▼涓绘満寮鸿揩鍏抽棴浜嗕竴涓幇鏈夌殑杩炴帴銆?
2026-04-17 15:32:03,380 [Router5] ERROR: 鎺ユ敹娑堟伅寮傚父: [WinError 10054] 杩滅▼涓绘満寮鸿揩鍏抽棴浜嗕竴涓幇鏈夌殑杩炴帴銆?
2026-04-17 15:32:04,184 [Router6] WARNING: 閭绘帴璺敱鍣?3 宸叉晠闅?
2026-04-17 15:32:04,184 [Router6] INFO: 閭绘帴璺敱鍣?3 Down浜嬩欢
2026-04-17 15:32:04,184 [Router6] INFO: Dijkstra璁＄畻瀹屾垚锛岃绠楁椂闂?0.026ms
2026-04-17 15:32:04,184 [Router5] WARNING: 閭绘帴璺敱鍣?2 宸叉晠闅?
2026-04-17 15:32:04,184 [Router5] INFO: 閭绘帴璺敱鍣?2 Down浜嬩欢
2026-04-17 15:32:04,185 [Router5] INFO: Dijkstra璁＄畻瀹屾垚锛岃绠楁椂闂?0.023ms
2026-04-17 15:32:04,185 [Router6] ERROR: 鎺ユ敹娑堟伅寮傚父: [WinError 10054] 杩滅▼涓绘満寮鸿揩鍏抽棴浜嗕竴涓幇鏈夌殑杩炴帴銆?
2026-04-17 15:32:04,185 [Router5] ERROR: 鎺ユ敹娑堟伅寮傚父: [WinError 10054] 杩滅▼涓绘満寮鸿揩鍏抽棴浜嗕竴涓幇鏈夌殑杩炴帴銆?
2026-04-17 15:32:04,186 [Router9] INFO: 鏀跺埌鏂扮殑LSA锛屾簮=6, 搴忓垪鍙?7
2026-04-17 15:32:04,186 [Router8] INFO: 鏀跺埌鏂扮殑LSA锛屾簮=5, 搴忓垪鍙?7
2026-04-17 15:32:04,186 [Router9] INFO: Dijkstra璁＄畻瀹屾垚锛岃绠楁椂闂?0.023ms
2026-04-17 15:32:04,187 [Router8] INFO: Dijkstra璁＄畻瀹屾垚锛岃绠楁椂闂?0.022ms
2026-04-17 15:32:04,187 [Router10] INFO: 鏀跺埌鏂扮殑LSA锛屾簮=6, 搴忓垪鍙?7
2026-04-17 15:32:04,187 [Router7] INFO: 鏀跺埌鏂扮殑LSA锛屾簮=5, 搴忓垪鍙?7
2026-04-17 15:32:04,187 [Router9] INFO: 鏀跺埌鏂扮殑LSA锛屾簮=5, 搴忓垪鍙?7
2026-04-17 15:32:04,187 [Router8] INFO: 鏀跺埌鏂扮殑LSA锛屾簮=6, 搴忓垪鍙?7
2026-04-17 15:32:04,188 [Router10] INFO: Dijkstra璁＄畻瀹屾垚锛岃绠楁椂闂?0.021ms
2026-04-17 15:32:04,188 [Router7] INFO: Dijkstra璁＄畻瀹屾垚锛岃绠楁椂闂?0.026ms
2026-04-17 15:32:04,189 [Router6] INFO: 鏀跺埌鏂扮殑LSA锛屾簮=5, 搴忓垪鍙?7
2026-04-17 15:32:04,189 [Router5] INFO: 鏀跺埌鏂扮殑LSA锛屾簮=6, 搴忓垪鍙?7
2026-04-17 15:32:04,189 [Router7] INFO: 鏀跺埌鏂扮殑LSA锛屾簮=6, 搴忓垪鍙?7
2026-04-17 15:32:04,190 [Router10] INFO: 鏀跺埌鏂扮殑LSA锛屾簮=5, 搴忓垪鍙?7
2026-04-17 15:32:04,400 [Router6] INFO: Dijkstra璁＄畻瀹屾垚锛岃绠楁椂闂?0.033ms
2026-04-17 15:32:04,400 [Router9] INFO: Dijkstra璁＄畻瀹屾垚锛岃绠楁椂闂?0.026ms
2026-04-17 15:32:04,426 [Router8] INFO: Dijkstra璁＄畻瀹屾垚锛岃绠楁椂闂?0.065ms
2026-04-17 15:32:04,427 [Router7] INFO: Dijkstra璁＄畻瀹屾垚锛岃绠楁椂闂?0.058ms
2026-04-17 15:32:04,427 [Router10] INFO: Dijkstra璁＄畻瀹屾垚锛岃绠楁椂闂?0.050ms
2026-04-17 15:32:04,428 [Router5] INFO: Dijkstra璁＄畻瀹屾垚锛岃绠楁椂闂?0.053ms
2026-04-17 15:32:04,992 [Router6] ERROR: 鎺ユ敹娑堟伅寮傚父: [WinError 10054] 杩滅▼涓绘満寮鸿揩鍏抽棴浜嗕竴涓幇鏈夌殑杩炴帴銆?
2026-04-17 15:32:04,992 [Router5] ERROR: 鎺ユ敹娑堟伅寮傚父: [WinError 10054] 杩滅▼涓绘満寮鸿揩鍏抽棴浜嗕竴涓幇鏈夌殑杩炴帴銆?
2026-04-17 15:32:05,159 [Simulator] INFO: 璺敱鍣?4 宸插仠姝?
2026-04-17 15:32:05,159 [Router5] INFO: 鍋滄璺敱鍣?Router5
2026-04-17 15:32:05,160 [Router8] INFO: 鏀跺埌鏂扮殑LSA锛屾簮=5, 搴忓垪鍙?8
2026-04-17 15:32:05,160 [Router8] INFO: Dijkstra璁＄畻瀹屾垚锛岃绠楁椂闂?0.056ms
2026-04-17 15:32:05,160 [Router7] INFO: 鏀跺埌鏂扮殑LSA锛屾簮=10, 搴忓垪鍙?7
2026-04-17 15:32:05,161 [Router7] INFO: Dijkstra璁＄畻瀹屾垚锛岃绠楁椂闂?0.026ms
2026-04-17 15:32:05,161 [Router7] INFO: 鏀跺埌鏂扮殑LSA锛屾簮=5, 搴忓垪鍙?8
2026-04-17 15:32:05,162 [Router7] ERROR: 鎺ユ敹娑堟伅寮傚父: [WinError 10054] 杩滅▼涓绘満寮鸿揩鍏抽棴浜嗕竴涓幇鏈夌殑杩炴帴銆?
2026-04-17 15:32:05,162 [Router8] INFO: 鏀跺埌鏂扮殑LSA锛屾簮=10, 搴忓垪鍙?7
2026-04-17 15:32:05,162 [Router9] INFO: 鏀跺埌鏂扮殑LSA锛屾簮=10, 搴忓垪鍙?7
2026-04-17 15:32:05,162 [Router10] INFO: 鏀跺埌鏂扮殑LSA锛屾簮=9, 搴忓垪鍙?8
2026-04-17 15:32:05,163 [Router6] INFO: 鏀跺埌鏂扮殑LSA锛屾簮=9, 搴忓垪鍙?8
2026-04-17 15:32:05,163 [Router8] INFO: 鏀跺埌鏂扮殑LSA锛屾簮=9, 搴忓垪鍙?8
2026-04-17 15:32:05,163 [Router9] INFO: Dijkstra璁＄畻瀹屾垚锛岃绠楁椂闂?0.022ms
2026-04-17 15:32:05,163 [Router7] ERROR: 鎺ユ敹娑堟伅寮傚父: [WinError 10054] 杩滅▼涓绘満寮鸿揩鍏抽棴浜嗕竴涓幇鏈夌殑杩炴帴銆?
2026-04-17 15:32:05,164 [Router10] INFO: Dijkstra璁＄畻瀹屾垚锛岃绠楁椂闂?0.020ms
2026-04-17 15:32:05,164 [Router6] INFO: Dijkstra璁＄畻瀹屾垚锛岃绠楁椂闂?0.022ms
2026-04-17 15:32:05,164 [Router5] INFO: 鏀跺埌鏂扮殑LSA锛屾簮=10, 搴忓垪鍙?7
2026-04-17 15:32:05,165 [Router9] INFO: 鏀跺埌鏂扮殑LSA锛屾簮=5, 搴忓垪鍙?8
2026-04-17 15:32:05,165 [Router10] INFO: 鏀跺埌鏂扮殑LSA锛屾簮=5, 搴忓垪鍙?8
2026-04-17 15:32:05,165 [Router6] INFO: 鏀跺埌鏂扮殑LSA锛屾簮=10, 搴忓垪鍙?7
2026-04-17 15:32:05,166 [Router5] INFO: Dijkstra璁＄畻瀹屾垚锛岃绠楁椂闂?0.029ms
2026-04-17 15:32:05,166 [Router7] INFO: 鏀跺埌鏂扮殑LSA锛屾簮=9, 搴忓垪鍙?8
2026-04-17 15:32:05,166 [Router6] INFO: 鏀跺埌鏂扮殑LSA锛屾簮=5, 搴忓垪鍙?8
2026-04-17 15:32:05,168 [Router7] ERROR: 鎺ユ敹娑堟伅寮傚父: [WinError 10054] 杩滅▼涓绘満寮鸿揩鍏抽棴浜嗕竴涓幇鏈夌殑杩炴帴銆?
2026-04-17 15:32:05,174 [Router9] INFO: 鏀跺埌鏂扮殑LSA锛屾簮=6, 搴忓垪鍙?8
2026-04-17 15:32:05,175 [Router8] INFO: 鏀跺埌鏂扮殑LSA锛屾簮=7, 搴忓垪鍙?8
2026-04-17 15:32:05,175 [Router8] INFO: 鏀跺埌鏂扮殑LSA锛屾簮=6, 搴忓垪鍙?8
2026-04-17 15:32:05,175 [Router10] INFO: 鏀跺埌鏂扮殑LSA锛屾簮=7, 搴忓垪鍙?8
2026-04-17 15:32:05,176 [Router7] ERROR: 鎺ユ敹娑堟伅寮傚父: [WinError 10054] 杩滅▼涓绘満寮鸿揩鍏抽棴浜嗕竴涓幇鏈夌殑杩炴帴銆?
2026-04-17 15:32:05,176 [Router9] INFO: 鏀跺埌鏂扮殑LSA锛屾簮=8, 搴忓垪鍙?8
2026-04-17 15:32:05,176 [Router10] INFO: 鏀跺埌鏂扮殑LSA锛屾簮=6, 搴忓垪鍙?8
2026-04-17 15:32:05,176 [Router9] INFO: 鏀跺埌鏂扮殑LSA锛屾簮=7, 搴忓垪鍙?8
2026-04-17 15:32:05,177 [Router7] INFO: 鏀跺埌鏂扮殑LSA锛屾簮=8, 搴忓垪鍙?8
2026-04-17 15:32:05,177 [Router7] INFO: 鏀跺埌鏂扮殑LSA锛屾簮=6, 搴忓垪鍙?8
2026-04-17 15:32:05,178 [Router10] INFO: 鏀跺埌鏂扮殑LSA锛屾簮=8, 搴忓垪鍙?8
2026-04-17 15:32:05,178 [Router6] INFO: 鏀跺埌鏂扮殑LSA锛屾簮=8, 搴忓垪鍙?8
2026-04-17 15:32:05,179 [Router6] INFO: 鏀跺埌鏂扮殑LSA锛屾簮=7, 搴忓垪鍙?8
2026-04-17 15:32:05,179 [Router7] ERROR: 鎺ユ敹娑堟伅寮傚父: [WinError 10054] 杩滅▼涓绘満寮鸿揩鍏抽棴浜嗕竴涓幇鏈夌殑杩炴帴銆?
2026-04-17 15:32:05,180 [Router7] ERROR: 鎺ユ敹娑堟伅寮傚父: [WinError 10054] 杩滅▼涓绘満寮鸿揩鍏抽棴浜嗕竴涓幇鏈夌殑杩炴帴銆?
2026-04-17 15:32:05,382 [Router9] INFO: Dijkstra璁＄畻瀹屾垚锛岃绠楁椂闂?0.063ms
2026-04-17 15:32:05,383 [Router6] INFO: Dijkstra璁＄畻瀹屾垚锛岃绠楁椂闂?0.055ms
2026-04-17 15:32:05,383 [Router8] INFO: Dijkstra璁＄畻瀹屾垚锛岃绠楁椂闂?0.067ms
2026-04-17 15:32:05,415 [Router7] INFO: Dijkstra璁＄畻瀹屾垚锛岃绠楁椂闂?0.063ms
2026-04-17 15:32:05,416 [Router10] INFO: Dijkstra璁＄畻瀹屾垚锛岃绠楁椂闂?0.048ms
2026-04-17 15:32:05,800 [Router6] ERROR: 鎺ユ敹娑堟伅寮傚父: [WinError 10054] 杩滅▼涓绘満寮鸿揩鍏抽棴浜嗕竴涓幇鏈夌殑杩炴帴銆?
2026-04-17 15:32:05,857 [Router7] ERROR: 鎺ユ敹娑堟伅寮傚父: [WinError 10054] 杩滅▼涓绘満寮鸿揩鍏抽棴浜嗕竴涓幇鏈夌殑杩炴帴銆?
2026-04-17 15:32:06,609 [Router6] ERROR: 鎺ユ敹娑堟伅寮傚父: [WinError 10054] 杩滅▼涓绘満寮鸿揩鍏抽棴浜嗕竴涓幇鏈夌殑杩炴帴銆?
2026-04-17 15:32:06,665 [Router7] ERROR: 鎺ユ敹娑堟伅寮傚父: [WinError 10054] 杩滅▼涓绘満寮鸿揩鍏抽棴浜嗕竴涓幇鏈夌殑杩炴帴銆?
2026-04-17 15:32:07,175 [Simulator] INFO: 璺敱鍣?5 宸插仠姝?
2026-04-17 15:32:07,175 [Router6] INFO: 鍋滄璺敱鍣?Router6
2026-04-17 15:32:07,409 [Router8] ERROR: 鎺ユ敹娑堟伅寮傚父: [WinError 10054] 杩滅▼涓绘満寮鸿揩鍏抽棴浜嗕竴涓幇鏈夌殑杩炴帴銆?
2026-04-17 15:32:07,466 [Router7] WARNING: 閭绘帴璺敱鍣?4 宸叉晠闅?
2026-04-17 15:32:07,466 [Router7] INFO: 閭绘帴璺敱鍣?4 Down浜嬩欢
2026-04-17 15:32:07,466 [Router7] INFO: Dijkstra璁＄畻瀹屾垚锛岃绠楁椂闂?0.021ms
2026-04-17 15:32:07,466 [Router7] ERROR: 鎺ユ敹娑堟伅寮傚父: [WinError 10054] 杩滅▼涓绘満寮鸿揩鍏抽棴浜嗕竴涓幇鏈夌殑杩炴帴銆?
2026-04-17 15:32:07,467 [Router8] INFO: 鏀跺埌鏂扮殑LSA锛屾簮=7, 搴忓垪鍙?9
2026-04-17 15:32:07,467 [Router10] INFO: 鏀跺埌鏂扮殑LSA锛屾簮=7, 搴忓垪鍙?9
2026-04-17 15:32:07,468 [Router8] INFO: Dijkstra璁＄畻瀹屾垚锛岃绠楁椂闂?0.018ms
2026-04-17 15:32:07,468 [Router10] INFO: Dijkstra璁＄畻瀹屾垚锛岃绠楁椂闂?0.023ms
2026-04-17 15:32:07,468 [Router8] ERROR: 鎺ユ敹娑堟伅寮傚父: [WinError 10054] 杩滅▼涓绘満寮鸿揩鍏抽棴浜嗕竴涓幇鏈夌殑杩炴帴銆?
2026-04-17 15:32:07,469 [Router9] INFO: 鏀跺埌鏂扮殑LSA锛屾簮=7, 搴忓垪鍙?9
2026-04-17 15:32:07,469 [Router9] INFO: Dijkstra璁＄畻瀹屾垚锛岃绠楁椂闂?0.014ms
2026-04-17 15:32:08,216 [Router8] ERROR: 鎺ユ敹娑堟伅寮傚父: [WinError 10054] 杩滅▼涓绘満寮鸿揩鍏抽棴浜嗕竴涓幇鏈夌殑杩炴帴銆?
2026-04-17 15:32:08,275 [Router7] ERROR: 鎺ユ敹娑堟伅寮傚父: [WinError 10054] 杩滅▼涓绘満寮鸿揩鍏抽棴浜嗕竴涓幇鏈夌殑杩炴帴銆?
2026-04-17 15:32:09,031 [Router8] ERROR: 鎺ユ敹娑堟伅寮傚父: [WinError 10054] 杩滅▼涓绘満寮鸿揩鍏抽棴浜嗕竴涓幇鏈夌殑杩炴帴銆?
2026-04-17 15:32:09,090 [Router7] ERROR: 鎺ユ敹娑堟伅寮傚父: [WinError 10054] 杩滅▼涓绘満寮鸿揩鍏抽棴浜嗕竴涓幇鏈夌殑杩炴帴銆?
2026-04-17 15:32:09,674 [Simulator] INFO: 璺敱鍣?6 宸插仠姝?
2026-04-17 15:32:09,674 [Router7] INFO: 鍋滄璺敱鍣?Router7
2026-04-17 15:32:09,844 [Router8] WARNING: 閭绘帴璺敱鍣?5 宸叉晠闅?
2026-04-17 15:32:09,844 [Router8] INFO: 閭绘帴璺敱鍣?5 Down浜嬩欢
2026-04-17 15:32:09,844 [Router8] INFO: Dijkstra璁＄畻瀹屾垚锛岃绠楁椂闂?0.019ms
2026-04-17 15:32:09,845 [Router8] ERROR: 鎺ユ敹娑堟伅寮傚父: [WinError 10054] 杩滅▼涓绘満寮鸿揩鍏抽棴浜嗕竴涓幇鏈夌殑杩炴帴銆?
2026-04-17 15:32:09,845 [Router9] INFO: 鏀跺埌鏂扮殑LSA锛屾簮=8, 搴忓垪鍙?9
2026-04-17 15:32:09,846 [Router9] INFO: Dijkstra璁＄畻瀹屾垚锛岃绠楁椂闂?0.014ms
2026-04-17 15:32:09,846 [Router10] INFO: 鏀跺埌鏂扮殑LSA锛屾簮=8, 搴忓垪鍙?9
2026-04-17 15:32:09,846 [Router9] ERROR: 鎺ユ敹娑堟伅寮傚父: [WinError 10054] 杩滅▼涓绘満寮鸿揩鍏抽棴浜嗕竴涓幇鏈夌殑杩炴帴銆?
2026-04-17 15:32:09,846 [Router10] INFO: Dijkstra璁＄畻瀹屾垚锛岃绠楁椂闂?0.014ms
2026-04-17 15:32:09,890 [Router9] ERROR: 鎺ユ敹娑堟伅寮傚父: [WinError 10054] 杩滅▼涓绘満寮鸿揩鍏抽棴浜嗕竴涓幇鏈夌殑杩炴帴銆?
2026-04-17 15:32:10,174 [Router9] ERROR: 鎺ユ敹娑堟伅寮傚父: [WinError 10054] 杩滅▼涓绘満寮鸿揩鍏抽棴浜嗕竴涓幇鏈夌殑杩炴帴銆?
2026-04-17 15:32:10,174 [Router8] INFO: 鏀跺埌鏂扮殑LSA锛屾簮=9, 搴忓垪鍙?9
2026-04-17 15:32:10,174 [Router9] INFO: 鏀跺埌鏂扮殑LSA锛屾簮=10, 搴忓垪鍙?8
2026-04-17 15:32:10,174 [Router8] INFO: Dijkstra璁＄畻瀹屾垚锛岃绠楁椂闂?0.023ms
2026-04-17 15:32:10,174 [Router10] INFO: 鏀跺埌鏂扮殑LSA锛屾簮=9, 搴忓垪鍙?9
2026-04-17 15:32:10,174 [Router9] INFO: Dijkstra璁＄畻瀹屾垚锛岃绠楁椂闂?0.016ms
2026-04-17 15:32:10,174 [Router10] INFO: Dijkstra璁＄畻瀹屾垚锛岃绠楁椂闂?0.015ms
2026-04-17 15:32:10,174 [Router9] ERROR: 鎺ユ敹娑堟伅寮傚父: [WinError 10054] 杩滅▼涓绘満寮鸿揩鍏抽棴浜嗕竴涓幇鏈夌殑杩炴帴銆?
2026-04-17 15:32:10,174 [Router8] INFO: 鏀跺埌鏂扮殑LSA锛屾簮=10, 搴忓垪鍙?8
2026-04-17 15:32:10,190 [Simulator] INFO: 璺敱鍣?7 宸插仠姝?
2026-04-17 15:32:10,190 [Router8] INFO: 鍋滄璺敱鍣?Router8
2026-04-17 15:32:10,689 [Router10] ERROR: 鎺ユ敹娑堟伅寮傚父: [WinError 10054] 杩滅▼涓绘満寮鸿揩鍏抽棴浜嗕竴涓幇鏈夌殑杩炴帴銆?
2026-04-17 15:32:10,699 [Router9] ERROR: 鎺ユ敹娑堟伅寮傚父: [WinError 10054] 杩滅▼涓绘満寮鸿揩鍏抽棴浜嗕竴涓幇鏈夌殑杩炴帴銆?
2026-04-17 15:32:11,189 [Simulator] INFO: 璺敱鍣?8 宸插仠姝?
2026-04-17 15:32:11,189 [Router9] INFO: 鍋滄璺敱鍣?Router9
2026-04-17 15:32:11,505 [Router9] WARNING: 閭绘帴璺敱鍣?6 宸叉晠闅?
2026-04-17 15:32:11,505 [Router9] INFO: 閭绘帴璺敱鍣?6 Down浜嬩欢
2026-04-17 15:32:11,506 [Router9] INFO: Dijkstra璁＄畻瀹屾垚锛岃绠楁椂闂?0.042ms
2026-04-17 15:32:11,508 [Router10] ERROR: 鎺ユ敹娑堟伅寮傚父: [WinError 10054] 杩滅▼涓绘満寮鸿揩鍏抽棴浜嗕竴涓幇鏈夌殑杩炴帴銆?
2026-04-17 15:32:12,314 [Router10] ERROR: 鎺ユ敹娑堟伅寮傚父: [WinError 10054] 杩滅▼涓绘満寮鸿揩鍏抽棴浜嗕竴涓幇鏈夌殑杩炴帴銆?
2026-04-17 15:32:13,121 [Router10] ERROR: 鎺ユ敹娑堟伅寮傚父: [WinError 10054] 杩滅▼涓绘満寮鸿揩鍏抽棴浜嗕竴涓幇鏈夌殑杩炴帴銆?
2026-04-17 15:32:13,712 [Simulator] INFO: 璺敱鍣?9 宸插仠姝?
2026-04-17 15:32:13,712 [Router10] INFO: 鍋滄璺敱鍣?Router10
2026-04-17 15:32:13,923 [Router10] WARNING: 閭绘帴璺敱鍣?7 宸叉晠闅?
2026-04-17 15:32:13,924 [Router10] INFO: 閭绘帴璺敱鍣?7 Down浜嬩欢
2026-04-17 15:32:13,924 [Router10] INFO: Dijkstra璁＄畻瀹屾垚锛岃绠楁椂闂?0.017ms
2026-04-17 15:32:15,180 [Simulator] INFO: 璺敱鍣?10 宸插仠姝?
2026-04-17 15:32:15,180 [Simulator] INFO: 浠跨湡绯荤粺宸插仠姝?
2026-04-17 15:32:17,196 [Simulator] INFO: 鎴愬姛鍔犺浇閰嶇疆鏂囦欢: config/test_topology2.json
2026-04-17 15:32:17,197 [Simulator] INFO: 鍒涘缓璺敱鍣? Router1 (ID=1)
2026-04-17 15:32:17,197 [Simulator] INFO: 鍒涘缓璺敱鍣? Router2 (ID=2)
2026-04-17 15:32:17,197 [Simulator] INFO: 鍒涘缓璺敱鍣? Router3 (ID=3)
2026-04-17 15:32:17,197 [Simulator] INFO: 鍒涘缓璺敱鍣? Router4 (ID=4)
2026-04-17 15:32:17,197 [Simulator] INFO: 鍒涘缓璺敱鍣? Router5 (ID=5)
2026-04-17 15:32:17,197 [Simulator] INFO: 鍒涘缓璺敱鍣? Router6 (ID=6)
2026-04-17 15:32:17,197 [Simulator] INFO: 鍒涘缓璺敱鍣? Router7 (ID=7)
2026-04-17 15:32:17,197 [Simulator] INFO: 鍒涘缓璺敱鍣? Router8 (ID=8)
2026-04-17 15:32:17,197 [Simulator] INFO: 鍒涘缓璺敱鍣? Router9 (ID=9)
2026-04-17 15:32:17,197 [Simulator] INFO: 鍒涘缓璺敱鍣? Router10 (ID=10)
2026-04-17 15:32:17,197 [Router1] INFO: 娣诲姞閭绘帴璺敱鍣?2 (127.0.0.1:10002), 閾捐矾寮€閿€=7
2026-04-17 15:32:17,198 [Router2] INFO: 娣诲姞閭绘帴璺敱鍣?1 (127.0.0.1:10001), 閾捐矾寮€閿€=7
2026-04-17 15:32:17,198 [Simulator] INFO: 閰嶇疆閾捐矾: 1 <-> 2, 鎴愭湰=7
2026-04-17 15:32:17,198 [Router1] INFO: 娣诲姞閭绘帴璺敱鍣?3 (127.0.0.1:10003), 閾捐矾寮€閿€=4
2026-04-17 15:32:17,198 [Router3] INFO: 娣诲姞閭绘帴璺敱鍣?1 (127.0.0.1:10001), 閾捐矾寮€閿€=4
2026-04-17 15:32:17,198 [Simulator] INFO: 閰嶇疆閾捐矾: 1 <-> 3, 鎴愭湰=4
2026-04-17 15:32:17,198 [Router2] INFO: 娣诲姞閭绘帴璺敱鍣?4 (127.0.0.1:10004), 閾捐矾寮€閿€=3
2026-04-17 15:32:17,198 [Router4] INFO: 娣诲姞閭绘帴璺敱鍣?2 (127.0.0.1:10002), 閾捐矾寮€閿€=3
2026-04-17 15:32:17,198 [Simulator] INFO: 閰嶇疆閾捐矾: 2 <-> 4, 鎴愭湰=3
2026-04-17 15:32:17,198 [Router2] INFO: 娣诲姞閭绘帴璺敱鍣?5 (127.0.0.1:10005), 閾捐矾寮€閿€=6
2026-04-17 15:32:17,198 [Router5] INFO: 娣诲姞閭绘帴璺敱鍣?2 (127.0.0.1:10002), 閾捐矾寮€閿€=6
2026-04-17 15:32:17,198 [Simulator] INFO: 閰嶇疆閾捐矾: 2 <-> 5, 鎴愭湰=6
2026-04-17 15:32:17,198 [Router3] INFO: 娣诲姞閭绘帴璺敱鍣?4 (127.0.0.1:10004), 閾捐矾寮€閿€=8
2026-04-17 15:32:17,198 [Router4] INFO: 娣诲姞閭绘帴璺敱鍣?3 (127.0.0.1:10003), 閾捐矾寮€閿€=8
2026-04-17 15:32:17,198 [Simulator] INFO: 閰嶇疆閾捐矾: 3 <-> 4, 鎴愭湰=8
2026-04-17 15:32:17,198 [Router3] INFO: 娣诲姞閭绘帴璺敱鍣?6 (127.0.0.1:10006), 閾捐矾寮€閿€=5
2026-04-17 15:32:17,198 [Router6] INFO: 娣诲姞閭绘帴璺敱鍣?3 (127.0.0.1:10003), 閾捐矾寮€閿€=5
2026-04-17 15:32:17,198 [Simulator] INFO: 閰嶇疆閾捐矾: 3 <-> 6, 鎴愭湰=5
2026-04-17 15:32:17,198 [Router4] INFO: 娣诲姞閭绘帴璺敱鍣?7 (127.0.0.1:10007), 閾捐矾寮€閿€=2
2026-04-17 15:32:17,198 [Router7] INFO: 娣诲姞閭绘帴璺敱鍣?4 (127.0.0.1:10004), 閾捐矾寮€閿€=2
2026-04-17 15:32:17,198 [Simulator] INFO: 閰嶇疆閾捐矾: 4 <-> 7, 鎴愭湰=2
2026-04-17 15:32:17,198 [Router5] INFO: 娣诲姞閭绘帴璺敱鍣?8 (127.0.0.1:10008), 閾捐矾寮€閿€=4
2026-04-17 15:32:17,198 [Router8] INFO: 娣诲姞閭绘帴璺敱鍣?5 (127.0.0.1:10005), 閾捐矾寮€閿€=4
2026-04-17 15:32:17,198 [Simulator] INFO: 閰嶇疆閾捐矾: 5 <-> 8, 鎴愭湰=4
2026-04-17 15:32:17,199 [Router6] INFO: 娣诲姞閭绘帴璺敱鍣?9 (127.0.0.1:10009), 閾捐矾寮€閿€=3
2026-04-17 15:32:17,199 [Router9] INFO: 娣诲姞閭绘帴璺敱鍣?6 (127.0.0.1:10006), 閾捐矾寮€閿€=3
2026-04-17 15:32:17,199 [Simulator] INFO: 閰嶇疆閾捐矾: 6 <-> 9, 鎴愭湰=3
2026-04-17 15:32:17,199 [Router7] INFO: 娣诲姞閭绘帴璺敱鍣?8 (127.0.0.1:10008), 閾捐矾寮€閿€=5
2026-04-17 15:32:17,199 [Router8] INFO: 娣诲姞閭绘帴璺敱鍣?7 (127.0.0.1:10007), 閾捐矾寮€閿€=5
2026-04-17 15:32:17,199 [Simulator] INFO: 閰嶇疆閾捐矾: 7 <-> 8, 鎴愭湰=5
2026-04-17 15:32:17,199 [Router7] INFO: 娣诲姞閭绘帴璺敱鍣?10 (127.0.0.1:10010), 閾捐矾寮€閿€=7
2026-04-17 15:32:17,199 [Router10] INFO: 娣诲姞閭绘帴璺敱鍣?7 (127.0.0.1:10007), 閾捐矾寮€閿€=7
2026-04-17 15:32:17,199 [Simulator] INFO: 閰嶇疆閾捐矾: 7 <-> 10, 鎴愭湰=7
2026-04-17 15:32:17,199 [Router8] INFO: 娣诲姞閭绘帴璺敱鍣?9 (127.0.0.1:10009), 閾捐矾寮€閿€=6
2026-04-17 15:32:17,199 [Router9] INFO: 娣诲姞閭绘帴璺敱鍣?8 (127.0.0.1:10008), 閾捐矾寮€閿€=6
2026-04-17 15:32:17,199 [Simulator] INFO: 閰嶇疆閾捐矾: 8 <-> 9, 鎴愭湰=6
2026-04-17 15:32:17,199 [Router9] INFO: 娣诲姞閭绘帴璺敱鍣?10 (127.0.0.1:10010), 閾捐矾寮€閿€=2
2026-04-17 15:32:17,199 [Router10] INFO: 娣诲姞閭绘帴璺敱鍣?9 (127.0.0.1:10009), 閾捐矾寮€閿€=2
2026-04-17 15:32:17,199 [Simulator] INFO: 閰嶇疆閾捐矾: 9 <-> 10, 鎴愭湰=2
2026-04-17 15:32:17,199 [Simulator] INFO: 缃戠粶鎷撴墤鏋勫缓瀹屾垚锛屽叡10涓矾鐢卞櫒
2026-04-17 15:32:17,199 [Simulator] INFO: 鍚姩璺敱浠跨湡绯荤粺...
2026-04-17 15:32:17,199 [Router1] INFO: 鍚姩璺敱鍣?Router1 (ID=1) 鍦?127.0.0.1:10001
2026-04-17 15:32:17,199 [Router1] INFO: UDP濂楁帴瀛楀凡缁戝畾鍒?127.0.0.1:10001
2026-04-17 15:32:17,202 [Simulator] INFO: 璺敱鍣?1 宸插惎鍔?
2026-04-17 15:32:17,202 [Router2] INFO: 鍚姩璺敱鍣?Router2 (ID=2) 鍦?127.0.0.1:10002
2026-04-17 15:32:17,202 [Router2] INFO: UDP濂楁帴瀛楀凡缁戝畾鍒?127.0.0.1:10002
2026-04-17 15:32:17,204 [Simulator] INFO: 璺敱鍣?2 宸插惎鍔?
2026-04-17 15:32:17,204 [Router3] INFO: 鍚姩璺敱鍣?Router3 (ID=3) 鍦?127.0.0.1:10003
2026-04-17 15:32:17,204 [Router3] INFO: UDP濂楁帴瀛楀凡缁戝畾鍒?127.0.0.1:10003
2026-04-17 15:32:17,205 [Simulator] INFO: 璺敱鍣?3 宸插惎鍔?
2026-04-17 15:32:17,206 [Router4] INFO: 鍚姩璺敱鍣?Router4 (ID=4) 鍦?127.0.0.1:10004
2026-04-17 15:32:17,206 [Router4] INFO: UDP濂楁帴瀛楀凡缁戝畾鍒?127.0.0.1:10004
2026-04-17 15:32:17,207 [Simulator] INFO: 璺敱鍣?4 宸插惎鍔?
2026-04-17 15:32:17,207 [Router5] INFO: 鍚姩璺敱鍣?Router5 (ID=5) 鍦?127.0.0.1:10005
2026-04-17 15:32:17,207 [Router5] INFO: UDP濂楁帴瀛楀凡缁戝畾鍒?127.0.0.1:10005
2026-04-17 15:32:17,208 [Simulator] INFO: 璺敱鍣?5 宸插惎鍔?
2026-04-17 15:32:17,208 [Router6] INFO: 鍚姩璺敱鍣?Router6 (ID=6) 鍦?127.0.0.1:10006
2026-04-17 15:32:17,209 [Router6] INFO: UDP濂楁帴瀛楀凡缁戝畾鍒?127.0.0.1:10006
2026-04-17 15:32:17,210 [Simulator] INFO: 璺敱鍣?6 宸插惎鍔?
2026-04-17 15:32:17,210 [Router7] INFO: 鍚姩璺敱鍣?Router7 (ID=7) 鍦?127.0.0.1:10007
2026-04-17 15:32:17,210 [Router7] INFO: UDP濂楁帴瀛楀凡缁戝畾鍒?127.0.0.1:10007
2026-04-17 15:32:17,211 [Simulator] INFO: 璺敱鍣?7 宸插惎鍔?
2026-04-17 15:32:17,211 [Router8] INFO: 鍚姩璺敱鍣?Router8 (ID=8) 鍦?127.0.0.1:10008
2026-04-17 15:32:17,211 [Router8] INFO: UDP濂楁帴瀛楀凡缁戝畾鍒?127.0.0.1:10008
2026-04-17 15:32:17,212 [Simulator] INFO: 璺敱鍣?8 宸插惎鍔?
2026-04-17 15:32:17,212 [Router9] INFO: 鍚姩璺敱鍣?Router9 (ID=9) 鍦?127.0.0.1:10009
2026-04-17 15:32:17,212 [Router9] INFO: UDP濂楁帴瀛楀凡缁戝畾鍒?127.0.0.1:10009
2026-04-17 15:32:17,212 [Simulator] INFO: 璺敱鍣?9 宸插惎鍔?
2026-04-17 15:32:17,212 [Router10] INFO: 鍚姩璺敱鍣?Router10 (ID=10) 鍦?127.0.0.1:10010
2026-04-17 15:32:17,212 [Router10] INFO: UDP濂楁帴瀛楀凡缁戝畾鍒?127.0.0.1:10010
2026-04-17 15:32:17,212 [Simulator] INFO: 璺敱鍣?10 宸插惎鍔?
2026-04-17 15:32:17,212 [Simulator] INFO: 浠跨湡绯荤粺宸插惎鍔?
2026-04-17 15:32:17,212 [Simulator] INFO: 绛夊緟LSA鍚屾 2.0s...
2026-04-17 15:32:18,011 [Router1] INFO: 閭绘帴璺敱鍣?3 宸叉仮澶?
2026-04-17 15:32:18,011 [Router1] INFO: 閭绘帴璺敱鍣?3 Up浜嬩欢
2026-04-17 15:32:18,012 [Router1] INFO: Dijkstra璁＄畻瀹屾垚锛岃绠楁椂闂?0.013ms
2026-04-17 15:32:18,012 [Router1] INFO: 閭绘帴璺敱鍣?2 宸叉仮澶?
2026-04-17 15:32:18,013 [Router1] INFO: 閭绘帴璺敱鍣?2 Up浜嬩欢
2026-04-17 15:32:18,012 [Router8] INFO: 閭绘帴璺敱鍣?5 宸叉仮澶?
2026-04-17 15:32:18,012 [Router2] INFO: 閭绘帴璺敱鍣?5 宸叉仮澶?
2026-04-17 15:32:18,013 [Router9] INFO: 閭绘帴璺敱鍣?6 宸叉仮澶?
2026-04-17 15:32:18,014 [Router9] INFO: 閭绘帴璺敱鍣?6 Up浜嬩欢
2026-04-17 15:32:18,013 [Router7] INFO: 閭绘帴璺敱鍣?4 宸叉仮澶?
2026-04-17 15:32:18,013 [Router4] INFO: 閭绘帴璺敱鍣?3 宸叉仮澶?
2026-04-17 15:32:18,013 [Router3] INFO: 閭绘帴璺敱鍣?6 宸叉仮澶?
2026-04-17 15:32:18,014 [Router8] INFO: 閭绘帴璺敱鍣?5 Up浜嬩欢
2026-04-17 15:32:18,014 [Router2] INFO: 閭绘帴璺敱鍣?5 Up浜嬩欢
2026-04-17 15:32:18,014 [Router5] INFO: 閭绘帴璺敱鍣?2 宸叉仮澶?
2026-04-17 15:32:18,013 [Router6] INFO: 閭绘帴璺敱鍣?3 宸叉仮澶?
2026-04-17 15:32:18,014 [Router9] INFO: Dijkstra璁＄畻瀹屾垚锛岃绠楁椂闂?0.013ms
2026-04-17 15:32:18,015 [Router7] INFO: 閭绘帴璺敱鍣?4 Up浜嬩欢
2026-04-17 15:32:18,015 [Router4] INFO: 閭绘帴璺敱鍣?3 Up浜嬩欢
2026-04-17 15:32:18,015 [Router3] INFO: 閭绘帴璺敱鍣?6 Up浜嬩欢
2026-04-17 15:32:18,015 [Router8] INFO: Dijkstra璁＄畻瀹屾垚锛岃绠楁椂闂?0.014ms
2026-04-17 15:32:18,015 [Router2] INFO: Dijkstra璁＄畻瀹屾垚锛岃绠楁椂闂?0.012ms
2026-04-17 15:32:18,016 [Router5] INFO: 閭绘帴璺敱鍣?2 Up浜嬩欢
2026-04-17 15:32:18,016 [Router6] INFO: 閭绘帴璺敱鍣?3 Up浜嬩欢
2026-04-17 15:32:18,016 [Router7] INFO: Dijkstra璁＄畻瀹屾垚锛岃绠楁椂闂?0.010ms
2026-04-17 15:32:18,016 [Router4] INFO: Dijkstra璁＄畻瀹屾垚锛岃绠楁椂闂?0.011ms
2026-04-17 15:32:18,016 [Router3] INFO: Dijkstra璁＄畻瀹屾垚锛岃绠楁椂闂?0.010ms
2026-04-17 15:32:18,017 [Router2] INFO: 閭绘帴璺敱鍣?4 宸叉仮澶?
2026-04-17 15:32:18,017 [Router5] INFO: Dijkstra璁＄畻瀹屾垚锛岃绠楁椂闂?0.007ms
2026-04-17 15:32:18,017 [Router6] INFO: Dijkstra璁＄畻瀹屾垚锛岃绠楁椂闂?0.009ms
2026-04-17 15:32:18,018 [Router4] INFO: 閭绘帴璺敱鍣?2 宸叉仮澶?
2026-04-17 15:32:18,018 [Router3] INFO: 閭绘帴璺敱鍣?4 宸叉仮澶?
2026-04-17 15:32:18,018 [Router2] INFO: 閭绘帴璺敱鍣?4 Up浜嬩欢
2026-04-17 15:32:18,018 [Router5] INFO: 鏀跺埌鏂扮殑LSA锛屾簮=2, 搴忓垪鍙?0
2026-04-17 15:32:18,018 [Router6] INFO: 鏀跺埌鏂扮殑LSA锛屾簮=9, 搴忓垪鍙?0
2026-04-17 15:32:18,018 [Router4] INFO: 閭绘帴璺敱鍣?2 Up浜嬩欢
2026-04-17 15:32:18,018 [Router3] INFO: 閭绘帴璺敱鍣?4 Up浜嬩欢
2026-04-17 15:32:18,018 [Router2] INFO: 閭绘帴璺敱鍣?1 宸叉仮澶?
2026-04-17 15:32:18,019 [Router5] INFO: 鏀跺埌鏂扮殑LSA锛屾簮=8, 搴忓垪鍙?0
2026-04-17 15:32:18,019 [Router6] INFO: 鏀跺埌鏂扮殑LSA锛屾簮=3, 搴忓垪鍙?0
2026-04-17 15:32:18,019 [Router4] INFO: 鏀跺埌鏂扮殑LSA锛屾簮=7, 搴忓垪鍙?0
2026-04-17 15:32:18,019 [Router3] INFO: 閭绘帴璺敱鍣?1 宸叉仮澶?
2026-04-17 15:32:18,019 [Router2] INFO: 閭绘帴璺敱鍣?1 Up浜嬩欢
2026-04-17 15:32:18,020 [Router5] INFO: 鏀跺埌鏂扮殑LSA锛屾簮=2, 搴忓垪鍙?1
2026-04-17 15:32:18,020 [Router7] INFO: 閭绘帴璺敱鍣?10 宸叉仮澶?
2026-04-17 15:32:18,020 [Router4] INFO: 鏀跺埌鏂扮殑LSA锛屾簮=2, 搴忓垪鍙?1
2026-04-17 15:32:18,020 [Router9] INFO: 閭绘帴璺敱鍣?8 宸叉仮澶?
2026-04-17 15:32:18,020 [Router3] INFO: 閭绘帴璺敱鍣?1 Up浜嬩欢
2026-04-17 15:32:18,020 [Router6] INFO: 鏀跺埌鏂扮殑LSA锛屾簮=3, 搴忓垪鍙?1
2026-04-17 15:32:18,020 [Router10] INFO: 閭绘帴璺敱鍣?7 宸叉仮澶?
2026-04-17 15:32:18,020 [Router8] INFO: 閭绘帴璺敱鍣?7 宸叉仮澶?
2026-04-17 15:32:18,020 [Router2] INFO: 鏀跺埌鏂扮殑LSA锛屾簮=1, 搴忓垪鍙?1
2026-04-17 15:32:18,020 [Router5] INFO: 閭绘帴璺敱鍣?8 宸叉仮澶?
2026-04-17 15:32:18,020 [Router1] INFO: 鏀跺埌鏂扮殑LSA锛屾簮=2, 搴忓垪鍙?2
2026-04-17 15:32:18,020 [Router7] INFO: 閭绘帴璺敱鍣?10 Up浜嬩欢
2026-04-17 15:32:18,020 [Router4] INFO: 閭绘帴璺敱鍣?7 宸叉仮澶?
2026-04-17 15:32:18,020 [Router9] INFO: 閭绘帴璺敱鍣?8 Up浜嬩欢
2026-04-17 15:32:18,020 [Router3] INFO: 鏀跺埌鏂扮殑LSA锛屾簮=1, 搴忓垪鍙?0
2026-04-17 15:32:18,020 [Router6] INFO: 閭绘帴璺敱鍣?9 宸叉仮澶?
2026-04-17 15:32:18,020 [Router10] INFO: 閭绘帴璺敱鍣?7 Up浜嬩欢
2026-04-17 15:32:18,020 [Router8] INFO: 閭绘帴璺敱鍣?7 Up浜嬩欢
2026-04-17 15:32:18,020 [Router2] INFO: 鏀跺埌鏂扮殑LSA锛屾簮=5, 搴忓垪鍙?0
2026-04-17 15:32:18,020 [Router5] INFO: 閭绘帴璺敱鍣?8 Up浜嬩欢
2026-04-17 15:32:18,020 [Router1] INFO: 鏀跺埌鏂扮殑LSA锛屾簮=3, 搴忓垪鍙?2
2026-04-17 15:32:18,020 [Router7] INFO: 閭绘帴璺敱鍣?8 宸叉仮澶?
2026-04-17 15:32:18,020 [Router4] INFO: 閭绘帴璺敱鍣?7 Up浜嬩欢
2026-04-17 15:32:18,020 [Router9] INFO: 閭绘帴璺敱鍣?10 宸叉仮澶?
2026-04-17 15:32:18,020 [Router3] INFO: 鏀跺埌鏂扮殑LSA锛屾簮=1, 搴忓垪鍙?1
2026-04-17 15:32:18,020 [Router6] INFO: 閭绘帴璺敱鍣?9 Up浜嬩欢
2026-04-17 15:32:18,020 [Router10] INFO: Dijkstra璁＄畻瀹屾垚锛岃绠楁椂闂?0.013ms
2026-04-17 15:32:18,020 [Router8] INFO: 閭绘帴璺敱鍣?9 宸叉仮澶?
2026-04-17 15:32:18,020 [Router2] INFO: 鏀跺埌鏂扮殑LSA锛屾簮=4, 搴忓垪鍙?1
2026-04-17 15:32:18,020 [Router5] INFO: 鏀跺埌鏂扮殑LSA锛屾簮=2, 搴忓垪鍙?2
2026-04-17 15:32:18,020 [Router1] INFO: 鏀跺埌鏂扮殑LSA锛屾簮=5, 搴忓垪鍙?0
2026-04-17 15:32:18,020 [Router7] INFO: 閭绘帴璺敱鍣?8 Up浜嬩欢
2026-04-17 15:32:18,020 [Router4] INFO: 鏀跺埌鏂扮殑LSA锛屾簮=3, 搴忓垪鍙?1
2026-04-17 15:32:18,020 [Router9] INFO: 閭绘帴璺敱鍣?10 Up浜嬩欢
2026-04-17 15:32:18,020 [Router3] INFO: 鏀跺埌鏂扮殑LSA锛屾簮=4, 搴忓垪鍙?0
2026-04-17 15:32:18,028 [Router6] INFO: 鏀跺埌鏂扮殑LSA锛屾簮=3, 搴忓垪鍙?2
2026-04-17 15:32:18,028 [Router10] INFO: 閭绘帴璺敱鍣?9 宸叉仮澶?
2026-04-17 15:32:18,028 [Router8] INFO: 閭绘帴璺敱鍣?9 Up浜嬩欢
2026-04-17 15:32:18,028 [Router2] INFO: 鏀跺埌鏂扮殑LSA锛屾簮=8, 搴忓垪鍙?0
2026-04-17 15:32:18,029 [Router5] INFO: 鏀跺埌鏂扮殑LSA锛屾簮=1, 搴忓垪鍙?1
2026-04-17 15:32:18,029 [Router1] INFO: 鏀跺埌鏂扮殑LSA锛屾簮=4, 搴忓垪鍙?1
2026-04-17 15:32:18,029 [Router7] INFO: 鏀跺埌鏂扮殑LSA锛屾簮=10, 搴忓垪鍙?0
2026-04-17 15:32:18,030 [Router4] INFO: 鏀跺埌鏂扮殑LSA锛屾簮=2, 搴忓垪鍙?2
2026-04-17 15:32:18,030 [Router9] INFO: 鏀跺埌鏂扮殑LSA锛屾簮=6, 搴忓垪鍙?1
2026-04-17 15:32:18,031 [Router3] INFO: 鏀跺埌鏂扮殑LSA锛屾簮=6, 搴忓垪鍙?0
2026-04-17 15:32:18,031 [Router6] INFO: 鏀跺埌鏂扮殑LSA锛屾簮=9, 搴忓垪鍙?1
2026-04-17 15:32:18,031 [Router10] INFO: 閭绘帴璺敱鍣?9 Up浜嬩欢
2026-04-17 15:32:18,032 [Router8] INFO: 鏀跺埌鏂扮殑LSA锛屾簮=9, 搴忓垪鍙?1
2026-04-17 15:32:18,032 [Router2] INFO: 鏀跺埌鏂扮殑LSA锛屾簮=7, 搴忓垪鍙?0
2026-04-17 15:32:18,032 [Router5] INFO: 鏀跺埌鏂扮殑LSA锛屾簮=8, 搴忓垪鍙?1
2026-04-17 15:32:18,032 [Router1] INFO: 鏀跺埌鏂扮殑LSA锛屾簮=8, 搴忓垪鍙?0
2026-04-17 15:32:18,033 [Router7] INFO: 鏀跺埌鏂扮殑LSA锛屾簮=8, 搴忓垪鍙?1
2026-04-17 15:32:18,033 [Router4] INFO: 鏀跺埌鏂扮殑LSA锛屾簮=3, 搴忓垪鍙?2
2026-04-17 15:32:18,033 [Router9] INFO: 鏀跺埌鏂扮殑LSA锛屾簮=3, 搴忓垪鍙?2
2026-04-17 15:32:18,034 [Router3] INFO: 鏀跺埌鏂扮殑LSA锛屾簮=9, 搴忓垪鍙?0
2026-04-17 15:32:18,034 [Router6] INFO: 鏀跺埌鏂扮殑LSA锛屾簮=1, 搴忓垪鍙?0
2026-04-17 15:32:18,034 [Router10] INFO: 鏀跺埌鏂扮殑LSA锛屾簮=7, 搴忓垪鍙?1
2026-04-17 15:32:18,035 [Router8] INFO: 鏀跺埌鏂扮殑LSA锛屾簮=5, 搴忓垪鍙?1
2026-04-17 15:32:18,035 [Router2] INFO: 鏀跺埌鏂扮殑LSA锛屾簮=5, 搴忓垪鍙?1
2026-04-17 15:32:18,035 [Router5] INFO: 鏀跺埌鏂扮殑LSA锛屾簮=4, 搴忓垪鍙?1
2026-04-17 15:32:18,036 [Router1] INFO: 鏀跺埌鏂扮殑LSA锛屾簮=6, 搴忓垪鍙?0
2026-04-17 15:32:18,036 [Router7] INFO: 鏀跺埌鏂扮殑LSA锛屾簮=4, 搴忓垪鍙?2
2026-04-17 15:32:18,037 [Router4] INFO: 鏀跺埌鏂扮殑LSA锛屾簮=1, 搴忓垪鍙?1
2026-04-17 15:32:18,037 [Router9] INFO: 鏀跺埌鏂扮殑LSA锛屾簮=8, 搴忓垪鍙?2
2026-04-17 15:32:18,037 [Router3] INFO: 鏀跺埌鏂扮殑LSA锛屾簮=4, 搴忓垪鍙?1
2026-04-17 15:32:18,038 [Router6] INFO: 鏀跺埌鏂扮殑LSA锛屾簮=1, 搴忓垪鍙?1
2026-04-17 15:32:18,038 [Router10] INFO: 鏀跺埌鏂扮殑LSA锛屾簮=7, 搴忓垪鍙?2
2026-04-17 15:32:18,038 [Router8] INFO: 鏀跺埌鏂扮殑LSA锛屾簮=2, 搴忓垪鍙?2
2026-04-17 15:32:18,039 [Router2] INFO: 鏀跺埌鏂扮殑LSA锛屾簮=3, 搴忓垪鍙?2
2026-04-17 15:32:18,039 [Router5] INFO: 鏀跺埌鏂扮殑LSA锛屾簮=8, 搴忓垪鍙?2
2026-04-17 15:32:18,039 [Router1] INFO: 鏀跺埌鏂扮殑LSA锛屾簮=7, 搴忓垪鍙?0
2026-04-17 15:32:18,039 [Router7] INFO: 鏀跺埌鏂扮殑LSA锛屾簮=3, 搴忓垪鍙?1
2026-04-17 15:32:18,040 [Router4] INFO: 鏀跺埌鏂扮殑LSA锛屾簮=7, 搴忓垪鍙?1
2026-04-17 15:32:18,040 [Router9] INFO: 鏀跺埌鏂扮殑LSA锛屾簮=10, 搴忓垪鍙?1
2026-04-17 15:32:18,040 [Router3] INFO: 鏀跺埌鏂扮殑LSA锛屾簮=7, 搴忓垪鍙?0
2026-04-17 15:32:18,041 [Router6] INFO: 鏀跺埌鏂扮殑LSA锛屾簮=9, 搴忓垪鍙?2
2026-04-17 15:32:18,041 [Router10] INFO: 鏀跺埌鏂扮殑LSA锛屾簮=9, 搴忓垪鍙?2
2026-04-17 15:32:18,041 [Router8] INFO: 鏀跺埌鏂扮殑LSA锛屾簮=7, 搴忓垪鍙?2
2026-04-17 15:32:18,041 [Router2] INFO: 鏀跺埌鏂扮殑LSA锛屾簮=4, 搴忓垪鍙?2
2026-04-17 15:32:18,042 [Router5] INFO: 鏀跺埌鏂扮殑LSA锛屾簮=9, 搴忓垪鍙?1
2026-04-17 15:32:18,043 [Router1] INFO: 鏀跺埌鏂扮殑LSA锛屾簮=9, 搴忓垪鍙?0
2026-04-17 15:32:18,043 [Router7] INFO: 鏀跺埌鏂扮殑LSA锛屾簮=8, 搴忓垪鍙?2
2026-04-17 15:32:18,043 [Router4] INFO: 鏀跺埌鏂扮殑LSA锛屾簮=5, 搴忓垪鍙?0
2026-04-17 15:32:18,043 [Router9] INFO: 鏀跺埌鏂扮殑LSA锛屾簮=1, 搴忓垪鍙?0
2026-04-17 15:32:18,044 [Router3] INFO: 鏀跺埌鏂扮殑LSA锛屾簮=2, 搴忓垪鍙?1
2026-04-17 15:32:18,044 [Router6] INFO: 鏀跺埌鏂扮殑LSA锛屾簮=4, 搴忓垪鍙?0
2026-04-17 15:32:18,045 [Router10] INFO: 鏀跺埌鏂扮殑LSA锛屾簮=6, 搴忓垪鍙?1
2026-04-17 15:32:18,045 [Router8] INFO: 鏀跺埌鏂扮殑LSA锛屾簮=9, 搴忓垪鍙?2
2026-04-17 15:32:18,045 [Router2] INFO: 鏀跺埌鏂扮殑LSA锛屾簮=8, 搴忓垪鍙?1
2026-04-17 15:32:18,045 [Router5] INFO: 鏀跺埌鏂扮殑LSA锛屾簮=7, 搴忓垪鍙?0
2026-04-17 15:32:18,046 [Router1] INFO: 鏀跺埌鏂扮殑LSA锛屾簮=5, 搴忓垪鍙?1
2026-04-17 15:32:18,046 [Router7] INFO: 鏀跺埌鏂扮殑LSA锛屾簮=2, 搴忓垪鍙?2
2026-04-17 15:32:18,046 [Router4] INFO: 鏀跺埌鏂扮殑LSA锛屾簮=7, 搴忓垪鍙?2
2026-04-17 15:32:18,046 [Router9] INFO: 鏀跺埌鏂扮殑LSA锛屾簮=7, 搴忓垪鍙?1
2026-04-17 15:32:18,047 [Router3] INFO: 鏀跺埌鏂扮殑LSA锛屾簮=2, 搴忓垪鍙?2
2026-04-17 15:32:18,048 [Router6] INFO: 鏀跺埌鏂扮殑LSA锛屾簮=8, 搴忓垪鍙?2
2026-04-17 15:32:18,048 [Router10] INFO: 鏀跺埌鏂扮殑LSA锛屾簮=8, 搴忓垪鍙?1
2026-04-17 15:32:18,048 [Router8] INFO: 鏀跺埌鏂扮殑LSA锛屾簮=1, 搴忓垪鍙?1
2026-04-17 15:32:18,049 [Router2] INFO: 鏀跺埌鏂扮殑LSA锛屾簮=6, 搴忓垪鍙?0
2026-04-17 15:32:18,049 [Router5] INFO: 鏀跺埌鏂扮殑LSA锛屾簮=3, 搴忓垪鍙?2
2026-04-17 15:32:18,049 [Router1] INFO: 鏀跺埌鏂扮殑LSA锛屾簮=4, 搴忓垪鍙?2
2026-04-17 15:32:18,050 [Router7] INFO: 鏀跺埌鏂扮殑LSA锛屾簮=10, 搴忓垪鍙?1
2026-04-17 15:32:18,050 [Router4] INFO: 鏀跺埌鏂扮殑LSA锛屾簮=8, 搴忓垪鍙?0
2026-04-17 15:32:18,051 [Router9] INFO: 鏀跺埌鏂扮殑LSA锛屾簮=5, 搴忓垪鍙?1
2026-04-17 15:32:18,051 [Router3] INFO: 鏀跺埌鏂扮殑LSA锛屾簮=4, 搴忓垪鍙?2
2026-04-17 15:32:18,052 [Router6] INFO: 鏀跺埌鏂扮殑LSA锛屾簮=4, 搴忓垪鍙?1
2026-04-17 15:32:18,052 [Router10] INFO: 鏀跺埌鏂扮殑LSA锛屾簮=3, 搴忓垪鍙?2
2026-04-17 15:32:18,052 [Router8] INFO: 鏀跺埌鏂扮殑LSA锛屾簮=10, 搴忓垪鍙?0
2026-04-17 15:32:18,053 [Router5] INFO: 鏀跺埌鏂扮殑LSA锛屾簮=7, 搴忓垪鍙?2
2026-04-17 15:32:18,053 [Router1] INFO: 鏀跺埌鏂扮殑LSA锛屾簮=8, 搴忓垪鍙?1
2026-04-17 15:32:18,053 [Router2] INFO: 鏀跺埌鏂扮殑LSA锛屾簮=8, 搴忓垪鍙?2
2026-04-17 15:32:18,053 [Router7] INFO: 鏀跺埌鏂扮殑LSA锛屾簮=9, 搴忓垪鍙?1
2026-04-17 15:32:18,053 [Router4] INFO: 鏀跺埌鏂扮殑LSA锛屾簮=10, 搴忓垪鍙?0
2026-04-17 15:32:18,053 [Router9] INFO: 鏀跺埌鏂扮殑LSA锛屾簮=7, 搴忓垪鍙?2
2026-04-17 15:32:18,053 [Router3] INFO: 鏀跺埌鏂扮殑LSA锛屾簮=6, 搴忓垪鍙?1
2026-04-17 15:32:18,053 [Router6] INFO: 鏀跺埌鏂扮殑LSA锛屾簮=10, 搴忓垪鍙?1
2026-04-17 15:32:18,053 [Router10] INFO: 鏀跺埌鏂扮殑LSA锛屾簮=4, 搴忓垪鍙?2
2026-04-17 15:32:18,053 [Router8] INFO: 鏀跺埌鏂扮殑LSA锛屾簮=6, 搴忓垪鍙?1
2026-04-17 15:32:18,053 [Router5] INFO: 鏀跺埌鏂扮殑LSA锛屾簮=4, 搴忓垪鍙?2
2026-04-17 15:32:18,053 [Router2] INFO: 鏀跺埌鏂扮殑LSA锛屾簮=7, 搴忓垪鍙?1
2026-04-17 15:32:18,053 [Router7] INFO: 鏀跺埌鏂扮殑LSA锛屾簮=3, 搴忓垪鍙?2
2026-04-17 15:32:18,053 [Router1] INFO: 鏀跺埌鏂扮殑LSA锛屾簮=8, 搴忓垪鍙?2
2026-04-17 15:32:18,053 [Router4] INFO: 鏀跺埌鏂扮殑LSA锛屾簮=6, 搴忓垪鍙?0
2026-04-17 15:32:18,053 [Router9] INFO: 鏀跺埌鏂扮殑LSA锛屾簮=1, 搴忓垪鍙?1
2026-04-17 15:32:18,053 [Router3] INFO: 鏀跺埌鏂扮殑LSA锛屾簮=5, 搴忓垪鍙?0
2026-04-17 15:32:18,053 [Router6] INFO: 鏀跺埌鏂扮殑LSA锛屾簮=7, 搴忓垪鍙?0
2026-04-17 15:32:18,053 [Router10] INFO: 鏀跺埌鏂扮殑LSA锛屾簮=8, 搴忓垪鍙?2
2026-04-17 15:32:18,053 [Router8] INFO: 鏀跺埌鏂扮殑LSA锛屾簮=3, 搴忓垪鍙?2
2026-04-17 15:32:18,053 [Router5] INFO: 鏀跺埌鏂扮殑LSA锛屾簮=9, 搴忓垪鍙?2
2026-04-17 15:32:18,061 [Router2] INFO: 鏀跺埌鏂扮殑LSA锛屾簮=9, 搴忓垪鍙?0
2026-04-17 15:32:18,061 [Router7] INFO: 鏀跺埌鏂扮殑LSA锛屾簮=5, 搴忓垪鍙?1
2026-04-17 15:32:18,061 [Router1] INFO: 鏀跺埌鏂扮殑LSA锛屾簮=6, 搴忓垪鍙?1
2026-04-17 15:32:18,062 [Router4] INFO: 鏀跺埌鏂扮殑LSA锛屾簮=8, 搴忓垪鍙?1
2026-04-17 15:32:18,062 [Router9] INFO: 鏀跺埌鏂扮殑LSA锛屾簮=2, 搴忓垪鍙?2
2026-04-17 15:32:18,062 [Router3] INFO: 鏀跺埌鏂扮殑LSA锛屾簮=9, 搴忓垪鍙?1
2026-04-17 15:32:18,063 [Router6] INFO: 鏀跺埌鏂扮殑LSA锛屾簮=2, 搴忓垪鍙?1
2026-04-17 15:32:18,063 [Router10] INFO: 鏀跺埌鏂扮殑LSA锛屾簮=1, 搴忓垪鍙?0
2026-04-17 15:32:18,063 [Router8] INFO: 鏀跺埌鏂扮殑LSA锛屾簮=4, 搴忓垪鍙?1
2026-04-17 15:32:18,064 [Router5] INFO: 鏀跺埌鏂扮殑LSA锛屾簮=6, 搴忓垪鍙?0
2026-04-17 15:32:18,064 [Router2] INFO: 鏀跺埌鏂扮殑LSA锛屾簮=9, 搴忓垪鍙?1
2026-04-17 15:32:18,064 [Router7] INFO: 鏀跺埌鏂扮殑LSA锛屾簮=1, 搴忓垪鍙?1
2026-04-17 15:32:18,065 [Router1] INFO: 鏀跺埌鏂扮殑LSA锛屾簮=7, 搴忓垪鍙?1
2026-04-17 15:32:18,065 [Router4] INFO: 鏀跺埌鏂扮殑LSA锛屾簮=9, 搴忓垪鍙?0
2026-04-17 15:32:18,066 [Router9] INFO: 鏀跺埌鏂扮殑LSA锛屾簮=4, 搴忓垪鍙?0
2026-04-17 15:32:18,066 [Router3] INFO: 鏀跺埌鏂扮殑LSA锛屾簮=8, 搴忓垪鍙?0
2026-04-17 15:32:18,066 [Router6] INFO: 鏀跺埌鏂扮殑LSA锛屾簮=7, 搴忓垪鍙?1
2026-04-17 15:32:18,067 [Router10] INFO: 鏀跺埌鏂扮殑LSA锛屾簮=2, 搴忓垪鍙?2
2026-04-17 15:32:18,067 [Router8] INFO: 鏀跺埌鏂扮殑LSA锛屾簮=4, 搴忓垪鍙?2
2026-04-17 15:32:18,068 [Router5] INFO: 鏀跺埌鏂扮殑LSA锛屾簮=10, 搴忓垪鍙?0
2026-04-17 15:32:18,068 [Router2] INFO: 鏀跺埌鏂扮殑LSA锛屾簮=7, 搴忓垪鍙?2
2026-04-17 15:32:18,068 [Router7] INFO: 鏀跺埌鏂扮殑LSA锛屾簮=9, 搴忓垪鍙?2
2026-04-17 15:32:18,069 [Router1] INFO: 鏀跺埌鏂扮殑LSA锛屾簮=9, 搴忓垪鍙?1
2026-04-17 15:32:18,069 [Router4] INFO: 鏀跺埌鏂扮殑LSA锛屾簮=5, 搴忓垪鍙?1
2026-04-17 15:32:18,070 [Router9] INFO: 鏀跺埌鏂扮殑LSA锛屾簮=4, 搴忓垪鍙?1
2026-04-17 15:32:18,070 [Router3] INFO: 鏀跺埌鏂扮殑LSA锛屾簮=7, 搴忓垪鍙?1
2026-04-17 15:32:18,071 [Router6] INFO: 鏀跺埌鏂扮殑LSA锛屾簮=2, 搴忓垪鍙?2
2026-04-17 15:32:18,071 [Router10] INFO: 鏀跺埌鏂扮殑LSA锛屾簮=5, 搴忓垪鍙?1
2026-04-17 15:32:18,072 [Router8] INFO: 鏀跺埌鏂扮殑LSA锛屾簮=10, 搴忓垪鍙?1
2026-04-17 15:32:18,072 [Router5] INFO: 鏀跺埌鏂扮殑LSA锛屾簮=6, 搴忓垪鍙?1
2026-04-17 15:32:18,073 [Router2] INFO: 鏀跺埌鏂扮殑LSA锛屾簮=10, 搴忓垪鍙?0
2026-04-17 15:32:18,073 [Router7] INFO: 鏀跺埌鏂扮殑LSA锛屾簮=6, 搴忓垪鍙?1
2026-04-17 15:32:18,073 [Router1] INFO: 鏀跺埌鏂扮殑LSA锛屾簮=7, 搴忓垪鍙?2
2026-04-17 15:32:18,073 [Router4] INFO: 鏀跺埌鏂扮殑LSA锛屾簮=8, 搴忓垪鍙?2
2026-04-17 15:32:18,074 [Router9] INFO: 鏀跺埌鏂扮殑LSA锛屾簮=4, 搴忓垪鍙?2
2026-04-17 15:32:18,074 [Router3] INFO: 鏀跺埌鏂扮殑LSA锛屾簮=9, 搴忓垪鍙?2
2026-04-17 15:32:18,074 [Router6] INFO: 鏀跺埌鏂扮殑LSA锛屾簮=5, 搴忓垪鍙?1
2026-04-17 15:32:18,075 [Router10] INFO: 鏀跺埌鏂扮殑LSA锛屾簮=1, 搴忓垪鍙?1
2026-04-17 15:32:18,077 [Router5] INFO: 鏀跺埌鏂扮殑LSA锛屾簮=10, 搴忓垪鍙?1
2026-04-17 15:32:18,077 [Router2] INFO: 鏀跺埌鏂扮殑LSA锛屾簮=9, 搴忓垪鍙?2
2026-04-17 15:32:18,078 [Router1] INFO: 鏀跺埌鏂扮殑LSA锛屾簮=10, 搴忓垪鍙?0
2026-04-17 15:32:18,079 [Router4] INFO: 鏀跺埌鏂扮殑LSA锛屾簮=10, 搴忓垪鍙?1
2026-04-17 15:32:18,079 [Router3] INFO: 鏀跺埌鏂扮殑LSA锛屾簮=5, 搴忓垪鍙?1
2026-04-17 15:32:18,080 [Router6] INFO: 鏀跺埌鏂扮殑LSA锛屾簮=4, 搴忓垪鍙?2
2026-04-17 15:32:18,082 [Router2] INFO: 鏀跺埌鏂扮殑LSA锛屾簮=6, 搴忓垪鍙?1
2026-04-17 15:32:18,082 [Router1] INFO: 鏀跺埌鏂扮殑LSA锛屾簮=9, 搴忓垪鍙?2
2026-04-17 15:32:18,082 [Router4] INFO: 鏀跺埌鏂扮殑LSA锛屾簮=9, 搴忓垪鍙?1
2026-04-17 15:32:18,083 [Router3] INFO: 鏀跺埌鏂扮殑LSA锛屾簮=7, 搴忓垪鍙?2
2026-04-17 15:32:18,083 [Router6] INFO: 鏀跺埌鏂扮殑LSA锛屾簮=7, 搴忓垪鍙?2
2026-04-17 15:32:18,084 [Router2] INFO: 鏀跺埌鏂扮殑LSA锛屾簮=10, 搴忓垪鍙?1
2026-04-17 15:32:18,085 [Router4] INFO: 鏀跺埌鏂扮殑LSA锛屾簮=6, 搴忓垪鍙?1
2026-04-17 15:32:18,085 [Router3] INFO: 鏀跺埌鏂扮殑LSA锛屾簮=8, 搴忓垪鍙?2
2026-04-17 15:32:18,088 [Router4] INFO: 鏀跺埌鏂扮殑LSA锛屾簮=9, 搴忓垪鍙?2
2026-04-17 15:32:18,089 [Router3] INFO: 鏀跺埌鏂扮殑LSA锛屾簮=10, 搴忓垪鍙?0
2026-04-17 15:32:18,089 [Router1] INFO: 鏀跺埌鏂扮殑LSA锛屾簮=10, 搴忓垪鍙?1
2026-04-17 15:32:18,090 [Router3] INFO: 鏀跺埌鏂扮殑LSA锛屾簮=10, 搴忓垪鍙?1
2026-04-17 15:32:18,220 [Router6] INFO: Dijkstra璁＄畻瀹屾垚锛岃绠楁椂闂?0.070ms
2026-04-17 15:32:18,220 [Router2] INFO: Dijkstra璁＄畻瀹屾垚锛岃绠楁椂闂?0.057ms
2026-04-17 15:32:18,220 [Router7] INFO: Dijkstra璁＄畻瀹屾垚锛岃绠楁椂闂?0.053ms
2026-04-17 15:32:18,220 [Router8] INFO: Dijkstra璁＄畻瀹屾垚锛岃绠楁椂闂?0.053ms
2026-04-17 15:32:18,220 [Router4] INFO: Dijkstra璁＄畻瀹屾垚锛岃绠楁椂闂?0.055ms
2026-04-17 15:32:18,220 [Router10] INFO: Dijkstra璁＄畻瀹屾垚锛岃绠楁椂闂?0.050ms
2026-04-17 15:32:18,220 [Router1] INFO: Dijkstra璁＄畻瀹屾垚锛岃绠楁椂闂?0.065ms
2026-04-17 15:32:18,235 [Router5] INFO: Dijkstra璁＄畻瀹屾垚锛岃绠楁椂闂?0.046ms
2026-04-17 15:32:18,245 [Router9] INFO: Dijkstra璁＄畻瀹屾垚锛岃绠楁椂闂?0.101ms
2026-04-17 15:32:18,246 [Router3] INFO: Dijkstra璁＄畻瀹屾垚锛岃绠楁椂闂?0.052ms
2026-04-17 15:32:22,202 [Router2] INFO: 鏀跺埌鏂扮殑LSA锛屾簮=1, 搴忓垪鍙?2
2026-04-17 15:32:22,202 [Router2] INFO: Dijkstra璁＄畻瀹屾垚锛岃绠楁椂闂?0.027ms
2026-04-17 15:32:22,203 [Router3] INFO: 鏀跺埌鏂扮殑LSA锛屾簮=1, 搴忓垪鍙?2
2026-04-17 15:32:22,203 [Router3] INFO: Dijkstra璁＄畻瀹屾垚锛岃绠楁椂闂?0.024ms
2026-04-17 15:32:22,203 [Router5] INFO: 鏀跺埌鏂扮殑LSA锛屾簮=1, 搴忓垪鍙?2
2026-04-17 15:32:22,203 [Router5] INFO: Dijkstra璁＄畻瀹屾垚锛岃绠楁椂闂?0.023ms
2026-04-17 15:32:22,204 [Router4] INFO: 鏀跺埌鏂扮殑LSA锛屾簮=1, 搴忓垪鍙?2
2026-04-17 15:32:22,204 [Router4] INFO: Dijkstra璁＄畻瀹屾垚锛岃绠楁椂闂?0.022ms
2026-04-17 15:32:22,204 [Router6] INFO: 鏀跺埌鏂扮殑LSA锛屾簮=1, 搴忓垪鍙?2
2026-04-17 15:32:22,204 [Router6] INFO: Dijkstra璁＄畻瀹屾垚锛岃绠楁椂闂?0.019ms
2026-04-17 15:32:22,205 [Router9] INFO: 鏀跺埌鏂扮殑LSA锛屾簮=1, 搴忓垪鍙?2
2026-04-17 15:32:22,205 [Router9] INFO: Dijkstra璁＄畻瀹屾垚锛岃绠楁椂闂?0.022ms
2026-04-17 15:32:22,205 [Router7] INFO: 鏀跺埌鏂扮殑LSA锛屾簮=1, 搴忓垪鍙?2
2026-04-17 15:32:22,206 [Router8] INFO: 鏀跺埌鏂扮殑LSA锛屾簮=1, 搴忓垪鍙?2
2026-04-17 15:32:22,206 [Router7] INFO: Dijkstra璁＄畻瀹屾垚锛岃绠楁椂闂?0.026ms
2026-04-17 15:32:22,206 [Router10] INFO: 鏀跺埌鏂扮殑LSA锛屾簮=1, 搴忓垪鍙?2
2026-04-17 15:32:22,207 [Router8] INFO: Dijkstra璁＄畻瀹屾垚锛岃绠楁椂闂?0.031ms
2026-04-17 15:32:22,207 [Router10] INFO: Dijkstra璁＄畻瀹屾垚锛岃绠楁椂闂?0.021ms
2026-04-17 15:32:22,210 [Router1] INFO: 鏀跺埌鏂扮殑LSA锛屾簮=2, 搴忓垪鍙?3
2026-04-17 15:32:22,210 [Router4] INFO: 鏀跺埌鏂扮殑LSA锛屾簮=2, 搴忓垪鍙?3
2026-04-17 15:32:22,210 [Router3] INFO: 鏀跺埌鏂扮殑LSA锛屾簮=4, 搴忓垪鍙?3
2026-04-17 15:32:22,210 [Router5] INFO: 鏀跺埌鏂扮殑LSA锛屾簮=2, 搴忓垪鍙?3
2026-04-17 15:32:22,210 [Router1] INFO: Dijkstra璁＄畻瀹屾垚锛岃绠楁椂闂?0.024ms
2026-04-17 15:32:22,210 [Router2] INFO: 鏀跺埌鏂扮殑LSA锛屾簮=4, 搴忓垪鍙?3
2026-04-17 15:32:22,210 [Router7] INFO: 鏀跺埌鏂扮殑LSA锛屾簮=4, 搴忓垪鍙?3
2026-04-17 15:32:22,210 [Router9] INFO: 鏀跺埌鏂扮殑LSA锛屾簮=6, 搴忓垪鍙?2
2026-04-17 15:32:22,210 [Router3] INFO: 鏀跺埌鏂扮殑LSA锛屾簮=6, 搴忓垪鍙?2
2026-04-17 15:32:22,210 [Router8] INFO: 鏀跺埌鏂扮殑LSA锛屾簮=5, 搴忓垪鍙?2
2026-04-17 15:32:22,210 [Router1] INFO: 鏀跺埌鏂扮殑LSA锛屾簮=3, 搴忓垪鍙?3
2026-04-17 15:32:22,210 [Router4] INFO: 鏀跺埌鏂扮殑LSA锛屾簮=3, 搴忓垪鍙?3
2026-04-17 15:32:22,210 [Router2] INFO: 鏀跺埌鏂扮殑LSA锛屾簮=5, 搴忓垪鍙?2
2026-04-17 15:32:22,210 [Router7] INFO: 鏀跺埌鏂扮殑LSA锛屾簮=2, 搴忓垪鍙?3
2026-04-17 15:32:22,210 [Router6] INFO: 鏀跺埌鏂扮殑LSA锛屾簮=3, 搴忓垪鍙?3
2026-04-17 15:32:22,210 [Router10] INFO: 鏀跺埌鏂扮殑LSA锛屾簮=4, 搴忓垪鍙?3
2026-04-17 15:32:22,210 [Router3] INFO: 鏀跺埌鏂扮殑LSA锛屾簮=2, 搴忓垪鍙?3
2026-04-17 15:32:22,210 [Router8] INFO: 鏀跺埌鏂扮殑LSA锛屾簮=4, 搴忓垪鍙?3
2026-04-17 15:32:22,210 [Router5] INFO: 鏀跺埌鏂扮殑LSA锛屾簮=4, 搴忓垪鍙?3
2026-04-17 15:32:22,210 [Router1] INFO: 鏀跺埌鏂扮殑LSA锛屾簮=4, 搴忓垪鍙?3
2026-04-17 15:32:22,210 [Router4] INFO: 鏀跺埌鏂扮殑LSA锛屾簮=6, 搴忓垪鍙?2
2026-04-17 15:32:22,210 [Router9] INFO: 鏀跺埌鏂扮殑LSA锛屾簮=5, 搴忓垪鍙?2
2026-04-17 15:32:22,210 [Router2] INFO: 鏀跺埌鏂扮殑LSA锛屾簮=3, 搴忓垪鍙?3
2026-04-17 15:32:22,210 [Router7] INFO: 鏀跺埌鏂扮殑LSA锛屾簮=5, 搴忓垪鍙?2
2026-04-17 15:32:22,210 [Router6] INFO: 鏀跺埌鏂扮殑LSA锛屾簮=4, 搴忓垪鍙?3
2026-04-17 15:32:22,210 [Router10] INFO: 鏀跺埌鏂扮殑LSA锛屾簮=6, 搴忓垪鍙?2
2026-04-17 15:32:22,210 [Router8] INFO: 鏀跺埌鏂扮殑LSA锛屾簮=2, 搴忓垪鍙?3
2026-04-17 15:32:22,218 [Router1] INFO: 鏀跺埌鏂扮殑LSA锛屾簮=6, 搴忓垪鍙?2
2026-04-17 15:32:22,218 [Router4] INFO: 鏀跺埌鏂扮殑LSA锛屾簮=5, 搴忓垪鍙?2
2026-04-17 15:32:22,219 [Router9] INFO: 鏀跺埌鏂扮殑LSA锛屾簮=3, 搴忓垪鍙?3
2026-04-17 15:32:22,219 [Router2] INFO: 鏀跺埌鏂扮殑LSA锛屾簮=6, 搴忓垪鍙?2
2026-04-17 15:32:22,220 [Router7] INFO: 鏀跺埌鏂扮殑LSA锛屾簮=3, 搴忓垪鍙?3
2026-04-17 15:32:22,220 [Router6] INFO: 鏀跺埌鏂扮殑LSA锛屾簮=2, 搴忓垪鍙?3
2026-04-17 15:32:22,220 [Router10] INFO: 鏀跺埌鏂扮殑LSA锛屾簮=2, 搴忓垪鍙?3
2026-04-17 15:32:22,220 [Router8] INFO: 鏀跺埌鏂扮殑LSA锛屾簮=6, 搴忓垪鍙?2
2026-04-17 15:32:22,220 [Router5] INFO: 鏀跺埌鏂扮殑LSA锛屾簮=3, 搴忓垪鍙?3
2026-04-17 15:32:22,221 [Router1] INFO: 鏀跺埌鏂扮殑LSA锛屾簮=5, 搴忓垪鍙?2
2026-04-17 15:32:22,222 [Router9] INFO: 鏀跺埌鏂扮殑LSA锛屾簮=4, 搴忓垪鍙?3
2026-04-17 15:32:22,222 [Router7] INFO: 鏀跺埌鏂扮殑LSA锛屾簮=6, 搴忓垪鍙?2
2026-04-17 15:32:22,223 [Router6] INFO: 鏀跺埌鏂扮殑LSA锛屾簮=5, 搴忓垪鍙?2
2026-04-17 15:32:22,223 [Router3] INFO: 鏀跺埌鏂扮殑LSA锛屾簮=5, 搴忓垪鍙?2
2026-04-17 15:32:22,223 [Router10] INFO: 鏀跺埌鏂扮殑LSA锛屾簮=5, 搴忓垪鍙?2
2026-04-17 15:32:22,224 [Router8] INFO: 鏀跺埌鏂扮殑LSA锛屾簮=3, 搴忓垪鍙?3
2026-04-17 15:32:22,224 [Router5] INFO: 鏀跺埌鏂扮殑LSA锛屾簮=6, 搴忓垪鍙?2
2026-04-17 15:32:22,225 [Router9] INFO: 鏀跺埌鏂扮殑LSA锛屾簮=2, 搴忓垪鍙?3
2026-04-17 15:32:22,228 [Router4] INFO: 鏀跺埌鏂扮殑LSA锛屾簮=7, 搴忓垪鍙?3
2026-04-17 15:32:22,229 [Router8] INFO: 鏀跺埌鏂扮殑LSA锛屾簮=7, 搴忓垪鍙?3
2026-04-17 15:32:22,229 [Router10] INFO: 鏀跺埌鏂扮殑LSA锛屾簮=3, 搴忓垪鍙?3
2026-04-17 15:32:22,231 [Router5] INFO: 鏀跺埌鏂扮殑LSA锛屾簮=8, 搴忓垪鍙?3
2026-04-17 15:32:22,231 [Router7] INFO: 鏀跺埌鏂扮殑LSA锛屾簮=8, 搴忓垪鍙?3
2026-04-17 15:32:22,232 [Router10] INFO: 鏀跺埌鏂扮殑LSA锛屾簮=7, 搴忓垪鍙?3
2026-04-17 15:32:22,232 [Router6] INFO: 鏀跺埌鏂扮殑LSA锛屾簮=9, 搴忓垪鍙?3
2026-04-17 15:32:22,232 [Router9] INFO: 鏀跺埌鏂扮殑LSA锛屾簮=10, 搴忓垪鍙?2
2026-04-17 15:32:22,232 [Router2] INFO: 鏀跺埌鏂扮殑LSA锛屾簮=7, 搴忓垪鍙?3
2026-04-17 15:32:22,232 [Router8] INFO: 鏀跺埌鏂扮殑LSA锛屾簮=9, 搴忓垪鍙?3
2026-04-17 15:32:22,232 [Router3] INFO: 鏀跺埌鏂扮殑LSA锛屾簮=7, 搴忓垪鍙?3
2026-04-17 15:32:22,232 [Router5] INFO: 鏀跺埌鏂扮殑LSA锛屾簮=7, 搴忓垪鍙?3
2026-04-17 15:32:22,233 [Router7] INFO: 鏀跺埌鏂扮殑LSA锛屾簮=10, 搴忓垪鍙?2
2026-04-17 15:32:22,233 [Router10] INFO: 鏀跺埌鏂扮殑LSA锛屾簮=9, 搴忓垪鍙?3
2026-04-17 15:32:22,233 [Router9] INFO: 鏀跺埌鏂扮殑LSA锛屾簮=8, 搴忓垪鍙?3
2026-04-17 15:32:22,233 [Router4] INFO: 鏀跺埌鏂扮殑LSA锛屾簮=8, 搴忓垪鍙?3
2026-04-17 15:32:22,234 [Router6] INFO: 鏀跺埌鏂扮殑LSA锛屾簮=10, 搴忓垪鍙?2
2026-04-17 15:32:22,234 [Router2] INFO: 鏀跺埌鏂扮殑LSA锛屾簮=8, 搴忓垪鍙?3
2026-04-17 15:32:22,234 [Router8] INFO: 鏀跺埌鏂扮殑LSA锛屾簮=10, 搴忓垪鍙?2
2026-04-17 15:32:22,235 [Router1] INFO: 鏀跺埌鏂扮殑LSA锛屾簮=7, 搴忓垪鍙?3
2026-04-17 15:32:22,235 [Router3] INFO: 鏀跺埌鏂扮殑LSA锛屾簮=9, 搴忓垪鍙?3
2026-04-17 15:32:22,235 [Router5] INFO: 鏀跺埌鏂扮殑LSA锛屾簮=9, 搴忓垪鍙?3
2026-04-17 15:32:22,236 [Router10] INFO: 鏀跺埌鏂扮殑LSA锛屾簮=8, 搴忓垪鍙?3
2026-04-17 15:32:22,236 [Router7] INFO: 鏀跺埌鏂扮殑LSA锛屾簮=9, 搴忓垪鍙?3
2026-04-17 15:32:22,236 [Router9] INFO: 鏀跺埌鏂扮殑LSA锛屾簮=7, 搴忓垪鍙?3
2026-04-17 15:32:22,237 [Router4] INFO: 鏀跺埌鏂扮殑LSA锛屾簮=10, 搴忓垪鍙?2
2026-04-17 15:32:22,237 [Router6] INFO: 鏀跺埌鏂扮殑LSA锛屾簮=7, 搴忓垪鍙?3
2026-04-17 15:32:22,238 [Router1] INFO: 鏀跺埌鏂扮殑LSA锛屾簮=8, 搴忓垪鍙?3
2026-04-17 15:32:22,239 [Router3] INFO: 鏀跺埌鏂扮殑LSA锛屾簮=10, 搴忓垪鍙?2
2026-04-17 15:32:22,239 [Router5] INFO: 鏀跺埌鏂扮殑LSA锛屾簮=10, 搴忓垪鍙?2
2026-04-17 15:32:22,241 [Router2] INFO: 鏀跺埌鏂扮殑LSA锛屾簮=9, 搴忓垪鍙?3
2026-04-17 15:32:22,241 [Router4] INFO: 鏀跺埌鏂扮殑LSA锛屾簮=9, 搴忓垪鍙?3
2026-04-17 15:32:22,242 [Router6] INFO: 鏀跺埌鏂扮殑LSA锛屾簮=8, 搴忓垪鍙?3
2026-04-17 15:32:22,242 [Router1] INFO: 鏀跺埌鏂扮殑LSA锛屾簮=9, 搴忓垪鍙?3
2026-04-17 15:32:22,243 [Router3] INFO: 鏀跺埌鏂扮殑LSA锛屾簮=8, 搴忓垪鍙?3
2026-04-17 15:32:22,243 [Router2] INFO: 鏀跺埌鏂扮殑LSA锛屾簮=10, 搴忓垪鍙?2
2026-04-17 15:32:22,245 [Router1] INFO: 鏀跺埌鏂扮殑LSA锛屾簮=10, 搴忓垪鍙?2
2026-04-17 15:32:22,426 [Router2] INFO: Dijkstra璁＄畻瀹屾垚锛岃绠楁椂闂?0.074ms
2026-04-17 15:32:22,427 [Router5] INFO: Dijkstra璁＄畻瀹屾垚锛岃绠楁椂闂?0.075ms
2026-04-17 15:32:22,428 [Router7] INFO: Dijkstra璁＄畻瀹屾垚锛岃绠楁椂闂?0.062ms
2026-04-17 15:32:22,428 [Router8] INFO: Dijkstra璁＄畻瀹屾垚锛岃绠楁椂闂?0.060ms
2026-04-17 15:32:22,429 [Router9] INFO: Dijkstra璁＄畻瀹屾垚锛岃绠楁椂闂?0.060ms
2026-04-17 15:32:22,429 [Router1] INFO: Dijkstra璁＄畻瀹屾垚锛岃绠楁椂闂?0.060ms
2026-04-17 15:32:22,430 [Router4] INFO: Dijkstra璁＄畻瀹屾垚锛岃绠楁椂闂?0.069ms
2026-04-17 15:32:22,430 [Router3] INFO: Dijkstra璁＄畻瀹屾垚锛岃绠楁椂闂?0.056ms
2026-04-17 15:32:22,431 [Router6] INFO: Dijkstra璁＄畻瀹屾垚锛岃绠楁椂闂?0.070ms
2026-04-17 15:32:22,432 [Router10] INFO: Dijkstra璁＄畻瀹屾垚锛岃绠楁椂闂?0.039ms
2026-04-17 15:32:27,209 [Router2] INFO: 鏀跺埌鏂扮殑LSA锛屾簮=1, 搴忓垪鍙?3
2026-04-17 15:32:27,209 [Router2] INFO: Dijkstra璁＄畻瀹屾垚锛岃绠楁椂闂?0.057ms
2026-04-17 15:32:27,209 [Router3] INFO: 鏀跺埌鏂扮殑LSA锛屾簮=1, 搴忓垪鍙?3
2026-04-17 15:32:27,209 [Router3] INFO: Dijkstra璁＄畻瀹屾垚锛岃绠楁椂闂?0.046ms
2026-04-17 15:32:27,209 [Router4] INFO: 鏀跺埌鏂扮殑LSA锛屾簮=1, 搴忓垪鍙?3
2026-04-17 15:32:27,209 [Router4] INFO: Dijkstra璁＄畻瀹屾垚锛岃绠楁椂闂?0.050ms
2026-04-17 15:32:27,209 [Router5] INFO: 鏀跺埌鏂扮殑LSA锛屾簮=1, 搴忓垪鍙?3
2026-04-17 15:32:27,209 [Router5] INFO: Dijkstra璁＄畻瀹屾垚锛岃绠楁椂闂?0.024ms
2026-04-17 15:32:27,209 [Router7] INFO: 鏀跺埌鏂扮殑LSA锛屾簮=1, 搴忓垪鍙?3
2026-04-17 15:32:27,209 [Router7] INFO: Dijkstra璁＄畻瀹屾垚锛岃绠楁椂闂?0.025ms
2026-04-17 15:32:27,209 [Router6] INFO: 鏀跺埌鏂扮殑LSA锛屾簮=1, 搴忓垪鍙?3
2026-04-17 15:32:27,209 [Router8] INFO: 鏀跺埌鏂扮殑LSA锛屾簮=1, 搴忓垪鍙?3
2026-04-17 15:32:27,216 [Router6] INFO: Dijkstra璁＄畻瀹屾垚锛岃绠楁椂闂?0.021ms
2026-04-17 15:32:27,216 [Router8] INFO: Dijkstra璁＄畻瀹屾垚锛岃绠楁椂闂?0.023ms
2026-04-17 15:32:27,216 [Router10] INFO: 鏀跺埌鏂扮殑LSA锛屾簮=1, 搴忓垪鍙?3
2026-04-17 15:32:27,217 [Router9] INFO: 鏀跺埌鏂扮殑LSA锛屾簮=1, 搴忓垪鍙?3
2026-04-17 15:32:27,217 [Router10] INFO: Dijkstra璁＄畻瀹屾垚锛岃绠楁椂闂?0.021ms
2026-04-17 15:32:27,217 [Router9] INFO: Dijkstra璁＄畻瀹屾垚锛岃绠楁椂闂?0.026ms
2026-04-17 15:32:27,224 [Router3] INFO: 鏀跺埌鏂扮殑LSA锛屾簮=6, 搴忓垪鍙?3
2026-04-17 15:32:27,224 [Router2] INFO: 鏀跺埌鏂扮殑LSA锛屾簮=5, 搴忓垪鍙?3
2026-04-17 15:32:27,225 [Router1] INFO: 鏀跺埌鏂扮殑LSA锛屾簮=2, 搴忓垪鍙?4
2026-04-17 15:32:27,225 [Router8] INFO: 鏀跺埌鏂扮殑LSA锛屾簮=5, 搴忓垪鍙?3
2026-04-17 15:32:27,225 [Router9] INFO: 鏀跺埌鏂扮殑LSA锛屾簮=6, 搴忓垪鍙?3
2026-04-17 15:32:27,226 [Router3] INFO: 鏀跺埌鏂扮殑LSA锛屾簮=4, 搴忓垪鍙?4
2026-04-17 15:32:27,226 [Router7] INFO: 鏀跺埌鏂扮殑LSA锛屾簮=4, 搴忓垪鍙?4
2026-04-17 15:32:27,226 [Router4] INFO: 鏀跺埌鏂扮殑LSA锛屾簮=2, 搴忓垪鍙?4
2026-04-17 15:32:27,226 [Router5] INFO: 鏀跺埌鏂扮殑LSA锛屾簮=2, 搴忓垪鍙?4
2026-04-17 15:32:27,226 [Router2] INFO: 鏀跺埌鏂扮殑LSA锛屾簮=4, 搴忓垪鍙?4
2026-04-17 15:32:27,227 [Router1] INFO: Dijkstra璁＄畻瀹屾垚锛岃绠楁椂闂?0.026ms
2026-04-17 15:32:27,227 [Router6] INFO: 鏀跺埌鏂扮殑LSA锛屾簮=3, 搴忓垪鍙?4
2026-04-17 15:32:27,228 [Router3] INFO: 鏀跺埌鏂扮殑LSA锛屾簮=2, 搴忓垪鍙?4
2026-04-17 15:32:27,228 [Router9] INFO: 鏀跺埌鏂扮殑LSA锛屾簮=5, 搴忓垪鍙?3
2026-04-17 15:32:27,228 [Router7] INFO: 鏀跺埌鏂扮殑LSA锛屾簮=5, 搴忓垪鍙?3
2026-04-17 15:32:27,228 [Router4] INFO: 鏀跺埌鏂扮殑LSA锛屾簮=6, 搴忓垪鍙?3
2026-04-17 15:32:27,229 [Router10] INFO: 鏀跺埌鏂扮殑LSA锛屾簮=6, 搴忓垪鍙?3
2026-04-17 15:32:27,229 [Router8] INFO: 鏀跺埌鏂扮殑LSA锛屾簮=6, 搴忓垪鍙?3
2026-04-17 15:32:27,230 [Router1] INFO: 鏀跺埌鏂扮殑LSA锛屾簮=6, 搴忓垪鍙?3
2026-04-17 15:32:27,230 [Router5] INFO: 鏀跺埌鏂扮殑LSA锛屾簮=4, 搴忓垪鍙?4
2026-04-17 15:32:27,230 [Router6] INFO: 鏀跺埌鏂扮殑LSA锛屾簮=4, 搴忓垪鍙?4
2026-04-17 15:32:27,230 [Router9] INFO: 鏀跺埌鏂扮殑LSA锛屾簮=3, 搴忓垪鍙?4
2026-04-17 15:32:27,230 [Router7] INFO: 鏀跺埌鏂扮殑LSA锛屾簮=2, 搴忓垪鍙?4
2026-04-17 15:32:27,231 [Router4] INFO: 鏀跺埌鏂扮殑LSA锛屾簮=5, 搴忓垪鍙?3
2026-04-17 15:32:27,231 [Router10] INFO: 鏀跺埌鏂扮殑LSA锛屾簮=4, 搴忓垪鍙?4
2026-04-17 15:32:27,231 [Router8] INFO: 鏀跺埌鏂扮殑LSA锛屾簮=4, 搴忓垪鍙?4
2026-04-17 15:32:27,232 [Router1] INFO: 鏀跺埌鏂扮殑LSA锛屾簮=3, 搴忓垪鍙?4
2026-04-17 15:32:27,232 [Router2] INFO: 鏀跺埌鏂扮殑LSA锛屾簮=6, 搴忓垪鍙?3
2026-04-17 15:32:27,233 [Router6] INFO: 鏀跺埌鏂扮殑LSA锛屾簮=5, 搴忓垪鍙?3
2026-04-17 15:32:27,234 [Router7] INFO: 鏀跺埌鏂扮殑LSA锛屾簮=6, 搴忓垪鍙?3
2026-04-17 15:32:27,234 [Router5] INFO: 鏀跺埌鏂扮殑LSA锛屾簮=6, 搴忓垪鍙?3
2026-04-17 15:32:27,234 [Router9] INFO: 鏀跺埌鏂扮殑LSA锛屾簮=4, 搴忓垪鍙?4
2026-04-17 15:32:27,234 [Router4] INFO: 鏀跺埌鏂扮殑LSA锛屾簮=3, 搴忓垪鍙?4
2026-04-17 15:32:27,235 [Router10] INFO: 鏀跺埌鏂扮殑LSA锛屾簮=5, 搴忓垪鍙?3
2026-04-17 15:32:27,235 [Router3] INFO: 鏀跺埌鏂扮殑LSA锛屾簮=5, 搴忓垪鍙?3
2026-04-17 15:32:27,235 [Router8] INFO: 鏀跺埌鏂扮殑LSA锛屾簮=2, 搴忓垪鍙?4
2026-04-17 15:32:27,236 [Router1] INFO: 鏀跺埌鏂扮殑LSA锛屾簮=5, 搴忓垪鍙?3
2026-04-17 15:32:27,236 [Router6] INFO: 鏀跺埌鏂扮殑LSA锛屾簮=2, 搴忓垪鍙?4
2026-04-17 15:32:27,237 [Router2] INFO: 鏀跺埌鏂扮殑LSA锛屾簮=3, 搴忓垪鍙?4
2026-04-17 15:32:27,238 [Router10] INFO: 鏀跺埌鏂扮殑LSA锛屾簮=2, 搴忓垪鍙?4
2026-04-17 15:32:27,239 [Router7] INFO: 鏀跺埌鏂扮殑LSA锛屾簮=3, 搴忓垪鍙?4
2026-04-17 15:32:27,240 [Router8] INFO: 鏀跺埌鏂扮殑LSA锛屾簮=3, 搴忓垪鍙?4
2026-04-17 15:32:27,240 [Router1] INFO: 鏀跺埌鏂扮殑LSA锛屾簮=4, 搴忓垪鍙?4
2026-04-17 15:32:27,241 [Router6] INFO: 鏀跺埌鏂扮殑LSA锛屾簮=9, 搴忓垪鍙?4
2026-04-17 15:32:27,241 [Router9] INFO: 鏀跺埌鏂扮殑LSA锛屾簮=2, 搴忓垪鍙?4
2026-04-17 15:32:27,241 [Router5] INFO: 鏀跺埌鏂扮殑LSA锛屾簮=8, 搴忓垪鍙?4
2026-04-17 15:32:27,243 [Router10] INFO: 鏀跺埌鏂扮殑LSA锛屾簮=3, 搴忓垪鍙?4
2026-04-17 15:32:27,243 [Router7] INFO: 鏀跺埌鏂扮殑LSA锛屾簮=8, 搴忓垪鍙?4
2026-04-17 15:32:27,243 [Router8] INFO: 鏀跺埌鏂扮殑LSA锛屾簮=9, 搴忓垪鍙?4
2026-04-17 15:32:27,244 [Router4] INFO: 鏀跺埌鏂扮殑LSA锛屾簮=7, 搴忓垪鍙?4
2026-04-17 15:32:27,245 [Router9] INFO: 鏀跺埌鏂扮殑LSA锛屾簮=8, 搴忓垪鍙?4
2026-04-17 15:32:27,245 [Router5] INFO: 鏀跺埌鏂扮殑LSA锛屾簮=3, 搴忓垪鍙?4
2026-04-17 15:32:27,245 [Router3] INFO: 鏀跺埌鏂扮殑LSA锛屾簮=9, 搴忓垪鍙?4
2026-04-17 15:32:27,246 [Router10] INFO: 鏀跺埌鏂扮殑LSA锛屾簮=9, 搴忓垪鍙?4
2026-04-17 15:32:27,246 [Router7] INFO: 鏀跺埌鏂扮殑LSA锛屾簮=10, 搴忓垪鍙?3
2026-04-17 15:32:27,246 [Router8] INFO: 鏀跺埌鏂扮殑LSA锛屾簮=7, 搴忓垪鍙?4
2026-04-17 15:32:27,246 [Router2] INFO: 鏀跺埌鏂扮殑LSA锛屾簮=8, 搴忓垪鍙?4
2026-04-17 15:32:27,247 [Router4] INFO: 鏀跺埌鏂扮殑LSA锛屾簮=8, 搴忓垪鍙?4
2026-04-17 15:32:27,247 [Router9] INFO: 鏀跺埌鏂扮殑LSA锛屾簮=10, 搴忓垪鍙?3
2026-04-17 15:32:27,247 [Router5] INFO: 鏀跺埌鏂扮殑LSA锛屾簮=9, 搴忓垪鍙?4
2026-04-17 15:32:27,248 [Router6] INFO: 鏀跺埌鏂扮殑LSA锛屾簮=8, 搴忓垪鍙?4
2026-04-17 15:32:27,248 [Router3] INFO: 鏀跺埌鏂扮殑LSA锛屾簮=7, 搴忓垪鍙?4
2026-04-17 15:32:27,248 [Router10] INFO: 鏀跺埌鏂扮殑LSA锛屾簮=7, 搴忓垪鍙?4
2026-04-17 15:32:27,248 [Router7] INFO: 鏀跺埌鏂扮殑LSA锛屾簮=9, 搴忓垪鍙?4
2026-04-17 15:32:27,249 [Router2] INFO: 鏀跺埌鏂扮殑LSA锛屾簮=7, 搴忓垪鍙?4
2026-04-17 15:32:27,249 [Router4] INFO: 鏀跺埌鏂扮殑LSA锛屾簮=10, 搴忓垪鍙?3
2026-04-17 15:32:27,250 [Router1] INFO: 鏀跺埌鏂扮殑LSA锛屾簮=8, 搴忓垪鍙?4
2026-04-17 15:32:27,250 [Router8] INFO: 鏀跺埌鏂扮殑LSA锛屾簮=10, 搴忓垪鍙?3
2026-04-17 15:32:27,250 [Router9] INFO: 鏀跺埌鏂扮殑LSA锛屾簮=7, 搴忓垪鍙?4
2026-04-17 15:32:27,251 [Router5] INFO: 鏀跺埌鏂扮殑LSA锛屾簮=7, 搴忓垪鍙?4
2026-04-17 15:32:27,251 [Router6] INFO: 鏀跺埌鏂扮殑LSA锛屾簮=10, 搴忓垪鍙?3
2026-04-17 15:32:27,251 [Router3] INFO: 鏀跺埌鏂扮殑LSA锛屾簮=8, 搴忓垪鍙?4
2026-04-17 15:32:27,252 [Router10] INFO: 鏀跺埌鏂扮殑LSA锛屾簮=8, 搴忓垪鍙?4
2026-04-17 15:32:27,253 [Router2] INFO: 鏀跺埌鏂扮殑LSA锛屾簮=9, 搴忓垪鍙?4
2026-04-17 15:32:27,253 [Router4] INFO: 鏀跺埌鏂扮殑LSA锛屾簮=9, 搴忓垪鍙?4
2026-04-17 15:32:27,253 [Router1] INFO: 鏀跺埌鏂扮殑LSA锛屾簮=9, 搴忓垪鍙?4
2026-04-17 15:32:27,255 [Router5] INFO: 鏀跺埌鏂扮殑LSA锛屾簮=10, 搴忓垪鍙?3
2026-04-17 15:32:27,255 [Router6] INFO: 鏀跺埌鏂扮殑LSA锛屾簮=7, 搴忓垪鍙?4
2026-04-17 15:32:27,255 [Router3] INFO: 鏀跺埌鏂扮殑LSA锛屾簮=10, 搴忓垪鍙?3
2026-04-17 15:32:27,256 [Router2] INFO: 鏀跺埌鏂扮殑LSA锛屾簮=10, 搴忓垪鍙?3
2026-04-17 15:32:27,257 [Router1] INFO: 鏀跺埌鏂扮殑LSA锛屾簮=7, 搴忓垪鍙?4
2026-04-17 15:32:27,259 [Router1] INFO: 鏀跺埌鏂扮殑LSA锛屾簮=10, 搴忓垪鍙?3
2026-04-17 15:32:27,416 [Router2] INFO: Dijkstra璁＄畻瀹屾垚锛岃绠楁椂闂?0.036ms
2026-04-17 15:32:27,416 [Router6] INFO: Dijkstra璁＄畻瀹屾垚锛岃绠楁椂闂?0.025ms
2026-04-17 15:32:27,441 [Router3] INFO: Dijkstra璁＄畻瀹屾垚锛岃绠楁椂闂?0.033ms
2026-04-17 15:32:27,441 [Router4] INFO: Dijkstra璁＄畻瀹屾垚锛岃绠楁椂闂?0.040ms
2026-04-17 15:32:27,441 [Router7] INFO: Dijkstra璁＄畻瀹屾垚锛岃绠楁椂闂?0.027ms
2026-04-17 15:32:27,441 [Router1] INFO: Dijkstra璁＄畻瀹屾垚锛岃绠楁椂闂?0.023ms
2026-04-17 15:32:27,442 [Router8] INFO: Dijkstra璁＄畻瀹屾垚锛岃绠楁椂闂?0.028ms
2026-04-17 15:32:27,465 [Router9] INFO: Dijkstra璁＄畻瀹屾垚锛岃绠楁椂闂?0.061ms
2026-04-17 15:32:27,466 [Router5] INFO: Dijkstra璁＄畻瀹屾垚锛岃绠楁椂闂?0.052ms
2026-04-17 15:32:27,466 [Router10] INFO: Dijkstra璁＄畻瀹屾垚锛岃绠楁椂闂?0.049ms
2026-04-17 15:32:29,344 [Simulator] INFO: 鍋滄浠跨湡绯荤粺...
2026-04-17 15:32:29,344 [Router1] INFO: 鍋滄璺敱鍣?Router1
2026-04-17 15:32:32,138 [Simulator] INFO: 璺敱鍣?1 宸插仠姝?
2026-04-17 15:32:32,138 [Router2] INFO: 鍋滄璺敱鍣?Router2
2026-04-17 15:32:32,231 [Router3] ERROR: 鎺ユ敹娑堟伅寮傚父: [WinError 10054] 杩滅▼涓绘満寮鸿揩鍏抽棴浜嗕竴涓幇鏈夌殑杩炴帴銆?
2026-04-17 15:32:32,232 [Router8] INFO: 鏀跺埌鏂扮殑LSA锛屾簮=5, 搴忓垪鍙?4
2026-04-17 15:32:32,232 [Router2] INFO: 鏀跺埌鏂扮殑LSA锛屾簮=5, 搴忓垪鍙?4
2026-04-17 15:32:32,232 [Router6] INFO: 鏀跺埌鏂扮殑LSA锛屾簮=3, 搴忓垪鍙?5
2026-04-17 15:32:32,233 [Router8] INFO: Dijkstra璁＄畻瀹屾垚锛岃绠楁椂闂?0.032ms
2026-04-17 15:32:32,233 [Router3] INFO: 鏀跺埌鏂扮殑LSA锛屾簮=4, 搴忓垪鍙?5
2026-04-17 15:32:32,233 [Router4] INFO: 鏀跺埌鏂扮殑LSA锛屾簮=3, 搴忓垪鍙?5
2026-04-17 15:32:32,233 [Router2] INFO: Dijkstra璁＄畻瀹屾垚锛岃绠楁椂闂?0.025ms
2026-04-17 15:32:32,234 [Router9] INFO: 鏀跺埌鏂扮殑LSA锛屾簮=6, 搴忓垪鍙?4
2026-04-17 15:32:32,234 [Router6] INFO: Dijkstra璁＄畻瀹屾垚锛岃绠楁椂闂?0.022ms
2026-04-17 15:32:32,234 [Router7] INFO: 鏀跺埌鏂扮殑LSA锛屾簮=4, 搴忓垪鍙?5
2026-04-17 15:32:32,234 [Router3] INFO: Dijkstra璁＄畻瀹屾垚锛岃绠楁椂闂?0.019ms
2026-04-17 15:32:32,235 [Router4] INFO: Dijkstra璁＄畻瀹屾垚锛岃绠楁椂闂?0.022ms
2026-04-17 15:32:32,235 [Router9] INFO: Dijkstra璁＄畻瀹屾垚锛岃绠楁椂闂?0.022ms
2026-04-17 15:32:32,235 [Router3] ERROR: 鎺ユ敹娑堟伅寮傚父: [WinError 10054] 杩滅▼涓绘満寮鸿揩鍏抽棴浜嗕竴涓幇鏈夌殑杩炴帴銆?
2026-04-17 15:32:32,236 [Router8] INFO: 鏀跺埌鏂扮殑LSA锛屾簮=6, 搴忓垪鍙?4
2026-04-17 15:32:32,236 [Router6] INFO: 鏀跺埌鏂扮殑LSA锛屾簮=4, 搴忓垪鍙?5
2026-04-17 15:32:32,236 [Router10] INFO: 鏀跺埌鏂扮殑LSA锛屾簮=6, 搴忓垪鍙?4
2026-04-17 15:32:32,236 [Router7] INFO: Dijkstra璁＄畻瀹屾垚锛岃绠楁椂闂?0.023ms
2026-04-17 15:32:32,236 [Router3] INFO: 鏀跺埌鏂扮殑LSA锛屾簮=6, 搴忓垪鍙?4
2026-04-17 15:32:32,237 [Router9] INFO: 鏀跺埌鏂扮殑LSA锛屾簮=5, 搴忓垪鍙?4
2026-04-17 15:32:32,237 [Router8] INFO: 鏀跺埌鏂扮殑LSA锛屾簮=4, 搴忓垪鍙?5
2026-04-17 15:32:32,237 [Router10] INFO: Dijkstra璁＄畻瀹屾垚锛岃绠楁椂闂?0.023ms
2026-04-17 15:32:32,238 [Router5] INFO: 鏀跺埌鏂扮殑LSA锛屾簮=6, 搴忓垪鍙?4
2026-04-17 15:32:32,238 [Router7] INFO: 鏀跺埌鏂扮殑LSA锛屾簮=5, 搴忓垪鍙?4
2026-04-17 15:32:32,239 [Router9] INFO: 鏀跺埌鏂扮殑LSA锛屾簮=3, 搴忓垪鍙?5
2026-04-17 15:32:32,240 [Router10] INFO: 鏀跺埌鏂扮殑LSA锛屾簮=4, 搴忓垪鍙?5
2026-04-17 15:32:32,240 [Router4] INFO: 鏀跺埌鏂扮殑LSA锛屾簮=6, 搴忓垪鍙?4
2026-04-17 15:32:32,240 [Router6] INFO: 鏀跺埌鏂扮殑LSA锛屾簮=5, 搴忓垪鍙?4
2026-04-17 15:32:32,240 [Router5] INFO: Dijkstra璁＄畻瀹屾垚锛岃绠楁椂闂?0.022ms
2026-04-17 15:32:32,240 [Router3] ERROR: 鎺ユ敹娑堟伅寮傚父: [WinError 10054] 杩滅▼涓绘満寮鸿揩鍏抽棴浜嗕竴涓幇鏈夌殑杩炴帴銆?
2026-04-17 15:32:32,241 [Router7] INFO: 鏀跺埌鏂扮殑LSA锛屾簮=3, 搴忓垪鍙?5
2026-04-17 15:32:32,241 [Router9] INFO: 鏀跺埌鏂扮殑LSA锛屾簮=4, 搴忓垪鍙?5
2026-04-17 15:32:32,242 [Router10] INFO: 鏀跺埌鏂扮殑LSA锛屾簮=5, 搴忓垪鍙?4
2026-04-17 15:32:32,242 [Router4] INFO: 鏀跺埌鏂扮殑LSA锛屾簮=5, 搴忓垪鍙?4
2026-04-17 15:32:32,242 [Router5] INFO: 鏀跺埌鏂扮殑LSA锛屾簮=4, 搴忓垪鍙?5
2026-04-17 15:32:32,243 [Router8] INFO: 鏀跺埌鏂扮殑LSA锛屾簮=3, 搴忓垪鍙?5
2026-04-17 15:32:32,243 [Router7] INFO: 鏀跺埌鏂扮殑LSA锛屾簮=6, 搴忓垪鍙?4
2026-04-17 15:32:32,243 [Router3] INFO: 鏀跺埌鏂扮殑LSA锛屾簮=5, 搴忓垪鍙?4
2026-04-17 15:32:32,244 [Router10] INFO: 鏀跺埌鏂扮殑LSA锛屾簮=3, 搴忓垪鍙?5
2026-04-17 15:32:32,246 [Router5] INFO: 鏀跺埌鏂扮殑LSA锛屾簮=3, 搴忓垪鍙?5
2026-04-17 15:32:32,247 [Router3] ERROR: 鎺ユ敹娑堟伅寮傚父: [WinError 10054] 杩滅▼涓绘満寮鸿揩鍏抽棴浜嗕竴涓幇鏈夌殑杩炴帴銆?
2026-04-17 15:32:32,254 [Router5] INFO: 鏀跺埌鏂扮殑LSA锛屾簮=8, 搴忓垪鍙?5
2026-04-17 15:32:32,254 [Router4] INFO: 鏀跺埌鏂扮殑LSA锛屾簮=7, 搴忓垪鍙?5
2026-04-17 15:32:32,254 [Router6] INFO: 鏀跺埌鏂扮殑LSA锛屾簮=9, 搴忓垪鍙?5
2026-04-17 15:32:32,255 [Router10] INFO: 鏀跺埌鏂扮殑LSA锛屾簮=7, 搴忓垪鍙?5
2026-04-17 15:32:32,255 [Router7] INFO: 鏀跺埌鏂扮殑LSA锛屾簮=10, 搴忓垪鍙?4
2026-04-17 15:32:32,255 [Router8] INFO: 鏀跺埌鏂扮殑LSA锛屾簮=7, 搴忓垪鍙?5
2026-04-17 15:32:32,256 [Router9] INFO: 鏀跺埌鏂扮殑LSA锛屾簮=10, 搴忓垪鍙?4
2026-04-17 15:32:32,256 [Router10] INFO: 鏀跺埌鏂扮殑LSA锛屾簮=9, 搴忓垪鍙?5
2026-04-17 15:32:32,257 [Router7] INFO: 鏀跺埌鏂扮殑LSA锛屾簮=8, 搴忓垪鍙?5
2026-04-17 15:32:32,257 [Router3] INFO: 鏀跺埌鏂扮殑LSA锛屾簮=7, 搴忓垪鍙?5
2026-04-17 15:32:32,257 [Router8] INFO: 鏀跺埌鏂扮殑LSA锛屾簮=9, 搴忓垪鍙?5
2026-04-17 15:32:32,257 [Router9] INFO: 鏀跺埌鏂扮殑LSA锛屾簮=8, 搴忓垪鍙?5
2026-04-17 15:32:32,257 [Router4] INFO: 鏀跺埌鏂扮殑LSA锛屾簮=10, 搴忓垪鍙?4
2026-04-17 15:32:32,258 [Router5] INFO: 鏀跺埌鏂扮殑LSA锛屾簮=7, 搴忓垪鍙?5
2026-04-17 15:32:32,258 [Router6] INFO: 鏀跺埌鏂扮殑LSA锛屾簮=10, 搴忓垪鍙?4
2026-04-17 15:32:32,258 [Router7] INFO: 鏀跺埌鏂扮殑LSA锛屾簮=9, 搴忓垪鍙?5
2026-04-17 15:32:32,258 [Router3] INFO: 鏀跺埌鏂扮殑LSA锛屾簮=9, 搴忓垪鍙?5
2026-04-17 15:32:32,259 [Router8] INFO: 鏀跺埌鏂扮殑LSA锛屾簮=10, 搴忓垪鍙?4
2026-04-17 15:32:32,259 [Router10] INFO: 鏀跺埌鏂扮殑LSA锛屾簮=8, 搴忓垪鍙?5
2026-04-17 15:32:32,259 [Router9] INFO: 鏀跺埌鏂扮殑LSA锛屾簮=7, 搴忓垪鍙?5
2026-04-17 15:32:32,259 [Router3] ERROR: 鎺ユ敹娑堟伅寮傚父: [WinError 10054] 杩滅▼涓绘満寮鸿揩鍏抽棴浜嗕竴涓幇鏈夌殑杩炴帴銆?
2026-04-17 15:32:32,259 [Router4] INFO: 鏀跺埌鏂扮殑LSA锛屾簮=8, 搴忓垪鍙?5
2026-04-17 15:32:32,260 [Router5] INFO: 鏀跺埌鏂扮殑LSA锛屾簮=9, 搴忓垪鍙?5
2026-04-17 15:32:32,260 [Router6] INFO: 鏀跺埌鏂扮殑LSA锛屾簮=8, 搴忓垪鍙?5
2026-04-17 15:32:32,263 [Router4] INFO: 鏀跺埌鏂扮殑LSA锛屾簮=9, 搴忓垪鍙?5
2026-04-17 15:32:32,263 [Router3] INFO: 鏀跺埌鏂扮殑LSA锛屾簮=10, 搴忓垪鍙?4
2026-04-17 15:32:32,263 [Router5] INFO: 鏀跺埌鏂扮殑LSA锛屾簮=10, 搴忓垪鍙?4
2026-04-17 15:32:32,263 [Router6] INFO: 鏀跺埌鏂扮殑LSA锛屾簮=7, 搴忓垪鍙?5
2026-04-17 15:32:32,264 [Router3] ERROR: 鎺ユ敹娑堟伅寮傚父: [WinError 10054] 杩滅▼涓绘満寮鸿揩鍏抽棴浜嗕竴涓幇鏈夌殑杩炴帴銆?
2026-04-17 15:32:32,264 [Router3] INFO: 鏀跺埌鏂扮殑LSA锛屾簮=8, 搴忓垪鍙?5
2026-04-17 15:32:32,264 [Router3] ERROR: 鎺ユ敹娑堟伅寮傚父: [WinError 10054] 杩滅▼涓绘満寮鸿揩鍏抽棴浜嗕竴涓幇鏈夌殑杩炴帴銆?
2026-04-17 15:32:32,264 [Router3] ERROR: 鎺ユ敹娑堟伅寮傚父: [WinError 10054] 杩滅▼涓绘満寮鸿揩鍏抽棴浜嗕竴涓幇鏈夌殑杩炴帴銆?
2026-04-17 15:32:32,465 [Router4] INFO: Dijkstra璁＄畻瀹屾垚锛岃绠楁椂闂?0.058ms
2026-04-17 15:32:32,465 [Router9] INFO: Dijkstra璁＄畻瀹屾垚锛岃绠楁椂闂?0.057ms
2026-04-17 15:32:32,465 [Router5] INFO: Dijkstra璁＄畻瀹屾垚锛岃绠楁椂闂?0.053ms
2026-04-17 15:32:32,465 [Router10] INFO: Dijkstra璁＄畻瀹屾垚锛岃绠楁椂闂?0.042ms
2026-04-17 15:32:32,465 [Router7] INFO: Dijkstra璁＄畻瀹屾垚锛岃绠楁椂闂?0.059ms
2026-04-17 15:32:32,465 [Router8] INFO: Dijkstra璁＄畻瀹屾垚锛岃绠楁椂闂?0.057ms
2026-04-17 15:32:32,465 [Router3] INFO: Dijkstra璁＄畻瀹屾垚锛岃绠楁椂闂?0.053ms
2026-04-17 15:32:32,465 [Router6] INFO: Dijkstra璁＄畻瀹屾垚锛岃绠楁椂闂?0.074ms
2026-04-17 15:32:32,564 [Router3] ERROR: 鎺ユ敹娑堟伅寮傚父: [WinError 10054] 杩滅▼涓绘満寮鸿揩鍏抽棴浜嗕竴涓幇鏈夌殑杩炴帴銆?
2026-04-17 15:32:32,573 [Simulator] INFO: 璺敱鍣?2 宸插仠姝?
2026-04-17 15:32:32,573 [Router3] INFO: 鍋滄璺敱鍣?Router3
2026-04-17 15:32:33,363 [Router4] ERROR: 鎺ユ敹娑堟伅寮傚父: [WinError 10054] 杩滅▼涓绘満寮鸿揩鍏抽棴浜嗕竴涓幇鏈夌殑杩炴帴銆?
2026-04-17 15:32:33,373 [Router5] ERROR: 鎺ユ敹娑堟伅寮傚父: [WinError 10054] 杩滅▼涓绘満寮鸿揩鍏抽棴浜嗕竴涓幇鏈夌殑杩炴帴銆?
2026-04-17 15:32:34,179 [Router5] ERROR: 鎺ユ敹娑堟伅寮傚父: [WinError 10054] 杩滅▼涓绘満寮鸿揩鍏抽棴浜嗕竴涓幇鏈夌殑杩炴帴銆?
2026-04-17 15:32:34,182 [Router4] ERROR: 鎺ユ敹娑堟伅寮傚父: [WinError 10054] 杩滅▼涓绘満寮鸿揩鍏抽棴浜嗕竴涓幇鏈夌殑杩炴帴銆?
2026-04-17 15:32:34,988 [Router4] ERROR: 鎺ユ敹娑堟伅寮傚父: [WinError 10054] 杩滅▼涓绘満寮鸿揩鍏抽棴浜嗕竴涓幇鏈夌殑杩炴帴銆?
2026-04-17 15:32:34,991 [Router5] ERROR: 鎺ユ敹娑堟伅寮傚父: [WinError 10054] 杩滅▼涓绘満寮鸿揩鍏抽棴浜嗕竴涓幇鏈夌殑杩炴帴銆?
2026-04-17 15:32:35,386 [Simulator] INFO: 璺敱鍣?3 宸插仠姝?
2026-04-17 15:32:35,386 [Router4] INFO: 鍋滄璺敱鍣?Router4
2026-04-17 15:32:35,798 [Router5] ERROR: 鎺ユ敹娑堟伅寮傚父: [WinError 10054] 杩滅▼涓绘満寮鸿揩鍏抽棴浜嗕竴涓幇鏈夌殑杩炴帴銆?
2026-04-17 15:32:35,811 [Router6] ERROR: 鎺ユ敹娑堟伅寮傚父: [WinError 10054] 杩滅▼涓绘満寮鸿揩鍏抽棴浜嗕竴涓幇鏈夌殑杩炴帴銆?
2026-04-17 15:32:36,611 [Router5] WARNING: 閭绘帴璺敱鍣?2 宸叉晠闅?
2026-04-17 15:32:36,611 [Router5] INFO: 閭绘帴璺敱鍣?2 Down浜嬩欢
2026-04-17 15:32:36,611 [Router5] INFO: Dijkstra璁＄畻瀹屾垚锛岃绠楁椂闂?0.029ms
2026-04-17 15:32:36,613 [Router5] ERROR: 鎺ユ敹娑堟伅寮傚父: [WinError 10054] 杩滅▼涓绘満寮鸿揩鍏抽棴浜嗕竴涓幇鏈夌殑杩炴帴銆?
2026-04-17 15:32:36,613 [Router8] INFO: 鏀跺埌鏂扮殑LSA锛屾簮=5, 搴忓垪鍙?5
2026-04-17 15:32:36,614 [Router8] INFO: Dijkstra璁＄畻瀹屾垚锛岃绠楁椂闂?0.035ms
2026-04-17 15:32:36,614 [Router9] INFO: 鏀跺埌鏂扮殑LSA锛屾簮=5, 搴忓垪鍙?5
2026-04-17 15:32:36,614 [Router9] INFO: Dijkstra璁＄畻瀹屾垚锛岃绠楁椂闂?0.022ms
2026-04-17 15:32:36,614 [Router7] INFO: 鏀跺埌鏂扮殑LSA锛屾簮=5, 搴忓垪鍙?5
2026-04-17 15:32:36,615 [Router6] INFO: 鏀跺埌鏂扮殑LSA锛屾簮=5, 搴忓垪鍙?5
2026-04-17 15:32:36,615 [Router10] INFO: 鏀跺埌鏂扮殑LSA锛屾簮=5, 搴忓垪鍙?5
2026-04-17 15:32:36,615 [Router7] INFO: Dijkstra璁＄畻瀹屾垚锛岃绠楁椂闂?0.033ms
2026-04-17 15:32:36,615 [Router6] INFO: Dijkstra璁＄畻瀹屾垚锛岃绠楁椂闂?0.025ms
2026-04-17 15:32:36,616 [Router10] INFO: Dijkstra璁＄畻瀹屾垚锛岃绠楁椂闂?0.020ms
2026-04-17 15:32:36,616 [Router6] ERROR: 鎺ユ敹娑堟伅寮傚父: [WinError 10054] 杩滅▼涓绘満寮鸿揩鍏抽棴浜嗕竴涓幇鏈夌殑杩炴帴銆?
2026-04-17 15:32:36,621 [Router6] ERROR: 鎺ユ敹娑堟伅寮傚父: [WinError 10054] 杩滅▼涓绘満寮鸿揩鍏抽棴浜嗕竴涓幇鏈夌殑杩炴帴銆?
2026-04-17 15:32:37,239 [Simulator] INFO: 璺敱鍣?4 宸插仠姝?
2026-04-17 15:32:37,239 [Router5] INFO: 鍋滄璺敱鍣?Router5
2026-04-17 15:32:37,240 [Router8] INFO: 鏀跺埌鏂扮殑LSA锛屾簮=5, 搴忓垪鍙?6
2026-04-17 15:32:37,240 [Router8] INFO: Dijkstra璁＄畻瀹屾垚锛岃绠楁椂闂?0.047ms
2026-04-17 15:32:37,241 [Router6] ERROR: 鎺ユ敹娑堟伅寮傚父: [WinError 10054] 杩滅▼涓绘満寮鸿揩鍏抽棴浜嗕竴涓幇鏈夌殑杩炴帴銆?
2026-04-17 15:32:37,241 [Router9] INFO: 鏀跺埌鏂扮殑LSA锛屾簮=6, 搴忓垪鍙?5
2026-04-17 15:32:37,241 [Router9] INFO: Dijkstra璁＄畻瀹屾垚锛岃绠楁椂闂?0.059ms
2026-04-17 15:32:37,242 [Router9] INFO: 鏀跺埌鏂扮殑LSA锛屾簮=5, 搴忓垪鍙?6
2026-04-17 15:32:37,243 [Router7] INFO: 鏀跺埌鏂扮殑LSA锛屾簮=5, 搴忓垪鍙?6
2026-04-17 15:32:37,243 [Router7] INFO: Dijkstra璁＄畻瀹屾垚锛岃绠楁椂闂?0.023ms
2026-04-17 15:32:37,243 [Router10] INFO: 鏀跺埌鏂扮殑LSA锛屾簮=6, 搴忓垪鍙?5
2026-04-17 15:32:37,244 [Router10] INFO: Dijkstra璁＄畻瀹屾垚锛岃绠楁椂闂?0.021ms
2026-04-17 15:32:37,244 [Router8] INFO: 鏀跺埌鏂扮殑LSA锛屾簮=6, 搴忓垪鍙?5
2026-04-17 15:32:37,244 [Router10] INFO: 鏀跺埌鏂扮殑LSA锛屾簮=5, 搴忓垪鍙?6
2026-04-17 15:32:37,244 [Router7] INFO: 鏀跺埌鏂扮殑LSA锛屾簮=6, 搴忓垪鍙?5
2026-04-17 15:32:37,245 [Router6] INFO: 鏀跺埌鏂扮殑LSA锛屾簮=5, 搴忓垪鍙?6
2026-04-17 15:32:37,245 [Router7] ERROR: 鎺ユ敹娑堟伅寮傚父: [WinError 10054] 杩滅▼涓绘満寮鸿揩鍏抽棴浜嗕竴涓幇鏈夌殑杩炴帴銆?
2026-04-17 15:32:37,246 [Router5] INFO: 鏀跺埌鏂扮殑LSA锛屾簮=6, 搴忓垪鍙?5
2026-04-17 15:32:37,246 [Router6] INFO: Dijkstra璁＄畻瀹屾垚锛岃绠楁椂闂?0.024ms
2026-04-17 15:32:37,247 [Router6] ERROR: 鎺ユ敹娑堟伅寮傚父: [WinError 10054] 杩滅▼涓绘満寮鸿揩鍏抽棴浜嗕竴涓幇鏈夌殑杩炴帴銆?
2026-04-17 15:32:37,247 [Router5] INFO: Dijkstra璁＄畻瀹屾垚锛岃绠楁椂闂?0.027ms
2026-04-17 15:32:37,248 [Router7] ERROR: 鎺ユ敹娑堟伅寮傚父: [WinError 10054] 杩滅▼涓绘満寮鸿揩鍏抽棴浜嗕竴涓幇鏈夌殑杩炴帴銆?
2026-04-17 15:32:37,260 [Router8] INFO: 鏀跺埌鏂扮殑LSA锛屾簮=7, 搴忓垪鍙?6
2026-04-17 15:32:37,262 [Router7] ERROR: 鎺ユ敹娑堟伅寮傚父: [WinError 10054] 杩滅▼涓绘満寮鸿揩鍏抽棴浜嗕竴涓幇鏈夌殑杩炴帴銆?
2026-04-17 15:32:37,262 [Router8] INFO: 鏀跺埌鏂扮殑LSA锛屾簮=9, 搴忓垪鍙?6
2026-04-17 15:32:37,262 [Router7] INFO: 鏀跺埌鏂扮殑LSA锛屾簮=8, 搴忓垪鍙?6
2026-04-17 15:32:37,262 [Router6] INFO: 鏀跺埌鏂扮殑LSA锛屾簮=9, 搴忓垪鍙?6
2026-04-17 15:32:37,262 [Router7] INFO: 鏀跺埌鏂扮殑LSA锛屾簮=10, 搴忓垪鍙?5
2026-04-17 15:32:37,263 [Router9] INFO: 鏀跺埌鏂扮殑LSA锛屾簮=10, 搴忓垪鍙?5
2026-04-17 15:32:37,263 [Router10] INFO: 鏀跺埌鏂扮殑LSA锛屾簮=9, 搴忓垪鍙?6
2026-04-17 15:32:37,263 [Router7] ERROR: 鎺ユ敹娑堟伅寮傚父: [WinError 10054] 杩滅▼涓绘満寮鸿揩鍏抽棴浜嗕竴涓幇鏈夌殑杩炴帴銆?
2026-04-17 15:32:37,263 [Router6] ERROR: 鎺ユ敹娑堟伅寮傚父: [WinError 10054] 杩滅▼涓绘満寮鸿揩鍏抽棴浜嗕竴涓幇鏈夌殑杩炴帴銆?
2026-04-17 15:32:37,264 [Router9] INFO: 鏀跺埌鏂扮殑LSA锛屾簮=8, 搴忓垪鍙?6
2026-04-17 15:32:37,264 [Router10] INFO: 鏀跺埌鏂扮殑LSA锛屾簮=7, 搴忓垪鍙?6
2026-04-17 15:32:37,264 [Router9] INFO: 鏀跺埌鏂扮殑LSA锛屾簮=7, 搴忓垪鍙?6
2026-04-17 15:32:37,264 [Router6] INFO: 鏀跺埌鏂扮殑LSA锛屾簮=10, 搴忓垪鍙?5
2026-04-17 15:32:37,265 [Router10] INFO: 鏀跺埌鏂扮殑LSA锛屾簮=8, 搴忓垪鍙?6
2026-04-17 15:32:37,265 [Router8] INFO: 鏀跺埌鏂扮殑LSA锛屾簮=10, 搴忓垪鍙?5
2026-04-17 15:32:37,265 [Router7] INFO: 鏀跺埌鏂扮殑LSA锛屾簮=9, 搴忓垪鍙?6
2026-04-17 15:32:37,265 [Router6] INFO: 鏀跺埌鏂扮殑LSA锛屾簮=8, 搴忓垪鍙?6
2026-04-17 15:32:37,266 [Router7] ERROR: 鎺ユ敹娑堟伅寮傚父: [WinError 10054] 杩滅▼涓绘満寮鸿揩鍏抽棴浜嗕竴涓幇鏈夌殑杩炴帴銆?
2026-04-17 15:32:37,266 [Router6] ERROR: 鎺ユ敹娑堟伅寮傚父: [WinError 10054] 杩滅▼涓绘満寮鸿揩鍏抽棴浜嗕竴涓幇鏈夌殑杩炴帴銆?
2026-04-17 15:32:37,269 [Router7] ERROR: 鎺ユ敹娑堟伅寮傚父: [WinError 10054] 杩滅▼涓绘満寮鸿揩鍏抽棴浜嗕竴涓幇鏈夌殑杩炴帴銆?
2026-04-17 15:32:37,269 [Router6] INFO: 鏀跺埌鏂扮殑LSA锛屾簮=7, 搴忓垪鍙?6
2026-04-17 15:32:37,269 [Router6] ERROR: 鎺ユ敹娑堟伅寮傚父: [WinError 10054] 杩滅▼涓绘満寮鸿揩鍏抽棴浜嗕竴涓幇鏈夌殑杩炴帴銆?
2026-04-17 15:32:37,269 [Router6] ERROR: 鎺ユ敹娑堟伅寮傚父: [WinError 10054] 杩滅▼涓绘満寮鸿揩鍏抽棴浜嗕竴涓幇鏈夌殑杩炴帴銆?
2026-04-17 15:32:37,418 [Router7] ERROR: 鎺ユ敹娑堟伅寮傚父: [WinError 10054] 杩滅▼涓绘満寮鸿揩鍏抽棴浜嗕竴涓幇鏈夌殑杩炴帴銆?
2026-04-17 15:32:37,433 [Router6] WARNING: 閭绘帴璺敱鍣?3 宸叉晠闅?
2026-04-17 15:32:37,433 [Router6] INFO: 閭绘帴璺敱鍣?3 Down浜嬩欢
2026-04-17 15:32:37,434 [Router6] ERROR: 鎺ユ敹娑堟伅寮傚父: [WinError 10054] 杩滅▼涓绘満寮鸿揩鍏抽棴浜嗕竴涓幇鏈夌殑杩炴帴銆?
2026-04-17 15:32:37,434 [Router9] INFO: 鏀跺埌鏂扮殑LSA锛屾簮=6, 搴忓垪鍙?6
2026-04-17 15:32:37,434 [Router10] INFO: 鏀跺埌鏂扮殑LSA锛屾簮=6, 搴忓垪鍙?6
2026-04-17 15:32:37,435 [Router8] INFO: 鏀跺埌鏂扮殑LSA锛屾簮=6, 搴忓垪鍙?6
2026-04-17 15:32:37,435 [Router7] INFO: 鏀跺埌鏂扮殑LSA锛屾簮=6, 搴忓垪鍙?6
2026-04-17 15:32:37,436 [Router7] ERROR: 鎺ユ敹娑堟伅寮傚父: [WinError 10054] 杩滅▼涓绘満寮鸿揩鍏抽棴浜嗕竴涓幇鏈夌殑杩炴帴銆?
2026-04-17 15:32:37,462 [Router9] INFO: Dijkstra璁＄畻瀹屾垚锛岃绠楁椂闂?0.029ms
2026-04-17 15:32:37,462 [Router6] INFO: Dijkstra璁＄畻瀹屾垚锛岃绠楁椂闂?0.023ms
2026-04-17 15:32:37,462 [Router8] INFO: Dijkstra璁＄畻瀹屾垚锛岃绠楁椂闂?0.025ms
2026-04-17 15:32:37,486 [Router7] INFO: Dijkstra璁＄畻瀹屾垚锛岃绠楁椂闂?0.063ms
2026-04-17 15:32:37,487 [Router10] INFO: Dijkstra璁＄畻瀹屾垚锛岃绠楁椂闂?0.090ms
2026-04-17 15:32:38,220 [Router7] ERROR: 鎺ユ敹娑堟伅寮傚父: [WinError 10054] 杩滅▼涓绘満寮鸿揩鍏抽棴浜嗕竴涓幇鏈夌殑杩炴帴銆?
2026-04-17 15:32:38,236 [Router6] ERROR: 鎺ユ敹娑堟伅寮傚父: [WinError 10054] 杩滅▼涓绘満寮鸿揩鍏抽棴浜嗕竴涓幇鏈夌殑杩炴帴銆?
2026-04-17 15:32:39,028 [Router7] ERROR: 鎺ユ敹娑堟伅寮傚父: [WinError 10054] 杩滅▼涓绘満寮鸿揩鍏抽棴浜嗕竴涓幇鏈夌殑杩炴帴銆?
2026-04-17 15:32:39,045 [Router6] ERROR: 鎺ユ敹娑堟伅寮傚父: [WinError 10054] 杩滅▼涓绘満寮鸿揩鍏抽棴浜嗕竴涓幇鏈夌殑杩炴帴銆?
2026-04-17 15:32:39,253 [Simulator] INFO: 璺敱鍣?5 宸插仠姝?
2026-04-17 15:32:39,253 [Router6] INFO: 鍋滄璺敱鍣?Router6
2026-04-17 15:32:39,835 [Router7] WARNING: 閭绘帴璺敱鍣?4 宸叉晠闅?
2026-04-17 15:32:39,835 [Router7] INFO: 閭绘帴璺敱鍣?4 Down浜嬩欢
2026-04-17 15:32:39,835 [Router7] INFO: Dijkstra璁＄畻瀹屾垚锛岃绠楁椂闂?0.021ms
2026-04-17 15:32:39,836 [Router7] ERROR: 鎺ユ敹娑堟伅寮傚父: [WinError 10054] 杩滅▼涓绘満寮鸿揩鍏抽棴浜嗕竴涓幇鏈夌殑杩炴帴銆?
2026-04-17 15:32:39,837 [Router8] INFO: 鏀跺埌鏂扮殑LSA锛屾簮=7, 搴忓垪鍙?7
2026-04-17 15:32:39,837 [Router10] INFO: 鏀跺埌鏂扮殑LSA锛屾簮=7, 搴忓垪鍙?7
2026-04-17 15:32:39,837 [Router8] INFO: Dijkstra璁＄畻瀹屾垚锛岃绠楁椂闂?0.019ms
2026-04-17 15:32:39,838 [Router10] INFO: Dijkstra璁＄畻瀹屾垚锛岃绠楁椂闂?0.017ms
2026-04-17 15:32:39,838 [Router8] ERROR: 鎺ユ敹娑堟伅寮傚父: [WinError 10054] 杩滅▼涓绘満寮鸿揩鍏抽棴浜嗕竴涓幇鏈夌殑杩炴帴銆?
2026-04-17 15:32:39,838 [Router9] INFO: 鏀跺埌鏂扮殑LSA锛屾簮=7, 搴忓垪鍙?7
2026-04-17 15:32:39,839 [Router9] INFO: Dijkstra璁＄畻瀹屾垚锛岃绠楁椂闂?0.015ms
2026-04-17 15:32:39,850 [Router8] ERROR: 鎺ユ敹娑堟伅寮傚父: [WinError 10054] 杩滅▼涓绘満寮鸿揩鍏抽棴浜嗕竴涓幇鏈夌殑杩炴帴銆?
2026-04-17 15:32:40,645 [Router7] ERROR: 鎺ユ敹娑堟伅寮傚父: [WinError 10054] 杩滅▼涓绘満寮鸿揩鍏抽棴浜嗕竴涓幇鏈夌殑杩炴帴銆?
2026-04-17 15:32:40,660 [Router8] ERROR: 鎺ユ敹娑堟伅寮傚父: [WinError 10054] 杩滅▼涓绘満寮鸿揩鍏抽棴浜嗕竴涓幇鏈夌殑杩炴帴銆?
2026-04-17 15:32:41,453 [Router7] ERROR: 鎺ユ敹娑堟伅寮傚父: [WinError 10054] 杩滅▼涓绘満寮鸿揩鍏抽棴浜嗕竴涓幇鏈夌殑杩炴帴銆?
2026-04-17 15:32:41,468 [Router8] WARNING: 閭绘帴璺敱鍣?5 宸叉晠闅?
2026-04-17 15:32:41,468 [Router8] INFO: 閭绘帴璺敱鍣?5 Down浜嬩欢
2026-04-17 15:32:41,468 [Router8] INFO: Dijkstra璁＄畻瀹屾垚锛岃绠楁椂闂?0.020ms
2026-04-17 15:32:41,469 [Router8] ERROR: 鎺ユ敹娑堟伅寮傚父: [WinError 10054] 杩滅▼涓绘満寮鸿揩鍏抽棴浜嗕竴涓幇鏈夌殑杩炴帴銆?
2026-04-17 15:32:41,469 [Router9] INFO: 鏀跺埌鏂扮殑LSA锛屾簮=8, 搴忓垪鍙?7
2026-04-17 15:32:41,469 [Router9] INFO: Dijkstra璁＄畻瀹屾垚锛岃绠楁椂闂?0.016ms
2026-04-17 15:32:41,470 [Router7] INFO: 鏀跺埌鏂扮殑LSA锛屾簮=8, 搴忓垪鍙?7
2026-04-17 15:32:41,470 [Router7] INFO: Dijkstra璁＄畻瀹屾垚锛岃绠楁椂闂?0.014ms
2026-04-17 15:32:41,471 [Router10] INFO: 鏀跺埌鏂扮殑LSA锛屾簮=8, 搴忓垪鍙?7
2026-04-17 15:32:41,471 [Router10] INFO: Dijkstra璁＄畻瀹屾垚锛岃绠楁椂闂?0.013ms
2026-04-17 15:32:41,852 [Simulator] INFO: 璺敱鍣?6 宸插仠姝?
2026-04-17 15:32:41,852 [Router7] INFO: 鍋滄璺敱鍣?Router7
2026-04-17 15:32:42,271 [Simulator] INFO: 璺敱鍣?7 宸插仠姝?
2026-04-17 15:32:42,271 [Router8] INFO: 鍋滄璺敱鍣?Router8
2026-04-17 15:32:42,271 [Router9] ERROR: 鎺ユ敹娑堟伅寮傚父: [WinError 10054] 杩滅▼涓绘満寮鸿揩鍏抽棴浜嗕竴涓幇鏈夌殑杩炴帴銆?
2026-04-17 15:32:42,272 [Router9] ERROR: 鎺ユ敹娑堟伅寮傚父: [WinError 10054] 杩滅▼涓绘満寮鸿揩鍏抽棴浜嗕竴涓幇鏈夌殑杩炴帴銆?
2026-04-17 15:32:42,272 [Router9] INFO: 鏀跺埌鏂扮殑LSA锛屾簮=10, 搴忓垪鍙?6
2026-04-17 15:32:42,273 [Router9] INFO: Dijkstra璁＄畻瀹屾垚锛岃绠楁椂闂?0.017ms
2026-04-17 15:32:42,273 [Router10] INFO: 鏀跺埌鏂扮殑LSA锛屾簮=9, 搴忓垪鍙?7
2026-04-17 15:32:42,273 [Router10] INFO: Dijkstra璁＄畻瀹屾垚锛岃绠楁椂闂?0.015ms
2026-04-17 15:32:42,273 [Router9] ERROR: 鎺ユ敹娑堟伅寮傚父: [WinError 10054] 杩滅▼涓绘満寮鸿揩鍏抽棴浜嗕竴涓幇鏈夌殑杩炴帴銆?
2026-04-17 15:32:42,274 [Router10] ERROR: 鎺ユ敹娑堟伅寮傚父: [WinError 10054] 杩滅▼涓绘満寮鸿揩鍏抽棴浜嗕竴涓幇鏈夌殑杩炴帴銆?
2026-04-17 15:32:43,084 [Router10] ERROR: 鎺ユ敹娑堟伅寮傚父: [WinError 10054] 杩滅▼涓绘満寮鸿揩鍏抽棴浜嗕竴涓幇鏈夌殑杩炴帴銆?
2026-04-17 15:32:43,084 [Router9] ERROR: 鎺ユ敹娑堟伅寮傚父: [WinError 10054] 杩滅▼涓绘満寮鸿揩鍏抽棴浜嗕竴涓幇鏈夌殑杩炴帴銆?
2026-04-17 15:32:43,898 [Router9] WARNING: 閭绘帴璺敱鍣?6 宸叉晠闅?
2026-04-17 15:32:43,898 [Router9] INFO: 閭绘帴璺敱鍣?6 Down浜嬩欢
2026-04-17 15:32:43,899 [Router9] INFO: Dijkstra璁＄畻瀹屾垚锛岃绠楁椂闂?0.034ms
2026-04-17 15:32:43,899 [Router10] ERROR: 鎺ユ敹娑堟伅寮傚父: [WinError 10054] 杩滅▼涓绘満寮鸿揩鍏抽棴浜嗕竴涓幇鏈夌殑杩炴帴銆?
2026-04-17 15:32:43,900 [Router9] ERROR: 鎺ユ敹娑堟伅寮傚父: [WinError 10054] 杩滅▼涓绘満寮鸿揩鍏抽棴浜嗕竴涓幇鏈夌殑杩炴帴銆?
2026-04-17 15:32:43,901 [Router10] INFO: 鏀跺埌鏂扮殑LSA锛屾簮=9, 搴忓垪鍙?8
2026-04-17 15:32:43,901 [Router10] INFO: Dijkstra璁＄畻瀹屾垚锛岃绠楁椂闂?0.024ms
2026-04-17 15:32:43,902 [Router10] ERROR: 鎺ユ敹娑堟伅寮傚父: [WinError 10054] 杩滅▼涓绘満寮鸿揩鍏抽棴浜嗕竴涓幇鏈夌殑杩炴帴銆?
2026-04-17 15:32:44,283 [Simulator] INFO: 璺敱鍣?8 宸插仠姝?
2026-04-17 15:32:44,283 [Router9] INFO: 鍋滄璺敱鍣?Router9
2026-04-17 15:32:44,713 [Router10] ERROR: 鎺ユ敹娑堟伅寮傚父: [WinError 10054] 杩滅▼涓绘満寮鸿揩鍏抽棴浜嗕竴涓幇鏈夌殑杩炴帴銆?
2026-04-17 15:32:45,516 [Router10] ERROR: 鎺ユ敹娑堟伅寮傚父: [WinError 10054] 杩滅▼涓绘満寮鸿揩鍏抽棴浜嗕竴涓幇鏈夌殑杩炴帴銆?
2026-04-17 15:32:46,323 [Router10] WARNING: 閭绘帴璺敱鍣?7 宸叉晠闅?
2026-04-17 15:32:46,323 [Router10] INFO: 閭绘帴璺敱鍣?7 Down浜嬩欢
2026-04-17 15:32:46,323 [Router10] INFO: Dijkstra璁＄畻瀹屾垚锛岃绠楁椂闂?0.015ms
2026-04-17 15:32:46,324 [Router10] ERROR: 鎺ユ敹娑堟伅寮傚父: [WinError 10054] 杩滅▼涓绘満寮鸿揩鍏抽棴浜嗕竴涓幇鏈夌殑杩炴帴銆?
2026-04-17 15:32:46,717 [Simulator] INFO: 璺敱鍣?9 宸插仠姝?
2026-04-17 15:32:46,717 [Router10] INFO: 鍋滄璺敱鍣?Router10
2026-04-17 15:32:47,282 [Simulator] INFO: 璺敱鍣?10 宸插仠姝?
2026-04-17 15:32:47,283 [Simulator] INFO: 浠跨湡绯荤粺宸插仠姝?
2026-04-17 15:32:49,297 [Simulator] INFO: 鎴愬姛鍔犺浇閰嶇疆鏂囦欢: config/test_topology3.json
2026-04-17 15:32:49,297 [Simulator] INFO: 鍒涘缓璺敱鍣? Router-鏍稿績1 (ID=1)
2026-04-17 15:32:49,298 [Simulator] INFO: 鍒涘缓璺敱鍣? Router-鏍稿績2 (ID=2)
2026-04-17 15:32:49,299 [Simulator] INFO: 鍒涘缓璺敱鍣? Router-鏍稿績3 (ID=3)
2026-04-17 15:32:49,299 [Simulator] INFO: 鍒涘缓璺敱鍣? Router-杈圭紭1 (ID=4)
2026-04-17 15:32:49,299 [Simulator] INFO: 鍒涘缓璺敱鍣? Router-杈圭紭2 (ID=5)
2026-04-17 15:32:49,299 [Simulator] INFO: 鍒涘缓璺敱鍣? Router-杈圭紭3 (ID=6)
2026-04-17 15:32:49,299 [Simulator] INFO: 鍒涘缓璺敱鍣? Router-杈圭紭4 (ID=7)
2026-04-17 15:32:49,299 [Router1] INFO: 娣诲姞閭绘帴璺敱鍣?2 (127.0.0.1:10002), 閾捐矾寮€閿€=1
2026-04-17 15:32:49,299 [Router2] INFO: 娣诲姞閭绘帴璺敱鍣?1 (127.0.0.1:10001), 閾捐矾寮€閿€=1
2026-04-17 15:32:49,299 [Simulator] INFO: 閰嶇疆閾捐矾: 1 <-> 2, 鎴愭湰=1
2026-04-17 15:32:49,299 [Router2] INFO: 娣诲姞閭绘帴璺敱鍣?3 (127.0.0.1:10003), 閾捐矾寮€閿€=1
2026-04-17 15:32:49,299 [Router3] INFO: 娣诲姞閭绘帴璺敱鍣?2 (127.0.0.1:10002), 閾捐矾寮€閿€=1
2026-04-17 15:32:49,299 [Simulator] INFO: 閰嶇疆閾捐矾: 2 <-> 3, 鎴愭湰=1
2026-04-17 15:32:49,299 [Router3] INFO: 娣诲姞閭绘帴璺敱鍣?1 (127.0.0.1:10001), 閾捐矾寮€閿€=1
2026-04-17 15:32:49,299 [Router1] INFO: 娣诲姞閭绘帴璺敱鍣?3 (127.0.0.1:10003), 閾捐矾寮€閿€=1
2026-04-17 15:32:49,299 [Simulator] INFO: 閰嶇疆閾捐矾: 3 <-> 1, 鎴愭湰=1
2026-04-17 15:32:49,299 [Router1] INFO: 娣诲姞閭绘帴璺敱鍣?4 (127.0.0.1:10004), 閾捐矾寮€閿€=5
2026-04-17 15:32:49,299 [Router4] INFO: 娣诲姞閭绘帴璺敱鍣?1 (127.0.0.1:10001), 閾捐矾寮€閿€=5
2026-04-17 15:32:49,300 [Simulator] INFO: 閰嶇疆閾捐矾: 1 <-> 4, 鎴愭湰=5
2026-04-17 15:32:49,300 [Router2] INFO: 娣诲姞閭绘帴璺敱鍣?5 (127.0.0.1:10005), 閾捐矾寮€閿€=5
2026-04-17 15:32:49,300 [Router5] INFO: 娣诲姞閭绘帴璺敱鍣?2 (127.0.0.1:10002), 閾捐矾寮€閿€=5
2026-04-17 15:32:49,300 [Simulator] INFO: 閰嶇疆閾捐矾: 2 <-> 5, 鎴愭湰=5
2026-04-17 15:32:49,300 [Router3] INFO: 娣诲姞閭绘帴璺敱鍣?6 (127.0.0.1:10006), 閾捐矾寮€閿€=5
2026-04-17 15:32:49,300 [Router6] INFO: 娣诲姞閭绘帴璺敱鍣?3 (127.0.0.1:10003), 閾捐矾寮€閿€=5
2026-04-17 15:32:49,300 [Simulator] INFO: 閰嶇疆閾捐矾: 3 <-> 6, 鎴愭湰=5
2026-04-17 15:32:49,300 [Router1] INFO: 娣诲姞閭绘帴璺敱鍣?7 (127.0.0.1:10007), 閾捐矾寮€閿€=10
2026-04-17 15:32:49,300 [Router7] INFO: 娣诲姞閭绘帴璺敱鍣?1 (127.0.0.1:10001), 閾捐矾寮€閿€=10
2026-04-17 15:32:49,300 [Simulator] INFO: 閰嶇疆閾捐矾: 1 <-> 7, 鎴愭湰=10
2026-04-17 15:32:49,300 [Router4] INFO: 娣诲姞閭绘帴璺敱鍣?5 (127.0.0.1:10005), 閾捐矾寮€閿€=8
2026-04-17 15:32:49,300 [Router5] INFO: 娣诲姞閭绘帴璺敱鍣?4 (127.0.0.1:10004), 閾捐矾寮€閿€=8
2026-04-17 15:32:49,300 [Simulator] INFO: 閰嶇疆閾捐矾: 4 <-> 5, 鎴愭湰=8
2026-04-17 15:32:49,300 [Router5] INFO: 娣诲姞閭绘帴璺敱鍣?6 (127.0.0.1:10006), 閾捐矾寮€閿€=8
2026-04-17 15:32:49,300 [Router6] INFO: 娣诲姞閭绘帴璺敱鍣?5 (127.0.0.1:10005), 閾捐矾寮€閿€=8
2026-04-17 15:32:49,300 [Simulator] INFO: 閰嶇疆閾捐矾: 5 <-> 6, 鎴愭湰=8
2026-04-17 15:32:49,300 [Router6] INFO: 娣诲姞閭绘帴璺敱鍣?7 (127.0.0.1:10007), 閾捐矾寮€閿€=8
2026-04-17 15:32:49,300 [Router7] INFO: 娣诲姞閭绘帴璺敱鍣?6 (127.0.0.1:10006), 閾捐矾寮€閿€=8
2026-04-17 15:32:49,300 [Simulator] INFO: 閰嶇疆閾捐矾: 6 <-> 7, 鎴愭湰=8
2026-04-17 15:32:49,300 [Simulator] INFO: 缃戠粶鎷撴墤鏋勫缓瀹屾垚锛屽叡7涓矾鐢卞櫒
2026-04-17 15:32:49,300 [Simulator] INFO: 鍚姩璺敱浠跨湡绯荤粺...
2026-04-17 15:32:49,300 [Router1] INFO: 鍚姩璺敱鍣?Router-鏍稿績1 (ID=1) 鍦?127.0.0.1:10001
2026-04-17 15:32:49,301 [Router1] INFO: UDP濂楁帴瀛楀凡缁戝畾鍒?127.0.0.1:10001
2026-04-17 15:32:49,303 [Simulator] INFO: 璺敱鍣?1 宸插惎鍔?
2026-04-17 15:32:49,303 [Router2] INFO: 鍚姩璺敱鍣?Router-鏍稿績2 (ID=2) 鍦?127.0.0.1:10002
2026-04-17 15:32:49,303 [Router2] INFO: UDP濂楁帴瀛楀凡缁戝畾鍒?127.0.0.1:10002
2026-04-17 15:32:49,305 [Simulator] INFO: 璺敱鍣?2 宸插惎鍔?
2026-04-17 15:32:49,306 [Router3] INFO: 鍚姩璺敱鍣?Router-鏍稿績3 (ID=3) 鍦?127.0.0.1:10003
2026-04-17 15:32:49,306 [Router3] INFO: UDP濂楁帴瀛楀凡缁戝畾鍒?127.0.0.1:10003
2026-04-17 15:32:49,307 [Simulator] INFO: 璺敱鍣?3 宸插惎鍔?
2026-04-17 15:32:49,307 [Router4] INFO: 鍚姩璺敱鍣?Router-杈圭紭1 (ID=4) 鍦?127.0.0.1:10004
2026-04-17 15:32:49,307 [Router4] INFO: UDP濂楁帴瀛楀凡缁戝畾鍒?127.0.0.1:10004
2026-04-17 15:32:49,309 [Simulator] INFO: 璺敱鍣?4 宸插惎鍔?
2026-04-17 15:32:49,309 [Router5] INFO: 鍚姩璺敱鍣?Router-杈圭紭2 (ID=5) 鍦?127.0.0.1:10005
2026-04-17 15:32:49,309 [Router5] INFO: UDP濂楁帴瀛楀凡缁戝畾鍒?127.0.0.1:10005
2026-04-17 15:32:49,310 [Simulator] INFO: 璺敱鍣?5 宸插惎鍔?
2026-04-17 15:32:49,310 [Router6] INFO: 鍚姩璺敱鍣?Router-杈圭紭3 (ID=6) 鍦?127.0.0.1:10006
2026-04-17 15:32:49,311 [Router6] INFO: UDP濂楁帴瀛楀凡缁戝畾鍒?127.0.0.1:10006
2026-04-17 15:32:49,311 [Simulator] INFO: 璺敱鍣?6 宸插惎鍔?
2026-04-17 15:32:49,311 [Router7] INFO: 鍚姩璺敱鍣?Router-杈圭紭4 (ID=7) 鍦?127.0.0.1:10007
2026-04-17 15:32:49,311 [Router7] INFO: UDP濂楁帴瀛楀凡缁戝畾鍒?127.0.0.1:10007
2026-04-17 15:32:49,311 [Simulator] INFO: 璺敱鍣?7 宸插惎鍔?
2026-04-17 15:32:49,311 [Simulator] INFO: 浠跨湡绯荤粺宸插惎鍔?
2026-04-17 15:32:49,311 [Simulator] INFO: 绛夊緟LSA鍚屾 2.0s...
2026-04-17 15:32:50,116 [Router3] INFO: 閭绘帴璺敱鍣?6 宸叉仮澶?
2026-04-17 15:32:50,116 [Router3] INFO: 閭绘帴璺敱鍣?6 Up浜嬩欢
2026-04-17 15:32:50,116 [Router4] INFO: 閭绘帴璺敱鍣?5 宸叉仮澶?
2026-04-17 15:32:50,117 [Router3] INFO: Dijkstra璁＄畻瀹屾垚锛岃绠楁椂闂?0.016ms
2026-04-17 15:32:50,117 [Router5] INFO: 閭绘帴璺敱鍣?4 宸叉仮澶?
2026-04-17 15:32:50,117 [Router1] INFO: 閭绘帴璺敱鍣?4 宸叉仮澶?
2026-04-17 15:32:50,117 [Router2] INFO: 閭绘帴璺敱鍣?3 宸叉仮澶?
2026-04-17 15:32:50,117 [Router7] INFO: 閭绘帴璺敱鍣?6 宸叉仮澶?
2026-04-17 15:32:50,117 [Router4] INFO: 閭绘帴璺敱鍣?5 Up浜嬩欢
2026-04-17 15:32:50,118 [Router3] INFO: 閭绘帴璺敱鍣?1 宸叉仮澶?
2026-04-17 15:32:50,118 [Router6] INFO: 閭绘帴璺敱鍣?7 宸叉仮澶?
2026-04-17 15:32:50,118 [Router5] INFO: 閭绘帴璺敱鍣?4 Up浜嬩欢
2026-04-17 15:32:50,118 [Router1] INFO: 閭绘帴璺敱鍣?4 Up浜嬩欢
2026-04-17 15:32:50,118 [Router2] INFO: 閭绘帴璺敱鍣?3 Up浜嬩欢
2026-04-17 15:32:50,118 [Router7] INFO: 閭绘帴璺敱鍣?6 Up浜嬩欢
2026-04-17 15:32:50,119 [Router4] INFO: Dijkstra璁＄畻瀹屾垚锛岃绠楁椂闂?0.011ms
2026-04-17 15:32:50,119 [Router3] INFO: 閭绘帴璺敱鍣?1 Up浜嬩欢
2026-04-17 15:32:50,119 [Router6] INFO: 閭绘帴璺敱鍣?7 Up浜嬩欢
2026-04-17 15:32:50,119 [Router5] INFO: Dijkstra璁＄畻瀹屾垚锛岃绠楁椂闂?0.013ms
2026-04-17 15:32:50,119 [Router1] INFO: Dijkstra璁＄畻瀹屾垚锛岃绠楁椂闂?0.011ms
2026-04-17 15:32:50,120 [Router2] INFO: Dijkstra璁＄畻瀹屾垚锛岃绠楁椂闂?0.015ms
2026-04-17 15:32:50,120 [Router7] INFO: Dijkstra璁＄畻瀹屾垚锛岃绠楁椂闂?0.009ms
2026-04-17 15:32:50,120 [Router4] INFO: 閭绘帴璺敱鍣?1 宸叉仮澶?
2026-04-17 15:32:50,120 [Router3] INFO: 閭绘帴璺敱鍣?2 宸叉仮澶?
2026-04-17 15:32:50,121 [Router6] INFO: Dijkstra璁＄畻瀹屾垚锛岃绠楁椂闂?0.010ms
2026-04-17 15:32:50,121 [Router5] INFO: 閭绘帴璺敱鍣?6 宸叉仮澶?
2026-04-17 15:32:50,121 [Router1] INFO: 閭绘帴璺敱鍣?2 宸叉仮澶?
2026-04-17 15:32:50,121 [Router2] INFO: 閭绘帴璺敱鍣?1 宸叉仮澶?
2026-04-17 15:32:50,121 [Router7] INFO: 閭绘帴璺敱鍣?1 宸叉仮澶?
2026-04-17 15:32:50,121 [Router4] INFO: 閭绘帴璺敱鍣?1 Up浜嬩欢
2026-04-17 15:32:50,121 [Router3] INFO: 閭绘帴璺敱鍣?2 Up浜嬩欢
2026-04-17 15:32:50,121 [Router6] INFO: 閭绘帴璺敱鍣?5 宸叉仮澶?
2026-04-17 15:32:50,121 [Router5] INFO: 閭绘帴璺敱鍣?6 Up浜嬩欢
2026-04-17 15:32:50,121 [Router1] INFO: 閭绘帴璺敱鍣?2 Up浜嬩欢
2026-04-17 15:32:50,122 [Router2] INFO: 閭绘帴璺敱鍣?1 Up浜嬩欢
2026-04-17 15:32:50,122 [Router7] INFO: 閭绘帴璺敱鍣?1 Up浜嬩欢
2026-04-17 15:32:50,122 [Router4] INFO: 鏀跺埌鏂扮殑LSA锛屾簮=5, 搴忓垪鍙?0
2026-04-17 15:32:50,122 [Router3] INFO: 鏀跺埌鏂扮殑LSA锛屾簮=2, 搴忓垪鍙?0
2026-04-17 15:32:50,122 [Router6] INFO: 閭绘帴璺敱鍣?5 Up浜嬩欢
2026-04-17 15:32:50,122 [Router5] INFO: 閭绘帴璺敱鍣?2 宸叉仮澶?
2026-04-17 15:32:50,123 [Router1] INFO: 閭绘帴璺敱鍣?3 宸叉仮澶?
2026-04-17 15:32:50,123 [Router2] INFO: 閭绘帴璺敱鍣?5 宸叉仮澶?
2026-04-17 15:32:50,124 [Router7] INFO: 鏀跺埌鏂扮殑LSA锛屾簮=6, 搴忓垪鍙?0
2026-04-17 15:32:50,124 [Router4] INFO: 鏀跺埌鏂扮殑LSA锛屾簮=1, 搴忓垪鍙?0
2026-04-17 15:32:50,124 [Router3] INFO: 鏀跺埌鏂扮殑LSA锛屾簮=2, 搴忓垪鍙?1
2026-04-17 15:32:50,125 [Router6] INFO: 閭绘帴璺敱鍣?3 宸叉仮澶?
2026-04-17 15:32:50,125 [Router5] INFO: 閭绘帴璺敱鍣?2 Up浜嬩欢
2026-04-17 15:32:50,125 [Router1] INFO: 閭绘帴璺敱鍣?3 Up浜嬩欢
2026-04-17 15:32:50,125 [Router2] INFO: 閭绘帴璺敱鍣?5 Up浜嬩欢
2026-04-17 15:32:50,125 [Router7] INFO: 鏀跺埌鏂扮殑LSA锛屾簮=6, 搴忓垪鍙?1
2026-04-17 15:32:50,125 [Router4] INFO: 鏀跺埌鏂扮殑LSA锛屾簮=5, 搴忓垪鍙?1
2026-04-17 15:32:50,126 [Router6] INFO: 閭绘帴璺敱鍣?3 Up浜嬩欢
2026-04-17 15:32:50,126 [Router5] INFO: 鏀跺埌鏂扮殑LSA锛屾簮=4, 搴忓垪鍙?0
2026-04-17 15:32:50,126 [Router1] INFO: 閭绘帴璺敱鍣?7 宸叉仮澶?
2026-04-17 15:32:50,127 [Router2] INFO: 鏀跺埌鏂扮殑LSA锛屾簮=3, 搴忓垪鍙?2
2026-04-17 15:32:50,127 [Router3] INFO: 鏀跺埌鏂扮殑LSA锛屾簮=1, 搴忓垪鍙?2
2026-04-17 15:32:50,128 [Router4] INFO: 鏀跺埌鏂扮殑LSA锛屾簮=1, 搴忓垪鍙?1
2026-04-17 15:32:50,128 [Router6] INFO: 鏀跺埌鏂扮殑LSA锛屾簮=3, 搴忓垪鍙?0
2026-04-17 15:32:50,128 [Router5] INFO: 鏀跺埌鏂扮殑LSA锛屾簮=4, 搴忓垪鍙?1
2026-04-17 15:32:50,128 [Router1] INFO: 閭绘帴璺敱鍣?7 Up浜嬩欢
2026-04-17 15:32:50,129 [Router2] INFO: 鏀跺埌鏂扮殑LSA锛屾簮=1, 搴忓垪鍙?1
2026-04-17 15:32:50,129 [Router7] INFO: 鏀跺埌鏂扮殑LSA锛屾簮=6, 搴忓垪鍙?2
2026-04-17 15:32:50,129 [Router3] INFO: 鏀跺埌鏂扮殑LSA锛屾簮=2, 搴忓垪鍙?2
2026-04-17 15:32:50,130 [Router4] INFO: 鏀跺埌鏂扮殑LSA锛屾簮=5, 搴忓垪鍙?2
2026-04-17 15:32:50,130 [Router6] INFO: 鏀跺埌鏂扮殑LSA锛屾簮=7, 搴忓垪鍙?0
2026-04-17 15:32:50,130 [Router5] INFO: 鏀跺埌鏂扮殑LSA锛屾簮=6, 搴忓垪鍙?1
2026-04-17 15:32:50,130 [Router1] INFO: 鏀跺埌鏂扮殑LSA锛屾簮=3, 搴忓垪鍙?1
2026-04-17 15:32:50,131 [Router2] INFO: 鏀跺埌鏂扮殑LSA锛屾簮=5, 搴忓垪鍙?2
2026-04-17 15:32:50,131 [Router7] INFO: 鏀跺埌鏂扮殑LSA锛屾簮=3, 搴忓垪鍙?0
2026-04-17 15:32:50,131 [Router3] INFO: 鏀跺埌鏂扮殑LSA锛屾簮=6, 搴忓垪鍙?2
2026-04-17 15:32:50,132 [Router4] INFO: 鏀跺埌鏂扮殑LSA锛屾簮=1, 搴忓垪鍙?2
2026-04-17 15:32:50,132 [Router6] INFO: 鏀跺埌鏂扮殑LSA锛屾簮=3, 搴忓垪鍙?1
2026-04-17 15:32:50,133 [Router5] INFO: 鏀跺埌鏂扮殑LSA锛屾簮=1, 搴忓垪鍙?0
2026-04-17 15:32:50,133 [Router1] INFO: 鏀跺埌鏂扮殑LSA锛屾簮=4, 搴忓垪鍙?1
2026-04-17 15:32:50,133 [Router2] INFO: 鏀跺埌鏂扮殑LSA锛屾簮=1, 搴忓垪鍙?2
2026-04-17 15:32:50,134 [Router7] INFO: 鏀跺埌鏂扮殑LSA锛屾簮=1, 搴忓垪鍙?3
2026-04-17 15:32:50,134 [Router3] INFO: 鏀跺埌鏂扮殑LSA锛屾簮=1, 搴忓垪鍙?3
2026-04-17 15:32:50,134 [Router4] INFO: 鏀跺埌鏂扮殑LSA锛屾簮=1, 搴忓垪鍙?3
2026-04-17 15:32:50,135 [Router6] INFO: 鏀跺埌鏂扮殑LSA锛屾簮=3, 搴忓垪鍙?2
2026-04-17 15:32:50,135 [Router5] INFO: 鏀跺埌鏂扮殑LSA锛屾簮=2, 搴忓垪鍙?2
2026-04-17 15:32:50,135 [Router1] INFO: 鏀跺埌鏂扮殑LSA锛屾簮=3, 搴忓垪鍙?2
2026-04-17 15:32:50,136 [Router2] INFO: 鏀跺埌鏂扮殑LSA锛屾簮=4, 搴忓垪鍙?0
2026-04-17 15:32:50,136 [Router7] INFO: 鏀跺埌鏂扮殑LSA锛屾簮=3, 搴忓垪鍙?1
2026-04-17 15:32:50,136 [Router3] INFO: 鏀跺埌鏂扮殑LSA锛屾簮=7, 搴忓垪鍙?0
2026-04-17 15:32:50,136 [Router4] INFO: 鏀跺埌鏂扮殑LSA锛屾簮=6, 搴忓垪鍙?1
2026-04-17 15:32:50,137 [Router6] INFO: 鏀跺埌鏂扮殑LSA锛屾簮=5, 搴忓垪鍙?1
2026-04-17 15:32:50,137 [Router5] INFO: 鏀跺埌鏂扮殑LSA锛屾簮=6, 搴忓垪鍙?2
2026-04-17 15:32:50,138 [Router1] INFO: 鏀跺埌鏂扮殑LSA锛屾簮=2, 搴忓垪鍙?1
2026-04-17 15:32:50,138 [Router2] INFO: 鏀跺埌鏂扮殑LSA锛屾簮=4, 搴忓垪鍙?1
2026-04-17 15:32:50,138 [Router7] INFO: 鏀跺埌鏂扮殑LSA锛屾簮=4, 搴忓垪鍙?1
2026-04-17 15:32:50,139 [Router3] INFO: 鏀跺埌鏂扮殑LSA锛屾簮=5, 搴忓垪鍙?2
2026-04-17 15:32:50,139 [Router4] INFO: 鏀跺埌鏂扮殑LSA锛屾簮=3, 搴忓垪鍙?1
2026-04-17 15:32:50,140 [Router6] INFO: 鏀跺埌鏂扮殑LSA锛屾簮=7, 搴忓垪鍙?1
2026-04-17 15:32:50,140 [Router5] INFO: 鏀跺埌鏂扮殑LSA锛屾簮=3, 搴忓垪鍙?2
2026-04-17 15:32:50,140 [Router1] INFO: 鏀跺埌鏂扮殑LSA锛屾簮=7, 搴忓垪鍙?1
2026-04-17 15:32:50,141 [Router2] INFO: 鏀跺埌鏂扮殑LSA锛屾簮=1, 搴忓垪鍙?3
2026-04-17 15:32:50,141 [Router7] INFO: 鏀跺埌鏂扮殑LSA锛屾簮=3, 搴忓垪鍙?2
2026-04-17 15:32:50,142 [Router3] INFO: 鏀跺埌鏂扮殑LSA锛屾簮=4, 搴忓垪鍙?1
2026-04-17 15:32:50,142 [Router4] INFO: 鏀跺埌鏂扮殑LSA锛屾簮=2, 搴忓垪鍙?2
2026-04-17 15:32:50,143 [Router6] INFO: 鏀跺埌鏂扮殑LSA锛屾簮=2, 搴忓垪鍙?0
2026-04-17 15:32:50,143 [Router5] INFO: 鏀跺埌鏂扮殑LSA锛屾簮=1, 搴忓垪鍙?1
2026-04-17 15:32:50,143 [Router1] INFO: 鏀跺埌鏂扮殑LSA锛屾簮=5, 搴忓垪鍙?0
2026-04-17 15:32:50,143 [Router2] INFO: 鏀跺埌鏂扮殑LSA锛屾簮=6, 搴忓垪鍙?1
2026-04-17 15:32:50,143 [Router7] INFO: 鏀跺埌鏂扮殑LSA锛屾簮=5, 搴忓垪鍙?1
2026-04-17 15:32:50,144 [Router3] INFO: 鏀跺埌鏂扮殑LSA锛屾簮=7, 搴忓垪鍙?1
2026-04-17 15:32:50,144 [Router4] INFO: 鏀跺埌鏂扮殑LSA锛屾簮=3, 搴忓垪鍙?2
2026-04-17 15:32:50,145 [Router6] INFO: 鏀跺埌鏂扮殑LSA锛屾簮=2, 搴忓垪鍙?1
2026-04-17 15:32:50,145 [Router5] INFO: 鏀跺埌鏂扮殑LSA锛屾簮=7, 搴忓垪鍙?0
2026-04-17 15:32:50,145 [Router1] INFO: 鏀跺埌鏂扮殑LSA锛屾簮=6, 搴忓垪鍙?0
2026-04-17 15:32:50,146 [Router2] INFO: 鏀跺埌鏂扮殑LSA锛屾簮=6, 搴忓垪鍙?2
2026-04-17 15:32:50,146 [Router7] INFO: 鏀跺埌鏂扮殑LSA锛屾簮=2, 搴忓垪鍙?1
2026-04-17 15:32:50,147 [Router4] INFO: 鏀跺埌鏂扮殑LSA锛屾簮=6, 搴忓垪鍙?2
2026-04-17 15:32:50,148 [Router6] INFO: 鏀跺埌鏂扮殑LSA锛屾簮=5, 搴忓垪鍙?2
2026-04-17 15:32:50,148 [Router5] INFO: 鏀跺埌鏂扮殑LSA锛屾簮=1, 搴忓垪鍙?2
2026-04-17 15:32:50,148 [Router1] INFO: 鏀跺埌鏂扮殑LSA锛屾簮=6, 搴忓垪鍙?1
2026-04-17 15:32:50,149 [Router2] INFO: 鏀跺埌鏂扮殑LSA锛屾簮=7, 搴忓垪鍙?0
2026-04-17 15:32:50,150 [Router4] INFO: 鏀跺埌鏂扮殑LSA锛屾簮=7, 搴忓垪鍙?1
2026-04-17 15:32:50,151 [Router6] INFO: 鏀跺埌鏂扮殑LSA锛屾簮=4, 搴忓垪鍙?0
2026-04-17 15:32:50,151 [Router5] INFO: 鏀跺埌鏂扮殑LSA锛屾簮=1, 搴忓垪鍙?3
2026-04-17 15:32:50,151 [Router7] INFO: 鏀跺埌鏂扮殑LSA锛屾簮=5, 搴忓垪鍙?2
2026-04-17 15:32:50,151 [Router1] INFO: 鏀跺埌鏂扮殑LSA锛屾簮=2, 搴忓垪鍙?2
2026-04-17 15:32:50,152 [Router2] INFO: 鏀跺埌鏂扮殑LSA锛屾簮=7, 搴忓垪鍙?1
2026-04-17 15:32:50,153 [Router6] INFO: 鏀跺埌鏂扮殑LSA锛屾簮=1, 搴忓垪鍙?2
2026-04-17 15:32:50,154 [Router5] INFO: 鏀跺埌鏂扮殑LSA锛屾簮=7, 搴忓垪鍙?1
2026-04-17 15:32:50,155 [Router1] INFO: 鏀跺埌鏂扮殑LSA锛屾簮=5, 搴忓垪鍙?1
2026-04-17 15:32:50,155 [Router6] INFO: 鏀跺埌鏂扮殑LSA锛屾簮=4, 搴忓垪鍙?1
2026-04-17 15:32:50,156 [Router7] INFO: 鏀跺埌鏂扮殑LSA锛屾簮=2, 搴忓垪鍙?2
2026-04-17 15:32:50,157 [Router1] INFO: 鏀跺埌鏂扮殑LSA锛屾簮=6, 搴忓垪鍙?2
2026-04-17 15:32:50,157 [Router6] INFO: 鏀跺埌鏂扮殑LSA锛屾簮=2, 搴忓垪鍙?2
2026-04-17 15:32:50,158 [Router1] INFO: 鏀跺埌鏂扮殑LSA锛屾簮=5, 搴忓垪鍙?2
2026-04-17 15:32:50,159 [Router6] INFO: 鏀跺埌鏂扮殑LSA锛屾簮=1, 搴忓垪鍙?3
2026-04-17 15:32:50,348 [Router3] INFO: Dijkstra璁＄畻瀹屾垚锛岃绠楁椂闂?0.040ms
2026-04-17 15:32:50,348 [Router1] INFO: Dijkstra璁＄畻瀹屾垚锛岃绠楁椂闂?0.024ms
2026-04-17 15:32:50,348 [Router7] INFO: Dijkstra璁＄畻瀹屾垚锛岃绠楁椂闂?0.023ms
2026-04-17 15:32:50,348 [Router2] INFO: Dijkstra璁＄畻瀹屾垚锛岃绠楁椂闂?0.018ms
2026-04-17 15:32:50,349 [Router5] INFO: Dijkstra璁＄畻瀹屾垚锛岃绠楁椂闂?0.021ms
2026-04-17 15:32:50,349 [Router6] INFO: Dijkstra璁＄畻瀹屾垚锛岃绠楁椂闂?0.014ms
2026-04-17 15:32:50,349 [Router4] INFO: Dijkstra璁＄畻瀹屾垚锛岃绠楁椂闂?0.021ms
2026-04-17 15:32:54,304 [Router2] INFO: 鏀跺埌鏂扮殑LSA锛屾簮=1, 搴忓垪鍙?4
2026-04-17 15:32:54,304 [Router2] INFO: Dijkstra璁＄畻瀹屾垚锛岃绠楁椂闂?0.021ms
2026-04-17 15:32:54,305 [Router4] INFO: 鏀跺埌鏂扮殑LSA锛屾簮=1, 搴忓垪鍙?4
2026-04-17 15:32:54,305 [Router4] INFO: Dijkstra璁＄畻瀹屾垚锛岃绠楁椂闂?0.019ms
2026-04-17 15:32:54,306 [Router7] INFO: 鏀跺埌鏂扮殑LSA锛屾簮=1, 搴忓垪鍙?4
2026-04-17 15:32:54,306 [Router7] INFO: Dijkstra璁＄畻瀹屾垚锛岃绠楁椂闂?0.022ms
2026-04-17 15:32:54,306 [Router1] INFO: 鏀跺埌鏂扮殑LSA锛屾簮=2, 搴忓垪鍙?3
2026-04-17 15:32:54,306 [Router3] INFO: 鏀跺埌鏂扮殑LSA锛屾簮=1, 搴忓垪鍙?4
2026-04-17 15:32:54,307 [Router1] INFO: Dijkstra璁＄畻瀹屾垚锛岃绠楁椂闂?0.018ms
2026-04-17 15:32:54,307 [Router5] INFO: 鏀跺埌鏂扮殑LSA锛屾簮=1, 搴忓垪鍙?4
2026-04-17 15:32:54,307 [Router6] INFO: 鏀跺埌鏂扮殑LSA锛屾簮=1, 搴忓垪鍙?4
2026-04-17 15:32:54,307 [Router3] INFO: Dijkstra璁＄畻瀹屾垚锛岃绠楁椂闂?0.018ms
2026-04-17 15:32:54,308 [Router4] INFO: 鏀跺埌鏂扮殑LSA锛屾簮=2, 搴忓垪鍙?3
2026-04-17 15:32:54,308 [Router5] INFO: Dijkstra璁＄畻瀹屾垚锛岃绠楁椂闂?0.016ms
2026-04-17 15:32:54,308 [Router6] INFO: Dijkstra璁＄畻瀹屾垚锛岃绠楁椂闂?0.015ms
2026-04-17 15:32:54,309 [Router7] INFO: 鏀跺埌鏂扮殑LSA锛屾簮=2, 搴忓垪鍙?3
2026-04-17 15:32:54,309 [Router3] INFO: 鏀跺埌鏂扮殑LSA锛屾簮=2, 搴忓垪鍙?3
2026-04-17 15:32:54,309 [Router5] INFO: 鏀跺埌鏂扮殑LSA锛屾簮=2, 搴忓垪鍙?3
2026-04-17 15:32:54,311 [Router6] INFO: 鏀跺埌鏂扮殑LSA锛屾簮=2, 搴忓垪鍙?3
2026-04-17 15:32:54,313 [Router2] INFO: 鏀跺埌鏂扮殑LSA锛屾簮=5, 搴忓垪鍙?3
2026-04-17 15:32:54,313 [Router6] INFO: 鏀跺埌鏂扮殑LSA锛屾簮=7, 搴忓垪鍙?2
2026-04-17 15:32:54,313 [Router2] INFO: 鏀跺埌鏂扮殑LSA锛屾簮=3, 搴忓垪鍙?3
2026-04-17 15:32:54,313 [Router3] INFO: 鏀跺埌鏂扮殑LSA锛屾簮=6, 搴忓垪鍙?3
2026-04-17 15:32:54,313 [Router1] INFO: 鏀跺埌鏂扮殑LSA锛屾簮=7, 搴忓垪鍙?2
2026-04-17 15:32:54,313 [Router4] INFO: 鏀跺埌鏂扮殑LSA锛屾簮=5, 搴忓垪鍙?3
2026-04-17 15:32:54,313 [Router5] INFO: 鏀跺埌鏂扮殑LSA锛屾簮=4, 搴忓垪鍙?2
2026-04-17 15:32:54,313 [Router6] INFO: 鏀跺埌鏂扮殑LSA锛屾簮=5, 搴忓垪鍙?3
2026-04-17 15:32:54,313 [Router7] INFO: 鏀跺埌鏂扮殑LSA锛屾簮=6, 搴忓垪鍙?3
2026-04-17 15:32:54,313 [Router3] INFO: 鏀跺埌鏂扮殑LSA锛屾簮=7, 搴忓垪鍙?2
2026-04-17 15:32:54,313 [Router1] INFO: 鏀跺埌鏂扮殑LSA锛屾簮=4, 搴忓垪鍙?2
2026-04-17 15:32:54,313 [Router5] INFO: 鏀跺埌鏂扮殑LSA锛屾簮=6, 搴忓垪鍙?3
2026-04-17 15:32:54,313 [Router2] INFO: 鏀跺埌鏂扮殑LSA锛屾簮=6, 搴忓垪鍙?3
2026-04-17 15:32:54,313 [Router6] INFO: 鏀跺埌鏂扮殑LSA锛屾簮=3, 搴忓垪鍙?3
2026-04-17 15:32:54,313 [Router3] INFO: 鏀跺埌鏂扮殑LSA锛屾簮=5, 搴忓垪鍙?3
2026-04-17 15:32:54,313 [Router1] INFO: 鏀跺埌鏂扮殑LSA锛屾簮=3, 搴忓垪鍙?3
2026-04-17 15:32:54,313 [Router4] INFO: 鏀跺埌鏂扮殑LSA锛屾簮=7, 搴忓垪鍙?2
2026-04-17 15:32:54,313 [Router5] INFO: 鏀跺埌鏂扮殑LSA锛屾簮=7, 搴忓垪鍙?2
2026-04-17 15:32:54,313 [Router2] INFO: 鏀跺埌鏂扮殑LSA锛屾簮=7, 搴忓垪鍙?2
2026-04-17 15:32:54,313 [Router6] INFO: 鏀跺埌鏂扮殑LSA锛屾簮=4, 搴忓垪鍙?2
2026-04-17 15:32:54,313 [Router3] INFO: 鏀跺埌鏂扮殑LSA锛屾簮=4, 搴忓垪鍙?2
2026-04-17 15:32:54,313 [Router1] INFO: 鏀跺埌鏂扮殑LSA锛屾簮=5, 搴忓垪鍙?3
2026-04-17 15:32:54,313 [Router7] INFO: 鏀跺埌鏂扮殑LSA锛屾簮=5, 搴忓垪鍙?3
2026-04-17 15:32:54,313 [Router4] INFO: 鏀跺埌鏂扮殑LSA锛屾簮=6, 搴忓垪鍙?3
2026-04-17 15:32:54,313 [Router5] INFO: 鏀跺埌鏂扮殑LSA锛屾簮=3, 搴忓垪鍙?3
2026-04-17 15:32:54,321 [Router2] INFO: 鏀跺埌鏂扮殑LSA锛屾簮=4, 搴忓垪鍙?2
2026-04-17 15:32:54,322 [Router1] INFO: 鏀跺埌鏂扮殑LSA锛屾簮=6, 搴忓垪鍙?3
2026-04-17 15:32:54,322 [Router7] INFO: 鏀跺埌鏂扮殑LSA锛屾簮=4, 搴忓垪鍙?2
2026-04-17 15:32:54,322 [Router4] INFO: 鏀跺埌鏂扮殑LSA锛屾簮=3, 搴忓垪鍙?3
2026-04-17 15:32:54,324 [Router7] INFO: 鏀跺埌鏂扮殑LSA锛屾簮=3, 搴忓垪鍙?3
2026-04-17 15:32:54,514 [Router6] INFO: Dijkstra璁＄畻瀹屾垚锛岃绠楁椂闂?0.031ms
2026-04-17 15:32:54,514 [Router7] INFO: Dijkstra璁＄畻瀹屾垚锛岃绠楁椂闂?0.027ms
2026-04-17 15:32:54,515 [Router5] INFO: Dijkstra璁＄畻瀹屾垚锛岃绠楁椂闂?0.043ms
2026-04-17 15:32:54,548 [Router4] INFO: Dijkstra璁＄畻瀹屾垚锛岃绠楁椂闂?0.053ms
2026-04-17 15:32:54,548 [Router3] INFO: Dijkstra璁＄畻瀹屾垚锛岃绠楁椂闂?0.025ms
2026-04-17 15:32:54,548 [Router1] INFO: Dijkstra璁＄畻瀹屾垚锛岃绠楁椂闂?0.021ms
2026-04-17 15:32:54,549 [Router2] INFO: Dijkstra璁＄畻瀹屾垚锛岃绠楁椂闂?0.019ms
2026-04-17 15:32:59,318 [Router3] INFO: 鏀跺埌鏂扮殑LSA锛屾簮=6, 搴忓垪鍙?4
2026-04-17 15:32:59,318 [Router4] INFO: 鏀跺埌鏂扮殑LSA锛屾簮=5, 搴忓垪鍙?4
2026-04-17 15:32:59,318 [Router7] INFO: 鏀跺埌鏂扮殑LSA锛屾簮=6, 搴忓垪鍙?4
2026-04-17 15:32:59,319 [Router3] INFO: Dijkstra璁＄畻瀹屾垚锛岃绠楁椂闂?0.021ms
2026-04-17 15:32:59,319 [Router2] INFO: 鏀跺埌鏂扮殑LSA锛屾簮=5, 搴忓垪鍙?4
2026-04-17 15:32:59,319 [Router6] INFO: 鏀跺埌鏂扮殑LSA锛屾簮=7, 搴忓垪鍙?3
2026-04-17 15:32:59,319 [Router1] INFO: 鏀跺埌鏂扮殑LSA锛屾簮=7, 搴忓垪鍙?3
2026-04-17 15:32:59,320 [Router4] INFO: Dijkstra璁＄畻瀹屾垚锛岃绠楁椂闂?0.028ms
2026-04-17 15:32:59,320 [Router7] INFO: Dijkstra璁＄畻瀹屾垚锛岃绠楁椂闂?0.030ms
2026-04-17 15:32:59,320 [Router5] INFO: 鏀跺埌鏂扮殑LSA锛屾簮=6, 搴忓垪鍙?4
2026-04-17 15:32:59,321 [Router3] INFO: 鏀跺埌鏂扮殑LSA锛屾簮=1, 搴忓垪鍙?5
2026-04-17 15:32:59,321 [Router2] INFO: Dijkstra璁＄畻瀹屾垚锛岃绠楁椂闂?0.018ms
2026-04-17 15:32:59,322 [Router6] INFO: Dijkstra璁＄畻瀹屾垚锛岃绠楁椂闂?0.015ms
2026-04-17 15:32:59,322 [Router1] INFO: Dijkstra璁＄畻瀹屾垚锛岃绠楁椂闂?0.018ms
2026-04-17 15:32:59,322 [Router4] INFO: 鏀跺埌鏂扮殑LSA锛屾簮=1, 搴忓垪鍙?5
2026-04-17 15:32:59,322 [Router7] INFO: 鏀跺埌鏂扮殑LSA锛屾簮=1, 搴忓垪鍙?5
2026-04-17 15:32:59,323 [Router5] INFO: Dijkstra璁＄畻瀹屾垚锛岃绠楁椂闂?0.017ms
2026-04-17 15:32:59,323 [Router3] INFO: 鏀跺埌鏂扮殑LSA锛屾簮=2, 搴忓垪鍙?4
2026-04-17 15:32:59,323 [Router2] INFO: 鏀跺埌鏂扮殑LSA锛屾簮=1, 搴忓垪鍙?5
2026-04-17 15:32:59,324 [Router6] INFO: 鏀跺埌鏂扮殑LSA锛屾簮=5, 搴忓垪鍙?4
2026-04-17 15:32:59,324 [Router1] INFO: 鏀跺埌鏂扮殑LSA锛屾簮=4, 搴忓垪鍙?3
2026-04-17 15:32:59,324 [Router4] INFO: 鏀跺埌鏂扮殑LSA锛屾簮=6, 搴忓垪鍙?4
2026-04-17 15:32:59,324 [Router5] INFO: 鏀跺埌鏂扮殑LSA锛屾簮=4, 搴忓垪鍙?3
2026-04-17 15:32:59,325 [Router3] INFO: 鏀跺埌鏂扮殑LSA锛屾簮=7, 搴忓垪鍙?3
2026-04-17 15:32:59,325 [Router2] INFO: 鏀跺埌鏂扮殑LSA锛屾簮=3, 搴忓垪鍙?4
2026-04-17 15:32:59,325 [Router6] INFO: 鏀跺埌鏂扮殑LSA锛屾簮=3, 搴忓垪鍙?4
2026-04-17 15:32:59,325 [Router1] INFO: 鏀跺埌鏂扮殑LSA锛屾簮=2, 搴忓垪鍙?4
2026-04-17 15:32:59,326 [Router7] INFO: 鏀跺埌鏂扮殑LSA锛屾簮=5, 搴忓垪鍙?4
2026-04-17 15:32:59,326 [Router4] INFO: 鏀跺埌鏂扮殑LSA锛屾簮=7, 搴忓垪鍙?3
2026-04-17 15:32:59,326 [Router5] INFO: 鏀跺埌鏂扮殑LSA锛屾簮=2, 搴忓垪鍙?4
2026-04-17 15:32:59,326 [Router3] INFO: 鏀跺埌鏂扮殑LSA锛屾簮=5, 搴忓垪鍙?4
2026-04-17 15:32:59,327 [Router2] INFO: 鏀跺埌鏂扮殑LSA锛屾簮=6, 搴忓垪鍙?4
2026-04-17 15:32:59,327 [Router6] INFO: 鏀跺埌鏂扮殑LSA锛屾簮=1, 搴忓垪鍙?5
2026-04-17 15:32:59,327 [Router1] INFO: 鏀跺埌鏂扮殑LSA锛屾簮=3, 搴忓垪鍙?4
2026-04-17 15:32:59,328 [Router7] INFO: 鏀跺埌鏂扮殑LSA锛屾簮=4, 搴忓垪鍙?3
2026-04-17 15:32:59,328 [Router4] INFO: 鏀跺埌鏂扮殑LSA锛屾簮=2, 搴忓垪鍙?4
2026-04-17 15:32:59,328 [Router5] INFO: 鏀跺埌鏂扮殑LSA锛屾簮=7, 搴忓垪鍙?3
2026-04-17 15:32:59,329 [Router3] INFO: 鏀跺埌鏂扮殑LSA锛屾簮=4, 搴忓垪鍙?3
2026-04-17 15:32:59,329 [Router2] INFO: 鏀跺埌鏂扮殑LSA锛屾簮=7, 搴忓垪鍙?3
2026-04-17 15:32:59,330 [Router6] INFO: 鏀跺埌鏂扮殑LSA锛屾簮=2, 搴忓垪鍙?4
2026-04-17 15:32:59,330 [Router1] INFO: 鏀跺埌鏂扮殑LSA锛屾簮=5, 搴忓垪鍙?4
2026-04-17 15:32:59,330 [Router7] INFO: 鏀跺埌鏂扮殑LSA锛屾簮=3, 搴忓垪鍙?4
2026-04-17 15:32:59,331 [Router5] INFO: 鏀跺埌鏂扮殑LSA锛屾簮=1, 搴忓垪鍙?5
2026-04-17 15:32:59,331 [Router4] INFO: 鏀跺埌鏂扮殑LSA锛屾簮=3, 搴忓垪鍙?4
2026-04-17 15:32:59,332 [Router2] INFO: 鏀跺埌鏂扮殑LSA锛屾簮=4, 搴忓垪鍙?3
2026-04-17 15:32:59,333 [Router6] INFO: 鏀跺埌鏂扮殑LSA锛屾簮=4, 搴忓垪鍙?3
2026-04-17 15:32:59,333 [Router1] INFO: 鏀跺埌鏂扮殑LSA锛屾簮=6, 搴忓垪鍙?4
2026-04-17 15:32:59,333 [Router7] INFO: 鏀跺埌鏂扮殑LSA锛屾簮=2, 搴忓垪鍙?4
2026-04-17 15:32:59,334 [Router5] INFO: 鏀跺埌鏂扮殑LSA锛屾簮=3, 搴忓垪鍙?4
2026-04-17 15:32:59,543 [Router5] INFO: Dijkstra璁＄畻瀹屾垚锛岃绠楁椂闂?0.031ms
2026-04-17 15:32:59,543 [Router7] INFO: Dijkstra璁＄畻瀹屾垚锛岃绠楁椂闂?0.025ms
2026-04-17 15:32:59,543 [Router3] INFO: Dijkstra璁＄畻瀹屾垚锛岃绠楁椂闂?0.017ms
2026-04-17 15:32:59,543 [Router2] INFO: Dijkstra璁＄畻瀹屾垚锛岃绠楁椂闂?0.016ms
2026-04-17 15:32:59,544 [Router6] INFO: Dijkstra璁＄畻瀹屾垚锛岃绠楁椂闂?0.076ms
2026-04-17 15:32:59,544 [Router4] INFO: Dijkstra璁＄畻瀹屾垚锛岃绠楁椂闂?0.023ms
2026-04-17 15:32:59,544 [Router1] INFO: Dijkstra璁＄畻瀹屾垚锛岃绠楁椂闂?0.020ms
2026-04-17 15:33:01,345 [Simulator] INFO: 鍋滄浠跨湡绯荤粺...
2026-04-17 15:33:01,345 [Router1] INFO: 鍋滄璺敱鍣?Router-鏍稿績1
2026-04-17 15:33:03,441 [Simulator] INFO: 璺敱鍣?1 宸插仠姝?
2026-04-17 15:33:03,441 [Router2] INFO: 鍋滄璺敱鍣?Router-鏍稿績2
2026-04-17 15:33:03,839 [Router4] ERROR: 鎺ユ敹娑堟伅寮傚父: [WinError 10054] 杩滅▼涓绘満寮鸿揩鍏抽棴浜嗕竴涓幇鏈夌殑杩炴帴銆?
2026-04-17 15:33:03,840 [Router7] ERROR: 鎺ユ敹娑堟伅寮傚父: [WinError 10054] 杩滅▼涓绘満寮鸿揩鍏抽棴浜嗕竴涓幇鏈夌殑杩炴帴銆?
2026-04-17 15:33:03,840 [Router3] ERROR: 鎺ユ敹娑堟伅寮傚父: [WinError 10054] 杩滅▼涓绘満寮鸿揩鍏抽棴浜嗕竴涓幇鏈夌殑杩炴帴銆?
2026-04-17 15:33:04,317 [Simulator] INFO: 璺敱鍣?2 宸插仠姝?
2026-04-17 15:33:04,317 [Router3] INFO: 鍋滄璺敱鍣?Router-鏍稿績3
2026-04-17 15:33:04,334 [Router5] INFO: 鏀跺埌鏂扮殑LSA锛屾簮=6, 搴忓垪鍙?5
2026-04-17 15:33:04,334 [Router5] INFO: Dijkstra璁＄畻瀹屾垚锛岃绠楁椂闂?0.021ms
2026-04-17 15:33:04,335 [Router7] INFO: 鏀跺埌鏂扮殑LSA锛屾簮=6, 搴忓垪鍙?5
2026-04-17 15:33:04,335 [Router4] ERROR: 鎺ユ敹娑堟伅寮傚父: [WinError 10054] 杩滅▼涓绘満寮鸿揩鍏抽棴浜嗕竴涓幇鏈夌殑杩炴帴銆?
2026-04-17 15:33:04,335 [Router5] INFO: 鏀跺埌鏂扮殑LSA锛屾簮=4, 搴忓垪鍙?4
2026-04-17 15:33:04,335 [Router3] INFO: 鏀跺埌鏂扮殑LSA锛屾簮=6, 搴忓垪鍙?5
2026-04-17 15:33:04,335 [Router7] INFO: Dijkstra璁＄畻瀹屾垚锛岃绠楁椂闂?0.019ms
2026-04-17 15:33:04,336 [Router7] ERROR: 鎺ユ敹娑堟伅寮傚父: [WinError 10054] 杩滅▼涓绘満寮鸿揩鍏抽棴浜嗕竴涓幇鏈夌殑杩炴帴銆?
2026-04-17 15:33:04,336 [Router4] INFO: 鏀跺埌鏂扮殑LSA锛屾簮=6, 搴忓垪鍙?5
2026-04-17 15:33:04,336 [Router5] ERROR: 鎺ユ敹娑堟伅寮傚父: [WinError 10054] 杩滅▼涓绘満寮鸿揩鍏抽棴浜嗕竴涓幇鏈夌殑杩炴帴銆?
2026-04-17 15:33:04,337 [Router6] INFO: 鏀跺埌鏂扮殑LSA锛屾簮=7, 搴忓垪鍙?4
2026-04-17 15:33:04,337 [Router3] INFO: Dijkstra璁＄畻瀹屾垚锛岃绠楁椂闂?0.018ms
2026-04-17 15:33:04,337 [Router4] INFO: Dijkstra璁＄畻瀹屾垚锛岃绠楁椂闂?0.016ms
2026-04-17 15:33:04,338 [Router7] ERROR: 鎺ユ敹娑堟伅寮傚父: [WinError 10054] 杩滅▼涓绘満寮鸿揩鍏抽棴浜嗕竴涓幇鏈夌殑杩炴帴銆?
2026-04-17 15:33:04,338 [Router6] INFO: Dijkstra璁＄畻瀹屾垚锛岃绠楁椂闂?0.016ms
2026-04-17 15:33:04,338 [Router4] ERROR: 鎺ユ敹娑堟伅寮傚父: [WinError 10054] 杩滅▼涓绘満寮鸿揩鍏抽棴浜嗕竴涓幇鏈夌殑杩炴帴銆?
2026-04-17 15:33:04,338 [Router5] ERROR: 鎺ユ敹娑堟伅寮傚父: [WinError 10054] 杩滅▼涓绘満寮鸿揩鍏抽棴浜嗕竴涓幇鏈夌殑杩炴帴銆?
2026-04-17 15:33:04,339 [Router4] INFO: 鏀跺埌鏂扮殑LSA锛屾簮=5, 搴忓垪鍙?5
2026-04-17 15:33:04,339 [Router6] INFO: 鏀跺埌鏂扮殑LSA锛屾簮=4, 搴忓垪鍙?4
2026-04-17 15:33:04,339 [Router6] INFO: 鏀跺埌鏂扮殑LSA锛屾簮=5, 搴忓垪鍙?5
2026-04-17 15:33:04,339 [Router5] ERROR: 鎺ユ敹娑堟伅寮傚父: [WinError 10054] 杩滅▼涓绘満寮鸿揩鍏抽棴浜嗕竴涓幇鏈夌殑杩炴帴銆?
2026-04-17 15:33:04,340 [Router5] INFO: 鏀跺埌鏂扮殑LSA锛屾簮=7, 搴忓垪鍙?4
2026-04-17 15:33:04,340 [Router4] ERROR: 鎺ユ敹娑堟伅寮傚父: [WinError 10054] 杩滅▼涓绘満寮鸿揩鍏抽棴浜嗕竴涓幇鏈夌殑杩炴帴銆?
2026-04-17 15:33:04,340 [Router7] INFO: 鏀跺埌鏂扮殑LSA锛屾簮=4, 搴忓垪鍙?4
2026-04-17 15:33:04,341 [Router5] ERROR: 鎺ユ敹娑堟伅寮傚父: [WinError 10054] 杩滅▼涓绘満寮鸿揩鍏抽棴浜嗕竴涓幇鏈夌殑杩炴帴銆?
2026-04-17 15:33:04,341 [Router4] INFO: 鏀跺埌鏂扮殑LSA锛屾簮=7, 搴忓垪鍙?4
2026-04-17 15:33:04,341 [Router7] ERROR: 鎺ユ敹娑堟伅寮傚父: [WinError 10054] 杩滅▼涓绘満寮鸿揩鍏抽棴浜嗕竴涓幇鏈夌殑杩炴帴銆?
2026-04-17 15:33:04,341 [Router7] INFO: 鏀跺埌鏂扮殑LSA锛屾簮=5, 搴忓垪鍙?5
2026-04-17 15:33:04,342 [Router4] ERROR: 鎺ユ敹娑堟伅寮傚父: [WinError 10054] 杩滅▼涓绘満寮鸿揩鍏抽棴浜嗕竴涓幇鏈夌殑杩炴帴銆?
2026-04-17 15:33:04,342 [Router7] ERROR: 鎺ユ敹娑堟伅寮傚父: [WinError 10054] 杩滅▼涓绘満寮鸿揩鍏抽棴浜嗕竴涓幇鏈夌殑杩炴帴銆?
2026-04-17 15:33:04,575 [Router4] INFO: Dijkstra璁＄畻瀹屾垚锛岃绠楁椂闂?0.028ms
2026-04-17 15:33:04,576 [Router5] INFO: Dijkstra璁＄畻瀹屾垚锛岃绠楁椂闂?0.024ms
2026-04-17 15:33:04,576 [Router6] INFO: Dijkstra璁＄畻瀹屾垚锛岃绠楁椂闂?0.021ms
2026-04-17 15:33:04,576 [Router7] INFO: Dijkstra璁＄畻瀹屾垚锛岃绠楁椂闂?0.023ms
2026-04-17 15:33:04,650 [Simulator] INFO: 璺敱鍣?3 宸插仠姝?
2026-04-17 15:33:04,650 [Router4] INFO: 鍋滄璺敱鍣?Router-杈圭紭1
2026-04-17 15:33:04,650 [Router6] ERROR: 鎺ユ敹娑堟伅寮傚父: [WinError 10054] 杩滅▼涓绘満寮鸿揩鍏抽棴浜嗕竴涓幇鏈夌殑杩炴帴銆?
2026-04-17 15:33:04,651 [Router7] ERROR: 鎺ユ敹娑堟伅寮傚父: [WinError 10054] 杩滅▼涓绘満寮鸿揩鍏抽棴浜嗕竴涓幇鏈夌殑杩炴帴銆?
2026-04-17 15:33:04,651 [Router5] ERROR: 鎺ユ敹娑堟伅寮傚父: [WinError 10054] 杩滅▼涓绘満寮鸿揩鍏抽棴浜嗕竴涓幇鏈夌殑杩炴帴銆?
2026-04-17 15:33:05,450 [Router4] WARNING: 閭绘帴璺敱鍣?1 宸叉晠闅?
2026-04-17 15:33:05,450 [Router4] INFO: 閭绘帴璺敱鍣?1 Down浜嬩欢
2026-04-17 15:33:05,450 [Router4] INFO: Dijkstra璁＄畻瀹屾垚锛岃绠楁椂闂?0.035ms
2026-04-17 15:33:05,451 [Router6] ERROR: 鎺ユ敹娑堟伅寮傚父: [WinError 10054] 杩滅▼涓绘満寮鸿揩鍏抽棴浜嗕竴涓幇鏈夌殑杩炴帴銆?
2026-04-17 15:33:05,466 [Router7] WARNING: 閭绘帴璺敱鍣?1 宸叉晠闅?
2026-04-17 15:33:05,466 [Router7] INFO: 閭绘帴璺敱鍣?1 Down浜嬩欢
2026-04-17 15:33:05,467 [Router7] INFO: Dijkstra璁＄畻瀹屾垚锛岃绠楁椂闂?0.023ms
2026-04-17 15:33:05,467 [Router5] ERROR: 鎺ユ敹娑堟伅寮傚父: [WinError 10054] 杩滅▼涓绘満寮鸿揩鍏抽棴浜嗕竴涓幇鏈夌殑杩炴帴銆?
2026-04-17 15:33:05,467 [Router7] ERROR: 鎺ユ敹娑堟伅寮傚父: [WinError 10054] 杩滅▼涓绘満寮鸿揩鍏抽棴浜嗕竴涓幇鏈夌殑杩炴帴銆?
2026-04-17 15:33:05,467 [Router6] INFO: 鏀跺埌鏂扮殑LSA锛屾簮=7, 搴忓垪鍙?5
2026-04-17 15:33:05,467 [Router6] INFO: Dijkstra璁＄畻瀹屾垚锛岃绠楁椂闂?0.020ms
2026-04-17 15:33:05,468 [Router6] ERROR: 鎺ユ敹娑堟伅寮傚父: [WinError 10054] 杩滅▼涓绘満寮鸿揩鍏抽棴浜嗕竴涓幇鏈夌殑杩炴帴銆?
2026-04-17 15:33:05,468 [Router5] INFO: 鏀跺埌鏂扮殑LSA锛屾簮=7, 搴忓垪鍙?5
2026-04-17 15:33:05,468 [Router5] INFO: Dijkstra璁＄畻瀹屾垚锛岃绠楁椂闂?0.018ms
2026-04-17 15:33:05,468 [Router5] ERROR: 鎺ユ敹娑堟伅寮傚父: [WinError 10054] 杩滅▼涓绘満寮鸿揩鍏抽棴浜嗕竴涓幇鏈夌殑杩炴帴銆?
2026-04-17 15:33:06,265 [Router6] ERROR: 鎺ユ敹娑堟伅寮傚父: [WinError 10054] 杩滅▼涓绘満寮鸿揩鍏抽棴浜嗕竴涓幇鏈夌殑杩炴帴銆?
2026-04-17 15:33:06,275 [Router7] ERROR: 鎺ユ敹娑堟伅寮傚父: [WinError 10054] 杩滅▼涓绘満寮鸿揩鍏抽棴浜嗕竴涓幇鏈夌殑杩炴帴銆?
2026-04-17 15:33:06,275 [Router5] ERROR: 鎺ユ敹娑堟伅寮傚父: [WinError 10054] 杩滅▼涓绘満寮鸿揩鍏抽棴浜嗕竴涓幇鏈夌殑杩炴帴銆?
2026-04-17 15:33:07,075 [Router6] ERROR: 鎺ユ敹娑堟伅寮傚父: [WinError 10054] 杩滅▼涓绘満寮鸿揩鍏抽棴浜嗕竴涓幇鏈夌殑杩炴帴銆?
2026-04-17 15:33:07,090 [Router5] ERROR: 鎺ユ敹娑堟伅寮傚父: [WinError 10054] 杩滅▼涓绘満寮鸿揩鍏抽棴浜嗕竴涓幇鏈夌殑杩炴帴銆?
2026-04-17 15:33:07,091 [Router7] ERROR: 鎺ユ敹娑堟伅寮傚父: [WinError 10054] 杩滅▼涓绘満寮鸿揩鍏抽棴浜嗕竴涓幇鏈夌殑杩炴帴銆?
2026-04-17 15:33:07,347 [Simulator] INFO: 璺敱鍣?4 宸插仠姝?
2026-04-17 15:33:07,347 [Router5] INFO: 鍋滄璺敱鍣?Router-杈圭紭2
2026-04-17 15:33:07,890 [Router6] ERROR: 鎺ユ敹娑堟伅寮傚父: [WinError 10054] 杩滅▼涓绘満寮鸿揩鍏抽棴浜嗕竴涓幇鏈夌殑杩炴帴銆?
2026-04-17 15:33:07,905 [Router5] WARNING: 閭绘帴璺敱鍣?2 宸叉晠闅?
2026-04-17 15:33:07,905 [Router5] INFO: 閭绘帴璺敱鍣?2 Down浜嬩欢
2026-04-17 15:33:07,905 [Router5] INFO: Dijkstra璁＄畻瀹屾垚锛岃绠楁椂闂?0.021ms
2026-04-17 15:33:07,905 [Router7] ERROR: 鎺ユ敹娑堟伅寮傚父: [WinError 10054] 杩滅▼涓绘満寮鸿揩鍏抽棴浜嗕竴涓幇鏈夌殑杩炴帴銆?
2026-04-17 15:33:08,699 [Router6] WARNING: 閭绘帴璺敱鍣?3 宸叉晠闅?
2026-04-17 15:33:08,699 [Router6] INFO: 閭绘帴璺敱鍣?3 Down浜嬩欢
2026-04-17 15:33:08,699 [Router6] INFO: Dijkstra璁＄畻瀹屾垚锛岃绠楁椂闂?0.023ms
2026-04-17 15:33:08,699 [Router6] ERROR: 鎺ユ敹娑堟伅寮傚父: [WinError 10054] 杩滅▼涓绘満寮鸿揩鍏抽棴浜嗕竴涓幇鏈夌殑杩炴帴銆?
2026-04-17 15:33:08,699 [Router7] INFO: 鏀跺埌鏂扮殑LSA锛屾簮=6, 搴忓垪鍙?6
2026-04-17 15:33:08,699 [Router7] INFO: Dijkstra璁＄畻瀹屾垚锛岃绠楁椂闂?0.018ms
2026-04-17 15:33:08,714 [Router7] ERROR: 鎺ユ敹娑堟伅寮傚父: [WinError 10054] 杩滅▼涓绘満寮鸿揩鍏抽棴浜嗕竴涓幇鏈夌殑杩炴帴銆?
2026-04-17 15:33:09,340 [Simulator] INFO: 璺敱鍣?5 宸插仠姝?
2026-04-17 15:33:09,340 [Router6] INFO: 鏀跺埌鏂扮殑LSA锛屾簮=7, 搴忓垪鍙?6
2026-04-17 15:33:09,340 [Router6] INFO: 鍋滄璺敱鍣?Router-杈圭紭3
2026-04-17 15:33:09,341 [Router6] INFO: Dijkstra璁＄畻瀹屾垚锛岃绠楁椂闂?0.035ms
2026-04-17 15:33:09,529 [Router7] ERROR: 鎺ユ敹娑堟伅寮傚父: [WinError 10054] 杩滅▼涓绘満寮鸿揩鍏抽棴浜嗕竴涓幇鏈夌殑杩炴帴銆?
2026-04-17 15:33:10,338 [Router7] ERROR: 鎺ユ敹娑堟伅寮傚父: [WinError 10054] 杩滅▼涓绘満寮鸿揩鍏抽棴浜嗕竴涓幇鏈夌殑杩炴帴銆?
2026-04-17 15:33:11,146 [Router7] ERROR: 鎺ユ敹娑堟伅寮傚父: [WinError 10054] 杩滅▼涓绘満寮鸿揩鍏抽棴浜嗕竴涓幇鏈夌殑杩炴帴銆?
2026-04-17 15:33:11,347 [Simulator] INFO: 璺敱鍣?6 宸插仠姝?
2026-04-17 15:33:11,347 [Router7] INFO: 鍋滄璺敱鍣?Router-杈圭紭4
2026-04-17 15:33:13,968 [Simulator] INFO: 璺敱鍣?7 宸插仠姝?
2026-04-17 15:33:13,968 [Simulator] INFO: 浠跨湡绯荤粺宸插仠姝?


鈺?=============================================================================鈺?
鈺?                           閾捐矾鐘舵€佽矾鐢卞崗璁垎甯冨紡浠跨湡绯荤粺 - 娴嬭瘯濂椾欢                            鈺?
鈺?=============================================================================鈺?

================================================================================
                                  娴嬭瘯1: 鍩烘湰浠跨湡鍔熻兘                                   
================================================================================

鈴?绛夊緟鎷撴墤鍚屾锛?0绉掞級...

鉁?妫€鏌ユ嫇鎵戝悓姝ョ姸鎬?
  鉁?Router1 鎷撴墤涓嶅畬鏁淬€傚凡鐭ヨ妭鐐? [1, 2, 3, 4, 5, 6, 7, 8, 9, 10, 11, 12]

鉁?妫€鏌ヨ矾鐢辫〃:
  Router1: 11 鏉¤矾鐢?
  Router2: 11 鏉¤矾鐢?
  Router3: 11 鏉¤矾鐢?
  Router4: 11 鏉¤矾鐢?
  Router5: 11 鏉¤矾鐢?
  Router6: 11 鏉¤矾鐢?
  Router7: 11 鏉¤矾鐢?
  Router8: 11 鏉¤矾鐢?
  Router9: 11 鏉¤矾鐢?
  Router10: 11 鏉¤矾鐢?
  Router11: 11 鏉¤矾鐢?
  Router12: 11 鏉¤矾鐢?

================================================================================
                                    璺敱浠跨湡绯荤粺鎽樿                                    
================================================================================

銆?璺敱鍣?1 銆?
  鍚嶇О: Router1
  鐩戝惉鍦板潃: 127.0.0.1:21001
  閭绘帴璺敱鍣? [2, 3, 6]
  璺敱琛?
    鐩爣 2: 涓嬩竴璺?2, 鎴愭湰=4, 璺緞=1 -> 2
    鐩爣 3: 涓嬩竴璺?2, 鎴愭湰=6, 璺緞=1 -> 2 -> 3
    鐩爣 4: 涓嬩竴璺?2, 鎴愭湰=9, 璺緞=1 -> 2 -> 4
    鐩爣 5: 涓嬩竴璺?2, 鎴愭湰=9, 璺緞=1 -> 2 -> 3 -> 5
    鐩爣 6: 涓嬩竴璺?6, 鎴愭湰=12, 璺緞=1 -> 6
    鐩爣 7: 涓嬩竴璺?2, 鎴愭湰=13, 璺緞=1 -> 2 -> 3 -> 5 -> 7
    鐩爣 8: 涓嬩竴璺?2, 鎴愭湰=15, 璺緞=1 -> 2 -> 3 -> 8
    鐩爣 9: 涓嬩竴璺?2, 鎴愭湰=16, 璺緞=1 -> 2 -> 3 -> 8 -> 9
    鐩爣 10: 涓嬩竴璺?2, 鎴愭湰=16, 璺緞=1 -> 2 -> 3 -> 5 -> 10
    鐩爣 11: 涓嬩竴璺?2, 鎴愭湰=18, 璺緞=1 -> 2 -> 3 -> 5 -> 10 -> 11
    鐩爣 12: 涓嬩竴璺?2, 鎴愭湰=19, 璺緞=1 -> 2 -> 3 -> 5 -> 10 -> 11 -> 12

銆?璺敱鍣?2 銆?
  鍚嶇О: Router2
  鐩戝惉鍦板潃: 127.0.0.1:21002
  閭绘帴璺敱鍣? [1, 3, 4, 7]
  璺敱琛?
    鐩爣 1: 涓嬩竴璺?1, 鎴愭湰=4, 璺緞=2 -> 1
    鐩爣 3: 涓嬩竴璺?3, 鎴愭湰=2, 璺緞=2 -> 3
    鐩爣 4: 涓嬩竴璺?4, 鎴愭湰=5, 璺緞=2 -> 4
    鐩爣 5: 涓嬩竴璺?3, 鎴愭湰=5, 璺緞=2 -> 3 -> 5
    鐩爣 6: 涓嬩竴璺?3, 鎴愭湰=11, 璺緞=2 -> 3 -> 5 -> 7 -> 6
    鐩爣 7: 涓嬩竴璺?3, 鎴愭湰=9, 璺緞=2 -> 3 -> 5 -> 7
    鐩爣 8: 涓嬩竴璺?3, 鎴愭湰=11, 璺緞=2 -> 3 -> 8
    鐩爣 9: 涓嬩竴璺?3, 鎴愭湰=12, 璺緞=2 -> 3 -> 8 -> 9
    鐩爣 10: 涓嬩竴璺?3, 鎴愭湰=12, 璺緞=2 -> 3 -> 5 -> 10
    鐩爣 11: 涓嬩竴璺?3, 鎴愭湰=14, 璺緞=2 -> 3 -> 5 -> 10 -> 11
    鐩爣 12: 涓嬩竴璺?3, 鎴愭湰=15, 璺緞=2 -> 3 -> 5 -> 10 -> 11 -> 12

銆?璺敱鍣?3 銆?
  鍚嶇О: Router3
  鐩戝惉鍦板潃: 127.0.0.1:21003
  閭绘帴璺敱鍣? [1, 2, 5, 8]
  璺敱琛?
    鐩爣 1: 涓嬩竴璺?2, 鎴愭湰=6, 璺緞=3 -> 2 -> 1
    鐩爣 2: 涓嬩竴璺?2, 鎴愭湰=2, 璺緞=3 -> 2
    鐩爣 4: 涓嬩竴璺?5, 鎴愭湰=4, 璺緞=3 -> 5 -> 4
    鐩爣 5: 涓嬩竴璺?5, 鎴愭湰=3, 璺緞=3 -> 5
    鐩爣 6: 涓嬩竴璺?5, 鎴愭湰=9, 璺緞=3 -> 5 -> 7 -> 6
    鐩爣 7: 涓嬩竴璺?5, 鎴愭湰=7, 璺緞=3 -> 5 -> 7
    鐩爣 8: 涓嬩竴璺?8, 鎴愭湰=9, 璺緞=3 -> 8
    鐩爣 9: 涓嬩竴璺?8, 鎴愭湰=10, 璺緞=3 -> 8 -> 9
    鐩爣 10: 涓嬩竴璺?5, 鎴愭湰=10, 璺緞=3 -> 5 -> 10
    鐩爣 11: 涓嬩竴璺?5, 鎴愭湰=12, 璺緞=3 -> 5 -> 10 -> 11
    鐩爣 12: 涓嬩竴璺?5, 鎴愭湰=13, 璺緞=3 -> 5 -> 10 -> 11 -> 12

銆?璺敱鍣?4 銆?
  鍚嶇О: Router4
  鐩戝惉鍦板潃: 127.0.0.1:21004
  閭绘帴璺敱鍣? [2, 5, 6, 9]
  璺敱琛?
    鐩爣 1: 涓嬩竴璺?2, 鎴愭湰=9, 璺緞=4 -> 2 -> 1
    鐩爣 2: 涓嬩竴璺?2, 鎴愭湰=5, 璺緞=4 -> 2
    鐩爣 3: 涓嬩竴璺?5, 鎴愭湰=4, 璺緞=4 -> 5 -> 3
    鐩爣 5: 涓嬩竴璺?5, 鎴愭湰=1, 璺緞=4 -> 5
    鐩爣 6: 涓嬩竴璺?6, 鎴愭湰=7, 璺緞=4 -> 6
    鐩爣 7: 涓嬩竴璺?5, 鎴愭湰=5, 璺緞=4 -> 5 -> 7
    鐩爣 8: 涓嬩竴璺?9, 鎴愭湰=9, 璺緞=4 -> 9 -> 8
    鐩爣 9: 涓嬩竴璺?9, 鎴愭湰=8, 璺緞=4 -> 9
    鐩爣 10: 涓嬩竴璺?5, 鎴愭湰=8, 璺緞=4 -> 5 -> 10
    鐩爣 11: 涓嬩竴璺?5, 鎴愭湰=10, 璺緞=4 -> 5 -> 10 -> 11
    鐩爣 12: 涓嬩竴璺?5, 鎴愭湰=11, 璺緞=4 -> 5 -> 10 -> 11 -> 12

銆?璺敱鍣?5 銆?
  鍚嶇О: Router5
  鐩戝惉鍦板潃: 127.0.0.1:21005
  閭绘帴璺敱鍣? [3, 4, 7, 10]
  璺敱琛?
    鐩爣 1: 涓嬩竴璺?3, 鎴愭湰=9, 璺緞=5 -> 3 -> 2 -> 1
    鐩爣 2: 涓嬩竴璺?3, 鎴愭湰=5, 璺緞=5 -> 3 -> 2
    鐩爣 3: 涓嬩竴璺?3, 鎴愭湰=3, 璺緞=5 -> 3
    鐩爣 4: 涓嬩竴璺?4, 鎴愭湰=1, 璺緞=5 -> 4
    鐩爣 6: 涓嬩竴璺?7, 鎴愭湰=6, 璺緞=5 -> 7 -> 6
    鐩爣 7: 涓嬩竴璺?7, 鎴愭湰=4, 璺緞=5 -> 7
    鐩爣 8: 涓嬩竴璺?10, 鎴愭湰=10, 璺緞=5 -> 10 -> 8
    鐩爣 9: 涓嬩竴璺?4, 鎴愭湰=9, 璺緞=5 -> 4 -> 9
    鐩爣 10: 涓嬩竴璺?10, 鎴愭湰=7, 璺緞=5 -> 10
    鐩爣 11: 涓嬩竴璺?10, 鎴愭湰=9, 璺緞=5 -> 10 -> 11
    鐩爣 12: 涓嬩竴璺?10, 鎴愭湰=10, 璺緞=5 -> 10 -> 11 -> 12

銆?璺敱鍣?6 銆?
  鍚嶇О: Router6
  鐩戝惉鍦板潃: 127.0.0.1:21006
  閭绘帴璺敱鍣? [4, 7, 8, 1]
  璺敱琛?
    鐩爣 1: 涓嬩竴璺?1, 鎴愭湰=12, 璺緞=6 -> 1
    鐩爣 2: 涓嬩竴璺?7, 鎴愭湰=11, 璺緞=6 -> 7 -> 5 -> 3 -> 2
    鐩爣 3: 涓嬩竴璺?7, 鎴愭湰=9, 璺緞=6 -> 7 -> 5 -> 3
    鐩爣 4: 涓嬩竴璺?4, 鎴愭湰=7, 璺緞=6 -> 4
    鐩爣 5: 涓嬩竴璺?7, 鎴愭湰=6, 璺緞=6 -> 7 -> 5
    鐩爣 7: 涓嬩竴璺?7, 鎴愭湰=2, 璺緞=6 -> 7
    鐩爣 8: 涓嬩竴璺?8, 鎴愭湰=6, 璺緞=6 -> 8
    鐩爣 9: 涓嬩竴璺?7, 鎴愭湰=7, 璺緞=6 -> 7 -> 9
    鐩爣 10: 涓嬩竴璺?8, 鎴愭湰=9, 璺緞=6 -> 8 -> 10
    鐩爣 11: 涓嬩竴璺?7, 鎴愭湰=11, 璺緞=6 -> 7 -> 9 -> 11
    鐩爣 12: 涓嬩竴璺?7, 鎴愭湰=12, 璺緞=6 -> 7 -> 9 -> 11 -> 12

銆?璺敱鍣?7 銆?
  鍚嶇О: Router7
  鐩戝惉鍦板潃: 127.0.0.1:21007
  閭绘帴璺敱鍣? [5, 6, 9, 2, 12]
  璺敱琛?
    鐩爣 1: 涓嬩竴璺?5, 鎴愭湰=13, 璺緞=7 -> 5 -> 3 -> 2 -> 1
    鐩爣 2: 涓嬩竴璺?5, 鎴愭湰=9, 璺緞=7 -> 5 -> 3 -> 2
    鐩爣 3: 涓嬩竴璺?5, 鎴愭湰=7, 璺緞=7 -> 5 -> 3
    鐩爣 4: 涓嬩竴璺?5, 鎴愭湰=5, 璺緞=7 -> 5 -> 4
    鐩爣 5: 涓嬩竴璺?5, 鎴愭湰=4, 璺緞=7 -> 5
    鐩爣 6: 涓嬩竴璺?6, 鎴愭湰=2, 璺緞=7 -> 6
    鐩爣 8: 涓嬩竴璺?9, 鎴愭湰=6, 璺緞=7 -> 9 -> 8
    鐩爣 9: 涓嬩竴璺?9, 鎴愭湰=5, 璺緞=7 -> 9
    鐩爣 10: 涓嬩竴璺?9, 鎴愭湰=9, 璺緞=7 -> 9 -> 8 -> 10
    鐩爣 11: 涓嬩竴璺?9, 鎴愭湰=9, 璺緞=7 -> 9 -> 11
    鐩爣 12: 涓嬩竴璺?9, 鎴愭湰=10, 璺緞=7 -> 9 -> 11 -> 12

銆?璺敱鍣?8 銆?
  鍚嶇О: Router8
  鐩戝惉鍦板潃: 127.0.0.1:21008
  閭绘帴璺敱鍣? [6, 9, 10, 3]
  璺敱琛?
    鐩爣 1: 涓嬩竴璺?3, 鎴愭湰=15, 璺緞=8 -> 3 -> 2 -> 1
    鐩爣 2: 涓嬩竴璺?3, 鎴愭湰=11, 璺緞=8 -> 3 -> 2
    鐩爣 3: 涓嬩竴璺?3, 鎴愭湰=9, 璺緞=8 -> 3
    鐩爣 4: 涓嬩竴璺?9, 鎴愭湰=9, 璺緞=8 -> 9 -> 4
    鐩爣 5: 涓嬩竴璺?10, 鎴愭湰=10, 璺緞=8 -> 10 -> 5
    鐩爣 6: 涓嬩竴璺?6, 鎴愭湰=6, 璺緞=8 -> 6
    鐩爣 7: 涓嬩竴璺?9, 鎴愭湰=6, 璺緞=8 -> 9 -> 7
    鐩爣 9: 涓嬩竴璺?9, 鎴愭湰=1, 璺緞=8 -> 9
    鐩爣 10: 涓嬩竴璺?10, 鎴愭湰=3, 璺緞=8 -> 10
    鐩爣 11: 涓嬩竴璺?9, 鎴愭湰=5, 璺緞=8 -> 9 -> 11
    鐩爣 12: 涓嬩竴璺?9, 鎴愭湰=6, 璺緞=8 -> 9 -> 11 -> 12

銆?璺敱鍣?9 銆?
  鍚嶇О: Router9
  鐩戝惉鍦板潃: 127.0.0.1:21009
  閭绘帴璺敱鍣? [7, 8, 11, 4]
  璺敱琛?
    鐩爣 1: 涓嬩竴璺?8, 鎴愭湰=16, 璺緞=9 -> 8 -> 3 -> 2 -> 1
    鐩爣 2: 涓嬩竴璺?8, 鎴愭湰=12, 璺緞=9 -> 8 -> 3 -> 2
    鐩爣 3: 涓嬩竴璺?8, 鎴愭湰=10, 璺緞=9 -> 8 -> 3
    鐩爣 4: 涓嬩竴璺?4, 鎴愭湰=8, 璺緞=9 -> 4
    鐩爣 5: 涓嬩竴璺?7, 鎴愭湰=9, 璺緞=9 -> 7 -> 5
    鐩爣 6: 涓嬩竴璺?8, 鎴愭湰=7, 璺緞=9 -> 8 -> 6
    鐩爣 7: 涓嬩竴璺?7, 鎴愭湰=5, 璺緞=9 -> 7
    鐩爣 8: 涓嬩竴璺?8, 鎴愭湰=1, 璺緞=9 -> 8
    鐩爣 10: 涓嬩竴璺?8, 鎴愭湰=4, 璺緞=9 -> 8 -> 10
    鐩爣 11: 涓嬩竴璺?11, 鎴愭湰=4, 璺緞=9 -> 11
    鐩爣 12: 涓嬩竴璺?11, 鎴愭湰=5, 璺緞=9 -> 11 -> 12

銆?璺敱鍣?10 銆?
  鍚嶇О: Router10
  鐩戝惉鍦板潃: 127.0.0.1:21010
  閭绘帴璺敱鍣? [8, 11, 12, 5]
  璺敱琛?
    鐩爣 1: 涓嬩竴璺?5, 鎴愭湰=16, 璺緞=10 -> 5 -> 3 -> 2 -> 1
    鐩爣 2: 涓嬩竴璺?5, 鎴愭湰=12, 璺緞=10 -> 5 -> 3 -> 2
    鐩爣 3: 涓嬩竴璺?5, 鎴愭湰=10, 璺緞=10 -> 5 -> 3
    鐩爣 4: 涓嬩竴璺?5, 鎴愭湰=8, 璺緞=10 -> 5 -> 4
    鐩爣 5: 涓嬩竴璺?5, 鎴愭湰=7, 璺緞=10 -> 5
    鐩爣 6: 涓嬩竴璺?8, 鎴愭湰=9, 璺緞=10 -> 8 -> 6
    鐩爣 7: 涓嬩竴璺?8, 鎴愭湰=9, 璺緞=10 -> 8 -> 9 -> 7
    鐩爣 8: 涓嬩竴璺?8, 鎴愭湰=3, 璺緞=10 -> 8
    鐩爣 9: 涓嬩竴璺?8, 鎴愭湰=4, 璺緞=10 -> 8 -> 9
    鐩爣 11: 涓嬩竴璺?11, 鎴愭湰=2, 璺緞=10 -> 11
    鐩爣 12: 涓嬩竴璺?11, 鎴愭湰=3, 璺緞=10 -> 11 -> 12

銆?璺敱鍣?11 銆?
  鍚嶇О: Router11
  鐩戝惉鍦板潃: 127.0.0.1:21011
  閭绘帴璺敱鍣? [9, 10, 12]
  璺敱琛?
    鐩爣 1: 涓嬩竴璺?10, 鎴愭湰=18, 璺緞=11 -> 10 -> 5 -> 3 -> 2 -> 1
    鐩爣 2: 涓嬩竴璺?10, 鎴愭湰=14, 璺緞=11 -> 10 -> 5 -> 3 -> 2
    鐩爣 3: 涓嬩竴璺?10, 鎴愭湰=12, 璺緞=11 -> 10 -> 5 -> 3
    鐩爣 4: 涓嬩竴璺?10, 鎴愭湰=10, 璺緞=11 -> 10 -> 5 -> 4
    鐩爣 5: 涓嬩竴璺?10, 鎴愭湰=9, 璺緞=11 -> 10 -> 5
    鐩爣 6: 涓嬩竴璺?10, 鎴愭湰=11, 璺緞=11 -> 10 -> 8 -> 6
    鐩爣 7: 涓嬩竴璺?9, 鎴愭湰=9, 璺緞=11 -> 9 -> 7
    鐩爣 8: 涓嬩竴璺?10, 鎴愭湰=5, 璺緞=11 -> 10 -> 8
    鐩爣 9: 涓嬩竴璺?9, 鎴愭湰=4, 璺緞=11 -> 9
    鐩爣 10: 涓嬩竴璺?10, 鎴愭湰=2, 璺緞=11 -> 10
    鐩爣 12: 涓嬩竴璺?12, 鎴愭湰=1, 璺緞=11 -> 12

銆?璺敱鍣?12 銆?
  鍚嶇О: Router12
  鐩戝惉鍦板潃: 127.0.0.1:21012
  閭绘帴璺敱鍣? [10, 11, 7]
  璺敱琛?
    鐩爣 1: 涓嬩竴璺?11, 鎴愭湰=19, 璺緞=12 -> 11 -> 10 -> 5 -> 3 -> 2 -> 1
    鐩爣 2: 涓嬩竴璺?11, 鎴愭湰=15, 璺緞=12 -> 11 -> 10 -> 5 -> 3 -> 2
    鐩爣 3: 涓嬩竴璺?11, 鎴愭湰=13, 璺緞=12 -> 11 -> 10 -> 5 -> 3
    鐩爣 4: 涓嬩竴璺?11, 鎴愭湰=11, 璺緞=12 -> 11 -> 10 -> 5 -> 4
    鐩爣 5: 涓嬩竴璺?11, 鎴愭湰=10, 璺緞=12 -> 11 -> 10 -> 5
    鐩爣 6: 涓嬩竴璺?11, 鎴愭湰=12, 璺緞=12 -> 11 -> 10 -> 8 -> 6
    鐩爣 7: 涓嬩竴璺?11, 鎴愭湰=10, 璺緞=12 -> 11 -> 9 -> 7
    鐩爣 8: 涓嬩竴璺?11, 鎴愭湰=6, 璺緞=12 -> 11 -> 10 -> 8
    鐩爣 9: 涓嬩竴璺?11, 鎴愭湰=5, 璺緞=12 -> 11 -> 9
    鐩爣 10: 涓嬩竴璺?11, 鎴愭湰=3, 璺緞=12 -> 11 -> 10
    鐩爣 11: 涓嬩竴璺?11, 鎴愭湰=1, 璺緞=12 -> 11

================================================================================

鉁?鍩烘湰浠跨湡娴嬭瘯瀹屾垚锛?


================================================================================
                                  娴嬭瘯2: 閾捐矾鏁呴殰涓庢仮澶?                                 
================================================================================

鈴?绛夊緟鍒濆鎷撴墤鍚屾...

鍒濆鐘舵€? Router1 鏈?9 鏉¤矾鐢?

妯℃嫙閾捐矾 1<->2 鏁呴殰...
鈴?绛夊緟閲嶆柊鏀舵暃...
鏁呴殰鍚? Router1 鏈?9 鏉¤矾鐢?

妯℃嫙閾捐矾 1<->2 鎭㈠...
鈴?绛夊緟閲嶆柊鏀舵暃...
鎭㈠鍚? Router1 鏈?9 鏉¤矾鐢?

鉁?閾捐矾鏁呴殰涓庢仮澶嶆祴璇曞け璐ワ紒

================================================================================
                                  娴嬭瘯3: 澶氱畻娉曟€ц兘瀵规瘮                                  
================================================================================

鈴?绛夊緟鎷撴墤鍚屾...

瀵规瘮绠楁硶鎬ц兘锛堣妭鐐笽D: 1锛?
============================================================
绠楁硶鍚嶇О                     骞冲潎鏃堕棿(ms)        骞冲潎璁块棶鑺傜偣          骞冲潎杩唬           
----------------------------------------------------------------------------
Dijkstra                 0.0172          10.00           12.00          
鏂板瀷绠楁硶                     0.0186          10.00           14.00          
Bellman-Ford             0.0590          10.00           2.00           
SPFA                     0.0329          10.00           10.00          
Prim(MST鍩虹嚎)              0.0256          10.00           9.00           
Floyd-Warshall           0.2456          10.00           780.00         
A*                       0.1567          47.00           49.00          

鉁?绠楁硶瀵规瘮瀹屾垚锛?


================================================================================
                                 娴嬭瘯4: 璺敱琛ㄦ纭€ч獙璇?                                 
================================================================================

鈴?绛夊緟鎷撴墤鍚屾...

璺敱琛ㄩ獙璇佺粨鏋?
============================================================

鉁?Router1:
  鏈熸湜璺敱鍒? [2, 3, 4, 5, 6, 7]
  瀹為檯璺敱鍒? [2, 3, 4, 5, 6, 7]
    鍒?2: 涓嬩竴璺?2, 鎴愭湰=1, 璺緞=1 鈫?2
    鍒?3: 涓嬩竴璺?3, 鎴愭湰=1, 璺緞=1 鈫?3
    鍒?4: 涓嬩竴璺?4, 鎴愭湰=5, 璺緞=1 鈫?4
    ... 杩樻湁 3 鏉¤矾鐢?

鉁?Router2:
  鏈熸湜璺敱鍒? [1, 3, 4, 5, 6, 7]
  瀹為檯璺敱鍒? [1, 3, 4, 5, 6, 7]
    鍒?1: 涓嬩竴璺?1, 鎴愭湰=1, 璺緞=2 鈫?1
    鍒?3: 涓嬩竴璺?3, 鎴愭湰=1, 璺緞=2 鈫?3
    鍒?4: 涓嬩竴璺?1, 鎴愭湰=6, 璺緞=2 鈫?1 鈫?4
    ... 杩樻湁 3 鏉¤矾鐢?

鉁?Router3:
  鏈熸湜璺敱鍒? [1, 2, 4, 5, 6, 7]
  瀹為檯璺敱鍒? [1, 2, 4, 5, 6, 7]
    鍒?1: 涓嬩竴璺?1, 鎴愭湰=1, 璺緞=3 鈫?1
    鍒?2: 涓嬩竴璺?2, 鎴愭湰=1, 璺緞=3 鈫?2
    鍒?4: 涓嬩竴璺?1, 鎴愭湰=6, 璺緞=3 鈫?1 鈫?4
    ... 杩樻湁 3 鏉¤矾鐢?

鉁?Router4:
  鏈熸湜璺敱鍒? [1, 2, 3, 5, 6, 7]
  瀹為檯璺敱鍒? [1, 2, 3, 5, 6, 7]
    鍒?1: 涓嬩竴璺?1, 鎴愭湰=5, 璺緞=4 鈫?1
    鍒?2: 涓嬩竴璺?1, 鎴愭湰=6, 璺緞=4 鈫?1 鈫?2
    鍒?3: 涓嬩竴璺?1, 鎴愭湰=6, 璺緞=4 鈫?1 鈫?3
    ... 杩樻湁 3 鏉¤矾鐢?

鉁?Router5:
  鏈熸湜璺敱鍒? [1, 2, 3, 4, 6, 7]
  瀹為檯璺敱鍒? [1, 2, 3, 4, 6, 7]
    鍒?1: 涓嬩竴璺?2, 鎴愭湰=6, 璺緞=5 鈫?2 鈫?1
    鍒?2: 涓嬩竴璺?2, 鎴愭湰=5, 璺緞=5 鈫?2
    鍒?3: 涓嬩竴璺?2, 鎴愭湰=6, 璺緞=5 鈫?2 鈫?3
    ... 杩樻湁 3 鏉¤矾鐢?

鉁?Router6:
  鏈熸湜璺敱鍒? [1, 2, 3, 4, 5, 7]
  瀹為檯璺敱鍒? [1, 2, 3, 4, 5, 7]
    鍒?1: 涓嬩竴璺?3, 鎴愭湰=6, 璺緞=6 鈫?3 鈫?1
    鍒?2: 涓嬩竴璺?3, 鎴愭湰=6, 璺緞=6 鈫?3 鈫?2
    鍒?3: 涓嬩竴璺?3, 鎴愭湰=5, 璺緞=6 鈫?3
    ... 杩樻湁 3 鏉¤矾鐢?

鉁?Router7:
  鏈熸湜璺敱鍒? [1, 2, 3, 4, 5, 6]
  瀹為檯璺敱鍒? [1, 2, 3, 4, 5, 6]
    鍒?1: 涓嬩竴璺?1, 鎴愭湰=10, 璺緞=7 鈫?1
    鍒?2: 涓嬩竴璺?1, 鎴愭湰=11, 璺緞=7 鈫?1 鈫?2
    鍒?3: 涓嬩竴璺?1, 鎴愭湰=11, 璺緞=7 鈫?1 鈫?3
    ... 杩樻湁 3 鏉¤矾鐢?

鉁?璺敱琛ㄩ獙璇佸畬鎴愶紒鎵€鏈夎矾鐢卞櫒鐨勮矾鐢辫〃閮芥槸瀹屾暣鐨勩€?


================================================================================
                                      娴嬭瘯鎬荤粨                                      
================================================================================

鉁?閫氳繃: 鍩烘湰浠跨湡
鉁?澶辫触: 閾捐矾鏁呴殰涓庢仮澶?
鉁?閫氳繃: 绠楁硶鎬ц兘瀵规瘮
鉁?閫氳繃: 璺敱琛ㄩ獙璇?

鎬昏: 3/4 娴嬭瘯閫氳繃
